BL51 BANKED LINKER/LOCATER V6.22.4.0                                                    03/21/2024  10:17:26  PAGE 1


BL51 BANKED LINKER/LOCATER V6.22.4.0, INVOKED BY:
C:\KEIL_V5\C51\BIN\BL51.EXE .\Objects\STARTUP.obj, .\Objects\8253count.obj, .\Objects\at24c16.obj, .\Objects\collateral.
>> obj, .\Objects\lcd.obj, .\Objects\main.obj, .\Objects\Masterdisplay.obj, .\Objects\measure.obj, .\Objects\reset.obj, 
>> .\Objects\serial.obj, .\Objects\Serial1Dip.obj, .\Objects\setinput.obj, .\Objects\setpara.obj, .\Objects\settime.obj,
>>  .\Objects\time0.obj TO .\Objects\Dose_Proj PRINT (.\Listings\Dose_Proj.m51) RAMSIZE (256)


MEMORY MODEL: LARGE WITH FLOATING POINT ARITHMETIC


INPUT MODULES INCLUDED:
  .\Objects\STARTUP.obj (?C_STARTUP)
  .\Objects\8253count.obj (8253COUNT)
  .\Objects\at24c16.obj (AT24C16)
  .\Objects\collateral.obj (COLLATERAL)
  .\Objects\lcd.obj (LCD)
  .\Objects\main.obj (MAIN)
  .\Objects\Masterdisplay.obj (MASTERDISPLAY)
  .\Objects\measure.obj (MEASURE)
  .\Objects\reset.obj (RESET)
  .\Objects\serial.obj (SERIAL)
  .\Objects\Serial1Dip.obj (SERIAL1DIP)
  .\Objects\setinput.obj (SETINPUT)
  .\Objects\setpara.obj (SETPARA)
  .\Objects\settime.obj (SETTIME)
  .\Objects\time0.obj (TIME0)
  C:\KEIL_V5\C51\LIB\C51FPL.LIB (?C?FPADD)
  C:\KEIL_V5\C51\LIB\C51FPL.LIB (?C?FPMUL)
  C:\KEIL_V5\C51\LIB\C51FPL.LIB (?C?FPDIV)
  C:\KEIL_V5\C51\LIB\C51FPL.LIB (?C?FPCMP)
  C:\KEIL_V5\C51\LIB\C51FPL.LIB (?C?FCAST)
  C:\KEIL_V5\C51\LIB\C51FPL.LIB (?C?CASTF)
  C:\KEIL_V5\C51\LIB\C51FPL.LIB (POW)
  C:\KEIL_V5\C51\LIB\C51FPL.LIB (?C?FPGETOPN)
  C:\KEIL_V5\C51\LIB\C51FPL.LIB (?C?CHKFLOAT)
  C:\KEIL_V5\C51\LIB\C51FPL.LIB (?C?FPNEG)
  C:\KEIL_V5\C51\LIB\C51FPL.LIB (EXP)
  C:\KEIL_V5\C51\LIB\C51FPL.LIB (LOG)
  C:\KEIL_V5\C51\LIB\C51FPL.LIB (?C?FPSERIES)
  C:\KEIL_V5\C51\LIB\C51L.LIB (?C_INIT)
  C:\KEIL_V5\C51\LIB\C51L.LIB (?C?COPY)
  C:\KEIL_V5\C51\LIB\C51L.LIB (?C?CLDPTR)
  C:\KEIL_V5\C51\LIB\C51L.LIB (?C?CLDOPTR)
  C:\KEIL_V5\C51\LIB\C51L.LIB (?C?CSTOPTR)
  C:\KEIL_V5\C51\LIB\C51L.LIB (?C?IMUL)
  C:\KEIL_V5\C51\LIB\C51L.LIB (?C?UIDIV)
  C:\KEIL_V5\C51\LIB\C51L.LIB (?C?SIDIV)
  C:\KEIL_V5\C51\LIB\C51L.LIB (?C?IILDX)
  C:\KEIL_V5\C51\LIB\C51L.LIB (?C?ULDIV)
  C:\KEIL_V5\C51\LIB\C51L.LIB (?C?LNEG)
  C:\KEIL_V5\C51\LIB\C51L.LIB (?C?ULCMP)
  C:\KEIL_V5\C51\LIB\C51L.LIB (?C?LLDIDATA)
  C:\KEIL_V5\C51\LIB\C51L.LIB (?C?LLDCODE)
  C:\KEIL_V5\C51\LIB\C51L.LIB (?C?LLDIDATA0)
  C:\KEIL_V5\C51\LIB\C51L.LIB (?C?LLDXDATA0)
  C:\KEIL_V5\C51\LIB\C51L.LIB (?C?LLDCODE0)
  C:\KEIL_V5\C51\LIB\C51L.LIB (?C?LSTIDATA)
  C:\KEIL_V5\C51\LIB\C51L.LIB (?C?LSTXDATA)
BL51 BANKED LINKER/LOCATER V6.22.4.0                                                  03/21/2024  10:17:26  PAGE 2


  C:\KEIL_V5\C51\LIB\C51L.LIB (?C?LSTKIDATA)
  C:\KEIL_V5\C51\LIB\C51L.LIB (?C?LSTKXDATA)
  C:\KEIL_V5\C51\LIB\C51L.LIB (?C?OFFXADD)


LINK MAP OF MODULE:  .\Objects\Dose_Proj (?C_STARTUP)


            TYPE    BASE      LENGTH    RELOCATION   SEGMENT NAME
            -----------------------------------------------------

            * * * * * * *   D A T A   M E M O R Y   * * * * * * *
            REG     0000H     0008H     ABSOLUTE     "REG BANK 0"
            DATA    0008H     0006H     UNIT         _DATA_GROUP_
            DATA    000EH     0003H     UNIT         ?DT?SETPARA
            DATA    0011H     0001H     UNIT         ?DT?MAIN
            IDATA   0012H     0005H     UNIT         ?ID?SETPARA
                    0017H     0009H                  *** GAP ***
            BIT     0020H.0   0003H.6   UNIT         ?BI?MAIN
            BIT     0023H.6   0000H.3   UNIT         ?BI?TIME0
            BIT     0024H.1   0000H.2   UNIT         ?BI?COLLATERAL
            BIT     0024H.3   0000H.1   UNIT         ?BI?8253COUNT
            BIT     0024H.4   0000H.1   UNIT         _BIT_GROUP_
                    0024H.5   0000H.3                *** GAP ***
            IDATA   0025H     0030H     UNIT         ?ID?8253COUNT
            IDATA   0055H     0024H     UNIT         _IDATA_GROUP_
            IDATA   0079H     0001H     UNIT         ?STACK

            * * * * * * *  X D A T A   M E M O R Y  * * * * * * *
            XDATA   0000H     0273H     UNIT         ?XD?8253COUNT
            XDATA   0273H     0240H     UNIT         ?XD?MAIN
            XDATA   04B3H     0049H     UNIT         ?XD?MASTERDISPLAY
            XDATA   04FCH     0036H     UNIT         _XDATA_GROUP_
            XDATA   0532H     002AH     UNIT         ?XD?SETTIME
            XDATA   055CH     0022H     UNIT         ?XD?SETPARA
            XDATA   057EH     000AH     UNIT         ?XD?TIME0
            XDATA   0588H     0002H     UNIT         ?XD?COLLATERAL

            * * * * * * *   C O D E   M E M O R Y   * * * * * * *
            CODE    0000H     0003H     ABSOLUTE     
            CODE    0003H     0003H     ABSOLUTE     
                    0006H     0005H                  *** GAP ***
            CODE    000BH     0003H     ABSOLUTE     
            CODE    000EH     0015H     UNIT         ?CO?COLLATERAL
            CODE    0023H     0003H     ABSOLUTE     
            CODE    0026H     001BH     UNIT         ?PR?_TWORD?LCD
                    0041H     0002H                  *** GAP ***
            CODE    0043H     0003H     ABSOLUTE     
            CODE    0046H     4E30H     UNIT         ?PR?SHOWDATA?8253COUNT
            CODE    4E76H     0D7AH     UNIT         ?PR?_COLLECT_WORD?COLLATERAL
            CODE    5BF0H     0CC2H     UNIT         ?PR?DISPALY_PARA?SETPARA
            CODE    68B2H     07FFH     UNIT         ?C?LIB_CODE
            CODE    70B1H     0400H     UNIT         ?PR?INIT_PARA?MAIN
            CODE    74B1H     02B0H     UNIT         ?PR?DISPLAY_B?MASTERDISPLAY
            CODE    7761H     0225H     UNIT         ?PR?DISPALY_PARAMOVE?SETPARA
            CODE    7986H     0207H     UNIT         ?PR?GETANDDISDATA?8253COUNT
            CODE    7B8DH     0206H     UNIT         ?PR?SETPARAMETER?SETPARA
BL51 BANKED LINKER/LOCATER V6.22.4.0                                                  03/21/2024  10:17:26  PAGE 3


            CODE    7D93H     01DDH     UNIT         ?PR?SETTIME?SETTIME
            CODE    7F70H     0166H     UNIT         ?PR?_POW?POW
            CODE    80D6H     014BH     UNIT         ?PR?_TRNUMBER?LCD
            CODE    8221H     014BH     UNIT         ?PR?_TNUMBER?LCD
            CODE    836CH     0134H     UNIT         ?PR?SETINPUT?SETINPUT
            CODE    84A0H     0129H     UNIT         ?PR?LOG?LOG
            CODE    85C9H     0110H     UNIT         ?PR?SHOWSETRESULT?MEASURE
            CODE    86D9H     0102H     UNIT         ?PR?INIT_RAM?MAIN
            CODE    87DBH     00F9H     UNIT         ?PR?SIDE_RCHANGE?SETPARA
            CODE    88D4H     00F6H     UNIT         ?PR?TIM0?TIME0
            CODE    89CAH     00EDH     UNIT         ?PR?INIT_8253?8253COUNT
            CODE    8AB7H     00E7H     UNIT         ?PR?SIDE_LCHANGE?SETPARA
            CODE    8B9EH     00A3H     UNIT         ?PR?INT0?MAIN
            CODE    8C41H     009AH     UNIT         ?PR?EXP?EXP
            CODE    8CDBH     0099H     UNIT         ?CO?8253COUNT
            CODE    8D74H     008CH     UNIT         ?C_C51STARTUP
            CODE    8E00H     0089H     UNIT         ?PR?_SEND_WORD?COLLATERAL
            CODE    8E89H     007BH     UNIT         ?PR?_WRITE_8_BIT_24?AT24C16
            CODE    8F04H     0074H     UNIT         ?PR?READ_8_BIT_24?AT24C16
            CODE    8F78H     0065H     UNIT         ?CO?MEASURE
            CODE    8FDDH     005FH     UNIT         ?PR?_DS_SAVEDATA?AT24C16
            CODE    903CH     005FH     UNIT         ?PR?_DS_READDATA?AT24C16
            CODE    909BH     005AH     UNIT         ?PR?MAIN?MAIN
            CODE    90F5H     0059H     UNIT         ?PR?_TXTEXT?LCD
            CODE    914EH     0059H     UNIT         ?PR?TRANSFER_DCS?MAIN
            CODE    91A7H     0051H     UNIT         ?PR?_TRXTEXT?LCD
            CODE    91F8H     004EH     UNIT         ?PR?_CLOSE?LCD
            CODE    9246H     004EH     UNIT         ?PR?MEASURE?MEASURE
            CODE    9294H     004DH     UNIT         ?PR?_READ_1_BYTE_24?AT24C16
            CODE    92E1H     004DH     UNIT         ?PR?RESET?RESET
            CODE    932EH     004BH     UNIT         ?PR?KEY_FUNCTION?MAIN
            CODE    9379H     0046H     UNIT         ?PR?_WARNLED_ON?LCD
            CODE    93BFH     0046H     UNIT         ?PR?_WARNLED_OFF?LCD
            CODE    9405H     0040H     UNIT         ?PR?LINE_CHANGE?SETPARA
            CODE    9445H     003EH     UNIT         ?CO?LCD
            CODE    9483H     003EH     UNIT         ?CO?SETPARA
            CODE    94C1H     003DH     UNIT         ?PR?LED_FLASH?8253COUNT
            CODE    94FEH     003DH     UNIT         ?PR?_WRITE_1_BYTE_24?AT24C16
            CODE    953BH     003AH     UNIT         ?PR?CLEAR?LCD
            CODE    9575H     0038H     UNIT         ?PR?_UPDATA_FLASH?8253COUNT
            CODE    95ADH     0038H     UNIT         ?PR?REDLED_FLASH?MASTERDISPLAY
            CODE    95E5H     0037H     UNIT         ?PR?_UPDATA_LED?MASTERDISPLAY
            CODE    961CH     0036H     UNIT         ?PR?_LED_DISP?8253COUNT
            CODE    9652H     0034H     UNIT         ?PR?_WARNING_DISP?MASTERDISPLAY
            CODE    9686H     0032H     UNIT         ?PR?TRANSFER?MAIN
            CODE    96B8H     0030H     UNIT         ?PR?_OPEN?LCD
            CODE    96E8H     0030H     UNIT         ?PR?INIT_TIME0?TIME0
            CODE    9718H     002DH     UNIT         ?PR?CKMASTERCMD?COLLATERAL
            CODE    9745H     002BH     UNIT         ?CO?SETINPUT
            CODE    9770H     0027H     UNIT         ?PR?_DELAY_N5MS_24?AT24C16
            CODE    9797H     0026H     UNIT         ?PR?_TXBYTE?LCD
            CODE    97BDH     0023H     UNIT         ?PR?INIT_MCU?MAIN
            CODE    97E0H     001FH     UNIT         ?PR?_SHORTDELAY?8253COUNT
            CODE    97FFH     001EH     UNIT         ?PR?SPEAK_ALARM?MAIN
            CODE    981DH     001BH     UNIT         ?C_INITSEG
            CODE    9838H     001AH     UNIT         ?PR?LCD_INIT?LCD
            CODE    9852H     001AH     UNIT         ?PR?LCD_START?LCD
BL51 BANKED LINKER/LOCATER V6.22.4.0                                                  03/21/2024  10:17:26  PAGE 4


            CODE    986CH     001AH     UNIT         ?CO?MASTERDISPLAY
            CODE    9886H     001AH     UNIT         ?PR?PARAMETERRIGHT?SETPARA
            CODE    98A0H     001AH     UNIT         ?PR?PARAMETERLEFT?SETPARA
            CODE    98BAH     0019H     UNIT         ?PR?INIT_IO?MAIN
            CODE    98D3H     0017H     UNIT         ?PR?SERIAL_PORT_ONE_INITIAL?SERIAL
            CODE    98EAH     0014H     UNIT         ?PR?ALARM?8253COUNT
            CODE    98FEH     0014H     UNIT         ?PR?TXEOF?LCD
            CODE    9912H     0013H     UNIT         ?PR?START_24?AT24C16
            CODE    9925H     0012H     UNIT         ?PR?_T1BYTE?LCD
            CODE    9937H     0010H     UNIT         ?CO?AT24C16
            CODE    9947H     0010H     UNIT         ?PR?SERIAL_PORT_TWO_INITIAL?SERIAL
            CODE    9957H     000EH     UNIT         ?CO?SETTIME
            CODE    9965H     000DH     UNIT         ?PR?STOP_24?AT24C16
            CODE    9972H     000DH     UNIT         ?PR?LCD_CLEAR?LCD
            CODE    997FH     000CH     UNIT         ?PR?SELECT_MAST?MAIN
            CODE    998BH     000CH     UNIT         ?CO?RESET
            CODE    9997H     000BH     UNIT         ?PR?INIT_BUF?MAIN
            CODE    99A2H     000AH     UNIT         ?PR?UART_ONE_INTERRUPT_RECEIVE?SERIAL
            CODE    99ACH     000AH     UNIT         ?PR?UART_TWO_INTERRUPT_RECEIVE?SERIAL



OVERLAY MAP OF MODULE:   .\Objects\Dose_Proj (?C_STARTUP)


SEGMENT                                          BIT_GROUP          DATA_GROUP          IDATA_GROUP         XDATA_GROUP
  +--> CALLED SEGMENT                         START    LENGTH     START    LENGTH     START    LENGTH     START    LENGT
>> H
------------------------------------------------------------------------------------------------------------------------
>> -
?C_C51STARTUP                                 -----    -----      -----    -----      -----    -----      -----    -----
>> 
  +--> ?PR?MAIN?MAIN
  +--> ?C_INITSEG

?PR?MAIN?MAIN                                 -----    -----      -----    -----      -----    -----      -----    -----
>> 
  +--> ?PR?INIT_IO?MAIN
  +--> ?PR?INIT_MCU?MAIN
  +--> ?PR?INIT_RAM?MAIN
  +--> ?PR?INIT_PARA?MAIN
  +--> ?PR?INIT_BUF?MAIN
  +--> ?PR?INIT_TIME0?TIME0
  +--> ?PR?LCD_CLEAR?LCD
  +--> ?PR?LCD_START?LCD
  +--> ?PR?SELECT_MAST?MAIN
  +--> ?PR?KEY_FUNCTION?MAIN
  +--> ?PR?GETANDDISDATA?8253COUNT
  +--> ?PR?SHOWDATA?8253COUNT
  +--> ?PR?TRANSFER?MAIN
  +--> ?PR?TRANSFER_DCS?MAIN
  +--> ?PR?INIT_8253?8253COUNT
  +--> ?PR?LED_FLASH?8253COUNT
  +--> ?PR?REDLED_FLASH?MASTERDISPLAY

?PR?INIT_MCU?MAIN                             -----    -----      -----    -----      -----    -----      -----    -----
>> 
BL51 BANKED LINKER/LOCATER V6.22.4.0                                                  03/21/2024  10:17:26  PAGE 5


  +--> ?PR?SERIAL_PORT_TWO_INITIAL?SERIAL
  +--> ?PR?SERIAL_PORT_ONE_INITIAL?SERIAL
  +--> ?PR?LCD_CLEAR?LCD
  +--> ?PR?LCD_INIT?LCD
  +--> ?PR?CLEAR?LCD

?PR?LCD_CLEAR?LCD                             -----    -----      -----    -----      -----    -----      -----    -----
>> 
  +--> ?PR?_TXBYTE?LCD
  +--> ?PR?TXEOF?LCD

?PR?_TXBYTE?LCD                               -----    -----      -----    -----      0074H    0001H      -----    -----
>> 

?PR?TXEOF?LCD                                 -----    -----      -----    -----      -----    -----      -----    -----
>> 
  +--> ?PR?_TXBYTE?LCD

?PR?LCD_INIT?LCD                              -----    -----      -----    -----      -----    -----      -----    -----
>> 
  +--> ?CO?LCD
  +--> ?PR?_TXTEXT?LCD

?PR?_TXTEXT?LCD                               -----    -----      -----    -----      -----    -----      0524H    0004H
>> 
  +--> ?PR?_TXBYTE?LCD
  +--> ?PR?_TWORD?LCD
  +--> ?PR?TXEOF?LCD
  +--> ?PR?_SHORTDELAY?8253COUNT

?PR?_TWORD?LCD                                -----    -----      -----    -----      0072H    0002H      -----    -----
>> 
  +--> ?PR?_TXBYTE?LCD

?PR?CLEAR?LCD                                 -----    -----      -----    -----      -----    -----      -----    -----
>> 
  +--> ?PR?_CLOSE?LCD

?PR?_CLOSE?LCD                                -----    -----      -----    -----      -----    -----      -----    -----
>> 
  +--> ?PR?_TXBYTE?LCD
  +--> ?PR?_TWORD?LCD
  +--> ?PR?TXEOF?LCD

?PR?INIT_PARA?MAIN                            -----    -----      -----    -----      -----    -----      04FCH    0003H
>> 
  +--> ?PR?_DS_READDATA?AT24C16

?PR?_DS_READDATA?AT24C16                      -----    -----      0008H    0004H      -----    -----      04FFH    0003H
>> 
  +--> ?PR?_READ_1_BYTE_24?AT24C16
  +--> ?PR?_DELAY_N5MS_24?AT24C16

?PR?_READ_1_BYTE_24?AT24C16                   -----    -----      -----    -----      0055H    0004H      -----    -----
>> 
  +--> ?PR?_DELAY_N5MS_24?AT24C16
  +--> ?PR?START_24?AT24C16
BL51 BANKED LINKER/LOCATER V6.22.4.0                                                  03/21/2024  10:17:26  PAGE 6


  +--> ?PR?_WRITE_8_BIT_24?AT24C16
  +--> ?PR?READ_8_BIT_24?AT24C16
  +--> ?PR?STOP_24?AT24C16

?PR?_DELAY_N5MS_24?AT24C16                    -----    -----      -----    -----      0059H    0003H      -----    -----
>> 

?PR?_WRITE_8_BIT_24?AT24C16                   -----    -----      -----    -----      0059H    000CH      0502H    0001H
>> 
  +--> ?CO?AT24C16

?PR?READ_8_BIT_24?AT24C16                     -----    -----      -----    -----      0059H    000BH      -----    -----
>> 
  +--> ?CO?AT24C16

?PR?LCD_START?LCD                             -----    -----      -----    -----      -----    -----      -----    -----
>> 
  +--> ?CO?LCD
  +--> ?PR?_TXTEXT?LCD

?PR?KEY_FUNCTION?MAIN                         -----    -----      -----    -----      -----    -----      -----    -----
>> 
  +--> ?PR?SETINPUT?SETINPUT
  +--> ?PR?SETTIME?SETTIME
  +--> ?PR?SETPARAMETER?SETPARA
  +--> ?PR?PARAMETERRIGHT?SETPARA
  +--> ?PR?PARAMETERLEFT?SETPARA
  +--> ?PR?MEASURE?MEASURE
  +--> ?PR?RESET?RESET

?PR?SETINPUT?SETINPUT                         -----    -----      -----    -----      -----    -----      -----    -----
>> 
  +--> ?PR?CLEAR?LCD
  +--> ?PR?LCD_CLEAR?LCD
  +--> ?CO?SETINPUT
  +--> ?PR?_TXTEXT?LCD
  +--> ?PR?_TNUMBER?LCD

?PR?_TNUMBER?LCD                              -----    -----      -----    -----      006DH    0005H      0524H    0004H
>> 
  +--> ?PR?_TXBYTE?LCD
  +--> ?PR?_TWORD?LCD
  +--> ?PR?TXEOF?LCD
  +--> ?PR?_SHORTDELAY?8253COUNT

?PR?SETTIME?SETTIME                           -----    -----      -----    -----      -----    -----      -----    -----
>> 
  +--> ?PR?CLEAR?LCD
  +--> ?PR?LCD_CLEAR?LCD
  +--> ?CO?SETTIME
  +--> ?PR?_TXTEXT?LCD
  +--> ?PR?_TNUMBER?LCD

?PR?SETPARAMETER?SETPARA                      -----    -----      -----    -----      -----    -----      -----    -----
>> 
  +--> ?PR?DISPALY_PARA?SETPARA

BL51 BANKED LINKER/LOCATER V6.22.4.0                                                  03/21/2024  10:17:26  PAGE 7


?PR?DISPALY_PARA?SETPARA                      -----    -----      -----    -----      -----    -----      -----    -----
>> 
  +--> ?PR?CLEAR?LCD
  +--> ?PR?LCD_CLEAR?LCD
  +--> ?CO?SETPARA
  +--> ?PR?_TXTEXT?LCD
  +--> ?PR?_TNUMBER?LCD

?PR?PARAMETERRIGHT?SETPARA                    -----    -----      -----    -----      -----    -----      -----    -----
>> 
  +--> ?PR?SIDE_RCHANGE?SETPARA
  +--> ?PR?DISPALY_PARAMOVE?SETPARA

?PR?SIDE_RCHANGE?SETPARA                      -----    -----      -----    -----      -----    -----      -----    -----
>> 
  +--> ?PR?LCD_CLEAR?LCD
  +--> ?PR?LINE_CHANGE?SETPARA

?PR?DISPALY_PARAMOVE?SETPARA                  -----    -----      -----    -----      -----    -----      -----    -----
>> 
  +--> ?PR?_CLOSE?LCD
  +--> ?PR?_OPEN?LCD
  +--> ?PR?DISPALY_PARA?SETPARA

?PR?_OPEN?LCD                                 -----    -----      -----    -----      -----    -----      -----    -----
>> 
  +--> ?PR?_TXBYTE?LCD
  +--> ?PR?_TWORD?LCD
  +--> ?PR?TXEOF?LCD

?PR?PARAMETERLEFT?SETPARA                     -----    -----      -----    -----      -----    -----      -----    -----
>> 
  +--> ?PR?SIDE_LCHANGE?SETPARA
  +--> ?PR?DISPALY_PARAMOVE?SETPARA

?PR?SIDE_LCHANGE?SETPARA                      -----    -----      -----    -----      -----    -----      -----    -----
>> 
  +--> ?PR?LINE_CHANGE?SETPARA

?PR?MEASURE?MEASURE                           -----    -----      -----    -----      -----    -----      -----    -----
>> 
  +--> ?PR?SHOWSETRESULT?MEASURE
  +--> ?PR?_DS_SAVEDATA?AT24C16
  +--> ?PR?INIT_8253?8253COUNT

?PR?SHOWSETRESULT?MEASURE                     -----    -----      -----    -----      -----    -----      -----    -----
>> 
  +--> ?PR?CLEAR?LCD
  +--> ?PR?LCD_CLEAR?LCD
  +--> ?CO?MEASURE
  +--> ?PR?_TXTEXT?LCD
  +--> ?PR?_TNUMBER?LCD

?PR?_DS_SAVEDATA?AT24C16                      -----    -----      0008H    0004H      -----    -----      04FCH    0003H
>> 
  +--> ?PR?_WRITE_1_BYTE_24?AT24C16
  +--> ?PR?_DELAY_N5MS_24?AT24C16
BL51 BANKED LINKER/LOCATER V6.22.4.0                                                  03/21/2024  10:17:26  PAGE 8



?PR?_WRITE_1_BYTE_24?AT24C16                  -----    -----      -----    -----      0055H    0002H      04FFH    0001H
>> 
  +--> ?PR?_DELAY_N5MS_24?AT24C16
  +--> ?PR?START_24?AT24C16
  +--> ?PR?_WRITE_8_BIT_24?AT24C16
  +--> ?PR?STOP_24?AT24C16

?PR?RESET?RESET                               -----    -----      -----    -----      -----    -----      -----    -----
>> 
  +--> ?PR?CLEAR?LCD
  +--> ?PR?LCD_CLEAR?LCD
  +--> ?CO?RESET
  +--> ?PR?_TXTEXT?LCD

?PR?SHOWDATA?8253COUNT                        -----    -----      -----    -----      0055H    0018H      04FCH    0028H
>> 
  +--> ?PR?LCD_CLEAR?LCD
  +--> ?CO?8253COUNT
  +--> ?PR?_POW?POW
  +--> ?PR?SPEAK_ALARM?MAIN
  +--> ?PR?_TXTEXT?LCD
  +--> ?PR?_TNUMBER?LCD
  +--> ?PR?ALARM?8253COUNT
  +--> ?PR?_TRXTEXT?LCD
  +--> ?PR?_TRNUMBER?LCD

?PR?_POW?POW                                  -----    -----      -----    -----      -----    -----      0524H    000AH
>> 
  +--> ?PR?LOG?LOG
  +--> ?PR?EXP?EXP

?PR?LOG?LOG                                   0024H.4  0000H.1    -----    -----      -----    -----      052EH    0004H
>> 

?PR?SPEAK_ALARM?MAIN                          0024H.4  0000H.1    -----    -----      -----    -----      -----    -----
>> 

?PR?_TRXTEXT?LCD                              -----    -----      -----    -----      -----    -----      0524H    0004H
>> 
  +--> ?PR?_TXBYTE?LCD
  +--> ?PR?_TWORD?LCD
  +--> ?PR?TXEOF?LCD
  +--> ?PR?_SHORTDELAY?8253COUNT

?PR?_TRNUMBER?LCD                             -----    -----      -----    -----      006DH    0005H      0524H    0004H
>> 
  +--> ?PR?_TXBYTE?LCD
  +--> ?PR?_TWORD?LCD
  +--> ?PR?TXEOF?LCD
  +--> ?PR?_SHORTDELAY?8253COUNT

?PR?TRANSFER?MAIN                             -----    -----      -----    -----      -----    -----      -----    -----
>> 
  +--> ?PR?_SEND_WORD?COLLATERAL
  +--> ?PR?_COLLECT_WORD?COLLATERAL

BL51 BANKED LINKER/LOCATER V6.22.4.0                                                  03/21/2024  10:17:26  PAGE 9


?PR?_SEND_WORD?COLLATERAL                     0024H.4  0000H.1    -----    -----      -----    -----      04FCH    0005H
>> 
  +--> ?PR?CKMASTERCMD?COLLATERAL
  +--> ?PR?LCD_CLEAR?LCD
  +--> ?PR?_TNUMBER?LCD
  +--> ?CO?COLLATERAL
  +--> ?PR?_TXTEXT?LCD

?PR?CKMASTERCMD?COLLATERAL                    -----    -----      -----    -----      -----    -----      0501H    0001H
>> 

?PR?_COLLECT_WORD?COLLATERAL                  0024H.4  0000H.1    -----    -----      -----    -----      04FCH    000FH
>> 
  +--> ?PR?_SHORTDELAY?8253COUNT
  +--> ?PR?DISPLAY_B?MASTERDISPLAY
  +--> ?CO?8253COUNT

?PR?DISPLAY_B?MASTERDISPLAY                   -----    -----      -----    -----      0055H    0001H      -----    -----
>> 
  +--> ?PR?LCD_CLEAR?LCD
  +--> ?CO?MASTERDISPLAY
  +--> ?PR?_TXTEXT?LCD
  +--> ?PR?_TNUMBER?LCD
  +--> ?PR?_WARNLED_ON?LCD
  +--> ?PR?_WARNLED_OFF?LCD

?PR?_WARNLED_ON?LCD                           -----    -----      -----    -----      -----    -----      -----    -----
>> 
  +--> ?PR?_TXBYTE?LCD
  +--> ?PR?_TWORD?LCD
  +--> ?PR?TXEOF?LCD

?PR?_WARNLED_OFF?LCD                          -----    -----      -----    -----      -----    -----      -----    -----
>> 
  +--> ?PR?_TXBYTE?LCD
  +--> ?PR?_TWORD?LCD
  +--> ?PR?TXEOF?LCD

?PR?TRANSFER_DCS?MAIN                         -----    -----      -----    -----      -----    -----      04FCH    0001H
>> 
  +--> ?PR?_T1BYTE?LCD

?PR?_T1BYTE?LCD                               -----    -----      -----    -----      0055H    0001H      -----    -----
>> 

?PR?LED_FLASH?8253COUNT                       -----    -----      -----    -----      -----    -----      04FCH    0001H
>> 
  +--> ?PR?_UPDATA_FLASH?8253COUNT
  +--> ?PR?_LED_DISP?8253COUNT

?PR?_LED_DISP?8253COUNT                       -----    -----      -----    -----      -----    -----      -----    -----
>> 
  +--> ?CO?8253COUNT
  +--> ?PR?_SHORTDELAY?8253COUNT

?PR?REDLED_FLASH?MASTERDISPLAY                -----    -----      -----    -----      0055H    0001H      -----    -----
>> 
BL51 BANKED LINKER/LOCATER V6.22.4.0                                                  03/21/2024  10:17:26  PAGE 10


  +--> ?PR?_UPDATA_LED?MASTERDISPLAY
  +--> ?PR?_WARNING_DISP?MASTERDISPLAY

?PR?_WARNING_DISP?MASTERDISPLAY               -----    -----      -----    -----      -----    -----      04FCH    0001H
>> 
  +--> ?PR?_WARNLED_ON?LCD
  +--> ?PR?_WARNLED_OFF?LCD

*** NEW ROOT ***************************************************

?PR?INT0?MAIN                                 -----    -----      -----    -----      0075H    0004H      -----    -----
>> 

*** NEW ROOT ***************************************************

?PR?UART_ONE_INTERRUPT_RECEIVE?SERIAL         -----    -----      000CH    0001H      -----    -----      -----    -----
>> 

*** NEW ROOT ***************************************************

?PR?UART_TWO_INTERRUPT_RECEIVE?SERIAL         -----    -----      000DH    0001H      -----    -----      -----    -----
>> 



SYMBOL TABLE OF MODULE:  .\Objects\Dose_Proj (?C_STARTUP)

  VALUE           TYPE          NAME
  ----------------------------------

  -------         MODULE        ?C_STARTUP
  C:8D74H         SEGMENT       ?C_C51STARTUP
  I:0079H         SEGMENT       ?STACK
  C:0000H         PUBLIC        ?C_STARTUP
  D:00E0H         SYMBOL        ACC
  D:00F0H         SYMBOL        B
  D:0083H         SYMBOL        DPH
  D:0082H         SYMBOL        DPL
  N:0000H         SYMBOL        IBPSTACK
  N:0100H         SYMBOL        IBPSTACKTOP
  N:0080H         SYMBOL        IDATALEN
  C:8D77H         SYMBOL        IDATALOOP
  N:0000H         SYMBOL        PBPSTACK
  N:0100H         SYMBOL        PBPSTACKTOP
  N:0000H         SYMBOL        PDATALEN
  N:0000H         SYMBOL        PDATASTART
  N:0000H         SYMBOL        PPAGE
  N:0000H         SYMBOL        PPAGEENABLE
  D:00A0H         SYMBOL        PPAGE_SFR
  D:0081H         SYMBOL        SP
  C:8D74H         SYMBOL        STARTUP1
  N:0000H         SYMBOL        XBPSTACK
  N:0000H         SYMBOL        XBPSTACKTOP
  N:0000H         SYMBOL        XDATALEN
  N:0000H         SYMBOL        XDATASTART
  C:0000H         LINE#         126
  C:8D74H         LINE#         133
BL51 BANKED LINKER/LOCATER V6.22.4.0                                                  03/21/2024  10:17:26  PAGE 11


  C:8D76H         LINE#         134
  C:8D77H         LINE#         135
  C:8D78H         LINE#         136
  C:8D7AH         LINE#         185
  C:8D7DH         LINE#         196
  -------         ENDMOD        ?C_STARTUP

  -------         MODULE        8253COUNT
  C:0000H         SYMBOL        _ICE_DUMMY_
  D:0080H         PUBLIC        P0
  D:0090H         PUBLIC        P1
  D:00A0H         PUBLIC        P2
  X:0000H         PUBLIC        DataTenth
  D:00B0H         PUBLIC        P3
  D:00C0H         PUBLIC        P4
  D:00C8H         PUBLIC        P5
  I:0025H         PUBLIC        Para
  D:00E8H         PUBLIC        P6
  D:00F8H         PUBLIC        P7
  C:961CH         PUBLIC        _Led_Disp
  X:004BH         PUBLIC        DataCent
  X:0096H         PUBLIC        Count
  D:00A8H         PUBLIC        IE
  C:8D50H         PUBLIC        a0
  C:8D54H         PUBLIC        a1
  C:8D58H         PUBLIC        a2
  C:8D5CH         PUBLIC        a3
  C:8D60H         PUBLIC        a4
  X:00F6H         PUBLIC        DoseRata
  X:0116H         PUBLIC        Max_Time
  D:00B8H         PUBLIC        IP
  I:004DH         PUBLIC        Var_Signal1
  I:004EH         PUBLIC        Var_Signal2
  C:0046H         PUBLIC        ShowData
  I:004FH         PUBLIC        Var_Signal3
  I:0050H         PUBLIC        Var_Led
  D:00D8H         PUBLIC        CCON
  X:0117H         PUBLIC        DataGe
  C:9575H         PUBLIC        _Updata_Flash
  X:0162H         PUBLIC        dianlishi_DoseRata
  D:0098H         PUBLIC        SCON
  D:0088H         PUBLIC        TCON
  I:0051H         PUBLIC        dianlishi_data
  X:0166H         PUBLIC        Flag_dw
  X:0167H         PUBLIC        buf
  C:97E0H         PUBLIC        _shortdelay
  B:00C8H.5       PUBLIC        Judge_Speak
  C:89CAH         PUBLIC        Init_8253
  X:0187H         PUBLIC        send_buf
  X:01C8H         PUBLIC        Flag_need_Flash
  X:01D0H         PUBLIC        jishuguan_DoseRata
  B:00A8H.0       PUBLIC        EX0
  C:8D6CH         PUBLIC        Svar0
  C:8D64H         PUBLIC        Svar1
  X:01D4H         PUBLIC        Incinput
  I:0053H         PUBLIC        jishuguan_data
  X:01D5H         PUBLIC        State_Flash
BL51 BANKED LINKER/LOCATER V6.22.4.0                                                  03/21/2024  10:17:26  PAGE 12


  X:01DDH         PUBLIC        biaoding_input
  X:01DEH         PUBLIC        Channel_Detector
  B:0024H.3       PUBLIC        Flag_Warn_Count
  C:94C1H         PUBLIC        Led_Flash
  C:98EAH         PUBLIC        Alarm
  X:01EEH         PUBLIC        Tdata
  X:01F0H         PUBLIC        Real_Count
  X:0210H         PUBLIC        count_change_flag
  C:7986H         PUBLIC        GetAndDisdata
  B:0090H.2       PUBLIC        Speak
  X:0218H         PUBLIC        Calculated
  X:0220H         PUBLIC        Channel_Display
  D:00D0H         PUBLIC        PSW
  X:0228H         PUBLIC        DataThouth
  -------         PROC          GETANDDISDATA
  -------         DO            
  D:0001H         SYMBOL        j
  D:0007H         SYMBOL        th
  D:0006H         SYMBOL        tl
  -------         ENDDO         
  C:7986H         LINE#         97
  C:7986H         LINE#         98
  C:7986H         LINE#         100
  C:7988H         LINE#         101
  C:7989H         LINE#         102
  C:7989H         LINE#         103
  C:7992H         LINE#         104
  C:7992H         LINE#         105
  C:7992H         LINE#         106
  C:799CH         LINE#         107
  C:799CH         LINE#         109
  C:79A2H         LINE#         110
  C:79A7H         LINE#         111
  C:79AFH         LINE#         112
  C:79B4H         LINE#         113
  C:79BCH         LINE#         115
  C:79C2H         LINE#         116
  C:79C7H         LINE#         117
  C:79CFH         LINE#         118
  C:79D4H         LINE#         119
  C:79DCH         LINE#         121
  C:79E2H         LINE#         122
  C:79E7H         LINE#         123
  C:79EFH         LINE#         124
  C:79F4H         LINE#         125
  C:79FCH         LINE#         127
  C:7A02H         LINE#         128
  C:7A07H         LINE#         129
  C:7A0FH         LINE#         130
  C:7A14H         LINE#         131
  C:7A1CH         LINE#         133
  C:7A22H         LINE#         134
  C:7A27H         LINE#         135
  C:7A2FH         LINE#         136
  C:7A34H         LINE#         137
  C:7A3CH         LINE#         139
  C:7A42H         LINE#         140
BL51 BANKED LINKER/LOCATER V6.22.4.0                                                  03/21/2024  10:17:26  PAGE 13


  C:7A47H         LINE#         141
  C:7A4FH         LINE#         142
  C:7A54H         LINE#         143
  C:7A5CH         LINE#         145
  C:7A62H         LINE#         146
  C:7A67H         LINE#         147
  C:7A6FH         LINE#         148
  C:7A74H         LINE#         149
  C:7A7CH         LINE#         151
  C:7A82H         LINE#         152
  C:7A87H         LINE#         153
  C:7A8FH         LINE#         154
  C:7A94H         LINE#         155
  C:7A9CH         LINE#         157
  C:7AA2H         LINE#         158
  C:7AA7H         LINE#         159
  C:7AAFH         LINE#         160
  C:7AB4H         LINE#         161
  C:7ABCH         LINE#         163
  C:7AC2H         LINE#         164
  C:7AC7H         LINE#         165
  C:7ACFH         LINE#         166
  C:7AD4H         LINE#         167
  C:7ADCH         LINE#         169
  C:7AE2H         LINE#         170
  C:7AE7H         LINE#         171
  C:7AEFH         LINE#         172
  C:7AF4H         LINE#         173
  C:7AFCH         LINE#         175
  C:7B02H         LINE#         176
  C:7B07H         LINE#         177
  C:7B0FH         LINE#         178
  C:7B14H         LINE#         179
  C:7B1CH         LINE#         181
  C:7B22H         LINE#         182
  C:7B27H         LINE#         183
  C:7B2FH         LINE#         184
  C:7B34H         LINE#         185
  C:7B3CH         LINE#         187
  C:7B42H         LINE#         188
  C:7B47H         LINE#         189
  C:7B4FH         LINE#         190
  C:7B54H         LINE#         191
  C:7B5CH         LINE#         193
  C:7B62H         LINE#         194
  C:7B66H         LINE#         195
  C:7B6FH         LINE#         196
  C:7B74H         LINE#         197
  C:7B7CH         LINE#         199
  C:7B84H         LINE#         200
  C:7B8CH         LINE#         201
  -------         ENDPROC       GETANDDISDATA
  -------         PROC          INIT_8253
  -------         DO            
  D:0007H         SYMBOL        i
  -------         ENDDO         
  C:89CAH         LINE#         205
BL51 BANKED LINKER/LOCATER V6.22.4.0                                                  03/21/2024  10:17:26  PAGE 14


  C:89CAH         LINE#         206
  C:89CAH         LINE#         209
  C:89D0H         LINE#         210
  C:89D6H         LINE#         211
  C:89D7H         LINE#         213
  C:89DDH         LINE#         214
  C:89E3H         LINE#         215
  C:89E4H         LINE#         217
  C:89EAH         LINE#         218
  C:89F0H         LINE#         219
  C:89F1H         LINE#         221
  C:89F7H         LINE#         222
  C:89FDH         LINE#         223
  C:89FEH         LINE#         225
  C:8A04H         LINE#         226
  C:8A0AH         LINE#         227
  C:8A0BH         LINE#         229
  C:8A11H         LINE#         230
  C:8A17H         LINE#         231
  C:8A18H         LINE#         233
  C:8A1EH         LINE#         234
  C:8A24H         LINE#         235
  C:8A25H         LINE#         237
  C:8A2BH         LINE#         238
  C:8A31H         LINE#         239
  C:8A32H         LINE#         241
  C:8A38H         LINE#         242
  C:8A3EH         LINE#         243
  C:8A3FH         LINE#         245
  C:8A45H         LINE#         246
  C:8A4BH         LINE#         247
  C:8A4CH         LINE#         249
  C:8A52H         LINE#         250
  C:8A58H         LINE#         251
  C:8A59H         LINE#         253
  C:8A5FH         LINE#         254
  C:8A65H         LINE#         255
  C:8A66H         LINE#         257
  C:8A6CH         LINE#         258
  C:8A72H         LINE#         259
  C:8A73H         LINE#         261
  C:8A79H         LINE#         262
  C:8A7FH         LINE#         263
  C:8A80H         LINE#         265
  C:8A86H         LINE#         266
  C:8A8CH         LINE#         267
  C:8A8DH         LINE#         268
  C:8A8DH         LINE#         269
  C:8A97H         LINE#         270
  C:8A97H         LINE#         271
  C:8A97H         LINE#         272
  C:8AA1H         LINE#         273
  C:8AA1H         LINE#         274
  C:8AA5H         LINE#         275
  C:8AABH         LINE#         276
  C:8AADH         LINE#         278
  C:8AAFH         LINE#         279
BL51 BANKED LINKER/LOCATER V6.22.4.0                                                  03/21/2024  10:17:26  PAGE 15


  C:8AB6H         LINE#         280
  -------         ENDPROC       INIT_8253
  -------         PROC          SHOWDATA
  -------         DO            
  X:04FCH         SYMBOL        i
  X:04FDH         SYMBOL        m
  X:04FEH         SYMBOL        j
  X:04FFH         SYMBOL        k
  X:0500H         SYMBOL        count_temp
  X:0504H         SYMBOL        jishuguan_count_temp
  X:0508H         SYMBOL        dianlishi_count_temp
  I:0055H         SYMBOL        temp
  I:0059H         SYMBOL        jtemp
  I:005DH         SYMBOL        yudecide
  I:0061H         SYMBOL        jishuguan_rata
  I:0065H         SYMBOL        jishuguan_jtemp
  I:0069H         SYMBOL        dianlishi_jtemp
  X:050CH         SYMBOL        yu
  X:0510H         SYMBOL        yudata
  X:0514H         SYMBOL        mtemp
  X:0518H         SYMBOL        Tbcd
  -------         ENDDO         
  C:0046H         LINE#         284
  C:0046H         LINE#         285
  C:0046H         LINE#         291
  C:0049H         LINE#         297
  C:005AH         LINE#         298
  C:005AH         LINE#         306
  C:007CH         LINE#         307
  C:007CH         LINE#         308
  C:0097H         LINE#         309
  C:0097H         LINE#         310
  C:00B0H         LINE#         311
  C:00DEH         LINE#         312
  C:0108H         LINE#         313
  C:010EH         LINE#         314
  C:010EH         LINE#         315
  C:014CH         LINE#         316
  C:016BH         LINE#         317
  C:0176H         LINE#         318
  C:0176H         LINE#         319
  C:019CH         LINE#         320
  C:01BFH         LINE#         321
  C:01BFH         LINE#         322
  C:01D0H         LINE#         323
  C:023AH         LINE#         324
  C:023AH         LINE#         325
  C:0257H         LINE#         326
  C:026AH         LINE#         327
  C:0280H         LINE#         328
  C:0280H         LINE#         329
  C:02ECH         LINE#         330
  C:02ECH         LINE#         331
  C:0309H         LINE#         332
  C:031CH         LINE#         333
  C:0332H         LINE#         334
  C:0332H         LINE#         335
BL51 BANKED LINKER/LOCATER V6.22.4.0                                                  03/21/2024  10:17:26  PAGE 16


  C:036DH         LINE#         336
  C:037AH         LINE#         337
  C:0387H         LINE#         338
  C:0387H         LINE#         339
  C:03AFH         LINE#         340
  C:03AFH         LINE#         341
  C:03DDH         LINE#         342
  C:040BH         LINE#         343
  C:0415H         LINE#         344
  C:0415H         LINE#         345
  C:0450H         LINE#         346
  C:046FH         LINE#         347
  C:047AH         LINE#         348
  C:047AH         LINE#         349
  C:04A0H         LINE#         350
  C:04C3H         LINE#         351
  C:04C3H         LINE#         352
  C:04D4H         LINE#         353
  C:0543H         LINE#         354
  C:0543H         LINE#         355
  C:0560H         LINE#         356
  C:0573H         LINE#         357
  C:0589H         LINE#         358
  C:0589H         LINE#         359
  C:05FBH         LINE#         360
  C:05FBH         LINE#         361
  C:0618H         LINE#         362
  C:062BH         LINE#         363
  C:0641H         LINE#         364
  C:0641H         LINE#         365
  C:06ADH         LINE#         366
  C:06ADH         LINE#         367
  C:06CAH         LINE#         368
  C:06DDH         LINE#         369
  C:06F3H         LINE#         370
  C:06F3H         LINE#         371
  C:072EH         LINE#         372
  C:073BH         LINE#         373
  C:0748H         LINE#         374
  C:075DH         LINE#         375
  C:07CAH         LINE#         377
  C:07CAH         LINE#         378
  C:07D8H         LINE#         379
  C:07EBH         LINE#         380
  C:07F7H         LINE#         381
  C:0811H         LINE#         382
  C:0811H         LINE#         383
  C:0881H         LINE#         385
  C:0881H         LINE#         386
  C:088FH         LINE#         387
  C:08A2H         LINE#         388
  C:08AEH         LINE#         389
  C:08C8H         LINE#         390
  C:08C8H         LINE#         391
  C:0939H         LINE#         392
  C:0947H         LINE#         393
  C:095AH         LINE#         394
BL51 BANKED LINKER/LOCATER V6.22.4.0                                                  03/21/2024  10:17:26  PAGE 17


  C:0966H         LINE#         395
  C:097CH         LINE#         396
  C:097CH         LINE#         397
  C:097CH         LINE#         398
  C:09A4H         LINE#         399
  C:09A4H         LINE#         400
  C:09D2H         LINE#         401
  C:0A00H         LINE#         402
  C:0A42H         LINE#         403
  C:0A82H         LINE#         404
  C:0A8FH         LINE#         405
  C:0AF5H         LINE#         406
  C:0AF5H         LINE#         407
  C:0B15H         LINE#         408
  C:0B28H         LINE#         409
  C:0B41H         LINE#         410
  C:0B41H         LINE#         411
  C:0BA1H         LINE#         412
  C:0BC1H         LINE#         413
  C:0BD4H         LINE#         414
  C:0BE6H         LINE#         415
  C:0BE6H         LINE#         416
  C:0C21H         LINE#         417
  C:0C2EH         LINE#         418
  C:0C3BH         LINE#         419
  C:0C50H         LINE#         420
  C:0CB4H         LINE#         421
  C:0CB4H         LINE#         422
  C:0CC5H         LINE#         423
  C:0CD8H         LINE#         424
  C:0CE4H         LINE#         425
  C:0CFEH         LINE#         426
  C:0CFEH         LINE#         427
  C:0D67H         LINE#         428
  C:0D78H         LINE#         429
  C:0D8BH         LINE#         430
  C:0D97H         LINE#         431
  C:0DACH         LINE#         432
  C:0DACH         LINE#         433
  C:0DACH         LINE#         434
  C:0DD4H         LINE#         435
  C:0DD4H         LINE#         436
  C:0E02H         LINE#         437
  C:0E30H         LINE#         438
  C:0E72H         LINE#         439
  C:0EB2H         LINE#         440
  C:0EBFH         LINE#         441
  C:0F5BH         LINE#         442
  C:0F5BH         LINE#         443
  C:0F7BH         LINE#         444
  C:0F8EH         LINE#         445
  C:0FA7H         LINE#         446
  C:0FA7H         LINE#         447
  C:103AH         LINE#         448
  C:105AH         LINE#         449
  C:106CH         LINE#         450
  C:107EH         LINE#         451
BL51 BANKED LINKER/LOCATER V6.22.4.0                                                  03/21/2024  10:17:26  PAGE 18


  C:107EH         LINE#         452
  C:10AFH         LINE#         481
  C:10DDH         LINE#         483
  C:10EEH         LINE#         484
  C:10FBH         LINE#         529
  C:10FBH         LINE#         530
  C:1121H         LINE#         531
  C:1121H         LINE#         532
  C:114FH         LINE#         533
  C:117DH         LINE#         534
  C:11BFH         LINE#         535
  C:11FFH         LINE#         536
  C:120CH         LINE#         537
  C:129CH         LINE#         538
  C:129CH         LINE#         539
  C:12BCH         LINE#         540
  C:12CFH         LINE#         541
  C:12E1H         LINE#         542
  C:12E1H         LINE#         543
  C:1312H         LINE#         571
  C:1340H         LINE#         573
  C:1351H         LINE#         574
  C:135DH         LINE#         610
  C:135DH         LINE#         611
  C:1385H         LINE#         612
  C:1385H         LINE#         613
  C:13A0H         LINE#         614
  C:13A0H         LINE#         615
  C:13A4H         LINE#         616
  C:13A4H         LINE#         617
  C:13DBH         LINE#         618
  C:13E5H         LINE#         619
  C:13FEH         LINE#         620
  C:1404H         LINE#         621
  C:1404H         LINE#         622
  C:1446H         LINE#         623
  C:1465H         LINE#         624
  C:1470H         LINE#         625
  C:1470H         LINE#         626
  C:1496H         LINE#         627
  C:14B9H         LINE#         628
  C:14B9H         LINE#         629
  C:14CAH         LINE#         630
  C:1502H         LINE#         631
  C:150FH         LINE#         632
  C:151CH         LINE#         633
  C:1538H         LINE#         634
  C:1538H         LINE#         635
  C:1560H         LINE#         636
  C:1560H         LINE#         637
  C:1564H         LINE#         638
  C:159BH         LINE#         639
  C:15A5H         LINE#         640
  C:15BEH         LINE#         641
  C:15CAH         LINE#         642
  C:15D4H         LINE#         643
  C:15D4H         LINE#         644
BL51 BANKED LINKER/LOCATER V6.22.4.0                                                  03/21/2024  10:17:26  PAGE 19


  C:160FH         LINE#         645
  C:162EH         LINE#         646
  C:1639H         LINE#         647
  C:1639H         LINE#         648
  C:165FH         LINE#         649
  C:1682H         LINE#         650
  C:1682H         LINE#         651
  C:1693H         LINE#         652
  C:16CBH         LINE#         653
  C:16D8H         LINE#         654
  C:16F4H         LINE#         655
  C:16F4H         LINE#         656
  C:171CH         LINE#         657
  C:171CH         LINE#         658
  C:1720H         LINE#         659
  C:1757H         LINE#         660
  C:1761H         LINE#         661
  C:177AH         LINE#         662
  C:1786H         LINE#         663
  C:1790H         LINE#         664
  C:1790H         LINE#         665
  C:17CBH         LINE#         666
  C:180AH         LINE#         667
  C:1814H         LINE#         668
  C:1814H         LINE#         669
  C:183DH         LINE#         670
  C:1861H         LINE#         671
  C:1870H         LINE#         672
  C:187FH         LINE#         673
  C:187FH         LINE#         674
  C:1890H         LINE#         675
  C:18C8H         LINE#         676
  C:18D5H         LINE#         677
  C:18F1H         LINE#         678
  C:18F1H         LINE#         679
  C:1919H         LINE#         680
  C:1919H         LINE#         681
  C:191DH         LINE#         682
  C:1954H         LINE#         683
  C:195EH         LINE#         684
  C:1977H         LINE#         685
  C:1983H         LINE#         686
  C:1992H         LINE#         687
  C:19A0H         LINE#         688
  C:19BFH         LINE#         689
  C:19C7H         LINE#         690
  C:1A09H         LINE#         691
  C:1A49H         LINE#         692
  C:1A77H         LINE#         698
  C:1AA5H         LINE#         700
  C:1AB6H         LINE#         701
  C:1AC3H         LINE#         702
  C:1AD0H         LINE#         703
  C:1AEFH         LINE#         704
  C:1AEFH         LINE#         705
  C:1B15H         LINE#         706
  C:1B15H         LINE#         707
BL51 BANKED LINKER/LOCATER V6.22.4.0                                                  03/21/2024  10:17:26  PAGE 20


  C:1B19H         LINE#         708
  C:1B48H         LINE#         709
  C:1B52H         LINE#         710
  C:1B6BH         LINE#         711
  C:1B77H         LINE#         712
  C:1B86H         LINE#         713
  C:1B94H         LINE#         714
  C:1BB3H         LINE#         715
  C:1BBBH         LINE#         716
  C:1BFDH         LINE#         717
  C:1C3DH         LINE#         718
  C:1C6BH         LINE#         724
  C:1C99H         LINE#         726
  C:1CAAH         LINE#         727
  C:1CB6H         LINE#         728
  C:1CC3H         LINE#         729
  C:1CE2H         LINE#         730
  C:1CE2H         LINE#         731
  C:1CE2H         LINE#         732
  C:1CEBH         LINE#         734
  C:1CF2H         LINE#         735
  C:1CF9H         LINE#         736
  C:1CFFH         LINE#         739
  C:1D05H         LINE#         740
  C:1D05H         LINE#         741
  C:1D17H         LINE#         742
  C:1D17H         LINE#         744
  C:1D41H         LINE#         748
  C:1D4AH         LINE#         749
  C:1D54H         LINE#         750
  C:1D5EH         LINE#         751
  C:1D68H         LINE#         752
  C:1D6DH         LINE#         753
  C:1D71H         LINE#         754
  C:1D75H         LINE#         755
  C:1D79H         LINE#         756
  C:1D7DH         LINE#         757
  C:1D81H         LINE#         758
  C:1D8EH         LINE#         762
  C:1D97H         LINE#         763
  C:1D97H         LINE#         764
  C:1DA4H         LINE#         765
  C:1DB4H         LINE#         766
  C:1E19H         LINE#         767
  C:1E81H         LINE#         768
  C:1E81H         LINE#         769
  C:1E99H         LINE#         770
  C:1EFEH         LINE#         771
  C:1F69H         LINE#         772
  C:1F69H         LINE#         773
  C:1F81H         LINE#         774
  C:1FE6H         LINE#         775
  C:2055H         LINE#         776
  C:207BH         LINE#         777
  C:2093H         LINE#         778
  C:20F8H         LINE#         779
  C:2167H         LINE#         780
BL51 BANKED LINKER/LOCATER V6.22.4.0                                                  03/21/2024  10:17:26  PAGE 21


  C:218DH         LINE#         781
  C:21A5H         LINE#         782
  C:220AH         LINE#         783
  C:2279H         LINE#         784
  C:229FH         LINE#         785
  C:229FH         LINE#         786
  C:22AEH         LINE#         787
  C:22BAH         LINE#         788
  C:22CCH         LINE#         789
  C:2331H         LINE#         790
  C:23A0H         LINE#         791
  C:23C6H         LINE#         792
  C:23DEH         LINE#         793
  C:2443H         LINE#         794
  C:24B2H         LINE#         795
  C:24F2H         LINE#         796
  C:24F2H         LINE#         797
  C:24F2H         LINE#         799
  C:251AH         LINE#         800
  C:251AH         LINE#         801
  C:2523H         LINE#         802
  C:2523H         LINE#         803
  C:2550H         LINE#         804
  C:2550H         LINE#         805
  C:257AH         LINE#         806
  C:257AH         LINE#         807
  C:259BH         LINE#         808
  C:25A1H         LINE#         809
  C:25F9H         LINE#         810
  C:25F9H         LINE#         811
  C:2624H         LINE#         812
  C:262AH         LINE#         813
  C:2657H         LINE#         814
  C:2657H         LINE#         815
  C:2683H         LINE#         816
  C:2689H         LINE#         817
  C:2689H         LINE#         818
  C:2689H         LINE#         820
  C:26B1H         LINE#         821
  C:26B1H         LINE#         822
  C:26C6H         LINE#         823
  C:26D7H         LINE#         824
  C:26E8H         LINE#         825
  C:26E9H         LINE#         826
  C:2717H         LINE#         827
  C:2744H         LINE#         828
  C:276FH         LINE#         829
  C:2799H         LINE#         830
  C:27CAH         LINE#         831
  C:27EDH         LINE#         832
  C:27FEH         LINE#         833
  C:285BH         LINE#         834
  C:2886H         LINE#         835
  C:28B0H         LINE#         836
  C:28E1H         LINE#         837
  C:2904H         LINE#         838
  C:2915H         LINE#         839
BL51 BANKED LINKER/LOCATER V6.22.4.0                                                  03/21/2024  10:17:26  PAGE 22


  C:2972H         LINE#         840
  C:299DH         LINE#         841
  C:29C7H         LINE#         842
  C:29F8H         LINE#         843
  C:2A1BH         LINE#         844
  C:2A2CH         LINE#         845
  C:2A89H         LINE#         846
  C:2AAAH         LINE#         847
  C:2AD4H         LINE#         848
  C:2B05H         LINE#         849
  C:2B28H         LINE#         850
  C:2B39H         LINE#         851
  C:2B97H         LINE#         852
  C:2BC2H         LINE#         853
  C:2BECH         LINE#         854
  C:2C1DH         LINE#         855
  C:2C40H         LINE#         856
  C:2C51H         LINE#         857
  C:2CB0H         LINE#         858
  C:2CDBH         LINE#         859
  C:2D05H         LINE#         860
  C:2D36H         LINE#         861
  C:2D59H         LINE#         862
  C:2D6AH         LINE#         863
  C:2DC9H         LINE#         864
  C:2DF4H         LINE#         865
  C:2E1EH         LINE#         866
  C:2E4FH         LINE#         867
  C:2E72H         LINE#         868
  C:2E83H         LINE#         869
  C:2EE2H         LINE#         870
  C:2F0EH         LINE#         871
  C:2F38H         LINE#         872
  C:2F69H         LINE#         873
  C:2F8CH         LINE#         874
  C:2F9DH         LINE#         875
  C:2FFCH         LINE#         876
  C:3028H         LINE#         877
  C:3052H         LINE#         878
  C:3083H         LINE#         879
  C:30A6H         LINE#         880
  C:30B7H         LINE#         881
  C:3116H         LINE#         882
  C:3142H         LINE#         883
  C:316CH         LINE#         884
  C:319DH         LINE#         885
  C:31C0H         LINE#         886
  C:31D1H         LINE#         887
  C:31D1H         LINE#         888
  C:31D1H         LINE#         890
  C:3214H         LINE#         891
  C:3214H         LINE#         892
  C:322CH         LINE#         893
  C:324BH         LINE#         894
  C:325BH         LINE#         895
  C:3296H         LINE#         896
  C:32B2H         LINE#         897
BL51 BANKED LINKER/LOCATER V6.22.4.0                                                  03/21/2024  10:17:26  PAGE 23


  C:32DFH         LINE#         898
  C:330CH         LINE#         899
  C:3317H         LINE#         900
  C:33B6H         LINE#         901
  C:33C1H         LINE#         902
  C:346AH         LINE#         903
  C:3475H         LINE#         904
  C:351FH         LINE#         905
  C:351FH         LINE#         907
  C:359AH         LINE#         908
  C:35C4H         LINE#         909
  C:35E9H         LINE#         910
  C:3601H         LINE#         911
  C:3601H         LINE#         912
  C:3609H         LINE#         913
  C:3609H         LINE#         914
  C:360BH         LINE#         915
  C:360BH         LINE#         916
  C:361CH         LINE#         917
  C:3629H         LINE#         918
  C:3635H         LINE#         919
  C:364FH         LINE#         920
  C:365FH         LINE#         921
  C:366BH         LINE#         922
  C:3677H         LINE#         923
  C:3677H         LINE#         934
  C:368BH         LINE#         935
  C:369BH         LINE#         936
  C:36B0H         LINE#         937
  C:36B2H         LINE#         938
  C:36CEH         LINE#         939
  C:36CEH         LINE#         940
  C:36ECH         LINE#         941
  C:3708H         LINE#         942
  C:372FH         LINE#         943
  C:3756H         LINE#         944
  C:377BH         LINE#         945
  C:3785H         LINE#         946
  C:3785H         LINE#         947
  C:379DH         LINE#         948
  C:37BAH         LINE#         949
  C:37D7H         LINE#         950
  C:37F3H         LINE#         951
  C:3810H         LINE#         952
  C:382DH         LINE#         953
  C:384AH         LINE#         954
  C:385AH         LINE#         955
  C:385DH         LINE#         956
  C:3875H         LINE#         957
  C:3878H         LINE#         958
  C:3890H         LINE#         959
  C:3893H         LINE#         960
  C:38ABH         LINE#         961
  C:38AEH         LINE#         962
  C:38C1H         LINE#         963
  C:38C1H         LINE#         964
  C:38C4H         LINE#         965
BL51 BANKED LINKER/LOCATER V6.22.4.0                                                  03/21/2024  10:17:26  PAGE 24


  C:38CEH         LINE#         966
  C:38CEH         LINE#         967
  C:38E6H         LINE#         968
  C:3903H         LINE#         969
  C:391FH         LINE#         970
  C:393CH         LINE#         971
  C:3959H         LINE#         972
  C:3976H         LINE#         973
  C:3986H         LINE#         974
  C:3989H         LINE#         975
  C:39A1H         LINE#         976
  C:39A4H         LINE#         977
  C:39BCH         LINE#         978
  C:39BFH         LINE#         979
  C:39D7H         LINE#         980
  C:39DAH         LINE#         981
  C:39EDH         LINE#         982
  C:39EDH         LINE#         983
  C:39F0H         LINE#         984
  C:39F0H         LINE#         985
  C:3A0DH         LINE#         986
  C:3A29H         LINE#         987
  C:3A46H         LINE#         988
  C:3A63H         LINE#         989
  C:3A80H         LINE#         990
  C:3A90H         LINE#         991
  C:3AA4H         LINE#         992
  C:3ABCH         LINE#         993
  C:3AD7H         LINE#         994
  C:3AEFH         LINE#         995
  C:3B0AH         LINE#         996
  C:3B22H         LINE#         997
  C:3B3FH         LINE#         998
  C:3B4FH         LINE#         999
  C:3B65H         LINE#         1000
  C:3B65H         LINE#         1001
  C:3B65H         LINE#         1003
  C:3B6CH         LINE#         1004
  C:3B6CH         LINE#         1005
  C:3B81H         LINE#         1006
  C:3B8AH         LINE#         1007
  C:3B9FH         LINE#         1008
  C:3BA8H         LINE#         1009
  C:3BC4H         LINE#         1010
  C:3BC4H         LINE#         1011
  C:3BC7H         LINE#         1012
  C:3BC7H         LINE#         1013
  C:3BDDH         LINE#         1014
  C:3BEEH         LINE#         1015
  C:3C0AH         LINE#         1016
  C:3C1FH         LINE#         1017
  C:3C21H         LINE#         1018
  C:3C3DH         LINE#         1019
  C:3C59H         LINE#         1020
  C:3C59H         LINE#         1021
  C:3C77H         LINE#         1022
  C:3C93H         LINE#         1023
BL51 BANKED LINKER/LOCATER V6.22.4.0                                                  03/21/2024  10:17:26  PAGE 25


  C:3CBAH         LINE#         1024
  C:3CE1H         LINE#         1025
  C:3D06H         LINE#         1026
  C:3D10H         LINE#         1027
  C:3D10H         LINE#         1028
  C:3D28H         LINE#         1029
  C:3D45H         LINE#         1030
  C:3D62H         LINE#         1031
  C:3D7EH         LINE#         1032
  C:3D9BH         LINE#         1033
  C:3DB8H         LINE#         1034
  C:3DD5H         LINE#         1035
  C:3DE5H         LINE#         1036
  C:3DE8H         LINE#         1037
  C:3E00H         LINE#         1038
  C:3E03H         LINE#         1039
  C:3E1BH         LINE#         1040
  C:3E1EH         LINE#         1041
  C:3E36H         LINE#         1042
  C:3E39H         LINE#         1043
  C:3E4CH         LINE#         1044
  C:3E4CH         LINE#         1045
  C:3E4FH         LINE#         1046
  C:3E59H         LINE#         1047
  C:3E59H         LINE#         1048
  C:3E71H         LINE#         1049
  C:3E8EH         LINE#         1050
  C:3EAAH         LINE#         1051
  C:3EC7H         LINE#         1052
  C:3EE4H         LINE#         1053
  C:3F01H         LINE#         1054
  C:3F11H         LINE#         1055
  C:3F14H         LINE#         1056
  C:3F2CH         LINE#         1057
  C:3F2FH         LINE#         1058
  C:3F47H         LINE#         1059
  C:3F4AH         LINE#         1060
  C:3F62H         LINE#         1061
  C:3F65H         LINE#         1062
  C:3F78H         LINE#         1063
  C:3F78H         LINE#         1064
  C:3F7BH         LINE#         1065
  C:3F7BH         LINE#         1066
  C:3F98H         LINE#         1067
  C:3FB4H         LINE#         1068
  C:3FD1H         LINE#         1069
  C:3FEEH         LINE#         1070
  C:400BH         LINE#         1071
  C:401BH         LINE#         1072
  C:402FH         LINE#         1073
  C:4047H         LINE#         1074
  C:4062H         LINE#         1075
  C:407AH         LINE#         1076
  C:4095H         LINE#         1077
  C:40ADH         LINE#         1078
  C:40CAH         LINE#         1079
  C:40DAH         LINE#         1080
BL51 BANKED LINKER/LOCATER V6.22.4.0                                                  03/21/2024  10:17:26  PAGE 26


  C:40F0H         LINE#         1081
  C:40F0H         LINE#         1082
  C:40F0H         LINE#         1084
  C:40F7H         LINE#         1085
  C:40F7H         LINE#         1086
  C:410CH         LINE#         1087
  C:4115H         LINE#         1088
  C:412AH         LINE#         1089
  C:4133H         LINE#         1090
  C:414FH         LINE#         1091
  C:414FH         LINE#         1092
  C:4152H         LINE#         1093
  C:4152H         LINE#         1094
  C:416BH         LINE#         1095
  C:4180H         LINE#         1096
  C:4195H         LINE#         1097
  C:41AAH         LINE#         1098
  C:41BFH         LINE#         1099
  C:41D4H         LINE#         1100
  C:41E9H         LINE#         1101
  C:4205H         LINE#         1102
  C:420EH         LINE#         1103
  C:421DH         LINE#         1104
  C:421DH         LINE#         1105
  C:422DH         LINE#         1106
  C:423AH         LINE#         1107
  C:423CH         LINE#         1108
  C:424DH         LINE#         1109
  C:424DH         LINE#         1110
  C:4255H         LINE#         1111
  C:4257H         LINE#         1112
  C:425DH         LINE#         1113
  C:4261H         LINE#         1114
  C:4264H         LINE#         1115
  C:426DH         LINE#         1116
  C:4270H         LINE#         1118
  C:4272H         LINE#         1122
  C:4273H         LINE#         1123
  C:4273H         LINE#         1124
  C:4279H         LINE#         1125
  C:427EH         LINE#         1126
  C:4287H         LINE#         1127
  C:4290H         LINE#         1128
  C:4299H         LINE#         1129
  C:429EH         LINE#         1130
  C:42A2H         LINE#         1131
  C:42A6H         LINE#         1132
  C:42AAH         LINE#         1133
  C:42AEH         LINE#         1134
  C:42B2H         LINE#         1135
  C:42B6H         LINE#         1136
  C:42BAH         LINE#         1137
  C:42BEH         LINE#         1138
  C:42C2H         LINE#         1139
  C:42C6H         LINE#         1140
  C:42CAH         LINE#         1141
  C:42D9H         LINE#         1142
BL51 BANKED LINKER/LOCATER V6.22.4.0                                                  03/21/2024  10:17:26  PAGE 27


  C:4306H         LINE#         1143
  C:431DH         LINE#         1144
  C:434BH         LINE#         1145
  C:43B0H         LINE#         1146
  C:4420H         LINE#         1147
  C:443FH         LINE#         1148
  C:4457H         LINE#         1149
  C:4461H         LINE#         1150
  C:4474H         LINE#         1151
  C:44B7H         LINE#         1152
  C:44B7H         LINE#         1153
  C:44CFH         LINE#         1154
  C:44EEH         LINE#         1155
  C:44FEH         LINE#         1156
  C:4539H         LINE#         1157
  C:4555H         LINE#         1158
  C:4582H         LINE#         1159
  C:45AFH         LINE#         1160
  C:45AFH         LINE#         1161
  C:4614H         LINE#         1162
  C:4683H         LINE#         1163
  C:46A4H         LINE#         1164
  C:46BCH         LINE#         1165
  C:46C6H         LINE#         1166
  C:46E3H         LINE#         1167
  C:4726H         LINE#         1168
  C:4726H         LINE#         1169
  C:473EH         LINE#         1170
  C:475DH         LINE#         1171
  C:476DH         LINE#         1172
  C:47A8H         LINE#         1173
  C:47C4H         LINE#         1174
  C:47F1H         LINE#         1175
  C:481EH         LINE#         1176
  C:481EH         LINE#         1177
  C:482FH         LINE#         1178
  C:4841H         LINE#         1179
  C:4852H         LINE#         1181
  C:4863H         LINE#         1182
  C:4874H         LINE#         1183
  C:4885H         LINE#         1184
  C:4896H         LINE#         1186
  C:48A7H         LINE#         1187
  C:48B8H         LINE#         1188
  C:48C9H         LINE#         1189
  C:48D2H         LINE#         1190
  C:48E0H         LINE#         1191
  C:48F2H         LINE#         1192
  C:4904H         LINE#         1193
  C:4915H         LINE#         1194
  C:4927H         LINE#         1195
  C:4939H         LINE#         1196
  C:494BH         LINE#         1197
  C:495AH         LINE#         1198
  C:495DH         LINE#         1199
  C:4974H         LINE#         1200
  C:4977H         LINE#         1201
BL51 BANKED LINKER/LOCATER V6.22.4.0                                                  03/21/2024  10:17:26  PAGE 28


  C:498EH         LINE#         1202
  C:4991H         LINE#         1203
  C:49A8H         LINE#         1204
  C:49ABH         LINE#         1205
  C:49BDH         LINE#         1206
  C:49BDH         LINE#         1207
  C:49C0H         LINE#         1208
  C:49C9H         LINE#         1209
  C:49D7H         LINE#         1210
  C:49E9H         LINE#         1211
  C:49FAH         LINE#         1212
  C:4A0CH         LINE#         1213
  C:4A1EH         LINE#         1214
  C:4A30H         LINE#         1215
  C:4A3FH         LINE#         1216
  C:4A42H         LINE#         1217
  C:4A59H         LINE#         1218
  C:4A5CH         LINE#         1219
  C:4A73H         LINE#         1220
  C:4A76H         LINE#         1221
  C:4A8DH         LINE#         1222
  C:4A90H         LINE#         1223
  C:4AA2H         LINE#         1224
  C:4AA2H         LINE#         1225
  C:4AA5H         LINE#         1226
  C:4AB7H         LINE#         1227
  C:4AC8H         LINE#         1228
  C:4ADAH         LINE#         1229
  C:4AECH         LINE#         1230
  C:4AFEH         LINE#         1231
  C:4B0DH         LINE#         1232
  C:4B16H         LINE#         1233
  C:4B2DH         LINE#         1234
  C:4B3BH         LINE#         1235
  C:4B52H         LINE#         1236
  C:4B60H         LINE#         1237
  C:4B77H         LINE#         1238
  C:4B85H         LINE#         1239
  C:4B94H         LINE#         1240
  C:4B9FH         LINE#         1241
  C:4B9FH         LINE#         1242
  C:4B9FH         LINE#         1243
  C:4BA8H         LINE#         1244
  C:4BB6H         LINE#         1245
  C:4BC8H         LINE#         1246
  C:4BDAH         LINE#         1247
  C:4BEBH         LINE#         1248
  C:4BFDH         LINE#         1249
  C:4C0FH         LINE#         1250
  C:4C21H         LINE#         1251
  C:4C30H         LINE#         1252
  C:4C33H         LINE#         1253
  C:4C4AH         LINE#         1254
  C:4C4DH         LINE#         1255
  C:4C64H         LINE#         1256
  C:4C67H         LINE#         1257
  C:4C7EH         LINE#         1258
BL51 BANKED LINKER/LOCATER V6.22.4.0                                                  03/21/2024  10:17:26  PAGE 29


  C:4C81H         LINE#         1259
  C:4C93H         LINE#         1260
  C:4C93H         LINE#         1261
  C:4C96H         LINE#         1262
  C:4C9FH         LINE#         1263
  C:4CADH         LINE#         1264
  C:4CBFH         LINE#         1265
  C:4CD0H         LINE#         1266
  C:4CE2H         LINE#         1267
  C:4CF4H         LINE#         1268
  C:4D06H         LINE#         1269
  C:4D15H         LINE#         1270
  C:4D18H         LINE#         1271
  C:4D2FH         LINE#         1272
  C:4D32H         LINE#         1273
  C:4D49H         LINE#         1274
  C:4D4CH         LINE#         1275
  C:4D63H         LINE#         1276
  C:4D66H         LINE#         1277
  C:4D78H         LINE#         1278
  C:4D78H         LINE#         1279
  C:4D7BH         LINE#         1280
  C:4D8DH         LINE#         1281
  C:4D9EH         LINE#         1282
  C:4DB0H         LINE#         1283
  C:4DC2H         LINE#         1284
  C:4DD4H         LINE#         1285
  C:4DE3H         LINE#         1286
  C:4DECH         LINE#         1287
  C:4E03H         LINE#         1288
  C:4E11H         LINE#         1289
  C:4E28H         LINE#         1290
  C:4E36H         LINE#         1291
  C:4E4DH         LINE#         1292
  C:4E5BH         LINE#         1293
  C:4E6AH         LINE#         1294
  C:4E75H         LINE#         1295
  C:4E75H         LINE#         1296
  C:4E75H         LINE#         1297
  C:4E75H         LINE#         1298
  -------         ENDPROC       SHOWDATA
  -------         PROC          _SHORTDELAY
  D:0006H         SYMBOL        i
  -------         DO            
  D:0004H         SYMBOL        k
  D:0002H         SYMBOL        n
  -------         ENDDO         
  C:97E0H         LINE#         1303
  C:97E0H         LINE#         1304
  C:97E0H         LINE#         1307
  C:97EAH         LINE#         1308
  C:97FEH         LINE#         1310
  -------         ENDPROC       _SHORTDELAY
  -------         PROC          ALARM
  -------         DO            
  D:0007H         SYMBOL        n
  -------         ENDDO         
BL51 BANKED LINKER/LOCATER V6.22.4.0                                                  03/21/2024  10:17:26  PAGE 30


  C:98EAH         LINE#         1315
  C:98EAH         LINE#         1316
  C:98EAH         LINE#         1318
  C:98ECH         LINE#         1319
  C:98F3H         LINE#         1320
  C:98F6H         LINE#         1321
  C:98F6H         LINE#         1322
  C:98F8H         LINE#         1323
  C:98F8H         LINE#         1324
  C:98FDH         LINE#         1325
  -------         ENDPROC       ALARM
  -------         PROC          _UPDATA_FLASH
  D:0007H         SYMBOL        j
  C:9575H         LINE#         1330
  C:9575H         LINE#         1331
  C:9575H         LINE#         1332
  C:9582H         LINE#         1333
  C:9590H         LINE#         1334
  C:9590H         LINE#         1335
  C:9592H         LINE#         1336
  C:959FH         LINE#         1337
  C:959FH         LINE#         1338
  C:95A0H         LINE#         1339
  C:95ACH         LINE#         1340
  -------         ENDPROC       _UPDATA_FLASH
  -------         PROC          LED_FLASH
  -------         DO            
  X:04FCH         SYMBOL        i
  -------         ENDDO         
  C:94C1H         LINE#         1345
  C:94C1H         LINE#         1346
  C:94C1H         LINE#         1348
  C:94D0H         LINE#         1349
  C:94D3H         LINE#         1350
  C:94F5H         LINE#         1351
  C:94FDH         LINE#         1352
  -------         ENDPROC       LED_FLASH
  -------         PROC          _LED_DISP
  D:0001H         SYMBOL        Num
  D:0005H         SYMBOL        Flag
  D:0003H         SYMBOL        State
  C:961CH         LINE#         1357
  C:961EH         LINE#         1358
  C:961EH         LINE#         1359
  C:9621H         LINE#         1360
  C:9624H         LINE#         1361
  C:962DH         LINE#         1362
  C:9631H         LINE#         1363
  C:9634H         LINE#         1364
  C:9634H         LINE#         1365
  C:9636H         LINE#         1366
  C:9636H         LINE#         1367
  C:9638H         LINE#         1369
  C:9638H         LINE#         1370
  C:9638H         LINE#         1371
  C:9641H         LINE#         1372
  C:9645H         LINE#         1373
BL51 BANKED LINKER/LOCATER V6.22.4.0                                                  03/21/2024  10:17:26  PAGE 31


  C:9648H         LINE#         1374
  C:9648H         LINE#         1375
  C:964AH         LINE#         1376
  C:9651H         LINE#         1377
  C:9651H         LINE#         1378
  -------         ENDPROC       _LED_DISP
  -------         ENDMOD        8253COUNT

  -------         MODULE        AT24C16
  C:0000H         SYMBOL        _ICE_DUMMY_
  D:0080H         PUBLIC        P0
  D:0090H         PUBLIC        P1
  D:00A0H         PUBLIC        P2
  D:00B0H         PUBLIC        P3
  D:00C0H         PUBLIC        P4
  D:00C8H         PUBLIC        P5
  C:8FDDH         PUBLIC        _DS_SaveData
  D:00E8H         PUBLIC        P6
  D:00F8H         PUBLIC        P7
  C:9294H         PUBLIC        _read_1_byte_24
  D:00A8H         PUBLIC        IE
  C:9965H         PUBLIC        stop_24
  D:00B8H         PUBLIC        IP
  C:94FEH         PUBLIC        _write_1_byte_24
  C:8F04H         PUBLIC        read_8_bit_24
  D:00D8H         PUBLIC        CCON
  C:8E89H         PUBLIC        _write_8_bit_24
  D:0098H         PUBLIC        SCON
  D:0088H         PUBLIC        TCON
  B:0090H.5       PUBLIC        sda
  C:9770H         PUBLIC        _delay_n5ms_24
  C:9937H         SYMBOL        _?ix1000
  B:0090H.4       PUBLIC        scl
  C:993FH         SYMBOL        _?ix1001
  C:903CH         PUBLIC        _DS_ReadData
  C:9912H         PUBLIC        start_24
  D:00D0H         PUBLIC        PSW
  -------         PROC          START_24
  C:9912H         LINE#         16
  C:9912H         LINE#         17
  C:9912H         LINE#         18
  C:9913H         LINE#         19
  C:9915H         LINE#         20
  C:9917H         LINE#         21
  C:9919H         LINE#         22
  C:991AH         LINE#         23
  C:991CH         LINE#         24
  C:991DH         LINE#         25
  C:991EH         LINE#         26
  C:9920H         LINE#         27
  C:9921H         LINE#         28
  C:9922H         LINE#         29
  C:9924H         LINE#         30
  -------         ENDPROC       START_24
  -------         PROC          STOP_24
  C:9965H         LINE#         33
  C:9965H         LINE#         34
BL51 BANKED LINKER/LOCATER V6.22.4.0                                                  03/21/2024  10:17:26  PAGE 32


  C:9965H         LINE#         35
  C:9967H         LINE#         36
  C:9969H         LINE#         37
  C:996BH         LINE#         38
  C:996CH         LINE#         39
  C:996EH         LINE#         40
  C:996FH         LINE#         41
  C:9971H         LINE#         42
  -------         ENDPROC       STOP_24
  -------         PROC          READ_8_BIT_24
  -------         DO            
  I:0059H         SYMBOL        r_8_bit
  I:005AH         SYMBOL        n
  I:005BH         SYMBOL        m
  I:005CH         SYMBOL        temp
  -------         ENDDO         
  C:8F04H         LINE#         46
  C:8F04H         LINE#         47
  C:8F04H         LINE#         51
  C:8F17H         LINE#         53
  C:8F1BH         LINE#         54
  C:8F1DH         LINE#         55
  C:8F1FH         LINE#         56
  C:8F2AH         LINE#         57
  C:8F2AH         LINE#         58
  C:8F2CH         LINE#         59
  C:8F2DH         LINE#         60
  C:8F38H         LINE#         61
  C:8F3AH         LINE#         62
  C:8F3FH         LINE#         63
  C:8F41H         LINE#         64
  C:8F43H         LINE#         65
  C:8F45H         LINE#         66
  C:8F46H         LINE#         67
  C:8F47H         LINE#         68
  C:8F49H         LINE#         70
  C:8F56H         LINE#         71
  C:8F56H         LINE#         72
  C:8F5CH         LINE#         73
  C:8F66H         LINE#         74
  C:8F6CH         LINE#         76
  C:8F6EH         LINE#         77
  C:8F73H         LINE#         78
  C:8F77H         LINE#         79
  -------         ENDPROC       READ_8_BIT_24
  -------         PROC          _WRITE_8_BIT_24
  X:0502H         SYMBOL        x
  -------         DO            
  I:0059H         SYMBOL        w_8_bit
  I:005AH         SYMBOL        n
  I:005BH         SYMBOL        m
  I:005CH         SYMBOL        a
  I:005DH         SYMBOL        temp
  -------         ENDDO         
  C:8E89H         LINE#         84
  C:8E8EH         LINE#         85
  C:8E8EH         LINE#         88
BL51 BANKED LINKER/LOCATER V6.22.4.0                                                  03/21/2024  10:17:26  PAGE 33


  C:8EA1H         LINE#         89
  C:8EA8H         LINE#         91
  C:8EB4H         LINE#         92
  C:8EBDH         LINE#         93
  C:8EC0H         LINE#         94
  C:8EC8H         LINE#         96
  C:8ED0H         LINE#         97
  C:8ED6H         LINE#         98
  C:8EDAH         LINE#         100
  C:8EDCH         LINE#         101
  C:8EDEH         LINE#         102
  C:8EEBH         LINE#         103
  C:8EEBH         LINE#         104
  C:8EF4H         LINE#         105
  C:8EF6H         LINE#         106
  C:8EF7H         LINE#         107
  C:8EF9H         LINE#         108
  C:8EFEH         LINE#         110
  C:8F00H         LINE#         111
  C:8F01H         LINE#         112
  C:8F03H         LINE#         113
  -------         ENDPROC       _WRITE_8_BIT_24
  -------         PROC          _READ_1_BYTE_24
  D:0004H         SYMBOL        r_add
  -------         DO            
  I:0055H         SYMBOL        r_1_byte
  I:0056H         SYMBOL        H
  I:0057H         SYMBOL        L
  I:0058H         SYMBOL        h
  -------         ENDDO         
  C:9294H         LINE#         120
  C:9298H         LINE#         121
  C:9298H         LINE#         125
  C:929CH         LINE#         126
  C:92A1H         LINE#         127
  C:92A4H         LINE#         129
  C:92A9H         LINE#         131
  C:92ACH         LINE#         132
  C:92B3H         LINE#         133
  C:92B4H         LINE#         134
  C:92B5H         LINE#         135
  C:92B6H         LINE#         136
  C:92B7H         LINE#         137
  C:92BEH         LINE#         138
  C:92BFH         LINE#         139
  C:92C0H         LINE#         140
  C:92C1H         LINE#         141
  C:92C2H         LINE#         143
  C:92C5H         LINE#         144
  C:92CCH         LINE#         145
  C:92CDH         LINE#         146
  C:92CEH         LINE#         147
  C:92CFH         LINE#         148
  C:92D0H         LINE#         150
  C:92D7H         LINE#         151
  C:92D8H         LINE#         152
  C:92D9H         LINE#         153
BL51 BANKED LINKER/LOCATER V6.22.4.0                                                  03/21/2024  10:17:26  PAGE 34


  C:92DAH         LINE#         154
  C:92DBH         LINE#         155
  C:92DEH         LINE#         157
  C:92E0H         LINE#         158
  -------         ENDPROC       _READ_1_BYTE_24
  -------         PROC          _WRITE_1_BYTE_24
  D:0002H         SYMBOL        w_add
  X:04FFH         SYMBOL        w_1_byte
  -------         DO            
  I:0055H         SYMBOL        H
  I:0056H         SYMBOL        L
  -------         ENDDO         
  C:94FEH         LINE#         165
  C:9507H         LINE#         166
  C:9507H         LINE#         168
  C:950BH         LINE#         169
  C:950EH         LINE#         171
  C:9513H         LINE#         173
  C:9516H         LINE#         174
  C:951DH         LINE#         175
  C:951EH         LINE#         176
  C:951FH         LINE#         177
  C:9520H         LINE#         178
  C:9521H         LINE#         180
  C:9528H         LINE#         181
  C:9529H         LINE#         182
  C:952AH         LINE#         183
  C:952BH         LINE#         184
  C:952CH         LINE#         186
  C:9534H         LINE#         187
  C:9535H         LINE#         188
  C:9536H         LINE#         189
  C:9537H         LINE#         190
  C:9538H         LINE#         191
  -------         ENDPROC       _WRITE_1_BYTE_24
  -------         PROC          _DELAY_N5MS_24
  D:0007H         SYMBOL        n
  -------         DO            
  I:0059H         SYMBOL        q
  I:005AH         SYMBOL        p
  -------         ENDDO         
  C:9770H         LINE#         197
  C:9770H         LINE#         198
  C:9770H         LINE#         201
  C:977BH         LINE#         202
  C:9780H         LINE#         203
  C:9796H         LINE#         204
  -------         ENDPROC       _DELAY_N5MS_24
  -------         PROC          _DS_SAVEDATA
  X:04FCH         SYMBOL        dt
  -------         DO            
  D:0008H         SYMBOL        i
  D:000AH         SYMBOL        w
  -------         ENDDO         
  C:8FDDH         LINE#         209
  C:8FE8H         LINE#         210
  C:8FE8H         LINE#         212
BL51 BANKED LINKER/LOCATER V6.22.4.0                                                  03/21/2024  10:17:26  PAGE 35


  C:8FEEH         LINE#         213
  C:8FF3H         LINE#         214
  C:900FH         LINE#         215
  C:9014H         LINE#         216
  C:901CH         LINE#         217
  C:9024H         LINE#         218
  C:902AH         LINE#         219
  C:902AH         LINE#         220
  C:903BH         LINE#         221
  -------         ENDPROC       _DS_SAVEDATA
  -------         PROC          _DS_READDATA
  X:04FFH         SYMBOL        dt
  -------         DO            
  D:0008H         SYMBOL        j
  D:000AH         SYMBOL        w
  -------         ENDDO         
  C:903CH         LINE#         226
  C:9047H         LINE#         227
  C:9047H         LINE#         229
  C:904DH         LINE#         230
  C:9052H         LINE#         231
  C:906EH         LINE#         232
  C:9073H         LINE#         233
  C:907BH         LINE#         234
  C:9083H         LINE#         235
  C:9089H         LINE#         236
  C:9089H         LINE#         237
  C:909AH         LINE#         238
  -------         ENDPROC       _DS_READDATA
  -------         ENDMOD        AT24C16

  -------         MODULE        COLLATERAL
  C:0000H         SYMBOL        _ICE_DUMMY_
  D:0080H         PUBLIC        P0
[...]
  C:942AH         LINE#         313
  C:9431H         LINE#         314
  C:9434H         LINE#         315
  C:9434H         LINE#         316
  C:9438H         LINE#         317
  C:943BH         LINE#         318
  C:943BH         LINE#         319
  C:943BH         LINE#         320
  C:9440H         LINE#         321
  C:9444H         LINE#         322
  C:9444H         LINE#         323
  -------         ENDPROC       LINE_CHANGE
  -------         PROC          DISPALY_PARAMOVE
  C:7761H         LINE#         327
  C:7761H         LINE#         328
  C:7761H         LINE#         330
  C:7767H         LINE#         331
  C:7771H         LINE#         332
  C:7772H         LINE#         333
  C:777BH         LINE#         334
  C:777DH         LINE#         335
  C:7784H         LINE#         336
  C:7784H         LINE#         337
  C:7790H         LINE#         338
  C:77B1H         LINE#         339
  C:77B5H         LINE#         340
  C:77C0H         LINE#         341
  C:77E1H         LINE#         342
  C:77E5H         LINE#         343
  C:77F0H         LINE#         344
  C:7811H         LINE#         345
  C:7835H         LINE#         346
  C:7835H         LINE#         347
  C:7835H         LINE#         348
  C:783EH         LINE#         349
  C:7840H         LINE#         350
  C:7847H         LINE#         351
  C:7847H         LINE#         352
  C:7853H         LINE#         353
  C:7875H         LINE#         354
  C:7879H         LINE#         355
  C:7884H         LINE#         356
  C:78A6H         LINE#         357
  C:78B0H         LINE#         358
  C:78BAH         LINE#         359
  C:78C4H         LINE#         360
  C:78E9H         LINE#         361
  C:790EH         LINE#         362
BL51 BANKED LINKER/LOCATER V6.22.4.0                                                  03/21/2024  10:17:26  PAGE 68


  C:790EH         LINE#         363
  C:790EH         LINE#         364
  C:790EH         LINE#         365
  C:7913H         LINE#         366
  C:7916H         LINE#         367
  C:7919H         LINE#         368
  C:7919H         LINE#         369
  C:7920H         LINE#         370
  C:7921H         LINE#         371
  C:7928H         LINE#         372
  C:792EH         LINE#         373
  C:7937H         LINE#         374
  C:7942H         LINE#         375
  C:794AH         LINE#         376
  C:7953H         LINE#         377
  C:795EH         LINE#         378
  C:7966H         LINE#         379
  C:796FH         LINE#         380
  C:797AH         LINE#         381
  C:7985H         LINE#         382
  C:7985H         LINE#         383
  C:7985H         LINE#         384
  C:7985H         LINE#         385
  -------         ENDPROC       DISPALY_PARAMOVE
  -------         PROC          DISPALY_PARA
  C:5BF0H         LINE#         390
  C:5BF0H         LINE#         391
  C:5BF0H         LINE#         392
  C:5BF6H         LINE#         393
  C:5BF8H         LINE#         394
  C:5BFBH         LINE#         395
  C:5BFEH         LINE#         396
  C:5C0FH         LINE#         397
  C:5C20H         LINE#         398
  C:5C31H         LINE#         399
  C:5C42H         LINE#         400
  C:5C5DH         LINE#         401
  C:5C6EH         LINE#         402
  C:5C89H         LINE#         403
  C:5CA4H         LINE#         404
  C:5CBFH         LINE#         405
  C:5CD0H         LINE#         406
  C:5CEFH         LINE#         407
  C:5D0EH         LINE#         408
  C:5D2DH         LINE#         409
  C:5D4CH         LINE#         411
  C:5D5DH         LINE#         412
  C:5D7CH         LINE#         413
  C:5D9BH         LINE#         414
  C:5DBAH         LINE#         415
  C:5DD9H         LINE#         417
  C:5DEAH         LINE#         418
  C:5E09H         LINE#         419
  C:5E28H         LINE#         420
  C:5E47H         LINE#         421
  C:5E66H         LINE#         423
  C:5E77H         LINE#         424
BL51 BANKED LINKER/LOCATER V6.22.4.0                                                  03/21/2024  10:17:26  PAGE 69


  C:5E96H         LINE#         425
  C:5EB5H         LINE#         426
  C:5ED4H         LINE#         427
  C:5EF3H         LINE#         428
  C:5EFEH         LINE#         429
  C:5EFEH         LINE#         430
  C:5F0FH         LINE#         431
  C:5F2EH         LINE#         432
  C:5F4DH         LINE#         433
  C:5F6CH         LINE#         434
  C:5F8BH         LINE#         436
  C:5F9CH         LINE#         437
  C:5FBBH         LINE#         438
  C:5FDAH         LINE#         439
  C:5FF9H         LINE#         440
  C:6018H         LINE#         442
  C:6029H         LINE#         443
  C:6048H         LINE#         444
  C:6067H         LINE#         445
  C:6086H         LINE#         446
  C:60A5H         LINE#         448
  C:60B6H         LINE#         449
  C:60D5H         LINE#         450
  C:60F4H         LINE#         451
  C:6113H         LINE#         452
  C:6132H         LINE#         454
  C:6143H         LINE#         455
  C:6162H         LINE#         456
  C:6181H         LINE#         457
  C:61A0H         LINE#         458
  C:61BFH         LINE#         460
  C:61D0H         LINE#         461
  C:61EFH         LINE#         462
  C:620EH         LINE#         463
  C:622DH         LINE#         464
  C:624CH         LINE#         465
  C:624CH         LINE#         466
  C:6252H         LINE#         467
  C:6255H         LINE#         469
  C:6266H         LINE#         470
  C:6277H         LINE#         471
  C:6288H         LINE#         472
  C:6299H         LINE#         473
  C:62AAH         LINE#         474
  C:62BBH         LINE#         475
  C:62CCH         LINE#         476
  C:62DDH         LINE#         477
  C:62EEH         LINE#         478
  C:6309H         LINE#         479
  C:6324H         LINE#         480
  C:633FH         LINE#         481
  C:635AH         LINE#         482
  C:6379H         LINE#         483
  C:6398H         LINE#         484
  C:63B7H         LINE#         485
  C:63D6H         LINE#         487
  C:63F5H         LINE#         488
BL51 BANKED LINKER/LOCATER V6.22.4.0                                                  03/21/2024  10:17:26  PAGE 70


  C:6414H         LINE#         489
  C:6433H         LINE#         490
  C:6452H         LINE#         492
  C:6471H         LINE#         493
  C:6490H         LINE#         494
  C:64AFH         LINE#         495
  C:64CEH         LINE#         497
  C:64EDH         LINE#         498
  C:650CH         LINE#         499
  C:652BH         LINE#         500
  C:654AH         LINE#         501
  C:6555H         LINE#         502
  C:6555H         LINE#         503
  C:6566H         LINE#         504
  C:6577H         LINE#         505
  C:6588H         LINE#         506
  C:6599H         LINE#         507
  C:65AAH         LINE#         508
  C:65BBH         LINE#         509
  C:65DAH         LINE#         510
  C:65F9H         LINE#         511
  C:6618H         LINE#         512
  C:6637H         LINE#         514
  C:6656H         LINE#         515
  C:6675H         LINE#         516
  C:6694H         LINE#         517
  C:66B3H         LINE#         519
  C:66D2H         LINE#         520
  C:66F1H         LINE#         521
  C:6710H         LINE#         522
  C:672FH         LINE#         524
  C:674EH         LINE#         525
  C:676DH         LINE#         526
  C:678CH         LINE#         527
  C:67ABH         LINE#         529
  C:67CAH         LINE#         530
  C:67E9H         LINE#         531
  C:6808H         LINE#         532
  C:6827H         LINE#         534
  C:6846H         LINE#         535
  C:6865H         LINE#         536
  C:6884H         LINE#         537
  C:68A3H         LINE#         538
  C:68A3H         LINE#         539
  C:68A9H         LINE#         540
  C:68AFH         LINE#         541
  C:68B1H         LINE#         542
  C:68B1H         LINE#         543
  C:68B1H         LINE#         544
  -------         ENDPROC       DISPALY_PARA
  -------         ENDMOD        SETPARA

  -------         MODULE        SETTIME
  C:0000H         SYMBOL        _ICE_DUMMY_
  C:7D93H         PUBLIC        settime
  D:0080H         PUBLIC        P0
  D:0090H         PUBLIC        P1
BL51 BANKED LINKER/LOCATER V6.22.4.0                                                  03/21/2024  10:17:26  PAGE 71


  D:00A0H         PUBLIC        P2
  D:00B0H         PUBLIC        P3
  D:00C0H         PUBLIC        P4
  D:00C8H         PUBLIC        P5
  D:00E8H         PUBLIC        P6
  D:00F8H         PUBLIC        P7
  X:0532H         PUBLIC        Init_Time
  D:00A8H         PUBLIC        IE
  D:00B8H         PUBLIC        IP
  D:00D8H         PUBLIC        CCON
  X:0533H         PUBLIC        Real_Count_Display
  D:0098H         PUBLIC        SCON
  D:0088H         PUBLIC        TCON
  X:0553H         PUBLIC        Inctime
  X:0554H         PUBLIC        Setted_Time
  D:00D0H         PUBLIC        PSW
  -------         PROC          SETTIME
  C:7D93H         LINE#         18
  C:7D93H         LINE#         19
  C:7D93H         LINE#         20
  C:7D95H         LINE#         21
  C:7D97H         LINE#         22
  C:7D99H         LINE#         23
  C:7D9FH         LINE#         25
  C:7DA2H         LINE#         26
  C:7DA4H         LINE#         27
  C:7DA7H         LINE#         28
  C:7DAAH         LINE#         29
  C:7DBBH         LINE#         30
  C:7DC8H         LINE#         31
  C:7DD5H         LINE#         32
  C:7DE4H         LINE#         33
  C:7DF5H         LINE#         34
  C:7DFBH         LINE#         35
  C:7DFCH         LINE#         36
  C:7E0BH         LINE#         37
  C:7E0BH         LINE#         38
  C:7E11H         LINE#         39
  C:7E17H         LINE#         40
  C:7E24H         LINE#         41
  C:7E31H         LINE#         42
  C:7E39H         LINE#         43
  C:7E44H         LINE#         44
  C:7E4AH         LINE#         45
  C:7E57H         LINE#         46
  C:7E66H         LINE#         47
  C:7E6CH         LINE#         48
  C:7E77H         LINE#         49
  C:7E7DH         LINE#         50
  C:7E8AH         LINE#         51
  C:7E99H         LINE#         52
  C:7E9FH         LINE#         53
  C:7EAAH         LINE#         54
  C:7EB0H         LINE#         55
  C:7EBDH         LINE#         56
  C:7ECCH         LINE#         57
  C:7ED2H         LINE#         58
BL51 BANKED LINKER/LOCATER V6.22.4.0                                                  03/21/2024  10:17:26  PAGE 72


  C:7EDDH         LINE#         59
  C:7EE3H         LINE#         60
  C:7EF0H         LINE#         61
  C:7EFFH         LINE#         62
  C:7F05H         LINE#         63
  C:7F0FH         LINE#         64
  C:7F15H         LINE#         65
  C:7F22H         LINE#         66
  C:7F31H         LINE#         67
  C:7F37H         LINE#         68
  C:7F40H         LINE#         69
  C:7F46H         LINE#         70
  C:7F53H         LINE#         71
  C:7F62H         LINE#         72
  C:7F6FH         LINE#         73
  C:7F6FH         LINE#         74
  C:7F6FH         LINE#         75
  -------         ENDPROC       SETTIME
  -------         ENDMOD        SETTIME

  -------         MODULE        TIME0
  C:0000H         SYMBOL        _ICE_DUMMY_
  D:0080H         PUBLIC        P0
  D:0090H         PUBLIC        P1
  D:00A0H         PUBLIC        P2
  D:00B0H         PUBLIC        P3
  D:00C0H         PUBLIC        P4
  D:00C8H         PUBLIC        P5
  B:00A8H.7       PUBLIC        EA
  D:00E8H         PUBLIC        P6
  D:00F8H         PUBLIC        P7
  B:0023H.6       PUBLIC        FlagCollFall
  D:00A8H         PUBLIC        IE
  D:00B8H         PUBLIC        IP
  B:0090H.3       PUBLIC        GATE
  D:00D8H         PUBLIC        CCON
  D:0098H         PUBLIC        SCON
  D:0089H         PUBLIC        TMOD
  D:0088H         PUBLIC        TCON
  X:057EH         PUBLIC        NumT0
  C:96E8H         PUBLIC        Init_Time0
  B:0023H.7       PUBLIC        Flag_Tim0
  X:0580H         PUBLIC        CntWarn
  X:0582H         PUBLIC        CntS1Warn
  B:00A8H.1       PUBLIC        ET0
  B:0088H.5       PUBLIC        TF0
  D:008CH         PUBLIC        TH0
  D:008AH         PUBLIC        TL0
  B:0088H.4       PUBLIC        TR0
  C:88D4H         PUBLIC        Tim0
  X:0584H         PUBLIC        CmOverTime
  X:0586H         PUBLIC        CntFlhWarnT0
  B:0024H.0       PUBLIC        Flag_Warn_Serial1
  D:00D0H         PUBLIC        PSW
  -------         PROC          TIM0
  C:88D4H         LINE#         23
  C:88E7H         LINE#         25
BL51 BANKED LINKER/LOCATER V6.22.4.0                                                  03/21/2024  10:17:26  PAGE 73


  C:88E9H         LINE#         26
  C:88ECH         LINE#         27
  C:88EFH         LINE#         28
  C:88F2H         LINE#         29
  C:88F2H         LINE#         30
  C:88F5H         LINE#         31
  C:88F5H         LINE#         32
  C:890AH         LINE#         33
  C:890AH         LINE#         34
  C:8911H         LINE#         35
  C:8913H         LINE#         36
  C:8913H         LINE#         37
  C:8913H         LINE#         38
  C:8913H         LINE#         39
  C:8916H         LINE#         40
  C:8916H         LINE#         41
  C:892BH         LINE#         42
  C:892BH         LINE#         43
  C:8932H         LINE#         44
  C:8934H         LINE#         45
  C:8934H         LINE#         46
  C:8934H         LINE#         47
  C:8937H         LINE#         48
  C:8937H         LINE#         49
  C:8941H         LINE#         50
  C:8943H         LINE#         51
  C:8943H         LINE#         52
  C:8956H         LINE#         53
  C:896DH         LINE#         54
  C:896DH         LINE#         55
  C:896FH         LINE#         56
  C:8973H         LINE#         57
  C:8975H         LINE#         58
  C:8977H         LINE#         59
  C:8977H         LINE#         60
  C:8977H         LINE#         61
  C:897AH         LINE#         62
  C:897AH         LINE#         63
  C:898FH         LINE#         64
  C:898FH         LINE#         65
  C:8991H         LINE#         66
  C:8998H         LINE#         67
  C:8998H         LINE#         68
  C:8998H         LINE#         69
  C:899BH         LINE#         70
  C:899BH         LINE#         71
  C:89B0H         LINE#         72
  C:89B2H         LINE#         73
  C:89B9H         LINE#         74
  C:89B9H         LINE#         75
  C:89B9H         LINE#         76
  -------         ENDPROC       TIM0
  -------         PROC          INIT_TIME0
  C:96E8H         LINE#         81
  C:96E8H         LINE#         82
  C:96E8H         LINE#         83
  C:96EBH         LINE#         84
BL51 BANKED LINKER/LOCATER V6.22.4.0                                                  03/21/2024  10:17:26  PAGE 74


  C:96EEH         LINE#         85
  C:96F1H         LINE#         86
  C:96F7H         LINE#         87
  C:96FDH         LINE#         88
  C:9703H         LINE#         89
  C:9707H         LINE#         90
  C:970BH         LINE#         91
  C:9711H         LINE#         92
  C:9713H         LINE#         93
  C:9715H         LINE#         94
  C:9717H         LINE#         95
  -------         ENDPROC       INIT_TIME0
  -------         ENDMOD        TIME0

  -------         MODULE        ?C?FPADD
  C:68B9H         PUBLIC        ?C?FPADD
  C:68B5H         PUBLIC        ?C?FPSUB
  -------         ENDMOD        ?C?FPADD

  -------         MODULE        ?C?FPMUL
  C:69AAH         PUBLIC        ?C?FPMUL
  -------         ENDMOD        ?C?FPMUL

  -------         MODULE        ?C?FPDIV
  C:6AB3H         PUBLIC        ?C?FPDIV
  -------         ENDMOD        ?C?FPDIV

  -------         MODULE        ?C?FPCMP
  C:6B52H         PUBLIC        ?C?FPCMP
  C:6B50H         PUBLIC        ?C?FPCMP3
  -------         ENDMOD        ?C?FPCMP

  -------         MODULE        ?C?FCAST
  C:6BD3H         PUBLIC        ?C?FCASTC
  C:6BCEH         PUBLIC        ?C?FCASTI
  C:6BC9H         PUBLIC        ?C?FCASTL
  -------         ENDMOD        ?C?FCAST

  -------         MODULE        ?C?CASTF
  C:6C07H         PUBLIC        ?C?CASTF
  -------         ENDMOD        ?C?CASTF

  -------         MODULE        POW
  X:0524H         PUBLIC        ?_pow?BYTE
  C:7F70H         PUBLIC        _pow
  -------         ENDMOD        POW

  -------         MODULE        ?C?CHKFLOAT
  C:6C88H         PUBLIC        ?C?CHKFLOAT
  -------         ENDMOD        ?C?CHKFLOAT

  -------         MODULE        ?C?FPNEG
  C:6CA2H         PUBLIC        ?C?FPNEG
  -------         ENDMOD        ?C?FPNEG

  -------         MODULE        EXP
  C:8C79H         PUBLIC        _EXP
BL51 BANKED LINKER/LOCATER V6.22.4.0                                                  03/21/2024  10:17:26  PAGE 75


  -------         ENDMOD        EXP

  -------         MODULE        LOG
  C:84D4H         PUBLIC        _LOG
  C:84D0H         PUBLIC        _LOG10
  -------         ENDMOD        LOG

  -------         MODULE        ?C?COPY
  C:6DD0H         PUBLIC        ?C?COPY
  -------         ENDMOD        ?C?COPY

  -------         MODULE        ?C?CLDPTR
  C:6DF6H         PUBLIC        ?C?CLDPTR
  -------         ENDMOD        ?C?CLDPTR

  -------         MODULE        ?C?CLDOPTR
  C:6E0FH         PUBLIC        ?C?CLDOPTR
  -------         ENDMOD        ?C?CLDOPTR

  -------         MODULE        ?C?CSTOPTR
  C:6E3CH         PUBLIC        ?C?CSTOPTR
  -------         ENDMOD        ?C?CSTOPTR

  -------         MODULE        ?C?IMUL
  C:6E5EH         PUBLIC        ?C?IMUL
  -------         ENDMOD        ?C?IMUL

  -------         MODULE        ?C?UIDIV
  C:6E70H         PUBLIC        ?C?UIDIV
  -------         ENDMOD        ?C?UIDIV

  -------         MODULE        ?C?SIDIV
  C:6EC5H         PUBLIC        ?C?SIDIV
  -------         ENDMOD        ?C?SIDIV

  -------         MODULE        ?C?IILDX
  C:6EFBH         PUBLIC        ?C?IILDX
  -------         ENDMOD        ?C?IILDX

  -------         MODULE        ?C?ULDIV
  C:6F4DH         PUBLIC        ?C?ULDIV
  -------         ENDMOD        ?C?ULDIV

  -------         MODULE        ?C?LNEG
  C:6FDFH         PUBLIC        ?C?LNEG
  -------         ENDMOD        ?C?LNEG

  -------         MODULE        ?C?ULCMP
  C:6FEDH         PUBLIC        ?C?ULCMP
  -------         ENDMOD        ?C?ULCMP

  -------         MODULE        ?C?LLDIDATA
  C:6FFEH         PUBLIC        ?C?LLDIDATA
  -------         ENDMOD        ?C?LLDIDATA

  -------         MODULE        ?C?LLDCODE
  C:700AH         PUBLIC        ?C?LLDCODE
BL51 BANKED LINKER/LOCATER V6.22.4.0                                                  03/21/2024  10:17:26  PAGE 76


  -------         ENDMOD        ?C?LLDCODE

  -------         MODULE        ?C?LLDIDATA0
  C:701AH         PUBLIC        ?C?LLDIDATA0
  -------         ENDMOD        ?C?LLDIDATA0

  -------         MODULE        ?C?LLDXDATA0
  C:7027H         PUBLIC        ?C?LLDXDATA0
  -------         ENDMOD        ?C?LLDXDATA0

  -------         MODULE        ?C?LLDCODE0
  C:7033H         PUBLIC        ?C?LLDCODE0
  -------         ENDMOD        ?C?LLDCODE0

  -------         MODULE        ?C?LSTIDATA
  C:7043H         PUBLIC        ?C?LSTIDATA
  -------         ENDMOD        ?C?LSTIDATA

  -------         MODULE        ?C?LSTXDATA
  C:704FH         PUBLIC        ?C?LSTXDATA
  -------         ENDMOD        ?C?LSTXDATA

  -------         MODULE        ?C?LSTKIDATA
  C:705BH         PUBLIC        ?C?LSTKIDATA
  -------         ENDMOD        ?C?LSTKIDATA

  -------         MODULE        ?C?LSTKXDATA
  C:7074H         PUBLIC        ?C?LSTKXDATA
  -------         ENDMOD        ?C?LSTKXDATA

  -------         MODULE        ?C?OFFXADD
  C:70A5H         PUBLIC        ?C?OFFXADD
  -------         ENDMOD        ?C?OFFXADD

Program Size: data=112.5 xdata=1418 code=39343
LINK/LOCATE RUN COMPLETE.  0 WARNING(S),  0 ERROR(S)
