BL51 BANKED LINKER/LOCATER V6.22.4.0                                                    03/27/2024  14:56:11  PAGE 1


BL51 BANKED LINKER/LOCATER V6.22.4.0, INVOKED BY:
C:\KEIL_V5\C51\BIN\BL51.EXE .\Objects\STARTUP.obj, .\Objects\8253count.obj, .\Objects\at24c16.obj, .\Objects\collateral.
>> obj, .\Objects\lcd.obj, .\Objects\main.obj, .\Objects\Masterdisplay.obj, .\Objects\measure.obj, .\Objects\reset.obj, 
>> .\Objects\serial.obj, .\Objects\Serial1Dip.obj, .\Objects\setinput.obj, .\Objects\setpara.obj, .\Objects\settime.obj,
>>  .\Objects\time0.obj TO .\Objects\Dose_Proj PRINT (.\Listings\Dose_Proj.m51) RAMSIZE (256)


MEMORY MODEL: LARGE WITH FLOATING POINT ARITHMETIC


INPUT MODULES INCLUDED:
  .\Objects\STARTUP.obj (?C_STARTUP)
  .\Objects\8253count.obj (8253COUNT)
  .\Objects\at24c16.obj (AT24C16)
  .\Objects\collateral.obj (COLLATERAL)
  .\Objects\lcd.obj (LCD)
  .\Objects\main.obj (MAIN)
  .\Objects\Masterdisplay.obj (MASTERDISPLAY)
  .\Objects\measure.obj (MEASURE)
  .\Objects\reset.obj (RESET)
  .\Objects\serial.obj (SERIAL)
  .\Objects\Serial1Dip.obj (SERIAL1DIP)
  .\Objects\setinput.obj (SETINPUT)
  .\Objects\setpara.obj (SETPARA)
  .\Objects\settime.obj (SETTIME)
  .\Objects\time0.obj (TIME0)
  C:\KEIL_V5\C51\LIB\C51FPL.LIB (?C?FPADD)
  C:\KEIL_V5\C51\LIB\C51FPL.LIB (?C?FPMUL)
  C:\KEIL_V5\C51\LIB\C51FPL.LIB (?C?FPDIV)
  C:\KEIL_V5\C51\LIB\C51FPL.LIB (?C?FPCMP)
  C:\KEIL_V5\C51\LIB\C51FPL.LIB (?C?FCAST)
  C:\KEIL_V5\C51\LIB\C51FPL.LIB (?C?CASTF)
  C:\KEIL_V5\C51\LIB\C51FPL.LIB (POW)
  C:\KEIL_V5\C51\LIB\C51FPL.LIB (?C?FPGETOPN)
  C:\KEIL_V5\C51\LIB\C51FPL.LIB (?C?CHKFLOAT)
  C:\KEIL_V5\C51\LIB\C51FPL.LIB (?C?FPNEG)
  C:\KEIL_V5\C51\LIB\C51FPL.LIB (EXP)
  C:\KEIL_V5\C51\LIB\C51FPL.LIB (LOG)
  C:\KEIL_V5\C51\LIB\C51FPL.LIB (?C?FPSERIES)
  C:\KEIL_V5\C51\LIB\C51L.LIB (?C_INIT)
  C:\KEIL_V5\C51\LIB\C51L.LIB (?C?COPY)
  C:\KEIL_V5\C51\LIB\C51L.LIB (?C?CLDPTR)
  C:\KEIL_V5\C51\LIB\C51L.LIB (?C?CLDOPTR)
  C:\KEIL_V5\C51\LIB\C51L.LIB (?C?CSTOPTR)
  C:\KEIL_V5\C51\LIB\C51L.LIB (?C?IMUL)
  C:\KEIL_V5\C51\LIB\C51L.LIB (?C?UIDIV)
  C:\KEIL_V5\C51\LIB\C51L.LIB (?C?SIDIV)
  C:\KEIL_V5\C51\LIB\C51L.LIB (?C?IILDX)
  C:\KEIL_V5\C51\LIB\C51L.LIB (?C?ULDIV)
  C:\KEIL_V5\C51\LIB\C51L.LIB (?C?LNEG)
  C:\KEIL_V5\C51\LIB\C51L.LIB (?C?ULCMP)
  C:\KEIL_V5\C51\LIB\C51L.LIB (?C?LLDIDATA)
  C:\KEIL_V5\C51\LIB\C51L.LIB (?C?LLDCODE)
  C:\KEIL_V5\C51\LIB\C51L.LIB (?C?LLDIDATA0)
  C:\KEIL_V5\C51\LIB\C51L.LIB (?C?LLDXDATA0)
  C:\KEIL_V5\C51\LIB\C51L.LIB (?C?LLDCODE0)
  C:\KEIL_V5\C51\LIB\C51L.LIB (?C?LSTIDATA)
  C:\KEIL_V5\C51\LIB\C51L.LIB (?C?LSTXDATA)
BL51 BANKED LINKER/LOCATER V6.22.4.0                                                  03/27/2024  14:56:11  PAGE 2


  C:\KEIL_V5\C51\LIB\C51L.LIB (?C?LSTKIDATA)
  C:\KEIL_V5\C51\LIB\C51L.LIB (?C?LSTKXDATA)
  C:\KEIL_V5\C51\LIB\C51L.LIB (?C?OFFXADD)


LINK MAP OF MODULE:  .\Objects\Dose_Proj (?C_STARTUP)


            TYPE    BASE      LENGTH    RELOCATION   SEGMENT NAME
            -----------------------------------------------------

            * * * * * * *   D A T A   M E M O R Y   * * * * * * *
            REG     0000H     0008H     ABSOLUTE     "REG BANK 0"
            DATA    0008H     0006H     UNIT         _DATA_GROUP_
            DATA    000EH     0003H     UNIT         ?DT?SETPARA
            DATA    0011H     0001H     UNIT         ?DT?MAIN
            IDATA   0012H     0005H     UNIT         ?ID?SETPARA
                    0017H     0009H                  *** GAP ***
            BIT     0020H.0   0003H.6   UNIT         ?BI?MAIN
            BIT     0023H.6   0000H.3   UNIT         ?BI?TIME0
            BIT     0024H.1   0000H.2   UNIT         ?BI?COLLATERAL
            BIT     0024H.3   0000H.1   UNIT         ?BI?8253COUNT
            BIT     0024H.4   0000H.1   UNIT         _BIT_GROUP_
                    0024H.5   0000H.3                *** GAP ***
            IDATA   0025H     0030H     UNIT         ?ID?8253COUNT
            IDATA   0055H     0024H     UNIT         _IDATA_GROUP_
            IDATA   0079H     0001H     UNIT         ?STACK

            * * * * * * *  X D A T A   M E M O R Y  * * * * * * *
            XDATA   0000H     03F3H     UNIT         ?XD?8253COUNT
            XDATA   03F3H     0240H     UNIT         ?XD?MAIN
            XDATA   0633H     0049H     UNIT         ?XD?MASTERDISPLAY
            XDATA   067CH     0037H     UNIT         _XDATA_GROUP_
            XDATA   06B3H     002AH     UNIT         ?XD?SETTIME
            XDATA   06DDH     0022H     UNIT         ?XD?SETPARA
            XDATA   06FFH     000AH     UNIT         ?XD?TIME0
            XDATA   0709H     0002H     UNIT         ?XD?COLLATERAL

            * * * * * * *   C O D E   M E M O R Y   * * * * * * *
            CODE    0000H     0003H     ABSOLUTE     
            CODE    0003H     0003H     ABSOLUTE     
                    0006H     0005H                  *** GAP ***
            CODE    000BH     0003H     ABSOLUTE     
            CODE    000EH     0015H     UNIT         ?CO?COLLATERAL
            CODE    0023H     0003H     ABSOLUTE     
            CODE    0026H     001BH     UNIT         ?PR?_TWORD?LCD
                    0041H     0002H                  *** GAP ***
            CODE    0043H     0003H     ABSOLUTE     
            CODE    0046H     570DH     UNIT         ?PR?SHOWDATA?8253COUNT
            CODE    5753H     0D7AH     UNIT         ?PR?_COLLECT_WORD?COLLATERAL
            CODE    64CDH     0CC2H     UNIT         ?PR?DISPALY_PARA?SETPARA
            CODE    718FH     07FFH     UNIT         ?C?LIB_CODE
            CODE    798EH     0400H     UNIT         ?PR?INIT_PARA?MAIN
            CODE    7D8EH     02B0H     UNIT         ?PR?DISPLAY_B?MASTERDISPLAY
            CODE    803EH     0225H     UNIT         ?PR?DISPALY_PARAMOVE?SETPARA
            CODE    8263H     0207H     UNIT         ?PR?GETANDDISDATA?8253COUNT
            CODE    846AH     0206H     UNIT         ?PR?SETPARAMETER?SETPARA
BL51 BANKED LINKER/LOCATER V6.22.4.0                                                  03/27/2024  14:56:11  PAGE 3


            CODE    8670H     01DDH     UNIT         ?PR?SETTIME?SETTIME
            CODE    884DH     0166H     UNIT         ?PR?_POW?POW
            CODE    89B3H     014BH     UNIT         ?PR?_TRNUMBER?LCD
            CODE    8AFEH     014BH     UNIT         ?PR?_TNUMBER?LCD
            CODE    8C49H     0134H     UNIT         ?PR?SETINPUT?SETINPUT
            CODE    8D7DH     0129H     UNIT         ?PR?LOG?LOG
            CODE    8EA6H     0110H     UNIT         ?PR?SHOWSETRESULT?MEASURE
            CODE    8FB6H     0102H     UNIT         ?PR?INIT_RAM?MAIN
            CODE    90B8H     00F9H     UNIT         ?PR?SIDE_RCHANGE?SETPARA
            CODE    91B1H     00F6H     UNIT         ?PR?TIM0?TIME0
            CODE    92A7H     00EDH     UNIT         ?PR?INIT_8253?8253COUNT
            CODE    9394H     00E7H     UNIT         ?PR?SIDE_LCHANGE?SETPARA
            CODE    947BH     00A3H     UNIT         ?PR?INT0?MAIN
            CODE    951EH     009AH     UNIT         ?PR?EXP?EXP
            CODE    95B8H     0099H     UNIT         ?CO?8253COUNT
            CODE    9651H     008CH     UNIT         ?C_C51STARTUP
            CODE    96DDH     0089H     UNIT         ?PR?_SEND_WORD?COLLATERAL
            CODE    9766H     007BH     UNIT         ?PR?_WRITE_8_BIT_24?AT24C16
            CODE    97E1H     0074H     UNIT         ?PR?READ_8_BIT_24?AT24C16
            CODE    9855H     0065H     UNIT         ?CO?MEASURE
            CODE    98BAH     005FH     UNIT         ?PR?_DS_SAVEDATA?AT24C16
            CODE    9919H     005FH     UNIT         ?PR?_DS_READDATA?AT24C16
            CODE    9978H     005AH     UNIT         ?PR?MAIN?MAIN
            CODE    99D2H     0059H     UNIT         ?PR?_TXTEXT?LCD
            CODE    9A2BH     0059H     UNIT         ?PR?TRANSFER_DCS?MAIN
            CODE    9A84H     0051H     UNIT         ?PR?_TRXTEXT?LCD
            CODE    9AD5H     004FH     UNIT         ?C_INITSEG
            CODE    9B24H     004EH     UNIT         ?PR?_CLOSE?LCD
            CODE    9B72H     004EH     UNIT         ?PR?MEASURE?MEASURE
            CODE    9BC0H     004DH     UNIT         ?PR?_READ_1_BYTE_24?AT24C16
            CODE    9C0DH     004DH     UNIT         ?PR?RESET?RESET
            CODE    9C5AH     004BH     UNIT         ?PR?KEY_FUNCTION?MAIN
            CODE    9CA5H     0046H     UNIT         ?PR?_WARNLED_ON?LCD
            CODE    9CEBH     0046H     UNIT         ?PR?_WARNLED_OFF?LCD
            CODE    9D31H     0040H     UNIT         ?PR?LINE_CHANGE?SETPARA
            CODE    9D71H     003EH     UNIT         ?CO?LCD
            CODE    9DAFH     003EH     UNIT         ?CO?SETPARA
            CODE    9DEDH     003DH     UNIT         ?PR?LED_FLASH?8253COUNT
            CODE    9E2AH     003DH     UNIT         ?PR?_WRITE_1_BYTE_24?AT24C16
            CODE    9E67H     003AH     UNIT         ?PR?CLEAR?LCD
            CODE    9EA1H     0038H     UNIT         ?PR?_UPDATA_FLASH?8253COUNT
            CODE    9ED9H     0038H     UNIT         ?PR?REDLED_FLASH?MASTERDISPLAY
            CODE    9F11H     0037H     UNIT         ?PR?_UPDATA_LED?MASTERDISPLAY
            CODE    9F48H     0036H     UNIT         ?PR?_LED_DISP?8253COUNT
            CODE    9F7EH     0034H     UNIT         ?PR?_WARNING_DISP?MASTERDISPLAY
            CODE    9FB2H     0032H     UNIT         ?PR?TRANSFER?MAIN
            CODE    9FE4H     0030H     UNIT         ?PR?_OPEN?LCD
            CODE    A014H     0030H     UNIT         ?PR?INIT_TIME0?TIME0
            CODE    A044H     002DH     UNIT         ?PR?CKMASTERCMD?COLLATERAL
            CODE    A071H     002BH     UNIT         ?CO?SETINPUT
            CODE    A09CH     0027H     UNIT         ?PR?_DELAY_N5MS_24?AT24C16
            CODE    A0C3H     0026H     UNIT         ?PR?_TXBYTE?LCD
            CODE    A0E9H     0023H     UNIT         ?PR?INIT_MCU?MAIN
            CODE    A10CH     001FH     UNIT         ?PR?_SHORTDELAY?8253COUNT
            CODE    A12BH     001EH     UNIT         ?PR?SPEAK_ALARM?MAIN
            CODE    A149H     001AH     UNIT         ?PR?LCD_INIT?LCD
            CODE    A163H     001AH     UNIT         ?PR?LCD_START?LCD
BL51 BANKED LINKER/LOCATER V6.22.4.0                                                  03/27/2024  14:56:11  PAGE 4


            CODE    A17DH     001AH     UNIT         ?CO?MASTERDISPLAY
            CODE    A197H     001AH     UNIT         ?PR?PARAMETERRIGHT?SETPARA
            CODE    A1B1H     001AH     UNIT         ?PR?PARAMETERLEFT?SETPARA
            CODE    A1CBH     0019H     UNIT         ?PR?INIT_IO?MAIN
            CODE    A1E4H     0017H     UNIT         ?PR?SERIAL_PORT_ONE_INITIAL?SERIAL
            CODE    A1FBH     0014H     UNIT         ?PR?ALARM?8253COUNT
            CODE    A20FH     0014H     UNIT         ?PR?TXEOF?LCD
            CODE    A223H     0013H     UNIT         ?PR?START_24?AT24C16
            CODE    A236H     0012H     UNIT         ?PR?_T1BYTE?LCD
            CODE    A248H     0010H     UNIT         ?CO?AT24C16
            CODE    A258H     0010H     UNIT         ?PR?SERIAL_PORT_TWO_INITIAL?SERIAL
            CODE    A268H     000EH     UNIT         ?CO?SETTIME
            CODE    A276H     000DH     UNIT         ?PR?STOP_24?AT24C16
            CODE    A283H     000DH     UNIT         ?PR?LCD_CLEAR?LCD
            CODE    A290H     000CH     UNIT         ?PR?SELECT_MAST?MAIN
            CODE    A29CH     000CH     UNIT         ?CO?RESET
            CODE    A2A8H     000BH     UNIT         ?PR?INIT_BUF?MAIN
            CODE    A2B3H     000AH     UNIT         ?PR?UART_ONE_INTERRUPT_RECEIVE?SERIAL
            CODE    A2BDH     000AH     UNIT         ?PR?UART_TWO_INTERRUPT_RECEIVE?SERIAL



OVERLAY MAP OF MODULE:   .\Objects\Dose_Proj (?C_STARTUP)


SEGMENT                                          BIT_GROUP          DATA_GROUP          IDATA_GROUP         XDATA_GROUP
  +--> CALLED SEGMENT                         START    LENGTH     START    LENGTH     START    LENGTH     START    LENGT
>> H
------------------------------------------------------------------------------------------------------------------------
>> -
?C_C51STARTUP                                 -----    -----      -----    -----      -----    -----      -----    -----
>> 
  +--> ?PR?MAIN?MAIN
  +--> ?C_INITSEG

?PR?MAIN?MAIN                                 -----    -----      -----    -----      -----    -----      -----    -----
>> 
  +--> ?PR?INIT_IO?MAIN
  +--> ?PR?INIT_MCU?MAIN
  +--> ?PR?INIT_RAM?MAIN
  +--> ?PR?INIT_PARA?MAIN
  +--> ?PR?INIT_BUF?MAIN
  +--> ?PR?INIT_TIME0?TIME0
  +--> ?PR?LCD_CLEAR?LCD
  +--> ?PR?LCD_START?LCD
  +--> ?PR?SELECT_MAST?MAIN
  +--> ?PR?KEY_FUNCTION?MAIN
  +--> ?PR?GETANDDISDATA?8253COUNT
  +--> ?PR?SHOWDATA?8253COUNT
  +--> ?PR?TRANSFER?MAIN
  +--> ?PR?TRANSFER_DCS?MAIN
  +--> ?PR?INIT_8253?8253COUNT
  +--> ?PR?LED_FLASH?8253COUNT
  +--> ?PR?REDLED_FLASH?MASTERDISPLAY

?PR?INIT_MCU?MAIN                             -----    -----      -----    -----      -----    -----      -----    -----
>> 
BL51 BANKED LINKER/LOCATER V6.22.4.0                                                  03/27/2024  14:56:11  PAGE 5


  +--> ?PR?SERIAL_PORT_TWO_INITIAL?SERIAL
  +--> ?PR?SERIAL_PORT_ONE_INITIAL?SERIAL
  +--> ?PR?LCD_CLEAR?LCD
  +--> ?PR?LCD_INIT?LCD
  +--> ?PR?CLEAR?LCD

?PR?LCD_CLEAR?LCD                             -----    -----      -----    -----      -----    -----      -----    -----
>> 
  +--> ?PR?_TXBYTE?LCD
  +--> ?PR?TXEOF?LCD

?PR?_TXBYTE?LCD                               -----    -----      -----    -----      0074H    0001H      -----    -----
>> 

?PR?TXEOF?LCD                                 -----    -----      -----    -----      -----    -----      -----    -----
>> 
  +--> ?PR?_TXBYTE?LCD

?PR?LCD_INIT?LCD                              -----    -----      -----    -----      -----    -----      -----    -----
>> 
  +--> ?CO?LCD
  +--> ?PR?_TXTEXT?LCD

?PR?_TXTEXT?LCD                               -----    -----      -----    -----      -----    -----      06A5H    0004H
>> 
  +--> ?PR?_TXBYTE?LCD
  +--> ?PR?_TWORD?LCD
  +--> ?PR?TXEOF?LCD
  +--> ?PR?_SHORTDELAY?8253COUNT

?PR?_TWORD?LCD                                -----    -----      -----    -----      0072H    0002H      -----    -----
>> 
  +--> ?PR?_TXBYTE?LCD

?PR?CLEAR?LCD                                 -----    -----      -----    -----      -----    -----      -----    -----
>> 
  +--> ?PR?_CLOSE?LCD

?PR?_CLOSE?LCD                                -----    -----      -----    -----      -----    -----      -----    -----
>> 
  +--> ?PR?_TXBYTE?LCD
  +--> ?PR?_TWORD?LCD
  +--> ?PR?TXEOF?LCD

?PR?INIT_PARA?MAIN                            -----    -----      -----    -----      -----    -----      067CH    0003H
>> 
  +--> ?PR?_DS_READDATA?AT24C16

?PR?_DS_READDATA?AT24C16                      -----    -----      0008H    0004H      -----    -----      067FH    0003H
>> 
  +--> ?PR?_READ_1_BYTE_24?AT24C16
  +--> ?PR?_DELAY_N5MS_24?AT24C16

?PR?_READ_1_BYTE_24?AT24C16                   -----    -----      -----    -----      0055H    0004H      -----    -----
>> 
  +--> ?PR?_DELAY_N5MS_24?AT24C16
  +--> ?PR?START_24?AT24C16
BL51 BANKED LINKER/LOCATER V6.22.4.0                                                  03/27/2024  14:56:11  PAGE 6


  +--> ?PR?_WRITE_8_BIT_24?AT24C16
  +--> ?PR?READ_8_BIT_24?AT24C16
  +--> ?PR?STOP_24?AT24C16

?PR?_DELAY_N5MS_24?AT24C16                    -----    -----      -----    -----      0059H    0003H      -----    -----
>> 

?PR?_WRITE_8_BIT_24?AT24C16                   -----    -----      -----    -----      0059H    000CH      0682H    0001H
>> 
  +--> ?CO?AT24C16

?PR?READ_8_BIT_24?AT24C16                     -----    -----      -----    -----      0059H    000BH      -----    -----
>> 
  +--> ?CO?AT24C16

?PR?LCD_START?LCD                             -----    -----      -----    -----      -----    -----      -----    -----
>> 
  +--> ?CO?LCD
  +--> ?PR?_TXTEXT?LCD

?PR?KEY_FUNCTION?MAIN                         -----    -----      -----    -----      -----    -----      -----    -----
>> 
  +--> ?PR?SETINPUT?SETINPUT
  +--> ?PR?SETTIME?SETTIME
  +--> ?PR?SETPARAMETER?SETPARA
  +--> ?PR?PARAMETERRIGHT?SETPARA
  +--> ?PR?PARAMETERLEFT?SETPARA
  +--> ?PR?MEASURE?MEASURE
  +--> ?PR?RESET?RESET

?PR?SETINPUT?SETINPUT                         -----    -----      -----    -----      -----    -----      -----    -----
>> 
  +--> ?PR?CLEAR?LCD
  +--> ?PR?LCD_CLEAR?LCD
  +--> ?CO?SETINPUT
  +--> ?PR?_TXTEXT?LCD
  +--> ?PR?_TNUMBER?LCD

?PR?_TNUMBER?LCD                              -----    -----      -----    -----      006DH    0005H      06A5H    0004H
>> 
  +--> ?PR?_TXBYTE?LCD
  +--> ?PR?_TWORD?LCD
  +--> ?PR?TXEOF?LCD
  +--> ?PR?_SHORTDELAY?8253COUNT

?PR?SETTIME?SETTIME                           -----    -----      -----    -----      -----    -----      -----    -----
>> 
  +--> ?PR?CLEAR?LCD
  +--> ?PR?LCD_CLEAR?LCD
  +--> ?CO?SETTIME
  +--> ?PR?_TXTEXT?LCD
  +--> ?PR?_TNUMBER?LCD

?PR?SETPARAMETER?SETPARA                      -----    -----      -----    -----      -----    -----      -----    -----
>> 
  +--> ?PR?DISPALY_PARA?SETPARA

BL51 BANKED LINKER/LOCATER V6.22.4.0                                                  03/27/2024  14:56:11  PAGE 7


?PR?DISPALY_PARA?SETPARA                      -----    -----      -----    -----      -----    -----      -----    -----
>> 
  +--> ?PR?CLEAR?LCD
  +--> ?PR?LCD_CLEAR?LCD
  +--> ?CO?SETPARA
  +--> ?PR?_TXTEXT?LCD
  +--> ?PR?_TNUMBER?LCD

?PR?PARAMETERRIGHT?SETPARA                    -----    -----      -----    -----      -----    -----      -----    -----
>> 
  +--> ?PR?SIDE_RCHANGE?SETPARA
  +--> ?PR?DISPALY_PARAMOVE?SETPARA

?PR?SIDE_RCHANGE?SETPARA                      -----    -----      -----    -----      -----    -----      -----    -----
>> 
  +--> ?PR?LCD_CLEAR?LCD
  +--> ?PR?LINE_CHANGE?SETPARA

?PR?DISPALY_PARAMOVE?SETPARA                  -----    -----      -----    -----      -----    -----      -----    -----
>> 
  +--> ?PR?_CLOSE?LCD
  +--> ?PR?_OPEN?LCD
  +--> ?PR?DISPALY_PARA?SETPARA

?PR?_OPEN?LCD                                 -----    -----      -----    -----      -----    -----      -----    -----
>> 
  +--> ?PR?_TXBYTE?LCD
  +--> ?PR?_TWORD?LCD
  +--> ?PR?TXEOF?LCD

?PR?PARAMETERLEFT?SETPARA                     -----    -----      -----    -----      -----    -----      -----    -----
>> 
  +--> ?PR?SIDE_LCHANGE?SETPARA
  +--> ?PR?DISPALY_PARAMOVE?SETPARA

?PR?SIDE_LCHANGE?SETPARA                      -----    -----      -----    -----      -----    -----      -----    -----
>> 
  +--> ?PR?LINE_CHANGE?SETPARA

?PR?MEASURE?MEASURE                           -----    -----      -----    -----      -----    -----      -----    -----
>> 
  +--> ?PR?SHOWSETRESULT?MEASURE
  +--> ?PR?_DS_SAVEDATA?AT24C16
  +--> ?PR?INIT_8253?8253COUNT

?PR?SHOWSETRESULT?MEASURE                     -----    -----      -----    -----      -----    -----      -----    -----
>> 
  +--> ?PR?CLEAR?LCD
  +--> ?PR?LCD_CLEAR?LCD
  +--> ?CO?MEASURE
  +--> ?PR?_TXTEXT?LCD
  +--> ?PR?_TNUMBER?LCD

?PR?_DS_SAVEDATA?AT24C16                      -----    -----      0008H    0004H      -----    -----      067CH    0003H
>> 
  +--> ?PR?_WRITE_1_BYTE_24?AT24C16
  +--> ?PR?_DELAY_N5MS_24?AT24C16
BL51 BANKED LINKER/LOCATER V6.22.4.0                                                  03/27/2024  14:56:11  PAGE 8



?PR?_WRITE_1_BYTE_24?AT24C16                  -----    -----      -----    -----      0055H    0002H      067FH    0001H
>> 
  +--> ?PR?_DELAY_N5MS_24?AT24C16
  +--> ?PR?START_24?AT24C16
  +--> ?PR?_WRITE_8_BIT_24?AT24C16
  +--> ?PR?STOP_24?AT24C16

?PR?RESET?RESET                               -----    -----      -----    -----      -----    -----      -----    -----
>> 
  +--> ?PR?CLEAR?LCD
  +--> ?PR?LCD_CLEAR?LCD
  +--> ?CO?RESET
  +--> ?PR?_TXTEXT?LCD

?PR?SHOWDATA?8253COUNT                        -----    -----      -----    -----      0055H    0018H      067CH    0029H
>> 
  +--> ?PR?LCD_CLEAR?LCD
  +--> ?CO?8253COUNT
  +--> ?PR?_POW?POW
  +--> ?PR?SPEAK_ALARM?MAIN
  +--> ?PR?_TXTEXT?LCD
  +--> ?PR?_TNUMBER?LCD
  +--> ?PR?ALARM?8253COUNT
  +--> ?PR?_TRXTEXT?LCD
  +--> ?PR?_TRNUMBER?LCD

?PR?_POW?POW                                  -----    -----      -----    -----      -----    -----      06A5H    000AH
>> 
  +--> ?PR?LOG?LOG
  +--> ?PR?EXP?EXP

?PR?LOG?LOG                                   0024H.4  0000H.1    -----    -----      -----    -----      06AFH    0004H
>> 

?PR?SPEAK_ALARM?MAIN                          0024H.4  0000H.1    -----    -----      -----    -----      -----    -----
>> 

?PR?_TRXTEXT?LCD                              -----    -----      -----    -----      -----    -----      06A5H    0004H
>> 
  +--> ?PR?_TXBYTE?LCD
  +--> ?PR?_TWORD?LCD
  +--> ?PR?TXEOF?LCD
  +--> ?PR?_SHORTDELAY?8253COUNT

?PR?_TRNUMBER?LCD                             -----    -----      -----    -----      006DH    0005H      06A5H    0004H
>> 
  +--> ?PR?_TXBYTE?LCD
  +--> ?PR?_TWORD?LCD
  +--> ?PR?TXEOF?LCD
  +--> ?PR?_SHORTDELAY?8253COUNT

?PR?TRANSFER?MAIN                             -----    -----      -----    -----      -----    -----      -----    -----
>> 
  +--> ?PR?_SEND_WORD?COLLATERAL
  +--> ?PR?_COLLECT_WORD?COLLATERAL

BL51 BANKED LINKER/LOCATER V6.22.4.0                                                  03/27/2024  14:56:11  PAGE 9


?PR?_SEND_WORD?COLLATERAL                     0024H.4  0000H.1    -----    -----      -----    -----      067CH    0005H
>> 
  +--> ?PR?CKMASTERCMD?COLLATERAL
  +--> ?PR?LCD_CLEAR?LCD
  +--> ?PR?_TNUMBER?LCD
  +--> ?CO?COLLATERAL
  +--> ?PR?_TXTEXT?LCD

?PR?CKMASTERCMD?COLLATERAL                    -----    -----      -----    -----      -----    -----      0681H    0001H
>> 

?PR?_COLLECT_WORD?COLLATERAL                  0024H.4  0000H.1    -----    -----      -----    -----      067CH    000FH
>> 
  +--> ?PR?_SHORTDELAY?8253COUNT
  +--> ?PR?DISPLAY_B?MASTERDISPLAY
  +--> ?CO?8253COUNT

?PR?DISPLAY_B?MASTERDISPLAY                   -----    -----      -----    -----      0055H    0001H      -----    -----
>> 
  +--> ?PR?LCD_CLEAR?LCD
  +--> ?CO?MASTERDISPLAY
  +--> ?PR?_TXTEXT?LCD
  +--> ?PR?_TNUMBER?LCD
  +--> ?PR?_WARNLED_ON?LCD
  +--> ?PR?_WARNLED_OFF?LCD

?PR?_WARNLED_ON?LCD                           -----    -----      -----    -----      -----    -----      -----    -----
>> 
  +--> ?PR?_TXBYTE?LCD
  +--> ?PR?_TWORD?LCD
  +--> ?PR?TXEOF?LCD

?PR?_WARNLED_OFF?LCD                          -----    -----      -----    -----      -----    -----      -----    -----
>> 
  +--> ?PR?_TXBYTE?LCD
  +--> ?PR?_TWORD?LCD
  +--> ?PR?TXEOF?LCD

?PR?TRANSFER_DCS?MAIN                         -----    -----      -----    -----      -----    -----      067CH    0001H
>> 
  +--> ?PR?_T1BYTE?LCD

?PR?_T1BYTE?LCD                               -----    -----      -----    -----      0055H    0001H      -----    -----
>> 

?PR?LED_FLASH?8253COUNT                       -----    -----      -----    -----      -----    -----      067CH    0001H
>> 
  +--> ?PR?_UPDATA_FLASH?8253COUNT
  +--> ?PR?_LED_DISP?8253COUNT

?PR?_LED_DISP?8253COUNT                       -----    -----      -----    -----      -----    -----      -----    -----
>> 
  +--> ?CO?8253COUNT
  +--> ?PR?_SHORTDELAY?8253COUNT

?PR?REDLED_FLASH?MASTERDISPLAY                -----    -----      -----    -----      0055H    0001H      -----    -----
>> 
BL51 BANKED LINKER/LOCATER V6.22.4.0                                                  03/27/2024  14:56:11  PAGE 10


  +--> ?PR?_UPDATA_LED?MASTERDISPLAY
  +--> ?PR?_WARNING_DISP?MASTERDISPLAY

?PR?_WARNING_DISP?MASTERDISPLAY               -----    -----      -----    -----      -----    -----      067CH    0001H
>> 
  +--> ?PR?_WARNLED_ON?LCD
  +--> ?PR?_WARNLED_OFF?LCD

*** NEW ROOT ***************************************************

?PR?INT0?MAIN                                 -----    -----      -----    -----      0075H    0004H      -----    -----
>> 

*** NEW ROOT ***************************************************

?PR?UART_ONE_INTERRUPT_RECEIVE?SERIAL         -----    -----      000CH    0001H      -----    -----      -----    -----
>> 

*** NEW ROOT ***************************************************

?PR?UART_TWO_INTERRUPT_RECEIVE?SERIAL         -----    -----      000DH    0001H      -----    -----      -----    -----
>> 



SYMBOL TABLE OF MODULE:  .\Objects\Dose_Proj (?C_STARTUP)

  VALUE           TYPE          NAME
  ----------------------------------

  -------         MODULE        ?C_STARTUP
  C:9651H         SEGMENT       ?C_C51STARTUP
  I:0079H         SEGMENT       ?STACK
  C:0000H         PUBLIC        ?C_STARTUP
  D:00E0H         SYMBOL        ACC
  D:00F0H         SYMBOL        B
  D:0083H         SYMBOL        DPH
  D:0082H         SYMBOL        DPL
  N:0000H         SYMBOL        IBPSTACK
  N:0100H         SYMBOL        IBPSTACKTOP
  N:0080H         SYMBOL        IDATALEN
  C:9654H         SYMBOL        IDATALOOP
  N:0000H         SYMBOL        PBPSTACK
  N:0100H         SYMBOL        PBPSTACKTOP
  N:0000H         SYMBOL        PDATALEN
  N:0000H         SYMBOL        PDATASTART
  N:0000H         SYMBOL        PPAGE
  N:0000H         SYMBOL        PPAGEENABLE
  D:00A0H         SYMBOL        PPAGE_SFR
  D:0081H         SYMBOL        SP
  C:9651H         SYMBOL        STARTUP1
  N:0000H         SYMBOL        XBPSTACK
  N:0000H         SYMBOL        XBPSTACKTOP
  N:0000H         SYMBOL        XDATALEN
  N:0000H         SYMBOL        XDATASTART
  C:0000H         LINE#         126
  C:9651H         LINE#         133
BL51 BANKED LINKER/LOCATER V6.22.4.0                                                  03/27/2024  14:56:11  PAGE 11


  C:9653H         LINE#         134
  C:9654H         LINE#         135
  C:9655H         LINE#         136
  C:9657H         LINE#         185
  C:965AH         LINE#         196
  -------         ENDMOD        ?C_STARTUP

  -------         MODULE        8253COUNT
  C:0000H         SYMBOL        _ICE_DUMMY_
  D:0080H         PUBLIC        P0
  D:0090H         PUBLIC        P1
  D:00A0H         PUBLIC        P2
  X:0000H         PUBLIC        DataTenth
  D:00B0H         PUBLIC        P3
  D:00C0H         PUBLIC        P4
  D:00C8H         PUBLIC        P5
  I:0025H         PUBLIC        Para
  D:00E8H         PUBLIC        P6
  D:00F8H         PUBLIC        P7
  C:9F48H         PUBLIC        _Led_Disp
  X:004BH         PUBLIC        DataCent
  X:0096H         PUBLIC        Count
  D:00A8H         PUBLIC        IE
  C:962DH         PUBLIC        a0
  C:9631H         PUBLIC        a1
  C:9635H         PUBLIC        a2
  C:9639H         PUBLIC        a3
  C:963DH         PUBLIC        a4
  X:00F6H         PUBLIC        DoseRata
  X:0116H         PUBLIC        Max_Time
  D:00B8H         PUBLIC        IP
  I:004DH         PUBLIC        Var_Signal1
  I:004EH         PUBLIC        Var_Signal2
  C:0046H         PUBLIC        ShowData
  I:004FH         PUBLIC        Var_Signal3
  I:0050H         PUBLIC        Var_Led
  D:00D8H         PUBLIC        CCON
  X:0117H         PUBLIC        DataGe
  C:9EA1H         PUBLIC        _Updata_Flash
  X:0162H         PUBLIC        dianlishi_DoseRata
  D:0098H         PUBLIC        SCON
  D:0088H         PUBLIC        TCON
  I:0051H         PUBLIC        dianlishi_data
  X:0166H         PUBLIC        Flag_dw
  X:0167H         PUBLIC        buf
  C:A10CH         PUBLIC        _shortdelay
  B:00C8H.5       PUBLIC        Judge_Speak
  C:92A7H         PUBLIC        Init_8253
  X:0187H         PUBLIC        send_buf
  X:01C8H         PUBLIC        Flag_need_Flash
  X:01D0H         PUBLIC        jishuguan_DoseRata
  B:00A8H.0       PUBLIC        EX0
  C:9649H         PUBLIC        Svar0
  C:9641H         PUBLIC        Svar1
  X:01D4H         PUBLIC        Incinput
  I:0053H         PUBLIC        jishuguan_data
  X:01D5H         PUBLIC        State_Flash
BL51 BANKED LINKER/LOCATER V6.22.4.0                                                  03/27/2024  14:56:11  PAGE 12


  X:01DDH         PUBLIC        biaoding_input
  X:01DEH         PUBLIC        Channel_Detector
  X:01EEH         PUBLIC        Weights
  B:0024H.3       PUBLIC        Flag_Warn_Count
  C:9DEDH         PUBLIC        Led_Flash
  C:A1FBH         PUBLIC        Alarm
  X:021EH         PUBLIC        Tdata
  X:0220H         PUBLIC        Real_Count
  X:0240H         PUBLIC        count_change_flag
  C:8263H         PUBLIC        GetAndDisdata
  B:0090H.2       PUBLIC        Speak
  X:0248H         PUBLIC        Detector_Counts_History
  X:0398H         PUBLIC        Calculated
  X:03A0H         PUBLIC        Channel_Display
  D:00D0H         PUBLIC        PSW
  X:03A8H         PUBLIC        DataThouth
  -------         PROC          GETANDDISDATA
  -------         DO            
  D:0001H         SYMBOL        j
  D:0007H         SYMBOL        th
  D:0006H         SYMBOL        tl
  -------         ENDDO         
  C:8263H         LINE#         137
  C:8263H         LINE#         138
  C:8263H         LINE#         140
  C:8265H         LINE#         141
  C:8266H         LINE#         142
  C:8266H         LINE#         143
  C:826FH         LINE#         144
  C:826FH         LINE#         145
  C:826FH         LINE#         146
  C:8279H         LINE#         147
  C:8279H         LINE#         149
  C:827FH         LINE#         150
  C:8284H         LINE#         151
  C:828CH         LINE#         152
  C:8291H         LINE#         153
  C:8299H         LINE#         155
  C:829FH         LINE#         156
  C:82A4H         LINE#         157
  C:82ACH         LINE#         158
  C:82B1H         LINE#         159
  C:82B9H         LINE#         161
  C:82BFH         LINE#         162
  C:82C4H         LINE#         163
  C:82CCH         LINE#         164
  C:82D1H         LINE#         165
  C:82D9H         LINE#         167
  C:82DFH         LINE#         168
  C:82E4H         LINE#         169
  C:82ECH         LINE#         170
  C:82F1H         LINE#         171
  C:82F9H         LINE#         173
  C:82FFH         LINE#         174
  C:8304H         LINE#         175
  C:830CH         LINE#         176
  C:8311H         LINE#         177
BL51 BANKED LINKER/LOCATER V6.22.4.0                                                  03/27/2024  14:56:11  PAGE 13


  C:8319H         LINE#         179
  C:831FH         LINE#         180
  C:8324H         LINE#         181
  C:832CH         LINE#         182
  C:8331H         LINE#         183
  C:8339H         LINE#         185
  C:833FH         LINE#         186
  C:8344H         LINE#         187
  C:834CH         LINE#         188
  C:8351H         LINE#         189
  C:8359H         LINE#         191
  C:835FH         LINE#         192
  C:8364H         LINE#         193
  C:836CH         LINE#         194
  C:8371H         LINE#         195
  C:8379H         LINE#         197
  C:837FH         LINE#         198
  C:8384H         LINE#         199
  C:838CH         LINE#         200
  C:8391H         LINE#         201
  C:8399H         LINE#         203
  C:839FH         LINE#         204
  C:83A4H         LINE#         205
  C:83ACH         LINE#         206
  C:83B1H         LINE#         207
  C:83B9H         LINE#         209
  C:83BFH         LINE#         210
  C:83C4H         LINE#         211
  C:83CCH         LINE#         212
  C:83D1H         LINE#         213
  C:83D9H         LINE#         215
  C:83DFH         LINE#         216
  C:83E4H         LINE#         217
  C:83ECH         LINE#         218
  C:83F1H         LINE#         219
  C:83F9H         LINE#         221
  C:83FFH         LINE#         222
  C:8404H         LINE#         223
  C:840CH         LINE#         224
  C:8411H         LINE#         225
  C:8419H         LINE#         227
  C:841FH         LINE#         228
  C:8424H         LINE#         229
  C:842CH         LINE#         230
  C:8431H         LINE#         231
  C:8439H         LINE#         233
  C:843FH         LINE#         234
  C:8443H         LINE#         235
  C:844CH         LINE#         236
  C:8451H         LINE#         237
  C:8459H         LINE#         239
  C:8461H         LINE#         240
  C:8469H         LINE#         241
  -------         ENDPROC       GETANDDISDATA
  -------         PROC          INIT_8253
  -------         DO            
  D:0007H         SYMBOL        i
BL51 BANKED LINKER/LOCATER V6.22.4.0                                                  03/27/2024  14:56:11  PAGE 14


  -------         ENDDO         
  C:92A7H         LINE#         245
  C:92A7H         LINE#         246
  C:92A7H         LINE#         249
  C:92ADH         LINE#         250
  C:92B3H         LINE#         251
  C:92B4H         LINE#         253
  C:92BAH         LINE#         254
  C:92C0H         LINE#         255
  C:92C1H         LINE#         257
  C:92C7H         LINE#         258
  C:92CDH         LINE#         259
  C:92CEH         LINE#         261
  C:92D4H         LINE#         262
  C:92DAH         LINE#         263
  C:92DBH         LINE#         265
  C:92E1H         LINE#         266
  C:92E7H         LINE#         267
  C:92E8H         LINE#         269
  C:92EEH         LINE#         270
  C:92F4H         LINE#         271
  C:92F5H         LINE#         273
  C:92FBH         LINE#         274
  C:9301H         LINE#         275
  C:9302H         LINE#         277
  C:9308H         LINE#         278
  C:930EH         LINE#         279
  C:930FH         LINE#         281
  C:9315H         LINE#         282
  C:931BH         LINE#         283
  C:931CH         LINE#         285
  C:9322H         LINE#         286
  C:9328H         LINE#         287
  C:9329H         LINE#         289
  C:932FH         LINE#         290
  C:9335H         LINE#         291
  C:9336H         LINE#         293
  C:933CH         LINE#         294
  C:9342H         LINE#         295
  C:9343H         LINE#         297
  C:9349H         LINE#         298
  C:934FH         LINE#         299
  C:9350H         LINE#         301
  C:9356H         LINE#         302
  C:935CH         LINE#         303
  C:935DH         LINE#         305
  C:9363H         LINE#         306
  C:9369H         LINE#         307
  C:936AH         LINE#         308
  C:936AH         LINE#         309
  C:9374H         LINE#         310
  C:9374H         LINE#         311
  C:9374H         LINE#         312
  C:937EH         LINE#         313
  C:937EH         LINE#         314
  C:9382H         LINE#         315
  C:9388H         LINE#         316
BL51 BANKED LINKER/LOCATER V6.22.4.0                                                  03/27/2024  14:56:11  PAGE 15


  C:938AH         LINE#         318
  C:938CH         LINE#         319
  C:9393H         LINE#         320
  -------         ENDPROC       INIT_8253
  -------         PROC          SHOWDATA
  -------         DO            
  X:067CH         SYMBOL        i
  X:067DH         SYMBOL        m
  X:067EH         SYMBOL        j
  X:067FH         SYMBOL        k
  X:0680H         SYMBOL        l
  X:0681H         SYMBOL        count_temp
  X:0685H         SYMBOL        jishuguan_count_temp
  X:0689H         SYMBOL        dianlishi_count_temp
  I:0055H         SYMBOL        temp
  I:0059H         SYMBOL        jtemp
  I:005DH         SYMBOL        yudecide
  I:0061H         SYMBOL        jishuguan_rata
  I:0065H         SYMBOL        jishuguan_jtemp
  I:0069H         SYMBOL        dianlishi_jtemp
  X:068DH         SYMBOL        yu
  X:0691H         SYMBOL        yudata
  X:0695H         SYMBOL        mtemp
  X:0699H         SYMBOL        Tbcd
  -------         ENDDO         
  C:0046H         LINE#         324
  C:0046H         LINE#         325
  C:0046H         LINE#         331
  C:0049H         LINE#         337
  C:005AH         LINE#         338
  C:005AH         LINE#         346
  C:007CH         LINE#         347
  C:007CH         LINE#         348
  C:0097H         LINE#         349
  C:0097H         LINE#         350
  C:00B0H         LINE#         351
  C:00DEH         LINE#         352
  C:0108H         LINE#         353
  C:010EH         LINE#         354
  C:010EH         LINE#         355
  C:014CH         LINE#         356
  C:016BH         LINE#         357
  C:0176H         LINE#         358
  C:0176H         LINE#         359
  C:019CH         LINE#         360
  C:01BFH         LINE#         361
  C:01BFH         LINE#         362
  C:01D0H         LINE#         363
  C:023AH         LINE#         364
  C:023AH         LINE#         365
  C:0257H         LINE#         366
  C:026AH         LINE#         367
  C:0280H         LINE#         368
  C:0280H         LINE#         369
  C:02ECH         LINE#         370
  C:02ECH         LINE#         371
  C:0309H         LINE#         372
BL51 BANKED LINKER/LOCATER V6.22.4.0                                                  03/27/2024  14:56:11  PAGE 16


  C:031CH         LINE#         373
  C:0332H         LINE#         374
  C:0332H         LINE#         375
  C:036DH         LINE#         376
  C:037AH         LINE#         377
  C:0387H         LINE#         378
  C:0387H         LINE#         379
  C:03AFH         LINE#         380
  C:03AFH         LINE#         381
  C:03DDH         LINE#         382
  C:040BH         LINE#         383
  C:0415H         LINE#         384
  C:0415H         LINE#         385
  C:0450H         LINE#         386
  C:046FH         LINE#         387
  C:047AH         LINE#         388
  C:047AH         LINE#         389
  C:04A0H         LINE#         390
  C:04C3H         LINE#         391
  C:04C3H         LINE#         392
  C:04D4H         LINE#         393
  C:0543H         LINE#         394
  C:0543H         LINE#         395
  C:0560H         LINE#         396
  C:0573H         LINE#         397
  C:0589H         LINE#         398
  C:0589H         LINE#         399
  C:05FBH         LINE#         400
  C:05FBH         LINE#         401
  C:0618H         LINE#         402
  C:062BH         LINE#         403
  C:0641H         LINE#         404
  C:0641H         LINE#         405
  C:06ADH         LINE#         406
  C:06ADH         LINE#         407
  C:06CAH         LINE#         408
  C:06DDH         LINE#         409
  C:06F3H         LINE#         410
  C:06F3H         LINE#         411
  C:072EH         LINE#         412
  C:073BH         LINE#         413
  C:0748H         LINE#         414
  C:075DH         LINE#         415
  C:07CAH         LINE#         417
  C:07CAH         LINE#         418
  C:07D8H         LINE#         419
  C:07EBH         LINE#         420
  C:07F7H         LINE#         421
  C:0811H         LINE#         422
  C:0811H         LINE#         423
  C:0881H         LINE#         425
  C:0881H         LINE#         426
  C:088FH         LINE#         427
  C:08A2H         LINE#         428
  C:08AEH         LINE#         429
  C:08C8H         LINE#         430
  C:08C8H         LINE#         431
BL51 BANKED LINKER/LOCATER V6.22.4.0                                                  03/27/2024  14:56:11  PAGE 17


  C:0939H         LINE#         432
  C:0947H         LINE#         433
  C:095AH         LINE#         434
  C:0966H         LINE#         435
  C:097CH         LINE#         436
  C:097CH         LINE#         437
  C:097CH         LINE#         438
  C:09A4H         LINE#         439
  C:09A4H         LINE#         440
  C:09D2H         LINE#         441
  C:0A00H         LINE#         442
  C:0A42H         LINE#         443
  C:0A82H         LINE#         444
  C:0A8FH         LINE#         445
  C:0AF5H         LINE#         446
  C:0AF5H         LINE#         447
  C:0B15H         LINE#         448
  C:0B28H         LINE#         449
  C:0B41H         LINE#         450
  C:0B41H         LINE#         451
  C:0BA1H         LINE#         452
  C:0BC1H         LINE#         453
  C:0BD4H         LINE#         454
  C:0BE6H         LINE#         455
  C:0BE6H         LINE#         456
  C:0C21H         LINE#         457
  C:0C2EH         LINE#         458
  C:0C3BH         LINE#         459
  C:0C50H         LINE#         460
  C:0CB4H         LINE#         461
  C:0CB4H         LINE#         462
  C:0CC5H         LINE#         463
  C:0CD8H         LINE#         464
  C:0CE4H         LINE#         465
  C:0CFEH         LINE#         466
  C:0CFEH         LINE#         467
  C:0D67H         LINE#         468
  C:0D78H         LINE#         469
  C:0D8BH         LINE#         470
  C:0D97H         LINE#         471
  C:0DACH         LINE#         472
  C:0DACH         LINE#         473
  C:0DACH         LINE#         474
  C:0DD4H         LINE#         475
  C:0DD4H         LINE#         476
  C:0E02H         LINE#         477
  C:0E30H         LINE#         478
  C:0E72H         LINE#         479
  C:0EB2H         LINE#         480
  C:0EBFH         LINE#         481
  C:0F5BH         LINE#         482
  C:0F5BH         LINE#         483
  C:0F7BH         LINE#         484
  C:0F8EH         LINE#         485
  C:0FA7H         LINE#         486
  C:0FA7H         LINE#         487
  C:103AH         LINE#         488
BL51 BANKED LINKER/LOCATER V6.22.4.0                                                  03/27/2024  14:56:11  PAGE 18


  C:105AH         LINE#         489
  C:106CH         LINE#         490
  C:107EH         LINE#         491
  C:107EH         LINE#         492
  C:10AFH         LINE#         494
  C:10F9H         LINE#         495
  C:1106H         LINE#         496
  C:111DH         LINE#         497
  C:1135H         LINE#         498
  C:1135H         LINE#         499
  C:1153H         LINE#         500
  C:1156H         LINE#         501
  C:1156H         LINE#         502
  C:11BBH         LINE#         503
  C:11BEH         LINE#         504
  C:11BEH         LINE#         505
  C:1257H         LINE#         506
  C:125AH         LINE#         507
  C:125AH         LINE#         508
  C:133BH         LINE#         509
  C:133BH         LINE#         510
  C:133BH         LINE#         511
  C:133BH         LINE#         512
  C:1351H         LINE#         513
  C:1467H         LINE#         515
  C:146CH         LINE#         516
  C:14C0H         LINE#         517
  C:14CAH         LINE#         518
  C:14DAH         LINE#         519
  C:14DAH         LINE#         523
  C:14EBH         LINE#         524
  C:14F8H         LINE#         569
  C:14F8H         LINE#         570
  C:151EH         LINE#         571
  C:151EH         LINE#         572
  C:154CH         LINE#         573
  C:157AH         LINE#         574
  C:15BCH         LINE#         575
  C:15FCH         LINE#         576
  C:1609H         LINE#         577
  C:1699H         LINE#         578
  C:1699H         LINE#         579
  C:16B9H         LINE#         580
  C:16CCH         LINE#         581
  C:16DEH         LINE#         582
  C:16DEH         LINE#         583
  C:170FH         LINE#         585
  C:1759H         LINE#         586
  C:1766H         LINE#         587
  C:177DH         LINE#         588
  C:1795H         LINE#         589
  C:1795H         LINE#         590
  C:17B3H         LINE#         591
  C:17B6H         LINE#         592
  C:17B6H         LINE#         593
  C:181BH         LINE#         594
  C:181EH         LINE#         595
BL51 BANKED LINKER/LOCATER V6.22.4.0                                                  03/27/2024  14:56:11  PAGE 19


  C:181EH         LINE#         596
  C:18B7H         LINE#         597
  C:18BAH         LINE#         598
  C:18BAH         LINE#         599
  C:199BH         LINE#         600
  C:199EH         LINE#         601
  C:199EH         LINE#         602
  C:19B4H         LINE#         603
  C:1ACAH         LINE#         605
  C:1ACFH         LINE#         606
  C:1B23H         LINE#         607
  C:1B2DH         LINE#         608
  C:1B3DH         LINE#         609
  C:1B3DH         LINE#         613
  C:1B4EH         LINE#         614
  C:1B5AH         LINE#         650
  C:1B5AH         LINE#         651
  C:1B82H         LINE#         652
  C:1B82H         LINE#         653
  C:1B9DH         LINE#         654
  C:1B9DH         LINE#         655
  C:1BA1H         LINE#         656
  C:1BA1H         LINE#         657
  C:1BD8H         LINE#         658
  C:1BE2H         LINE#         659
  C:1BFBH         LINE#         660
  C:1C01H         LINE#         661
  C:1C01H         LINE#         662
  C:1C43H         LINE#         663
  C:1C62H         LINE#         664
  C:1C6DH         LINE#         665
  C:1C6DH         LINE#         666
  C:1C93H         LINE#         667
  C:1CB6H         LINE#         668
  C:1CB6H         LINE#         669
  C:1CC7H         LINE#         670
  C:1CFFH         LINE#         671
  C:1D0CH         LINE#         672
  C:1D19H         LINE#         673
  C:1D35H         LINE#         674
  C:1D35H         LINE#         675
  C:1D5DH         LINE#         676
  C:1D5DH         LINE#         677
  C:1D61H         LINE#         678
  C:1D98H         LINE#         679
  C:1DA2H         LINE#         680
  C:1DBBH         LINE#         681
  C:1DC7H         LINE#         682
  C:1DD1H         LINE#         683
  C:1DD1H         LINE#         684
  C:1E0CH         LINE#         685
  C:1E2BH         LINE#         686
  C:1E36H         LINE#         687
  C:1E36H         LINE#         688
  C:1E5CH         LINE#         689
  C:1E7FH         LINE#         690
  C:1E7FH         LINE#         691
BL51 BANKED LINKER/LOCATER V6.22.4.0                                                  03/27/2024  14:56:11  PAGE 20


  C:1E90H         LINE#         692
  C:1EC8H         LINE#         693
  C:1ED5H         LINE#         694
  C:1EF1H         LINE#         695
  C:1EF1H         LINE#         696
  C:1F19H         LINE#         697
  C:1F19H         LINE#         698
  C:1F1DH         LINE#         699
  C:1F54H         LINE#         700
  C:1F5EH         LINE#         701
  C:1F77H         LINE#         702
  C:1F83H         LINE#         703
  C:1F8DH         LINE#         704
  C:1F8DH         LINE#         705
  C:1FC8H         LINE#         706
  C:2007H         LINE#         707
  C:2011H         LINE#         708
  C:2011H         LINE#         709
  C:203AH         LINE#         710
  C:205EH         LINE#         711
  C:206DH         LINE#         712
  C:207CH         LINE#         713
  C:207CH         LINE#         714
  C:208DH         LINE#         715
  C:20C5H         LINE#         716
  C:20D2H         LINE#         717
  C:20EEH         LINE#         718
  C:20EEH         LINE#         719
  C:2116H         LINE#         720
  C:2116H         LINE#         721
  C:211AH         LINE#         722
  C:2151H         LINE#         723
  C:215BH         LINE#         724
  C:2174H         LINE#         725
  C:2180H         LINE#         726
  C:218FH         LINE#         727
  C:219DH         LINE#         728
  C:21BCH         LINE#         729
  C:21C4H         LINE#         730
  C:2206H         LINE#         731
  C:2246H         LINE#         732
  C:2274H         LINE#         734
  C:22BEH         LINE#         735
  C:2305H         LINE#         736
  C:2316H         LINE#         740
  C:2323H         LINE#         741
  C:2330H         LINE#         742
  C:233DH         LINE#         743
  C:235CH         LINE#         744
  C:235CH         LINE#         745
  C:2382H         LINE#         746
  C:2382H         LINE#         747
  C:2386H         LINE#         748
  C:23B5H         LINE#         749
  C:23BFH         LINE#         750
  C:23D8H         LINE#         751
  C:23E4H         LINE#         752
BL51 BANKED LINKER/LOCATER V6.22.4.0                                                  03/27/2024  14:56:11  PAGE 21


  C:23F3H         LINE#         753
  C:2401H         LINE#         754
  C:2420H         LINE#         755
  C:2428H         LINE#         756
  C:246AH         LINE#         757
  C:24AAH         LINE#         758
  C:24D8H         LINE#         760
  C:2522H         LINE#         761
  C:2569H         LINE#         762
  C:257AH         LINE#         766
  C:2587H         LINE#         767
  C:2593H         LINE#         768
  C:25A0H         LINE#         769
  C:25BFH         LINE#         770
  C:25BFH         LINE#         771
  C:25BFH         LINE#         772
  C:25C8H         LINE#         774
  C:25CFH         LINE#         775
  C:25D6H         LINE#         776
  C:25DCH         LINE#         779
  C:25E2H         LINE#         780
  C:25E2H         LINE#         781
  C:25F4H         LINE#         782
  C:25F4H         LINE#         784
  C:261EH         LINE#         788
  C:2627H         LINE#         789
  C:2631H         LINE#         790
  C:263BH         LINE#         791
  C:2645H         LINE#         792
  C:264AH         LINE#         793
  C:264EH         LINE#         794
  C:2652H         LINE#         795
  C:2656H         LINE#         796
  C:265AH         LINE#         797
  C:265EH         LINE#         798
  C:266BH         LINE#         802
  C:2674H         LINE#         803
  C:2674H         LINE#         804
  C:2681H         LINE#         805
  C:2691H         LINE#         806
  C:26F6H         LINE#         807
  C:275EH         LINE#         808
  C:275EH         LINE#         809
  C:2776H         LINE#         810
  C:27DBH         LINE#         811
  C:2846H         LINE#         812
  C:2846H         LINE#         813
  C:285EH         LINE#         814
  C:28C3H         LINE#         815
  C:2932H         LINE#         816
  C:2958H         LINE#         817
  C:2970H         LINE#         818
  C:29D5H         LINE#         819
  C:2A44H         LINE#         820
  C:2A6AH         LINE#         821
  C:2A82H         LINE#         822
  C:2AE7H         LINE#         823
BL51 BANKED LINKER/LOCATER V6.22.4.0                                                  03/27/2024  14:56:11  PAGE 22


  C:2B56H         LINE#         824
  C:2B7CH         LINE#         825
  C:2B7CH         LINE#         826
  C:2B8BH         LINE#         827
  C:2B97H         LINE#         828
  C:2BA9H         LINE#         829
  C:2C0EH         LINE#         830
  C:2C7DH         LINE#         831
  C:2CA3H         LINE#         832
  C:2CBBH         LINE#         833
  C:2D20H         LINE#         834
  C:2D8FH         LINE#         835
  C:2DCFH         LINE#         836
  C:2DCFH         LINE#         837
  C:2DCFH         LINE#         865
  C:2DF7H         LINE#         866
  C:2DF7H         LINE#         867
  C:2E00H         LINE#         868
  C:2E00H         LINE#         869
  C:2E2DH         LINE#         870
  C:2E2DH         LINE#         871
  C:2E57H         LINE#         872
  C:2E57H         LINE#         873
  C:2E78H         LINE#         874
  C:2E7EH         LINE#         875
  C:2ED6H         LINE#         876
  C:2ED6H         LINE#         877
  C:2F01H         LINE#         878
  C:2F07H         LINE#         879
  C:2F34H         LINE#         880
  C:2F34H         LINE#         881
  C:2F60H         LINE#         882
  C:2F66H         LINE#         883
  C:2F66H         LINE#         884
  C:2F66H         LINE#         886
  C:2F8EH         LINE#         887
  C:2F8EH         LINE#         888
  C:2FA3H         LINE#         889
  C:2FB4H         LINE#         890
  C:2FC5H         LINE#         891
  C:2FC6H         LINE#         892
  C:2FF4H         LINE#         893
  C:3021H         LINE#         894
  C:304CH         LINE#         895
  C:3076H         LINE#         896
  C:30A7H         LINE#         897
  C:30CAH         LINE#         898
  C:30DBH         LINE#         899
  C:3138H         LINE#         900
  C:3163H         LINE#         901
  C:318DH         LINE#         902
  C:31BEH         LINE#         903
  C:31E1H         LINE#         904
  C:31F2H         LINE#         905
  C:324FH         LINE#         906
  C:327AH         LINE#         907
  C:32A4H         LINE#         908
BL51 BANKED LINKER/LOCATER V6.22.4.0                                                  03/27/2024  14:56:11  PAGE 23


  C:32D5H         LINE#         909
  C:32F8H         LINE#         910
  C:3309H         LINE#         911
  C:3366H         LINE#         912
  C:3387H         LINE#         913
  C:33B1H         LINE#         914
  C:33E2H         LINE#         915
  C:3405H         LINE#         916
  C:3416H         LINE#         917
  C:3474H         LINE#         918
  C:349FH         LINE#         919
  C:34C9H         LINE#         920
  C:34FAH         LINE#         921
  C:351DH         LINE#         922
  C:352EH         LINE#         923
  C:358DH         LINE#         924
  C:35B8H         LINE#         925
  C:35E2H         LINE#         926
  C:3613H         LINE#         927
  C:3636H         LINE#         928
  C:3647H         LINE#         929
  C:36A6H         LINE#         930
  C:36D1H         LINE#         931
  C:36FBH         LINE#         932
  C:372CH         LINE#         933
  C:374FH         LINE#         934
  C:3760H         LINE#         935
  C:37BFH         LINE#         936
  C:37EBH         LINE#         937
  C:3815H         LINE#         938
  C:3846H         LINE#         939
  C:3869H         LINE#         940
  C:387AH         LINE#         941
  C:38D9H         LINE#         942
  C:3905H         LINE#         943
  C:392FH         LINE#         944
  C:3960H         LINE#         945
  C:3983H         LINE#         946
  C:3994H         LINE#         947
  C:39F3H         LINE#         948
  C:3A1FH         LINE#         949
  C:3A49H         LINE#         950
  C:3A7AH         LINE#         951
  C:3A9DH         LINE#         952
  C:3AAEH         LINE#         953
  C:3AAEH         LINE#         954
  C:3AAEH         LINE#         956
  C:3AF1H         LINE#         957
  C:3AF1H         LINE#         958
  C:3B09H         LINE#         959
  C:3B28H         LINE#         960
  C:3B38H         LINE#         961
  C:3B73H         LINE#         962
  C:3B8FH         LINE#         963
  C:3BBCH         LINE#         964
  C:3BE9H         LINE#         965
  C:3BF4H         LINE#         966
BL51 BANKED LINKER/LOCATER V6.22.4.0                                                  03/27/2024  14:56:11  PAGE 24


  C:3C93H         LINE#         967
  C:3C9EH         LINE#         968
  C:3D47H         LINE#         969
  C:3D52H         LINE#         970
  C:3DFCH         LINE#         971
  C:3DFCH         LINE#         973
  C:3E77H         LINE#         974
  C:3EA1H         LINE#         975
  C:3EC6H         LINE#         976
  C:3EDEH         LINE#         977
  C:3EDEH         LINE#         978
  C:3EE6H         LINE#         979
  C:3EE6H         LINE#         980
  C:3EE8H         LINE#         981
  C:3EE8H         LINE#         982
  C:3EF9H         LINE#         983
  C:3F06H         LINE#         984
  C:3F12H         LINE#         985
  C:3F2CH         LINE#         986
  C:3F3CH         LINE#         987
  C:3F48H         LINE#         988
  C:3F54H         LINE#         989
  C:3F54H         LINE#         1000
  C:3F68H         LINE#         1001
  C:3F78H         LINE#         1002
  C:3F8DH         LINE#         1003
  C:3F8FH         LINE#         1004
  C:3FABH         LINE#         1005
  C:3FABH         LINE#         1006
  C:3FC9H         LINE#         1007
  C:3FE5H         LINE#         1008
  C:400CH         LINE#         1009
  C:4033H         LINE#         1010
  C:4058H         LINE#         1011
  C:4062H         LINE#         1012
  C:4062H         LINE#         1013
  C:407AH         LINE#         1014
  C:4097H         LINE#         1015
  C:40B4H         LINE#         1016
  C:40D0H         LINE#         1017
  C:40EDH         LINE#         1018
  C:410AH         LINE#         1019
  C:4127H         LINE#         1020
  C:4137H         LINE#         1021
  C:413AH         LINE#         1022
  C:4152H         LINE#         1023
  C:4155H         LINE#         1024
  C:416DH         LINE#         1025
  C:4170H         LINE#         1026
  C:4188H         LINE#         1027
  C:418BH         LINE#         1028
  C:419EH         LINE#         1029
  C:419EH         LINE#         1030
  C:41A1H         LINE#         1031
  C:41ABH         LINE#         1032
  C:41ABH         LINE#         1033
  C:41C3H         LINE#         1034
BL51 BANKED LINKER/LOCATER V6.22.4.0                                                  03/27/2024  14:56:11  PAGE 25


  C:41E0H         LINE#         1035
  C:41FCH         LINE#         1036
  C:4219H         LINE#         1037
  C:4236H         LINE#         1038
  C:4253H         LINE#         1039
  C:4263H         LINE#         1040
  C:4266H         LINE#         1041
  C:427EH         LINE#         1042
  C:4281H         LINE#         1043
  C:4299H         LINE#         1044
  C:429CH         LINE#         1045
  C:42B4H         LINE#         1046
  C:42B7H         LINE#         1047
  C:42CAH         LINE#         1048
  C:42CAH         LINE#         1049
  C:42CDH         LINE#         1050
  C:42CDH         LINE#         1051
  C:42EAH         LINE#         1052
  C:4306H         LINE#         1053
  C:4323H         LINE#         1054
  C:4340H         LINE#         1055
  C:435DH         LINE#         1056
  C:436DH         LINE#         1057
  C:4381H         LINE#         1058
  C:4399H         LINE#         1059
  C:43B4H         LINE#         1060
  C:43CCH         LINE#         1061
  C:43E7H         LINE#         1062
  C:43FFH         LINE#         1063
  C:441CH         LINE#         1064
  C:442CH         LINE#         1065
  C:4442H         LINE#         1066
  C:4442H         LINE#         1067
  C:4442H         LINE#         1069
  C:4449H         LINE#         1070
  C:4449H         LINE#         1071
  C:445EH         LINE#         1072
  C:4467H         LINE#         1073
  C:447CH         LINE#         1074
  C:4485H         LINE#         1075
  C:44A1H         LINE#         1076
  C:44A1H         LINE#         1077
  C:44A4H         LINE#         1078
  C:44A4H         LINE#         1079
  C:44BAH         LINE#         1080
  C:44CBH         LINE#         1081
  C:44E7H         LINE#         1082
  C:44FCH         LINE#         1083
  C:44FEH         LINE#         1084
  C:451AH         LINE#         1085
  C:4536H         LINE#         1086
  C:4536H         LINE#         1087
  C:4554H         LINE#         1088
  C:4570H         LINE#         1089
  C:4597H         LINE#         1090
  C:45BEH         LINE#         1091
  C:45E3H         LINE#         1092
BL51 BANKED LINKER/LOCATER V6.22.4.0                                                  03/27/2024  14:56:11  PAGE 26


  C:45EDH         LINE#         1093
  C:45EDH         LINE#         1094
  C:4605H         LINE#         1095
  C:4622H         LINE#         1096
  C:463FH         LINE#         1097
  C:465BH         LINE#         1098
  C:4678H         LINE#         1099
  C:4695H         LINE#         1100
  C:46B2H         LINE#         1101
  C:46C2H         LINE#         1102
  C:46C5H         LINE#         1103
  C:46DDH         LINE#         1104
  C:46E0H         LINE#         1105
  C:46F8H         LINE#         1106
  C:46FBH         LINE#         1107
  C:4713H         LINE#         1108
  C:4716H         LINE#         1109
  C:4729H         LINE#         1110
  C:4729H         LINE#         1111
  C:472CH         LINE#         1112
  C:4736H         LINE#         1113
  C:4736H         LINE#         1114
  C:474EH         LINE#         1115
  C:476BH         LINE#         1116
  C:4787H         LINE#         1117
  C:47A4H         LINE#         1118
  C:47C1H         LINE#         1119
  C:47DEH         LINE#         1120
  C:47EEH         LINE#         1121
  C:47F1H         LINE#         1122
  C:4809H         LINE#         1123
  C:480CH         LINE#         1124
  C:4824H         LINE#         1125
  C:4827H         LINE#         1126
  C:483FH         LINE#         1127
  C:4842H         LINE#         1128
  C:4855H         LINE#         1129
  C:4855H         LINE#         1130
  C:4858H         LINE#         1131
  C:4858H         LINE#         1132
  C:4875H         LINE#         1133
  C:4891H         LINE#         1134
  C:48AEH         LINE#         1135
  C:48CBH         LINE#         1136
  C:48E8H         LINE#         1137
  C:48F8H         LINE#         1138
  C:490CH         LINE#         1139
  C:4924H         LINE#         1140
  C:493FH         LINE#         1141
  C:4957H         LINE#         1142
  C:4972H         LINE#         1143
  C:498AH         LINE#         1144
  C:49A7H         LINE#         1145
  C:49B7H         LINE#         1146
  C:49CDH         LINE#         1147
  C:49CDH         LINE#         1148
  C:49CDH         LINE#         1150
BL51 BANKED LINKER/LOCATER V6.22.4.0                                                  03/27/2024  14:56:11  PAGE 27


  C:49D4H         LINE#         1151
  C:49D4H         LINE#         1152
  C:49E9H         LINE#         1153
  C:49F2H         LINE#         1154
  C:4A07H         LINE#         1155
  C:4A10H         LINE#         1156
  C:4A2CH         LINE#         1157
  C:4A2CH         LINE#         1158
  C:4A2FH         LINE#         1159
  C:4A2FH         LINE#         1160
  C:4A48H         LINE#         1161
  C:4A5DH         LINE#         1162
  C:4A72H         LINE#         1163
  C:4A87H         LINE#         1164
  C:4A9CH         LINE#         1165
  C:4AB1H         LINE#         1166
  C:4AC6H         LINE#         1167
  C:4AE2H         LINE#         1168
  C:4AEBH         LINE#         1169
  C:4AFAH         LINE#         1170
  C:4AFAH         LINE#         1171
  C:4B0AH         LINE#         1172
  C:4B17H         LINE#         1173
  C:4B19H         LINE#         1174
  C:4B2AH         LINE#         1175
  C:4B2AH         LINE#         1176
  C:4B32H         LINE#         1177
  C:4B34H         LINE#         1178
  C:4B3AH         LINE#         1179
  C:4B3EH         LINE#         1180
  C:4B41H         LINE#         1181
  C:4B4AH         LINE#         1182
  C:4B4DH         LINE#         1184
  C:4B4FH         LINE#         1188
  C:4B50H         LINE#         1189
  C:4B50H         LINE#         1190
  C:4B56H         LINE#         1191
  C:4B5BH         LINE#         1192
  C:4B64H         LINE#         1193
  C:4B6DH         LINE#         1194
  C:4B76H         LINE#         1195
  C:4B7BH         LINE#         1196
  C:4B7FH         LINE#         1197
  C:4B83H         LINE#         1198
  C:4B87H         LINE#         1199
  C:4B8BH         LINE#         1200
  C:4B8FH         LINE#         1201
  C:4B93H         LINE#         1202
  C:4B97H         LINE#         1203
  C:4B9BH         LINE#         1204
  C:4B9FH         LINE#         1205
  C:4BA3H         LINE#         1206
  C:4BA7H         LINE#         1207
  C:4BB6H         LINE#         1208
  C:4BE3H         LINE#         1209
  C:4BFAH         LINE#         1210
  C:4C28H         LINE#         1211
BL51 BANKED LINKER/LOCATER V6.22.4.0                                                  03/27/2024  14:56:11  PAGE 28


  C:4C8DH         LINE#         1212
  C:4CFDH         LINE#         1213
  C:4D1CH         LINE#         1214
  C:4D34H         LINE#         1215
  C:4D3EH         LINE#         1216
  C:4D51H         LINE#         1217
  C:4D94H         LINE#         1218
  C:4D94H         LINE#         1219
  C:4DACH         LINE#         1220
  C:4DCBH         LINE#         1221
  C:4DDBH         LINE#         1222
  C:4E16H         LINE#         1223
  C:4E32H         LINE#         1224
  C:4E5FH         LINE#         1225
  C:4E8CH         LINE#         1226
  C:4E8CH         LINE#         1227
  C:4EF1H         LINE#         1228
  C:4F60H         LINE#         1229
  C:4F81H         LINE#         1230
  C:4F99H         LINE#         1231
  C:4FA3H         LINE#         1232
  C:4FC0H         LINE#         1233
  C:5003H         LINE#         1234
  C:5003H         LINE#         1235
  C:501BH         LINE#         1236
  C:503AH         LINE#         1237
  C:504AH         LINE#         1238
  C:5085H         LINE#         1239
  C:50A1H         LINE#         1240
  C:50CEH         LINE#         1241
  C:50FBH         LINE#         1242
  C:50FBH         LINE#         1243
  C:510CH         LINE#         1244
  C:511EH         LINE#         1245
  C:512FH         LINE#         1247
  C:5140H         LINE#         1248
  C:5151H         LINE#         1249
  C:5162H         LINE#         1250
  C:5173H         LINE#         1252
  C:5184H         LINE#         1253
  C:5195H         LINE#         1254
  C:51A6H         LINE#         1255
  C:51AFH         LINE#         1256
  C:51BDH         LINE#         1257
  C:51CFH         LINE#         1258
  C:51E1H         LINE#         1259
  C:51F2H         LINE#         1260
  C:5204H         LINE#         1261
  C:5216H         LINE#         1262
  C:5228H         LINE#         1263
  C:5237H         LINE#         1264
  C:523AH         LINE#         1265
  C:5251H         LINE#         1266
  C:5254H         LINE#         1267
  C:526BH         LINE#         1268
  C:526EH         LINE#         1269
  C:5285H         LINE#         1270
BL51 BANKED LINKER/LOCATER V6.22.4.0                                                  03/27/2024  14:56:11  PAGE 29


  C:5288H         LINE#         1271
  C:529AH         LINE#         1272
  C:529AH         LINE#         1273
  C:529DH         LINE#         1274
  C:52A6H         LINE#         1275
  C:52B4H         LINE#         1276
  C:52C6H         LINE#         1277
  C:52D7H         LINE#         1278
  C:52E9H         LINE#         1279
  C:52FBH         LINE#         1280
  C:530DH         LINE#         1281
  C:531CH         LINE#         1282
  C:531FH         LINE#         1283
  C:5336H         LINE#         1284
  C:5339H         LINE#         1285
  C:5350H         LINE#         1286
  C:5353H         LINE#         1287
  C:536AH         LINE#         1288
  C:536DH         LINE#         1289
  C:537FH         LINE#         1290
  C:537FH         LINE#         1291
  C:5382H         LINE#         1292
  C:5394H         LINE#         1293
  C:53A5H         LINE#         1294
  C:53B7H         LINE#         1295
  C:53C9H         LINE#         1296
  C:53DBH         LINE#         1297
  C:53EAH         LINE#         1298
  C:53F3H         LINE#         1299
  C:540AH         LINE#         1300
  C:5418H         LINE#         1301
  C:542FH         LINE#         1302
  C:543DH         LINE#         1303
  C:5454H         LINE#         1304
  C:5462H         LINE#         1305
  C:5471H         LINE#         1306
  C:547CH         LINE#         1307
  C:547CH         LINE#         1308
  C:547CH         LINE#         1309
  C:5485H         LINE#         1310
  C:5493H         LINE#         1311
  C:54A5H         LINE#         1312
  C:54B7H         LINE#         1313
  C:54C8H         LINE#         1314
  C:54DAH         LINE#         1315
  C:54ECH         LINE#         1316
  C:54FEH         LINE#         1317
  C:550DH         LINE#         1318
  C:5510H         LINE#         1319
  C:5527H         LINE#         1320
  C:552AH         LINE#         1321
  C:5541H         LINE#         1322
  C:5544H         LINE#         1323
  C:555BH         LINE#         1324
  C:555EH         LINE#         1325
  C:5570H         LINE#         1326
  C:5570H         LINE#         1327
BL51 BANKED LINKER/LOCATER V6.22.4.0                                                  03/27/2024  14:56:11  PAGE 30


  C:5573H         LINE#         1328
  C:557CH         LINE#         1329
  C:558AH         LINE#         1330
  C:559CH         LINE#         1331
  C:55ADH         LINE#         1332
  C:55BFH         LINE#         1333
  C:55D1H         LINE#         1334
  C:55E3H         LINE#         1335
  C:55F2H         LINE#         1336
  C:55F5H         LINE#         1337
  C:560CH         LINE#         1338
  C:560FH         LINE#         1339
  C:5626H         LINE#         1340
  C:5629H         LINE#         1341
  C:5640H         LINE#         1342
  C:5643H         LINE#         1343
  C:5655H         LINE#         1344
  C:5655H         LINE#         1345
  C:5658H         LINE#         1346
  C:566AH         LINE#         1347
  C:567BH         LINE#         1348
  C:568DH         LINE#         1349
  C:569FH         LINE#         1350
  C:56B1H         LINE#         1351
  C:56C0H         LINE#         1352
  C:56C9H         LINE#         1353
  C:56E0H         LINE#         1354
  C:56EEH         LINE#         1355
  C:5705H         LINE#         1356
  C:5713H         LINE#         1357
  C:572AH         LINE#         1358
  C:5738H         LINE#         1359
  C:5747H         LINE#         1360
  C:5752H         LINE#         1361
  C:5752H         LINE#         1362
  C:5752H         LINE#         1363
  C:5752H         LINE#         1364
  -------         ENDPROC       SHOWDATA
  -------         PROC          _SHORTDELAY
  D:0006H         SYMBOL        i
  -------         DO            
  D:0004H         SYMBOL        k
  D:0002H         SYMBOL        n
  -------         ENDDO         
  C:A10CH         LINE#         1369
  C:A10CH         LINE#         1370
  C:A10CH         LINE#         1373
  C:A116H         LINE#         1374
  C:A12AH         LINE#         1376
  -------         ENDPROC       _SHORTDELAY
  -------         PROC          ALARM
  -------         DO            
  D:0007H         SYMBOL        n
  -------         ENDDO         
  C:A1FBH         LINE#         1381
  C:A1FBH         LINE#         1382
  C:A1FBH         LINE#         1384
BL51 BANKED LINKER/LOCATER V6.22.4.0                                                  03/27/2024  14:56:11  PAGE 31


  C:A1FDH         LINE#         1385
  C:A204H         LINE#         1386
  C:A207H         LINE#         1387
  C:A207H         LINE#         1388
  C:A209H         LINE#         1389
  C:A209H         LINE#         1390
  C:A20EH         LINE#         1391
  -------         ENDPROC       ALARM
  -------         PROC          _UPDATA_FLASH
  D:0007H         SYMBOL        j
  C:9EA1H         LINE#         1396
  C:9EA1H         LINE#         1397
  C:9EA1H         LINE#         1398
  C:9EAEH         LINE#         1399
  C:9EBCH         LINE#         1400
  C:9EBCH         LINE#         1401
  C:9EBEH         LINE#         1402
  C:9ECBH         LINE#         1403
  C:9ECBH         LINE#         1404
  C:9ECCH         LINE#         1405
  C:9ED8H         LINE#         1406
  -------         ENDPROC       _UPDATA_FLASH
  -------         PROC          LED_FLASH
  -------         DO            
  X:067CH         SYMBOL        i
  -------         ENDDO         
  C:9DEDH         LINE#         1411
  C:9DEDH         LINE#         1412
  C:9DEDH         LINE#         1414
  C:9DFCH         LINE#         1415
  C:9DFFH         LINE#         1416
  C:9E21H         LINE#         1417
  C:9E29H         LINE#         1418
  -------         ENDPROC       LED_FLASH
  -------         PROC          _LED_DISP
  D:0001H         SYMBOL        Num
  D:0005H         SYMBOL        Flag
  D:0003H         SYMBOL        State
  C:9F48H         LINE#         1423
  C:9F4AH         LINE#         1424
  C:9F4AH         LINE#         1425
  C:9F4DH         LINE#         1426
  C:9F50H         LINE#         1427
  C:9F59H         LINE#         1428
  C:9F5DH         LINE#         1429
  C:9F60H         LINE#         1430
  C:9F60H         LINE#         1431
  C:9F62H         LINE#         1432
  C:9F62H         LINE#         1433
  C:9F64H         LINE#         1435
  C:9F64H         LINE#         1436
  C:9F64H         LINE#         1437
  C:9F6DH         LINE#         1438
  C:9F71H         LINE#         1439
  C:9F74H         LINE#         1440
  C:9F74H         LINE#         1441
  C:9F76H         LINE#         1442
BL51 BANKED LINKER/LOCATER V6.22.4.0                                                  03/27/2024  14:56:11  PAGE 32


  C:9F7DH         LINE#         1443
  C:9F7DH         LINE#         1444
  -------         ENDPROC       _LED_DISP
  -------         ENDMOD        8253COUNT

  -------         MODULE        AT24C16
  C:0000H         SYMBOL        _ICE_DUMMY_
  D:0080H         PUBLIC        P0
  D:0090H         PUBLIC        P1
  D:00A0H         PUBLIC        P2
  D:00B0H         PUBLIC        P3
  D:00C0H         PUBLIC        P4
  D:00C8H         PUBLIC        P5
  C:98BAH         PUBLIC        _DS_SaveData
  D:00E8H         PUBLIC        P6
  D:00F8H         PUBLIC        P7
  C:9BC0H         PUBLIC        _read_1_byte_24
  D:00A8H         PUBLIC        IE
  C:A276H         PUBLIC        stop_24
  D:00B8H         PUBLIC        IP
  C:9E2AH         PUBLIC        _write_1_byte_24
  C:97E1H         PUBLIC        read_8_bit_24
  D:00D8H         PUBLIC        CCON
  C:9766H         PUBLIC        _write_8_bit_24
  D:0098H         PUBLIC        SCON
  D:0088H         PUBLIC        TCON
  B:0090H.5       PUBLIC        sda
  C:A09CH         PUBLIC        _delay_n5ms_24
  C:A248H         SYMBOL        _?ix1000
  B:0090H.4       PUBLIC        scl
  C:A250H         SYMBOL        _?ix1001
  C:9919H         PUBLIC        _DS_ReadData
  C:A223H         PUBLIC        start_24
  D:00D0H         PUBLIC        PSW
  -------         PROC          START_24
  C:A223H         LINE#         16
  C:A223H         LINE#         17
  C:A223H         LINE#         18
  C:A224H         LINE#         19
  C:A226H         LINE#         20
  C:A228H         LINE#         21
  C:A22AH         LINE#         22
  C:A22BH         LINE#         23
  C:A22DH         LINE#         24
  C:A22EH         LINE#         25
  C:A22FH         LINE#         26
  C:A231H         LINE#         27
  C:A232H         LINE#         28
  C:A233H         LINE#         29
  C:A235H         LINE#         30
  -------         ENDPROC       START_24
  -------         PROC          STOP_24
  C:A276H         LINE#         33
  C:A276H         LINE#         34
  C:A276H         LINE#         35
  C:A278H         LINE#         36
  C:A27AH         LINE#         37
BL51 BANKED LINKER/LOCATER V6.22.4.0                                                  03/27/2024  14:56:11  PAGE 33


  C:A27CH         LINE#         38
  C:A27DH         LINE#         39
  C:A27FH         LINE#         40
  C:A280H         LINE#         41
  C:A282H         LINE#         42
  -------         ENDPROC       STOP_24
  -------         PROC          READ_8_BIT_24
  -------         DO            
  I:0059H         SYMBOL        r_8_bit
  I:005AH         SYMBOL        n
  I:005BH         SYMBOL        m
  I:005CH         SYMBOL        temp
  -------         ENDDO         
  C:97E1H         LINE#         46
  C:97E1H         LINE#         47
  C:97E1H         LINE#         51
  C:97F4H         LINE#         53
  C:97F8H         LINE#         54
  C:97FAH         LINE#         55
  C:97FCH         LINE#         56
  C:9807H         LINE#         57
  C:9807H         LINE#         58
  C:9809H         LINE#         59
  C:980AH         LINE#         60
  C:9815H         LINE#         61
  C:9817H         LINE#         62
  C:981CH         LINE#         63
  C:981EH         LINE#         64
  C:9820H         LINE#         65
  C:9822H         LINE#         66
  C:9823H         LINE#         67
  C:9824H         LINE#         68
  C:9826H         LINE#         70
  C:9833H         LINE#         71
  C:9833H         LINE#         72
  C:9839H         LINE#         73
  C:9843H         LINE#         74
  C:9849H         LINE#         76
  C:984BH         LINE#         77
  C:9850H         LINE#         78
  C:9854H         LINE#         79
  -------         ENDPROC       READ_8_BIT_24
  -------         PROC          _WRITE_8_BIT_24
  X:0682H         SYMBOL        x
  -------         DO            
  I:0059H         SYMBOL        w_8_bit
  I:005AH         SYMBOL        n
  I:005BH         SYMBOL        m
  I:005CH         SYMBOL        a
  I:005DH         SYMBOL        temp
  -------         ENDDO         
  C:9766H         LINE#         84
  C:976BH         LINE#         85
  C:976BH         LINE#         88
  C:977EH         LINE#         89
  C:9785H         LINE#         91
  C:9791H         LINE#         92
BL51 BANKED LINKER/LOCATER V6.22.4.0                                                  03/27/2024  14:56:11  PAGE 34


  C:979AH         LINE#         93
  C:979DH         LINE#         94
  C:97A5H         LINE#         96
  C:97ADH         LINE#         97
  C:97B3H         LINE#         98
  C:97B7H         LINE#         100
  C:97B9H         LINE#         101
  C:97BBH         LINE#         102
  C:97C8H         LINE#         103
  C:97C8H         LINE#         104
  C:97D1H         LINE#         105
  C:97D3H         LINE#         106
  C:97D4H         LINE#         107
  C:97D6H         LINE#         108
  C:97DBH         LINE#         110
  C:97DDH         LINE#         111
  C:97DEH         LINE#         112
  C:97E0H         LINE#         113
  -------         ENDPROC       _WRITE_8_BIT_24
  -------         PROC          _READ_1_BYTE_24
  D:0004H         SYMBOL        r_add
  -------         DO            
  I:0055H         SYMBOL        r_1_byte
  I:0056H         SYMBOL        H
  I:0057H         SYMBOL        L
  I:0058H         SYMBOL        h
  -------         ENDDO         
  C:9BC0H         LINE#         120
  C:9BC4H         LINE#         121
  C:9BC4H         LINE#         125
  C:9BC8H         LINE#         126
  C:9BCDH         LINE#         127
  C:9BD0H         LINE#         129
  C:9BD5H         LINE#         131
  C:9BD8H         LINE#         132
  C:9BDFH         LINE#         133
  C:9BE0H         LINE#         134
  C:9BE1H         LINE#         135
  C:9BE2H         LINE#         136
  C:9BE3H         LINE#         137
  C:9BEAH         LINE#         138
  C:9BEBH         LINE#         139
  C:9BECH         LINE#         140
  C:9BEDH         LINE#         141
  C:9BEEH         LINE#         143
  C:9BF1H         LINE#         144
  C:9BF8H         LINE#         145
  C:9BF9H         LINE#         146
  C:9BFAH         LINE#         147
  C:9BFBH         LINE#         148
  C:9BFCH         LINE#         150
  C:9C03H         LINE#         151
  C:9C04H         LINE#         152
  C:9C05H         LINE#         153
  C:9C06H         LINE#         154
  C:9C07H         LINE#         155
  C:9C0AH         LINE#         157
BL51 BANKED LINKER/LOCATER V6.22.4.0                                                  03/27/2024  14:56:11  PAGE 35


  C:9C0CH         LINE#         158
  -------         ENDPROC       _READ_1_BYTE_24
  -------         PROC          _WRITE_1_BYTE_24
  D:0002H         SYMBOL        w_add
  X:067FH         SYMBOL        w_1_byte
  -------         DO            
  I:0055H         SYMBOL        H
  I:0056H         SYMBOL        L
  -------         ENDDO         
  C:9E2AH         LINE#         165
  C:9E33H         LINE#         166
  C:9E33H         LINE#         168
  C:9E37H         LINE#         169
  C:9E3AH         LINE#         171
  C:9E3FH         LINE#         173
  C:9E42H         LINE#         174
  C:9E49H         LINE#         175
  C:9E4AH         LINE#         176
  C:9E4BH         LINE#         177
  C:9E4CH         LINE#         178
  C:9E4DH         LINE#         180
  C:9E54H         LINE#         181
  C:9E55H         LINE#         182
  C:9E56H         LINE#         183
  C:9E57H         LINE#         184
  C:9E58H         LINE#         186
  C:9E60H         LINE#         187
  C:9E61H         LINE#         188
  C:9E62H         LINE#         189
  C:9E63H         LINE#         190
  C:9E64H         LINE#         191
  -------         ENDPROC       _WRITE_1_BYTE_24
[...]
  C:9D56H         LINE#         313
  C:9D5DH         LINE#         314
  C:9D60H         LINE#         315
  C:9D60H         LINE#         316
  C:9D64H         LINE#         317
  C:9D67H         LINE#         318
  C:9D67H         LINE#         319
  C:9D67H         LINE#         320
  C:9D6CH         LINE#         321
  C:9D70H         LINE#         322
  C:9D70H         LINE#         323
  -------         ENDPROC       LINE_CHANGE
  -------         PROC          DISPALY_PARAMOVE
  C:803EH         LINE#         327
  C:803EH         LINE#         328
  C:803EH         LINE#         330
  C:8044H         LINE#         331
  C:804EH         LINE#         332
  C:804FH         LINE#         333
  C:8058H         LINE#         334
  C:805AH         LINE#         335
  C:8061H         LINE#         336
  C:8061H         LINE#         337
  C:806DH         LINE#         338
  C:808EH         LINE#         339
  C:8092H         LINE#         340
  C:809DH         LINE#         341
  C:80BEH         LINE#         342
  C:80C2H         LINE#         343
  C:80CDH         LINE#         344
  C:80EEH         LINE#         345
  C:8112H         LINE#         346
  C:8112H         LINE#         347
  C:8112H         LINE#         348
  C:811BH         LINE#         349
  C:811DH         LINE#         350
  C:8124H         LINE#         351
  C:8124H         LINE#         352
  C:8130H         LINE#         353
  C:8152H         LINE#         354
  C:8156H         LINE#         355
  C:8161H         LINE#         356
  C:8183H         LINE#         357
  C:818DH         LINE#         358
  C:8197H         LINE#         359
  C:81A1H         LINE#         360
  C:81C6H         LINE#         361
  C:81EBH         LINE#         362
  C:81EBH         LINE#         363
  C:81EBH         LINE#         364
  C:81EBH         LINE#         365
BL51 BANKED LINKER/LOCATER V6.22.4.0                                                  03/27/2024  14:56:11  PAGE 69


  C:81F0H         LINE#         366
  C:81F3H         LINE#         367
  C:81F6H         LINE#         368
  C:81F6H         LINE#         369
  C:81FDH         LINE#         370
  C:81FEH         LINE#         371
  C:8205H         LINE#         372
  C:820BH         LINE#         373
  C:8214H         LINE#         374
  C:821FH         LINE#         375
  C:8227H         LINE#         376
  C:8230H         LINE#         377
  C:823BH         LINE#         378
  C:8243H         LINE#         379
  C:824CH         LINE#         380
  C:8257H         LINE#         381
  C:8262H         LINE#         382
  C:8262H         LINE#         383
  C:8262H         LINE#         384
  C:8262H         LINE#         385
  -------         ENDPROC       DISPALY_PARAMOVE
  -------         PROC          DISPALY_PARA
  C:64CDH         LINE#         390
  C:64CDH         LINE#         391
  C:64CDH         LINE#         392
  C:64D3H         LINE#         393
  C:64D5H         LINE#         394
  C:64D8H         LINE#         395
  C:64DBH         LINE#         396
  C:64ECH         LINE#         397
  C:64FDH         LINE#         398
  C:650EH         LINE#         399
  C:651FH         LINE#         400
  C:653AH         LINE#         401
  C:654BH         LINE#         402
  C:6566H         LINE#         403
  C:6581H         LINE#         404
  C:659CH         LINE#         405
  C:65ADH         LINE#         406
  C:65CCH         LINE#         407
  C:65EBH         LINE#         408
  C:660AH         LINE#         409
  C:6629H         LINE#         411
  C:663AH         LINE#         412
  C:6659H         LINE#         413
  C:6678H         LINE#         414
  C:6697H         LINE#         415
  C:66B6H         LINE#         417
  C:66C7H         LINE#         418
  C:66E6H         LINE#         419
  C:6705H         LINE#         420
  C:6724H         LINE#         421
  C:6743H         LINE#         423
  C:6754H         LINE#         424
  C:6773H         LINE#         425
  C:6792H         LINE#         426
  C:67B1H         LINE#         427
BL51 BANKED LINKER/LOCATER V6.22.4.0                                                  03/27/2024  14:56:11  PAGE 70


  C:67D0H         LINE#         428
  C:67DBH         LINE#         429
  C:67DBH         LINE#         430
  C:67ECH         LINE#         431
  C:680BH         LINE#         432
  C:682AH         LINE#         433
  C:6849H         LINE#         434
  C:6868H         LINE#         436
  C:6879H         LINE#         437
  C:6898H         LINE#         438
  C:68B7H         LINE#         439
  C:68D6H         LINE#         440
  C:68F5H         LINE#         442
  C:6906H         LINE#         443
  C:6925H         LINE#         444
  C:6944H         LINE#         445
  C:6963H         LINE#         446
  C:6982H         LINE#         448
  C:6993H         LINE#         449
  C:69B2H         LINE#         450
  C:69D1H         LINE#         451
  C:69F0H         LINE#         452
  C:6A0FH         LINE#         454
  C:6A20H         LINE#         455
  C:6A3FH         LINE#         456
  C:6A5EH         LINE#         457
  C:6A7DH         LINE#         458
  C:6A9CH         LINE#         460
  C:6AADH         LINE#         461
  C:6ACCH         LINE#         462
  C:6AEBH         LINE#         463
  C:6B0AH         LINE#         464
  C:6B29H         LINE#         465
  C:6B29H         LINE#         466
  C:6B2FH         LINE#         467
  C:6B32H         LINE#         469
  C:6B43H         LINE#         470
  C:6B54H         LINE#         471
  C:6B65H         LINE#         472
  C:6B76H         LINE#         473
  C:6B87H         LINE#         474
  C:6B98H         LINE#         475
  C:6BA9H         LINE#         476
  C:6BBAH         LINE#         477
  C:6BCBH         LINE#         478
  C:6BE6H         LINE#         479
  C:6C01H         LINE#         480
  C:6C1CH         LINE#         481
  C:6C37H         LINE#         482
  C:6C56H         LINE#         483
  C:6C75H         LINE#         484
  C:6C94H         LINE#         485
  C:6CB3H         LINE#         487
  C:6CD2H         LINE#         488
  C:6CF1H         LINE#         489
  C:6D10H         LINE#         490
  C:6D2FH         LINE#         492
BL51 BANKED LINKER/LOCATER V6.22.4.0                                                  03/27/2024  14:56:11  PAGE 71


  C:6D4EH         LINE#         493
  C:6D6DH         LINE#         494
  C:6D8CH         LINE#         495
  C:6DABH         LINE#         497
  C:6DCAH         LINE#         498
  C:6DE9H         LINE#         499
  C:6E08H         LINE#         500
  C:6E27H         LINE#         501
  C:6E32H         LINE#         502
  C:6E32H         LINE#         503
  C:6E43H         LINE#         504
  C:6E54H         LINE#         505
  C:6E65H         LINE#         506
  C:6E76H         LINE#         507
  C:6E87H         LINE#         508
  C:6E98H         LINE#         509
  C:6EB7H         LINE#         510
  C:6ED6H         LINE#         511
  C:6EF5H         LINE#         512
  C:6F14H         LINE#         514
  C:6F33H         LINE#         515
  C:6F52H         LINE#         516
  C:6F71H         LINE#         517
  C:6F90H         LINE#         519
  C:6FAFH         LINE#         520
  C:6FCEH         LINE#         521
  C:6FEDH         LINE#         522
  C:700CH         LINE#         524
  C:702BH         LINE#         525
  C:704AH         LINE#         526
  C:7069H         LINE#         527
  C:7088H         LINE#         529
  C:70A7H         LINE#         530
  C:70C6H         LINE#         531
  C:70E5H         LINE#         532
  C:7104H         LINE#         534
  C:7123H         LINE#         535
  C:7142H         LINE#         536
  C:7161H         LINE#         537
  C:7180H         LINE#         538
  C:7180H         LINE#         539
  C:7186H         LINE#         540
  C:718CH         LINE#         541
  C:718EH         LINE#         542
  C:718EH         LINE#         543
  C:718EH         LINE#         544
  -------         ENDPROC       DISPALY_PARA
  -------         ENDMOD        SETPARA

  -------         MODULE        SETTIME
  C:0000H         SYMBOL        _ICE_DUMMY_
  C:8670H         PUBLIC        settime
  D:0080H         PUBLIC        P0
  D:0090H         PUBLIC        P1
  D:00A0H         PUBLIC        P2
  D:00B0H         PUBLIC        P3
  D:00C0H         PUBLIC        P4
BL51 BANKED LINKER/LOCATER V6.22.4.0                                                  03/27/2024  14:56:11  PAGE 72


  D:00C8H         PUBLIC        P5
  D:00E8H         PUBLIC        P6
  D:00F8H         PUBLIC        P7
  X:06B3H         PUBLIC        Init_Time
  D:00A8H         PUBLIC        IE
  D:00B8H         PUBLIC        IP
  D:00D8H         PUBLIC        CCON
  X:06B4H         PUBLIC        Real_Count_Display
  D:0098H         PUBLIC        SCON
  D:0088H         PUBLIC        TCON
  X:06D4H         PUBLIC        Inctime
  X:06D5H         PUBLIC        Setted_Time
  D:00D0H         PUBLIC        PSW
  -------         PROC          SETTIME
  C:8670H         LINE#         18
  C:8670H         LINE#         19
  C:8670H         LINE#         20
  C:8672H         LINE#         21
  C:8674H         LINE#         22
  C:8676H         LINE#         23
  C:867CH         LINE#         25
  C:867FH         LINE#         26
  C:8681H         LINE#         27
  C:8684H         LINE#         28
  C:8687H         LINE#         29
  C:8698H         LINE#         30
  C:86A5H         LINE#         31
  C:86B2H         LINE#         32
  C:86C1H         LINE#         33
  C:86D2H         LINE#         34
  C:86D8H         LINE#         35
  C:86D9H         LINE#         36
  C:86E8H         LINE#         37
  C:86E8H         LINE#         38
  C:86EEH         LINE#         39
  C:86F4H         LINE#         40
  C:8701H         LINE#         41
  C:870EH         LINE#         42
  C:8716H         LINE#         43
  C:8721H         LINE#         44
  C:8727H         LINE#         45
  C:8734H         LINE#         46
  C:8743H         LINE#         47
  C:8749H         LINE#         48
  C:8754H         LINE#         49
  C:875AH         LINE#         50
  C:8767H         LINE#         51
  C:8776H         LINE#         52
  C:877CH         LINE#         53
  C:8787H         LINE#         54
  C:878DH         LINE#         55
  C:879AH         LINE#         56
  C:87A9H         LINE#         57
  C:87AFH         LINE#         58
  C:87BAH         LINE#         59
  C:87C0H         LINE#         60
  C:87CDH         LINE#         61
BL51 BANKED LINKER/LOCATER V6.22.4.0                                                  03/27/2024  14:56:11  PAGE 73


  C:87DCH         LINE#         62
  C:87E2H         LINE#         63
  C:87ECH         LINE#         64
  C:87F2H         LINE#         65
  C:87FFH         LINE#         66
  C:880EH         LINE#         67
  C:8814H         LINE#         68
  C:881DH         LINE#         69
  C:8823H         LINE#         70
  C:8830H         LINE#         71
  C:883FH         LINE#         72
  C:884CH         LINE#         73
  C:884CH         LINE#         74
  C:884CH         LINE#         75
  -------         ENDPROC       SETTIME
  -------         ENDMOD        SETTIME

  -------         MODULE        TIME0
  C:0000H         SYMBOL        _ICE_DUMMY_
  D:0080H         PUBLIC        P0
  D:0090H         PUBLIC        P1
  D:00A0H         PUBLIC        P2
  D:00B0H         PUBLIC        P3
  D:00C0H         PUBLIC        P4
  D:00C8H         PUBLIC        P5
  B:00A8H.7       PUBLIC        EA
  D:00E8H         PUBLIC        P6
  D:00F8H         PUBLIC        P7
  B:0023H.6       PUBLIC        FlagCollFall
  D:00A8H         PUBLIC        IE
  D:00B8H         PUBLIC        IP
  B:0090H.3       PUBLIC        GATE
  D:00D8H         PUBLIC        CCON
  D:0098H         PUBLIC        SCON
  D:0089H         PUBLIC        TMOD
  D:0088H         PUBLIC        TCON
  X:06FFH         PUBLIC        NumT0
  C:A014H         PUBLIC        Init_Time0
  B:0023H.7       PUBLIC        Flag_Tim0
  X:0701H         PUBLIC        CntWarn
  X:0703H         PUBLIC        CntS1Warn
  B:00A8H.1       PUBLIC        ET0
  B:0088H.5       PUBLIC        TF0
  D:008CH         PUBLIC        TH0
  D:008AH         PUBLIC        TL0
  B:0088H.4       PUBLIC        TR0
  C:91B1H         PUBLIC        Tim0
  X:0705H         PUBLIC        CmOverTime
  X:0707H         PUBLIC        CntFlhWarnT0
  B:0024H.0       PUBLIC        Flag_Warn_Serial1
  D:00D0H         PUBLIC        PSW
  -------         PROC          TIM0
  C:91B1H         LINE#         23
  C:91C4H         LINE#         25
  C:91C6H         LINE#         26
  C:91C9H         LINE#         27
  C:91CCH         LINE#         28
BL51 BANKED LINKER/LOCATER V6.22.4.0                                                  03/27/2024  14:56:11  PAGE 74


  C:91CFH         LINE#         29
  C:91CFH         LINE#         30
  C:91D2H         LINE#         31
  C:91D2H         LINE#         32
  C:91E7H         LINE#         33
  C:91E7H         LINE#         34
  C:91EEH         LINE#         35
  C:91F0H         LINE#         36
  C:91F0H         LINE#         37
  C:91F0H         LINE#         38
  C:91F0H         LINE#         39
  C:91F3H         LINE#         40
  C:91F3H         LINE#         41
  C:9208H         LINE#         42
  C:9208H         LINE#         43
  C:920FH         LINE#         44
  C:9211H         LINE#         45
  C:9211H         LINE#         46
  C:9211H         LINE#         47
  C:9214H         LINE#         48
  C:9214H         LINE#         49
  C:921EH         LINE#         50
  C:9220H         LINE#         51
  C:9220H         LINE#         52
  C:9233H         LINE#         53
  C:924AH         LINE#         54
  C:924AH         LINE#         55
  C:924CH         LINE#         56
  C:9250H         LINE#         57
  C:9252H         LINE#         58
  C:9254H         LINE#         59
  C:9254H         LINE#         60
  C:9254H         LINE#         61
  C:9257H         LINE#         62
  C:9257H         LINE#         63
  C:926CH         LINE#         64
  C:926CH         LINE#         65
  C:926EH         LINE#         66
  C:9275H         LINE#         67
  C:9275H         LINE#         68
  C:9275H         LINE#         69
  C:9278H         LINE#         70
  C:9278H         LINE#         71
  C:928DH         LINE#         72
  C:928FH         LINE#         73
  C:9296H         LINE#         74
  C:9296H         LINE#         75
  C:9296H         LINE#         76
  -------         ENDPROC       TIM0
  -------         PROC          INIT_TIME0
  C:A014H         LINE#         81
  C:A014H         LINE#         82
  C:A014H         LINE#         83
  C:A017H         LINE#         84
  C:A01AH         LINE#         85
  C:A01DH         LINE#         86
  C:A023H         LINE#         87
BL51 BANKED LINKER/LOCATER V6.22.4.0                                                  03/27/2024  14:56:11  PAGE 75


  C:A029H         LINE#         88
  C:A02FH         LINE#         89
  C:A033H         LINE#         90
  C:A037H         LINE#         91
  C:A03DH         LINE#         92
  C:A03FH         LINE#         93
  C:A041H         LINE#         94
  C:A043H         LINE#         95
  -------         ENDPROC       INIT_TIME0
  -------         ENDMOD        TIME0

  -------         MODULE        ?C?FPADD
  C:7196H         PUBLIC        ?C?FPADD
  C:7192H         PUBLIC        ?C?FPSUB
  -------         ENDMOD        ?C?FPADD

  -------         MODULE        ?C?FPMUL
  C:7287H         PUBLIC        ?C?FPMUL
  -------         ENDMOD        ?C?FPMUL

  -------         MODULE        ?C?FPDIV
  C:7390H         PUBLIC        ?C?FPDIV
  -------         ENDMOD        ?C?FPDIV

  -------         MODULE        ?C?FPCMP
  C:742FH         PUBLIC        ?C?FPCMP
  C:742DH         PUBLIC        ?C?FPCMP3
  -------         ENDMOD        ?C?FPCMP

  -------         MODULE        ?C?FCAST
  C:74B0H         PUBLIC        ?C?FCASTC
  C:74ABH         PUBLIC        ?C?FCASTI
  C:74A6H         PUBLIC        ?C?FCASTL
  -------         ENDMOD        ?C?FCAST

  -------         MODULE        ?C?CASTF
  C:74E4H         PUBLIC        ?C?CASTF
  -------         ENDMOD        ?C?CASTF

  -------         MODULE        POW
  X:06A5H         PUBLIC        ?_pow?BYTE
  C:884DH         PUBLIC        _pow
  -------         ENDMOD        POW

  -------         MODULE        ?C?CHKFLOAT
  C:7565H         PUBLIC        ?C?CHKFLOAT
  -------         ENDMOD        ?C?CHKFLOAT

  -------         MODULE        ?C?FPNEG
  C:757FH         PUBLIC        ?C?FPNEG
  -------         ENDMOD        ?C?FPNEG

  -------         MODULE        EXP
  C:9556H         PUBLIC        _EXP
  -------         ENDMOD        EXP

  -------         MODULE        LOG
BL51 BANKED LINKER/LOCATER V6.22.4.0                                                  03/27/2024  14:56:11  PAGE 76


  C:8DB1H         PUBLIC        _LOG
  C:8DADH         PUBLIC        _LOG10
  -------         ENDMOD        LOG

  -------         MODULE        ?C?COPY
  C:76ADH         PUBLIC        ?C?COPY
  -------         ENDMOD        ?C?COPY

  -------         MODULE        ?C?CLDPTR
  C:76D3H         PUBLIC        ?C?CLDPTR
  -------         ENDMOD        ?C?CLDPTR

  -------         MODULE        ?C?CLDOPTR
  C:76ECH         PUBLIC        ?C?CLDOPTR
  -------         ENDMOD        ?C?CLDOPTR

  -------         MODULE        ?C?CSTOPTR
  C:7719H         PUBLIC        ?C?CSTOPTR
  -------         ENDMOD        ?C?CSTOPTR

  -------         MODULE        ?C?IMUL
  C:773BH         PUBLIC        ?C?IMUL
  -------         ENDMOD        ?C?IMUL

  -------         MODULE        ?C?UIDIV
  C:774DH         PUBLIC        ?C?UIDIV
  -------         ENDMOD        ?C?UIDIV

  -------         MODULE        ?C?SIDIV
  C:77A2H         PUBLIC        ?C?SIDIV
  -------         ENDMOD        ?C?SIDIV

  -------         MODULE        ?C?IILDX
  C:77D8H         PUBLIC        ?C?IILDX
  -------         ENDMOD        ?C?IILDX

  -------         MODULE        ?C?ULDIV
  C:782AH         PUBLIC        ?C?ULDIV
  -------         ENDMOD        ?C?ULDIV

  -------         MODULE        ?C?LNEG
  C:78BCH         PUBLIC        ?C?LNEG
  -------         ENDMOD        ?C?LNEG

  -------         MODULE        ?C?ULCMP
  C:78CAH         PUBLIC        ?C?ULCMP
  -------         ENDMOD        ?C?ULCMP

  -------         MODULE        ?C?LLDIDATA
  C:78DBH         PUBLIC        ?C?LLDIDATA
  -------         ENDMOD        ?C?LLDIDATA

  -------         MODULE        ?C?LLDCODE
  C:78E7H         PUBLIC        ?C?LLDCODE
  -------         ENDMOD        ?C?LLDCODE

  -------         MODULE        ?C?LLDIDATA0
BL51 BANKED LINKER/LOCATER V6.22.4.0                                                  03/27/2024  14:56:11  PAGE 77


  C:78F7H         PUBLIC        ?C?LLDIDATA0
  -------         ENDMOD        ?C?LLDIDATA0

  -------         MODULE        ?C?LLDXDATA0
  C:7904H         PUBLIC        ?C?LLDXDATA0
  -------         ENDMOD        ?C?LLDXDATA0

  -------         MODULE        ?C?LLDCODE0
  C:7910H         PUBLIC        ?C?LLDCODE0
  -------         ENDMOD        ?C?LLDCODE0

  -------         MODULE        ?C?LSTIDATA
  C:7920H         PUBLIC        ?C?LSTIDATA
  -------         ENDMOD        ?C?LSTIDATA

  -------         MODULE        ?C?LSTXDATA
  C:792CH         PUBLIC        ?C?LSTXDATA
  -------         ENDMOD        ?C?LSTXDATA

  -------         MODULE        ?C?LSTKIDATA
  C:7938H         PUBLIC        ?C?LSTKIDATA
  -------         ENDMOD        ?C?LSTKIDATA

  -------         MODULE        ?C?LSTKXDATA
  C:7951H         PUBLIC        ?C?LSTKXDATA
  -------         ENDMOD        ?C?LSTKXDATA

  -------         MODULE        ?C?OFFXADD
  C:7982H         PUBLIC        ?C?OFFXADD
  -------         ENDMOD        ?C?OFFXADD

Program Size: data=112.5 xdata=1803 code=41664
LINK/LOCATE RUN COMPLETE.  0 WARNING(S),  0 ERROR(S)
