BL51 BANKED LINKER/LOCATER V6.22.4.0                                                    03/13/2024  15:17:28  PAGE 1


BL51 BANKED LINKER/LOCATER V6.22.4.0, INVOKED BY:
C:\KEIL_V5\C51\BIN\BL51.EXE .\Objects\STARTUP.obj, .\Objects\8253count.obj, .\Objects\at24c16.obj, .\Objects\collateral.
>> obj, .\Objects\lcd.obj, .\Objects\main.obj, .\Objects\Masterdisplay.obj, .\Objects\measure.obj, .\Objects\reset.obj, 
>> .\Objects\serial.obj, .\Objects\Serial1Dip.obj, .\Objects\setinput.obj, .\Objects\setpara.obj, .\Objects\settime.obj,
>>  .\Objects\time0.obj TO .\Objects\Dose_Proj PRINT (.\Listings\Dose_Proj.m51) RAMSIZE (256)


MEMORY MODEL: LARGE WITH FLOATING POINT ARITHMETIC


INPUT MODULES INCLUDED:
  .\Objects\STARTUP.obj (?C_STARTUP)
  .\Objects\8253count.obj (8253COUNT)
  .\Objects\at24c16.obj (AT24C16)
  .\Objects\collateral.obj (COLLATERAL)
  .\Objects\lcd.obj (LCD)
  .\Objects\main.obj (MAIN)
  .\Objects\Masterdisplay.obj (MASTERDISPLAY)
  .\Objects\measure.obj (MEASURE)
  .\Objects\reset.obj (RESET)
  .\Objects\serial.obj (SERIAL)
  .\Objects\Serial1Dip.obj (SERIAL1DIP)
  .\Objects\setinput.obj (SETINPUT)
  .\Objects\setpara.obj (SETPARA)
  .\Objects\settime.obj (SETTIME)
  .\Objects\time0.obj (TIME0)
  C:\KEIL_V5\C51\LIB\C51FPL.LIB (?C?FPADD)
  C:\KEIL_V5\C51\LIB\C51FPL.LIB (?C?FPMUL)
  C:\KEIL_V5\C51\LIB\C51FPL.LIB (?C?FPDIV)
  C:\KEIL_V5\C51\LIB\C51FPL.LIB (?C?FPCMP)
  C:\KEIL_V5\C51\LIB\C51FPL.LIB (?C?FCAST)
  C:\KEIL_V5\C51\LIB\C51FPL.LIB (?C?CASTF)
  C:\KEIL_V5\C51\LIB\C51FPL.LIB (POW)
  C:\KEIL_V5\C51\LIB\C51FPL.LIB (?C?FPGETOPN)
  C:\KEIL_V5\C51\LIB\C51FPL.LIB (?C?CHKFLOAT)
  C:\KEIL_V5\C51\LIB\C51FPL.LIB (?C?FPNEG)
  C:\KEIL_V5\C51\LIB\C51FPL.LIB (EXP)
  C:\KEIL_V5\C51\LIB\C51FPL.LIB (LOG)
  C:\KEIL_V5\C51\LIB\C51FPL.LIB (?C?FPSERIES)
  C:\KEIL_V5\C51\LIB\C51L.LIB (?C_INIT)
  C:\KEIL_V5\C51\LIB\C51L.LIB (?C?COPY)
  C:\KEIL_V5\C51\LIB\C51L.LIB (?C?CLDPTR)
  C:\KEIL_V5\C51\LIB\C51L.LIB (?C?CLDOPTR)
  C:\KEIL_V5\C51\LIB\C51L.LIB (?C?CSTOPTR)
  C:\KEIL_V5\C51\LIB\C51L.LIB (?C?IMUL)
  C:\KEIL_V5\C51\LIB\C51L.LIB (?C?UIDIV)
  C:\KEIL_V5\C51\LIB\C51L.LIB (?C?SIDIV)
  C:\KEIL_V5\C51\LIB\C51L.LIB (?C?IILDX)
  C:\KEIL_V5\C51\LIB\C51L.LIB (?C?ULDIV)
  C:\KEIL_V5\C51\LIB\C51L.LIB (?C?LNEG)
  C:\KEIL_V5\C51\LIB\C51L.LIB (?C?ULCMP)
  C:\KEIL_V5\C51\LIB\C51L.LIB (?C?LLDIDATA)
  C:\KEIL_V5\C51\LIB\C51L.LIB (?C?LLDCODE)
  C:\KEIL_V5\C51\LIB\C51L.LIB (?C?LLDIDATA0)
  C:\KEIL_V5\C51\LIB\C51L.LIB (?C?LLDXDATA0)
  C:\KEIL_V5\C51\LIB\C51L.LIB (?C?LLDCODE0)
  C:\KEIL_V5\C51\LIB\C51L.LIB (?C?LSTIDATA)
  C:\KEIL_V5\C51\LIB\C51L.LIB (?C?LSTXDATA)
BL51 BANKED LINKER/LOCATER V6.22.4.0                                                  03/13/2024  15:17:28  PAGE 2


  C:\KEIL_V5\C51\LIB\C51L.LIB (?C?LSTKIDATA)
  C:\KEIL_V5\C51\LIB\C51L.LIB (?C?LSTKXDATA)
  C:\KEIL_V5\C51\LIB\C51L.LIB (?C?OFFXADD)


LINK MAP OF MODULE:  .\Objects\Dose_Proj (?C_STARTUP)


            TYPE    BASE      LENGTH    RELOCATION   SEGMENT NAME
            -----------------------------------------------------

            * * * * * * *   D A T A   M E M O R Y   * * * * * * *
            REG     0000H     0008H     ABSOLUTE     "REG BANK 0"
            DATA    0008H     0006H     UNIT         _DATA_GROUP_
            DATA    000EH     0003H     UNIT         ?DT?SETPARA
            DATA    0011H     0001H     UNIT         ?DT?MAIN
            IDATA   0012H     0005H     UNIT         ?ID?SETPARA
                    0017H     0009H                  *** GAP ***
            BIT     0020H.0   0003H.6   UNIT         ?BI?MAIN
            BIT     0023H.6   0000H.3   UNIT         ?BI?TIME0
            BIT     0024H.1   0000H.2   UNIT         ?BI?COLLATERAL
            BIT     0024H.3   0000H.1   UNIT         ?BI?8253COUNT
            BIT     0024H.4   0000H.1   UNIT         _BIT_GROUP_
                    0024H.5   0000H.3                *** GAP ***
            IDATA   0025H     0030H     UNIT         ?ID?8253COUNT
            IDATA   0055H     0024H     UNIT         _IDATA_GROUP_
            IDATA   0079H     0001H     UNIT         ?STACK

            * * * * * * *  X D A T A   M E M O R Y  * * * * * * *
            XDATA   0000H     0263H     UNIT         ?XD?8253COUNT
            XDATA   0263H     01F0H     UNIT         ?XD?MAIN
            XDATA   0453H     0049H     UNIT         ?XD?MASTERDISPLAY
            XDATA   049CH     0036H     UNIT         _XDATA_GROUP_
            XDATA   04D2H     002AH     UNIT         ?XD?SETTIME
            XDATA   04FCH     0022H     UNIT         ?XD?SETPARA
            XDATA   051EH     000AH     UNIT         ?XD?TIME0
            XDATA   0528H     0002H     UNIT         ?XD?COLLATERAL

            * * * * * * *   C O D E   M E M O R Y   * * * * * * *
            CODE    0000H     0003H     ABSOLUTE     
            CODE    0003H     0003H     ABSOLUTE     
                    0006H     0005H                  *** GAP ***
            CODE    000BH     0003H     ABSOLUTE     
            CODE    000EH     0015H     UNIT         ?CO?COLLATERAL
            CODE    0023H     0003H     ABSOLUTE     
            CODE    0026H     001BH     UNIT         ?PR?_TWORD?LCD
                    0041H     0002H                  *** GAP ***
            CODE    0043H     0003H     ABSOLUTE     
            CODE    0046H     5749H     UNIT         ?PR?SHOWDATA?8253COUNT
            CODE    578FH     0D7AH     UNIT         ?PR?_COLLECT_WORD?COLLATERAL
            CODE    6509H     0CC2H     UNIT         ?PR?DISPALY_PARA?SETPARA
            CODE    71CBH     07FFH     UNIT         ?C?LIB_CODE
            CODE    79CAH     03DFH     UNIT         ?PR?INIT_PARA?MAIN
            CODE    7DA9H     02B0H     UNIT         ?PR?DISPLAY_B?MASTERDISPLAY
            CODE    8059H     0225H     UNIT         ?PR?DISPALY_PARAMOVE?SETPARA
            CODE    827EH     0207H     UNIT         ?PR?GETANDDISDATA?8253COUNT
            CODE    8485H     0206H     UNIT         ?PR?SETPARAMETER?SETPARA
BL51 BANKED LINKER/LOCATER V6.22.4.0                                                  03/13/2024  15:17:28  PAGE 3


            CODE    868BH     01DDH     UNIT         ?PR?SETTIME?SETTIME
            CODE    8868H     0166H     UNIT         ?PR?_POW?POW
            CODE    89CEH     014BH     UNIT         ?PR?_TRNUMBER?LCD
            CODE    8B19H     014BH     UNIT         ?PR?_TNUMBER?LCD
            CODE    8C64H     0134H     UNIT         ?PR?SETINPUT?SETINPUT
            CODE    8D98H     0129H     UNIT         ?PR?LOG?LOG
            CODE    8EC1H     0110H     UNIT         ?PR?SHOWSETRESULT?MEASURE
            CODE    8FD1H     0102H     UNIT         ?PR?INIT_RAM?MAIN
            CODE    90D3H     00F9H     UNIT         ?PR?SIDE_RCHANGE?SETPARA
            CODE    91CCH     00F6H     UNIT         ?PR?TIM0?TIME0
            CODE    92C2H     00EDH     UNIT         ?PR?INIT_8253?8253COUNT
            CODE    93AFH     00E7H     UNIT         ?PR?SIDE_LCHANGE?SETPARA
            CODE    9496H     00A3H     UNIT         ?PR?INT0?MAIN
            CODE    9539H     009AH     UNIT         ?PR?EXP?EXP
            CODE    95D3H     0099H     UNIT         ?CO?8253COUNT
            CODE    966CH     008CH     UNIT         ?C_C51STARTUP
            CODE    96F8H     0089H     UNIT         ?PR?_SEND_WORD?COLLATERAL
            CODE    9781H     007BH     UNIT         ?PR?_WRITE_8_BIT_24?AT24C16
            CODE    97FCH     0074H     UNIT         ?PR?READ_8_BIT_24?AT24C16
            CODE    9870H     0065H     UNIT         ?CO?MEASURE
            CODE    98D5H     005FH     UNIT         ?PR?_DS_SAVEDATA?AT24C16
            CODE    9934H     005FH     UNIT         ?PR?_DS_READDATA?AT24C16
            CODE    9993H     005AH     UNIT         ?PR?MAIN?MAIN
            CODE    99EDH     0059H     UNIT         ?PR?_TXTEXT?LCD
            CODE    9A46H     0059H     UNIT         ?PR?TRANSFER_DCS?MAIN
            CODE    9A9FH     0051H     UNIT         ?PR?_TRXTEXT?LCD
            CODE    9AF0H     004EH     UNIT         ?PR?_CLOSE?LCD
            CODE    9B3EH     004EH     UNIT         ?PR?MEASURE?MEASURE
            CODE    9B8CH     004DH     UNIT         ?PR?_READ_1_BYTE_24?AT24C16
            CODE    9BD9H     004DH     UNIT         ?PR?RESET?RESET
            CODE    9C26H     004BH     UNIT         ?PR?KEY_FUNCTION?MAIN
            CODE    9C71H     0046H     UNIT         ?PR?_WARNLED_ON?LCD
            CODE    9CB7H     0046H     UNIT         ?PR?_WARNLED_OFF?LCD
            CODE    9CFDH     0040H     UNIT         ?PR?LINE_CHANGE?SETPARA
            CODE    9D3DH     003EH     UNIT         ?CO?LCD
            CODE    9D7BH     003EH     UNIT         ?CO?SETPARA
            CODE    9DB9H     003DH     UNIT         ?PR?LED_FLASH?8253COUNT
            CODE    9DF6H     003DH     UNIT         ?PR?_WRITE_1_BYTE_24?AT24C16
            CODE    9E33H     003AH     UNIT         ?PR?CLEAR?LCD
            CODE    9E6DH     0038H     UNIT         ?PR?_UPDATA_FLASH?8253COUNT
            CODE    9EA5H     0038H     UNIT         ?PR?REDLED_FLASH?MASTERDISPLAY
            CODE    9EDDH     0037H     UNIT         ?PR?_UPDATA_LED?MASTERDISPLAY
            CODE    9F14H     0036H     UNIT         ?PR?_LED_DISP?8253COUNT
            CODE    9F4AH     0034H     UNIT         ?PR?_WARNING_DISP?MASTERDISPLAY
            CODE    9F7EH     0032H     UNIT         ?PR?TRANSFER?MAIN
            CODE    9FB0H     0030H     UNIT         ?PR?_OPEN?LCD
            CODE    9FE0H     0030H     UNIT         ?PR?INIT_TIME0?TIME0
            CODE    A010H     002DH     UNIT         ?PR?CKMASTERCMD?COLLATERAL
            CODE    A03DH     002BH     UNIT         ?CO?SETINPUT
            CODE    A068H     0027H     UNIT         ?PR?_DELAY_N5MS_24?AT24C16
            CODE    A08FH     0026H     UNIT         ?PR?_TXBYTE?LCD
            CODE    A0B5H     0023H     UNIT         ?PR?INIT_MCU?MAIN
            CODE    A0D8H     001FH     UNIT         ?PR?_SHORTDELAY?8253COUNT
            CODE    A0F7H     001EH     UNIT         ?PR?SPEAK_ALARM?MAIN
            CODE    A115H     001BH     UNIT         ?C_INITSEG
            CODE    A130H     001AH     UNIT         ?PR?LCD_INIT?LCD
            CODE    A14AH     001AH     UNIT         ?PR?LCD_START?LCD
BL51 BANKED LINKER/LOCATER V6.22.4.0                                                  03/13/2024  15:17:28  PAGE 4


            CODE    A164H     001AH     UNIT         ?CO?MASTERDISPLAY
            CODE    A17EH     001AH     UNIT         ?PR?PARAMETERRIGHT?SETPARA
            CODE    A198H     001AH     UNIT         ?PR?PARAMETERLEFT?SETPARA
            CODE    A1B2H     0019H     UNIT         ?PR?INIT_IO?MAIN
            CODE    A1CBH     0017H     UNIT         ?PR?SERIAL_PORT_ONE_INITIAL?SERIAL
            CODE    A1E2H     0014H     UNIT         ?PR?ALARM?8253COUNT
            CODE    A1F6H     0014H     UNIT         ?PR?TXEOF?LCD
            CODE    A20AH     0013H     UNIT         ?PR?START_24?AT24C16
            CODE    A21DH     0012H     UNIT         ?PR?_T1BYTE?LCD
            CODE    A22FH     0010H     UNIT         ?CO?AT24C16
            CODE    A23FH     0010H     UNIT         ?PR?SERIAL_PORT_TWO_INITIAL?SERIAL
            CODE    A24FH     000EH     UNIT         ?CO?SETTIME
            CODE    A25DH     000DH     UNIT         ?PR?STOP_24?AT24C16
            CODE    A26AH     000DH     UNIT         ?PR?LCD_CLEAR?LCD
            CODE    A277H     000CH     UNIT         ?PR?SELECT_MAST?MAIN
            CODE    A283H     000CH     UNIT         ?CO?RESET
            CODE    A28FH     000BH     UNIT         ?PR?INIT_BUF?MAIN
            CODE    A29AH     000AH     UNIT         ?PR?UART_ONE_INTERRUPT_RECEIVE?SERIAL
            CODE    A2A4H     000AH     UNIT         ?PR?UART_TWO_INTERRUPT_RECEIVE?SERIAL



OVERLAY MAP OF MODULE:   .\Objects\Dose_Proj (?C_STARTUP)


SEGMENT                                          BIT_GROUP          DATA_GROUP          IDATA_GROUP         XDATA_GROUP
  +--> CALLED SEGMENT                         START    LENGTH     START    LENGTH     START    LENGTH     START    LENGT
>> H
------------------------------------------------------------------------------------------------------------------------
>> -
?C_C51STARTUP                                 -----    -----      -----    -----      -----    -----      -----    -----
>> 
  +--> ?PR?MAIN?MAIN
  +--> ?C_INITSEG

?PR?MAIN?MAIN                                 -----    -----      -----    -----      -----    -----      -----    -----
>> 
  +--> ?PR?INIT_IO?MAIN
  +--> ?PR?INIT_MCU?MAIN
  +--> ?PR?INIT_RAM?MAIN
  +--> ?PR?INIT_PARA?MAIN
  +--> ?PR?INIT_BUF?MAIN
  +--> ?PR?INIT_TIME0?TIME0
  +--> ?PR?LCD_CLEAR?LCD
  +--> ?PR?LCD_START?LCD
  +--> ?PR?SELECT_MAST?MAIN
  +--> ?PR?KEY_FUNCTION?MAIN
  +--> ?PR?GETANDDISDATA?8253COUNT
  +--> ?PR?SHOWDATA?8253COUNT
  +--> ?PR?TRANSFER?MAIN
  +--> ?PR?TRANSFER_DCS?MAIN
  +--> ?PR?INIT_8253?8253COUNT
  +--> ?PR?LED_FLASH?8253COUNT
  +--> ?PR?REDLED_FLASH?MASTERDISPLAY

?PR?INIT_MCU?MAIN                             -----    -----      -----    -----      -----    -----      -----    -----
>> 
BL51 BANKED LINKER/LOCATER V6.22.4.0                                                  03/13/2024  15:17:28  PAGE 5


  +--> ?PR?SERIAL_PORT_TWO_INITIAL?SERIAL
  +--> ?PR?SERIAL_PORT_ONE_INITIAL?SERIAL
  +--> ?PR?LCD_CLEAR?LCD
  +--> ?PR?LCD_INIT?LCD
  +--> ?PR?CLEAR?LCD

?PR?LCD_CLEAR?LCD                             -----    -----      -----    -----      -----    -----      -----    -----
>> 
  +--> ?PR?_TXBYTE?LCD
  +--> ?PR?TXEOF?LCD

?PR?_TXBYTE?LCD                               -----    -----      -----    -----      0074H    0001H      -----    -----
>> 

?PR?TXEOF?LCD                                 -----    -----      -----    -----      -----    -----      -----    -----
>> 
  +--> ?PR?_TXBYTE?LCD

?PR?LCD_INIT?LCD                              -----    -----      -----    -----      -----    -----      -----    -----
>> 
  +--> ?CO?LCD
  +--> ?PR?_TXTEXT?LCD

?PR?_TXTEXT?LCD                               -----    -----      -----    -----      -----    -----      04C4H    0004H
>> 
  +--> ?PR?_TXBYTE?LCD
  +--> ?PR?_TWORD?LCD
  +--> ?PR?TXEOF?LCD
  +--> ?PR?_SHORTDELAY?8253COUNT

?PR?_TWORD?LCD                                -----    -----      -----    -----      0072H    0002H      -----    -----
>> 
  +--> ?PR?_TXBYTE?LCD

?PR?CLEAR?LCD                                 -----    -----      -----    -----      -----    -----      -----    -----
>> 
  +--> ?PR?_CLOSE?LCD

?PR?_CLOSE?LCD                                -----    -----      -----    -----      -----    -----      -----    -----
>> 
  +--> ?PR?_TXBYTE?LCD
  +--> ?PR?_TWORD?LCD
  +--> ?PR?TXEOF?LCD

?PR?INIT_PARA?MAIN                            -----    -----      -----    -----      -----    -----      049CH    0002H
>> 
  +--> ?PR?_DS_READDATA?AT24C16

?PR?_DS_READDATA?AT24C16                      -----    -----      0008H    0004H      -----    -----      049EH    0003H
>> 
  +--> ?PR?_READ_1_BYTE_24?AT24C16
  +--> ?PR?_DELAY_N5MS_24?AT24C16

?PR?_READ_1_BYTE_24?AT24C16                   -----    -----      -----    -----      0055H    0004H      -----    -----
>> 
  +--> ?PR?_DELAY_N5MS_24?AT24C16
  +--> ?PR?START_24?AT24C16
BL51 BANKED LINKER/LOCATER V6.22.4.0                                                  03/13/2024  15:17:28  PAGE 6


  +--> ?PR?_WRITE_8_BIT_24?AT24C16
  +--> ?PR?READ_8_BIT_24?AT24C16
  +--> ?PR?STOP_24?AT24C16

?PR?_DELAY_N5MS_24?AT24C16                    -----    -----      -----    -----      0059H    0003H      -----    -----
>> 

?PR?_WRITE_8_BIT_24?AT24C16                   -----    -----      -----    -----      0059H    000CH      04A1H    0001H
>> 
  +--> ?CO?AT24C16

?PR?READ_8_BIT_24?AT24C16                     -----    -----      -----    -----      0059H    000BH      -----    -----
>> 
  +--> ?CO?AT24C16

?PR?LCD_START?LCD                             -----    -----      -----    -----      -----    -----      -----    -----
>> 
  +--> ?CO?LCD
  +--> ?PR?_TXTEXT?LCD

?PR?KEY_FUNCTION?MAIN                         -----    -----      -----    -----      -----    -----      -----    -----
>> 
  +--> ?PR?SETINPUT?SETINPUT
  +--> ?PR?SETTIME?SETTIME
  +--> ?PR?SETPARAMETER?SETPARA
  +--> ?PR?PARAMETERRIGHT?SETPARA
  +--> ?PR?PARAMETERLEFT?SETPARA
  +--> ?PR?MEASURE?MEASURE
  +--> ?PR?RESET?RESET

?PR?SETINPUT?SETINPUT                         -----    -----      -----    -----      -----    -----      -----    -----
>> 
  +--> ?PR?CLEAR?LCD
  +--> ?PR?LCD_CLEAR?LCD
  +--> ?CO?SETINPUT
  +--> ?PR?_TXTEXT?LCD
  +--> ?PR?_TNUMBER?LCD

?PR?_TNUMBER?LCD                              -----    -----      -----    -----      006DH    0005H      04C4H    0004H
>> 
  +--> ?PR?_TXBYTE?LCD
  +--> ?PR?_TWORD?LCD
  +--> ?PR?TXEOF?LCD
  +--> ?PR?_SHORTDELAY?8253COUNT

?PR?SETTIME?SETTIME                           -----    -----      -----    -----      -----    -----      -----    -----
>> 
  +--> ?PR?CLEAR?LCD
  +--> ?PR?LCD_CLEAR?LCD
  +--> ?CO?SETTIME
  +--> ?PR?_TXTEXT?LCD
  +--> ?PR?_TNUMBER?LCD

?PR?SETPARAMETER?SETPARA                      -----    -----      -----    -----      -----    -----      -----    -----
>> 
  +--> ?PR?DISPALY_PARA?SETPARA

BL51 BANKED LINKER/LOCATER V6.22.4.0                                                  03/13/2024  15:17:28  PAGE 7


?PR?DISPALY_PARA?SETPARA                      -----    -----      -----    -----      -----    -----      -----    -----
>> 
  +--> ?PR?CLEAR?LCD
  +--> ?PR?LCD_CLEAR?LCD
  +--> ?CO?SETPARA
  +--> ?PR?_TXTEXT?LCD
  +--> ?PR?_TNUMBER?LCD

?PR?PARAMETERRIGHT?SETPARA                    -----    -----      -----    -----      -----    -----      -----    -----
>> 
  +--> ?PR?SIDE_RCHANGE?SETPARA
  +--> ?PR?DISPALY_PARAMOVE?SETPARA

?PR?SIDE_RCHANGE?SETPARA                      -----    -----      -----    -----      -----    -----      -----    -----
>> 
  +--> ?PR?LCD_CLEAR?LCD
  +--> ?PR?LINE_CHANGE?SETPARA

?PR?DISPALY_PARAMOVE?SETPARA                  -----    -----      -----    -----      -----    -----      -----    -----
>> 
  +--> ?PR?_CLOSE?LCD
  +--> ?PR?_OPEN?LCD
  +--> ?PR?DISPALY_PARA?SETPARA

?PR?_OPEN?LCD                                 -----    -----      -----    -----      -----    -----      -----    -----
>> 
  +--> ?PR?_TXBYTE?LCD
  +--> ?PR?_TWORD?LCD
  +--> ?PR?TXEOF?LCD

?PR?PARAMETERLEFT?SETPARA                     -----    -----      -----    -----      -----    -----      -----    -----
>> 
  +--> ?PR?SIDE_LCHANGE?SETPARA
  +--> ?PR?DISPALY_PARAMOVE?SETPARA

?PR?SIDE_LCHANGE?SETPARA                      -----    -----      -----    -----      -----    -----      -----    -----
>> 
  +--> ?PR?LINE_CHANGE?SETPARA

?PR?MEASURE?MEASURE                           -----    -----      -----    -----      -----    -----      -----    -----
>> 
  +--> ?PR?SHOWSETRESULT?MEASURE
  +--> ?PR?_DS_SAVEDATA?AT24C16
  +--> ?PR?INIT_8253?8253COUNT

?PR?SHOWSETRESULT?MEASURE                     -----    -----      -----    -----      -----    -----      -----    -----
>> 
  +--> ?PR?CLEAR?LCD
  +--> ?PR?LCD_CLEAR?LCD
  +--> ?CO?MEASURE
  +--> ?PR?_TXTEXT?LCD
  +--> ?PR?_TNUMBER?LCD

?PR?_DS_SAVEDATA?AT24C16                      -----    -----      0008H    0004H      -----    -----      049CH    0003H
>> 
  +--> ?PR?_WRITE_1_BYTE_24?AT24C16
  +--> ?PR?_DELAY_N5MS_24?AT24C16
BL51 BANKED LINKER/LOCATER V6.22.4.0                                                  03/13/2024  15:17:28  PAGE 8



?PR?_WRITE_1_BYTE_24?AT24C16                  -----    -----      -----    -----      0055H    0002H      049FH    0001H
>> 
  +--> ?PR?_DELAY_N5MS_24?AT24C16
  +--> ?PR?START_24?AT24C16
  +--> ?PR?_WRITE_8_BIT_24?AT24C16
  +--> ?PR?STOP_24?AT24C16

?PR?RESET?RESET                               -----    -----      -----    -----      -----    -----      -----    -----
>> 
  +--> ?PR?CLEAR?LCD
  +--> ?PR?LCD_CLEAR?LCD
  +--> ?CO?RESET
  +--> ?PR?_TXTEXT?LCD

?PR?SHOWDATA?8253COUNT                        -----    -----      -----    -----      0055H    0018H      049CH    0028H
>> 
  +--> ?PR?LCD_CLEAR?LCD
  +--> ?CO?8253COUNT
  +--> ?PR?_POW?POW
  +--> ?PR?SPEAK_ALARM?MAIN
  +--> ?PR?_TXTEXT?LCD
  +--> ?PR?_TNUMBER?LCD
  +--> ?PR?ALARM?8253COUNT
  +--> ?PR?_TRXTEXT?LCD
  +--> ?PR?_TRNUMBER?LCD

?PR?_POW?POW                                  -----    -----      -----    -----      -----    -----      04C4H    000AH
>> 
  +--> ?PR?LOG?LOG
  +--> ?PR?EXP?EXP

?PR?LOG?LOG                                   0024H.4  0000H.1    -----    -----      -----    -----      04CEH    0004H
>> 

?PR?SPEAK_ALARM?MAIN                          0024H.4  0000H.1    -----    -----      -----    -----      -----    -----
>> 

?PR?_TRXTEXT?LCD                              -----    -----      -----    -----      -----    -----      04C4H    0004H
>> 
  +--> ?PR?_TXBYTE?LCD
  +--> ?PR?_TWORD?LCD
  +--> ?PR?TXEOF?LCD
  +--> ?PR?_SHORTDELAY?8253COUNT

?PR?_TRNUMBER?LCD                             -----    -----      -----    -----      006DH    0005H      04C4H    0004H
>> 
  +--> ?PR?_TXBYTE?LCD
  +--> ?PR?_TWORD?LCD
  +--> ?PR?TXEOF?LCD
  +--> ?PR?_SHORTDELAY?8253COUNT

?PR?TRANSFER?MAIN                             -----    -----      -----    -----      -----    -----      -----    -----
>> 
  +--> ?PR?_SEND_WORD?COLLATERAL
  +--> ?PR?_COLLECT_WORD?COLLATERAL

BL51 BANKED LINKER/LOCATER V6.22.4.0                                                  03/13/2024  15:17:28  PAGE 9


?PR?_SEND_WORD?COLLATERAL                     0024H.4  0000H.1    -----    -----      -----    -----      049CH    0005H
>> 
  +--> ?PR?CKMASTERCMD?COLLATERAL
  +--> ?PR?LCD_CLEAR?LCD
  +--> ?PR?_TNUMBER?LCD
  +--> ?CO?COLLATERAL
  +--> ?PR?_TXTEXT?LCD

?PR?CKMASTERCMD?COLLATERAL                    -----    -----      -----    -----      -----    -----      04A1H    0001H
>> 

?PR?_COLLECT_WORD?COLLATERAL                  0024H.4  0000H.1    -----    -----      -----    -----      049CH    000FH
>> 
  +--> ?PR?_SHORTDELAY?8253COUNT
  +--> ?PR?DISPLAY_B?MASTERDISPLAY
  +--> ?CO?8253COUNT

?PR?DISPLAY_B?MASTERDISPLAY                   -----    -----      -----    -----      0055H    0001H      -----    -----
>> 
  +--> ?PR?LCD_CLEAR?LCD
  +--> ?CO?MASTERDISPLAY
  +--> ?PR?_TXTEXT?LCD
  +--> ?PR?_TNUMBER?LCD
  +--> ?PR?_WARNLED_ON?LCD
  +--> ?PR?_WARNLED_OFF?LCD

?PR?_WARNLED_ON?LCD                           -----    -----      -----    -----      -----    -----      -----    -----
>> 
  +--> ?PR?_TXBYTE?LCD
  +--> ?PR?_TWORD?LCD
  +--> ?PR?TXEOF?LCD

?PR?_WARNLED_OFF?LCD                          -----    -----      -----    -----      -----    -----      -----    -----
>> 
  +--> ?PR?_TXBYTE?LCD
  +--> ?PR?_TWORD?LCD
  +--> ?PR?TXEOF?LCD

?PR?TRANSFER_DCS?MAIN                         -----    -----      -----    -----      -----    -----      049CH    0001H
>> 
  +--> ?PR?_T1BYTE?LCD

?PR?_T1BYTE?LCD                               -----    -----      -----    -----      0055H    0001H      -----    -----
>> 

?PR?LED_FLASH?8253COUNT                       -----    -----      -----    -----      -----    -----      049CH    0001H
>> 
  +--> ?PR?_UPDATA_FLASH?8253COUNT
  +--> ?PR?_LED_DISP?8253COUNT

?PR?_LED_DISP?8253COUNT                       -----    -----      -----    -----      -----    -----      -----    -----
>> 
  +--> ?CO?8253COUNT
  +--> ?PR?_SHORTDELAY?8253COUNT

?PR?REDLED_FLASH?MASTERDISPLAY                -----    -----      -----    -----      0055H    0001H      -----    -----
>> 
BL51 BANKED LINKER/LOCATER V6.22.4.0                                                  03/13/2024  15:17:28  PAGE 10


  +--> ?PR?_UPDATA_LED?MASTERDISPLAY
  +--> ?PR?_WARNING_DISP?MASTERDISPLAY

?PR?_WARNING_DISP?MASTERDISPLAY               -----    -----      -----    -----      -----    -----      049CH    0001H
>> 
  +--> ?PR?_WARNLED_ON?LCD
  +--> ?PR?_WARNLED_OFF?LCD

*** NEW ROOT ***************************************************

?PR?INT0?MAIN                                 -----    -----      -----    -----      0075H    0004H      -----    -----
>> 

*** NEW ROOT ***************************************************

?PR?UART_ONE_INTERRUPT_RECEIVE?SERIAL         -----    -----      000CH    0001H      -----    -----      -----    -----
>> 

*** NEW ROOT ***************************************************

?PR?UART_TWO_INTERRUPT_RECEIVE?SERIAL         -----    -----      000DH    0001H      -----    -----      -----    -----
>> 



SYMBOL TABLE OF MODULE:  .\Objects\Dose_Proj (?C_STARTUP)

  VALUE           TYPE          NAME
  ----------------------------------

  -------         MODULE        ?C_STARTUP
  C:966CH         SEGMENT       ?C_C51STARTUP
  I:0079H         SEGMENT       ?STACK
  C:0000H         PUBLIC        ?C_STARTUP
  D:00E0H         SYMBOL        ACC
  D:00F0H         SYMBOL        B
  D:0083H         SYMBOL        DPH
  D:0082H         SYMBOL        DPL
  N:0000H         SYMBOL        IBPSTACK
  N:0100H         SYMBOL        IBPSTACKTOP
  N:0080H         SYMBOL        IDATALEN
  C:966FH         SYMBOL        IDATALOOP
  N:0000H         SYMBOL        PBPSTACK
  N:0100H         SYMBOL        PBPSTACKTOP
  N:0000H         SYMBOL        PDATALEN
  N:0000H         SYMBOL        PDATASTART
  N:0000H         SYMBOL        PPAGE
  N:0000H         SYMBOL        PPAGEENABLE
  D:00A0H         SYMBOL        PPAGE_SFR
  D:0081H         SYMBOL        SP
  C:966CH         SYMBOL        STARTUP1
  N:0000H         SYMBOL        XBPSTACK
  N:0000H         SYMBOL        XBPSTACKTOP
  N:0000H         SYMBOL        XDATALEN
  N:0000H         SYMBOL        XDATASTART
  C:0000H         LINE#         126
  C:966CH         LINE#         133
BL51 BANKED LINKER/LOCATER V6.22.4.0                                                  03/13/2024  15:17:28  PAGE 11


  C:966EH         LINE#         134
  C:966FH         LINE#         135
  C:9670H         LINE#         136
  C:9672H         LINE#         185
  C:9675H         LINE#         196
  -------         ENDMOD        ?C_STARTUP

  -------         MODULE        8253COUNT
  C:0000H         SYMBOL        _ICE_DUMMY_
  D:0080H         PUBLIC        P0
  D:0090H         PUBLIC        P1
  D:00A0H         PUBLIC        P2
  X:0000H         PUBLIC        DataTenth
  D:00B0H         PUBLIC        P3
  D:00C0H         PUBLIC        P4
  D:00C8H         PUBLIC        P5
  I:0025H         PUBLIC        Para
  D:00E8H         PUBLIC        P6
  D:00F8H         PUBLIC        P7
  C:9F14H         PUBLIC        _Led_Disp
  X:004BH         PUBLIC        DataCent
  X:0096H         PUBLIC        Count
  D:00A8H         PUBLIC        IE
  C:9648H         PUBLIC        a0
  C:964CH         PUBLIC        a1
  C:9650H         PUBLIC        a2
  C:9654H         PUBLIC        a3
  C:9658H         PUBLIC        a4
  X:00F6H         PUBLIC        DoseRata
  X:0116H         PUBLIC        Max_Time
  D:00B8H         PUBLIC        IP
  I:004DH         PUBLIC        Var_Signal1
  I:004EH         PUBLIC        Var_Signal2
  C:0046H         PUBLIC        ShowData
  I:004FH         PUBLIC        Var_Signal3
  I:0050H         PUBLIC        Var_Led
  D:00D8H         PUBLIC        CCON
  X:0117H         PUBLIC        DataGe
  C:9E6DH         PUBLIC        _Updata_Flash
  X:0162H         PUBLIC        dianlishi_DoseRata
  D:0098H         PUBLIC        SCON
  D:0088H         PUBLIC        TCON
  I:0051H         PUBLIC        dianlishi_data
  X:0166H         PUBLIC        Flag_dw
  X:0167H         PUBLIC        buf
  C:A0D8H         PUBLIC        _shortdelay
  B:00C8H.5       PUBLIC        Judge_Speak
  C:92C2H         PUBLIC        Init_8253
  X:0187H         PUBLIC        send_buf
  X:01C8H         PUBLIC        Flag_need_Flash
  X:01D0H         PUBLIC        jishuguan_DoseRata
  B:00A8H.0       PUBLIC        EX0
  C:9664H         PUBLIC        Svar0
  C:965CH         PUBLIC        Svar1
  X:01D4H         PUBLIC        Incinput
  I:0053H         PUBLIC        jishuguan_data
  X:01D5H         PUBLIC        State_Flash
BL51 BANKED LINKER/LOCATER V6.22.4.0                                                  03/13/2024  15:17:28  PAGE 12


  X:01DDH         PUBLIC        biaoding_input
  X:01DEH         PUBLIC        Channel_Detector
  B:0024H.3       PUBLIC        Flag_Warn_Count
  C:9DB9H         PUBLIC        Led_Flash
  C:A1E2H         PUBLIC        Alarm
  X:01EEH         PUBLIC        Tdata
  X:01F0H         PUBLIC        Real_Count
  X:0200H         PUBLIC        count_change_flag
  C:827EH         PUBLIC        GetAndDisdata
  B:0090H.2       PUBLIC        Speak
  X:0208H         PUBLIC        Calculated
  X:0210H         PUBLIC        Channel_Display
  D:00D0H         PUBLIC        PSW
  X:0218H         PUBLIC        DataThouth
  -------         PROC          GETANDDISDATA
  -------         DO            
  D:0001H         SYMBOL        j
  D:0007H         SYMBOL        th
  D:0006H         SYMBOL        tl
  -------         ENDDO         
  C:827EH         LINE#         99
  C:827EH         LINE#         100
  C:827EH         LINE#         102
  C:8280H         LINE#         103
  C:8281H         LINE#         104
  C:8281H         LINE#         105
  C:8281H         LINE#         106
  C:828AH         LINE#         107
  C:828AH         LINE#         108
  C:828AH         LINE#         109
  C:828AH         LINE#         110
  C:8294H         LINE#         111
  C:8294H         LINE#         113
  C:829AH         LINE#         114
  C:829FH         LINE#         115
  C:82A7H         LINE#         116
  C:82ACH         LINE#         117
  C:82B4H         LINE#         119
  C:82BAH         LINE#         120
  C:82BFH         LINE#         121
  C:82C7H         LINE#         122
  C:82CCH         LINE#         123
  C:82D4H         LINE#         125
  C:82DAH         LINE#         126
  C:82DFH         LINE#         127
  C:82E7H         LINE#         128
  C:82ECH         LINE#         129
  C:82F4H         LINE#         131
  C:82FAH         LINE#         132
  C:82FFH         LINE#         133
  C:8307H         LINE#         134
  C:830CH         LINE#         135
  C:8314H         LINE#         137
  C:831AH         LINE#         138
  C:831FH         LINE#         139
  C:8327H         LINE#         140
  C:832CH         LINE#         141
BL51 BANKED LINKER/LOCATER V6.22.4.0                                                  03/13/2024  15:17:28  PAGE 13


  C:8334H         LINE#         143
  C:833AH         LINE#         144
  C:833FH         LINE#         145
  C:8347H         LINE#         146
  C:834CH         LINE#         147
  C:8354H         LINE#         149
  C:835AH         LINE#         150
  C:835FH         LINE#         151
  C:8367H         LINE#         152
  C:836CH         LINE#         153
  C:8374H         LINE#         155
  C:837AH         LINE#         156
  C:837FH         LINE#         157
  C:8387H         LINE#         158
  C:838CH         LINE#         159
  C:8394H         LINE#         161
  C:839AH         LINE#         162
  C:839FH         LINE#         163
  C:83A7H         LINE#         164
  C:83ACH         LINE#         165
  C:83B4H         LINE#         167
  C:83BAH         LINE#         168
  C:83BFH         LINE#         169
  C:83C7H         LINE#         170
  C:83CCH         LINE#         171
  C:83D4H         LINE#         173
  C:83DAH         LINE#         174
  C:83DFH         LINE#         175
  C:83E7H         LINE#         176
  C:83ECH         LINE#         177
  C:83F4H         LINE#         179
  C:83FAH         LINE#         180
  C:83FFH         LINE#         181
  C:8407H         LINE#         182
  C:840CH         LINE#         183
  C:8414H         LINE#         185
  C:841AH         LINE#         186
  C:841FH         LINE#         187
  C:8427H         LINE#         188
  C:842CH         LINE#         189
  C:8434H         LINE#         191
  C:843AH         LINE#         192
  C:843FH         LINE#         193
  C:8447H         LINE#         194
  C:844CH         LINE#         195
  C:8454H         LINE#         197
  C:845AH         LINE#         198
  C:845EH         LINE#         199
  C:8467H         LINE#         200
  C:846CH         LINE#         201
  C:8474H         LINE#         203
  C:847CH         LINE#         204
  C:8484H         LINE#         205
  -------         ENDPROC       GETANDDISDATA
  -------         PROC          INIT_8253
  -------         DO            
  D:0007H         SYMBOL        i
BL51 BANKED LINKER/LOCATER V6.22.4.0                                                  03/13/2024  15:17:28  PAGE 14


  -------         ENDDO         
  C:92C2H         LINE#         209
  C:92C2H         LINE#         210
  C:92C2H         LINE#         213
  C:92C8H         LINE#         214
  C:92CEH         LINE#         215
  C:92CFH         LINE#         217
  C:92D5H         LINE#         218
  C:92DBH         LINE#         219
  C:92DCH         LINE#         221
  C:92E2H         LINE#         222
  C:92E8H         LINE#         223
  C:92E9H         LINE#         225
  C:92EFH         LINE#         226
  C:92F5H         LINE#         227
  C:92F6H         LINE#         229
  C:92FCH         LINE#         230
  C:9302H         LINE#         231
  C:9303H         LINE#         233
  C:9309H         LINE#         234
  C:930FH         LINE#         235
  C:9310H         LINE#         237
  C:9316H         LINE#         238
  C:931CH         LINE#         239
  C:931DH         LINE#         241
  C:9323H         LINE#         242
  C:9329H         LINE#         243
  C:932AH         LINE#         245
  C:9330H         LINE#         246
  C:9336H         LINE#         247
  C:9337H         LINE#         249
  C:933DH         LINE#         250
  C:9343H         LINE#         251
  C:9344H         LINE#         253
  C:934AH         LINE#         254
  C:9350H         LINE#         255
  C:9351H         LINE#         257
  C:9357H         LINE#         258
  C:935DH         LINE#         259
  C:935EH         LINE#         261
  C:9364H         LINE#         262
  C:936AH         LINE#         263
  C:936BH         LINE#         265
  C:9371H         LINE#         266
  C:9377H         LINE#         267
  C:9378H         LINE#         269
  C:937EH         LINE#         270
  C:9384H         LINE#         271
  C:9385H         LINE#         272
  C:9385H         LINE#         273
  C:9385H         LINE#         274
  C:938FH         LINE#         275
  C:938FH         LINE#         276
  C:938FH         LINE#         277
  C:938FH         LINE#         278
  C:9399H         LINE#         279
  C:9399H         LINE#         280
BL51 BANKED LINKER/LOCATER V6.22.4.0                                                  03/13/2024  15:17:28  PAGE 15


  C:939DH         LINE#         281
  C:93A3H         LINE#         282
  C:93A5H         LINE#         284
  C:93A7H         LINE#         285
  C:93AEH         LINE#         286
  -------         ENDPROC       INIT_8253
  -------         PROC          SHOWDATA
  -------         DO            
  X:049CH         SYMBOL        i
  X:049DH         SYMBOL        m
  X:049EH         SYMBOL        j
  X:049FH         SYMBOL        k
  X:04A0H         SYMBOL        count_temp
  X:04A4H         SYMBOL        jishuguan_count_temp
  X:04A8H         SYMBOL        dianlishi_count_temp
  I:0055H         SYMBOL        temp
  I:0059H         SYMBOL        jtemp
  I:005DH         SYMBOL        yudecide
  I:0061H         SYMBOL        jishuguan_rata
  I:0065H         SYMBOL        jishuguan_jtemp
  I:0069H         SYMBOL        dianlishi_jtemp
  X:04ACH         SYMBOL        yu
  X:04B0H         SYMBOL        yudata
  X:04B4H         SYMBOL        mtemp
  X:04B8H         SYMBOL        Tbcd
  -------         ENDDO         
  C:0046H         LINE#         290
  C:0046H         LINE#         291
  C:0046H         LINE#         297
  C:0049H         LINE#         303
  C:005AH         LINE#         304
  C:005AH         LINE#         312
  C:007CH         LINE#         313
  C:007CH         LINE#         314
  C:0098H         LINE#         315
  C:0098H         LINE#         316
  C:00ABH         LINE#         317
  C:00D5H         LINE#         318
  C:00FFH         LINE#         319
  C:0105H         LINE#         320
  C:0105H         LINE#         321
  C:0147H         LINE#         322
  C:0166H         LINE#         323
  C:0168H         LINE#         324
  C:0171H         LINE#         325
  C:0171H         LINE#         326
  C:0197H         LINE#         327
  C:01B3H         LINE#         328
  C:01B3H         LINE#         329
  C:01C4H         LINE#         330
  C:022EH         LINE#         331
  C:022EH         LINE#         332
  C:024BH         LINE#         333
  C:025EH         LINE#         334
  C:0268H         LINE#         335
  C:026CH         LINE#         336
  C:0274H         LINE#         337
BL51 BANKED LINKER/LOCATER V6.22.4.0                                                  03/13/2024  15:17:28  PAGE 16


  C:0274H         LINE#         338
  C:02E0H         LINE#         339
  C:02E0H         LINE#         340
  C:02FDH         LINE#         341
  C:0310H         LINE#         342
  C:031AH         LINE#         343
  C:031EH         LINE#         344
  C:0326H         LINE#         345
  C:0326H         LINE#         346
  C:0366H         LINE#         347
  C:0373H         LINE#         348
  C:0380H         LINE#         349
  C:0380H         LINE#         350
  C:03A8H         LINE#         351
  C:03A8H         LINE#         352
  C:03D6H         LINE#         353
  C:0404H         LINE#         354
  C:040EH         LINE#         355
  C:040EH         LINE#         356
  C:0449H         LINE#         357
  C:0468H         LINE#         358
  C:046AH         LINE#         359
  C:0473H         LINE#         360
  C:0473H         LINE#         361
  C:0499H         LINE#         362
  C:04B5H         LINE#         363
  C:04B5H         LINE#         364
  C:04C6H         LINE#         365
  C:0535H         LINE#         366
  C:0535H         LINE#         367
  C:0552H         LINE#         368
  C:0565H         LINE#         369
  C:056FH         LINE#         370
  C:0577H         LINE#         371
  C:057BH         LINE#         372
  C:057BH         LINE#         373
  C:05EDH         LINE#         374
  C:05EDH         LINE#         375
  C:060AH         LINE#         376
  C:061DH         LINE#         377
  C:0627H         LINE#         378
  C:062FH         LINE#         379
  C:0633H         LINE#         380
  C:0633H         LINE#         381
  C:069FH         LINE#         382
  C:069FH         LINE#         383
  C:06BCH         LINE#         384
  C:06CFH         LINE#         385
  C:06D8H         LINE#         386
  C:06E1H         LINE#         387
  C:06E5H         LINE#         388
  C:06E5H         LINE#         389
  C:0712H         LINE#         390
  C:0740H         LINE#         391
  C:0771H         LINE#         392
  C:0782H         LINE#         393
  C:078FH         LINE#         394
BL51 BANKED LINKER/LOCATER V6.22.4.0                                                  03/13/2024  15:17:28  PAGE 17


  C:079FH         LINE#         395
  C:080FH         LINE#         396
  C:080FH         LINE#         397
  C:081DH         LINE#         398
  C:0830H         LINE#         399
  C:083CH         LINE#         400
  C:084AH         LINE#         401
  C:0852H         LINE#         402
  C:0856H         LINE#         403
  C:0856H         LINE#         404
  C:08C6H         LINE#         405
  C:08C6H         LINE#         406
  C:08D4H         LINE#         407
  C:08E7H         LINE#         408
  C:08F3H         LINE#         409
  C:0901H         LINE#         410
  C:0909H         LINE#         411
  C:090DH         LINE#         412
  C:090DH         LINE#         413
  C:097EH         LINE#         414
  C:097EH         LINE#         415
  C:098CH         LINE#         416
  C:099FH         LINE#         417
  C:09ABH         LINE#         418
  C:09B4H         LINE#         419
  C:09BDH         LINE#         420
  C:09C1H         LINE#         421
  C:09C1H         LINE#         422
  C:09C1H         LINE#         423
  C:09E9H         LINE#         424
  C:09E9H         LINE#         425
  C:0A17H         LINE#         426
  C:0A45H         LINE#         427
  C:0A87H         LINE#         428
  C:0ABFH         LINE#         429
  C:0ACCH         LINE#         430
  C:0B32H         LINE#         431
  C:0B32H         LINE#         432
  C:0B52H         LINE#         433
  C:0B65H         LINE#         434
  C:0B6FH         LINE#         435
  C:0B73H         LINE#         436
  C:0B7EH         LINE#         437
  C:0B7EH         LINE#         438
  C:0BDEH         LINE#         439
  C:0BDEH         LINE#         440
  C:0BFEH         LINE#         441
  C:0C11H         LINE#         442
  C:0C1BH         LINE#         443
  C:0C1FH         LINE#         444
  C:0C23H         LINE#         445
  C:0C23H         LINE#         446
  C:0C50H         LINE#         447
  C:0C7EH         LINE#         448
  C:0CC9H         LINE#         449
  C:0CDAH         LINE#         450
  C:0CE7H         LINE#         451
BL51 BANKED LINKER/LOCATER V6.22.4.0                                                  03/13/2024  15:17:28  PAGE 18


  C:0CF7H         LINE#         452
  C:0D5EH         LINE#         453
  C:0D5EH         LINE#         454
  C:0D6FH         LINE#         455
  C:0D82H         LINE#         456
  C:0D8EH         LINE#         457
  C:0D9CH         LINE#         458
  C:0DA0H         LINE#         459
  C:0DA8H         LINE#         460
  C:0DA8H         LINE#         461
  C:0E11H         LINE#         462
  C:0E11H         LINE#         463
  C:0E22H         LINE#         464
  C:0E35H         LINE#         465
  C:0E41H         LINE#         466
  C:0E4EH         LINE#         467
  C:0E52H         LINE#         468
  C:0E56H         LINE#         469
  C:0E56H         LINE#         470
  C:0E56H         LINE#         471
  C:0E7EH         LINE#         472
  C:0E7EH         LINE#         473
  C:0EACH         LINE#         474
  C:0EDAH         LINE#         475
  C:0F1CH         LINE#         476
  C:0F54H         LINE#         477
  C:0F61H         LINE#         478
  C:0FFDH         LINE#         479
  C:0FFDH         LINE#         480
  C:101DH         LINE#         481
  C:1030H         LINE#         482
  C:1039H         LINE#         483
  C:1045H         LINE#         484
  C:1049H         LINE#         485
  C:1049H         LINE#         486
  C:1142H         LINE#         487
  C:1142H         LINE#         488
  C:1162H         LINE#         489
  C:1174H         LINE#         490
  C:117EH         LINE#         491
  C:1182H         LINE#         492
  C:1186H         LINE#         493
  C:1186H         LINE#         494
  C:11AEH         LINE#         495
  C:11F2H         LINE#         496
  C:11FFH         LINE#         497
  C:1216H         LINE#         498
  C:1216H         LINE#         499
  C:122EH         LINE#         500
  C:122EH         LINE#         501
  C:124BH         LINE#         502
  C:12ABH         LINE#         503
  C:133DH         LINE#         504
  C:1416H         LINE#         505
  C:1416H         LINE#         506
  C:1427H         LINE#         507
  C:1433H         LINE#         508
BL51 BANKED LINKER/LOCATER V6.22.4.0                                                  03/13/2024  15:17:28  PAGE 19


  C:1433H         LINE#         509
  C:1449H         LINE#         510
  C:1449H         LINE#         511
  C:1555H         LINE#         512
  C:155AH         LINE#         513
  C:155AH         LINE#         514
  C:159EH         LINE#         515
  C:15A8H         LINE#         516
  C:15B9H         LINE#         517
  C:15C6H         LINE#         518
  C:15D3H         LINE#         519
  C:15D3H         LINE#         564
  C:15D3H         LINE#         565
  C:15F9H         LINE#         566
  C:15F9H         LINE#         567
  C:1627H         LINE#         568
  C:1655H         LINE#         569
  C:1697H         LINE#         570
  C:16CFH         LINE#         571
  C:16DCH         LINE#         572
  C:17DBH         LINE#         573
  C:17DBH         LINE#         574
  C:17FBH         LINE#         575
  C:180EH         LINE#         576
  C:1818H         LINE#         577
  C:181CH         LINE#         578
  C:1820H         LINE#         579
  C:1820H         LINE#         580
  C:1848H         LINE#         581
  C:188CH         LINE#         582
  C:1899H         LINE#         583
  C:18B0H         LINE#         584
  C:18B0H         LINE#         585
  C:18C8H         LINE#         586
  C:18C8H         LINE#         587
  C:18E5H         LINE#         588
  C:1945H         LINE#         589
  C:19D7H         LINE#         590
  C:1AB0H         LINE#         591
  C:1AB0H         LINE#         592
  C:1AB7H         LINE#         593
  C:1AB7H         LINE#         594
  C:1ABAH         LINE#         595
  C:1AD0H         LINE#         596
  C:1AD0H         LINE#         597
  C:1BDCH         LINE#         598
  C:1BE1H         LINE#         599
  C:1BE1H         LINE#         600
  C:1C25H         LINE#         601
  C:1C2FH         LINE#         602
  C:1C40H         LINE#         603
  C:1C4DH         LINE#         604
  C:1C59H         LINE#         605
  C:1C59H         LINE#         641
  C:1C59H         LINE#         642
  C:1C5CH         LINE#         643
  C:1C81H         LINE#         644
BL51 BANKED LINKER/LOCATER V6.22.4.0                                                  03/13/2024  15:17:28  PAGE 20


  C:1C81H         LINE#         645
  C:1C9CH         LINE#         646
  C:1C9CH         LINE#         647
  C:1CA0H         LINE#         648
  C:1CA0H         LINE#         649
  C:1CD7H         LINE#         650
  C:1CE1H         LINE#         651
  C:1CF5H         LINE#         652
  C:1CFBH         LINE#         653
  C:1CFBH         LINE#         654
  C:1D3DH         LINE#         655
  C:1D5CH         LINE#         656
  C:1D5EH         LINE#         657
  C:1D67H         LINE#         658
  C:1D67H         LINE#         659
  C:1D8DH         LINE#         660
  C:1DA9H         LINE#         661
  C:1DA9H         LINE#         662
  C:1DBAH         LINE#         663
  C:1DF7H         LINE#         664
  C:1E04H         LINE#         665
  C:1E11H         LINE#         666
  C:1E2DH         LINE#         667
  C:1E2DH         LINE#         668
  C:1E55H         LINE#         669
  C:1E55H         LINE#         670
  C:1E59H         LINE#         671
  C:1E59H         LINE#         672
  C:1E90H         LINE#         673
  C:1E9AH         LINE#         674
  C:1EAEH         LINE#         675
  C:1EBAH         LINE#         676
  C:1EC0H         LINE#         677
  C:1EC0H         LINE#         678
  C:1F02H         LINE#         679
  C:1F21H         LINE#         680
  C:1F23H         LINE#         681
  C:1F2CH         LINE#         682
  C:1F2CH         LINE#         683
  C:1F52H         LINE#         684
  C:1F6EH         LINE#         685
  C:1F6EH         LINE#         686
  C:1F7FH         LINE#         687
  C:1F9EH         LINE#         688
  C:1F9EH         LINE#         689
  C:1FC6H         LINE#         690
  C:1FC6H         LINE#         691
  C:1FCAH         LINE#         692
  C:1FCAH         LINE#         693
  C:2001H         LINE#         694
  C:200BH         LINE#         695
  C:201FH         LINE#         696
  C:202BH         LINE#         697
  C:2031H         LINE#         698
  C:2031H         LINE#         699
  C:2073H         LINE#         700
  C:20ABH         LINE#         701
BL51 BANKED LINKER/LOCATER V6.22.4.0                                                  03/13/2024  15:17:28  PAGE 21


  C:20ADH         LINE#         702
  C:20B6H         LINE#         703
  C:20B6H         LINE#         704
  C:20DCH         LINE#         705
  C:20F8H         LINE#         706
  C:2107H         LINE#         707
  C:2116H         LINE#         708
  C:2116H         LINE#         710
  C:2127H         LINE#         711
  C:2146H         LINE#         712
  C:2146H         LINE#         713
  C:216EH         LINE#         714
  C:216EH         LINE#         715
  C:2172H         LINE#         716
  C:2172H         LINE#         717
  C:21A9H         LINE#         718
  C:21B3H         LINE#         719
  C:21C7H         LINE#         720
  C:21D3H         LINE#         721
  C:21DFH         LINE#         722
  C:21EDH         LINE#         723
  C:21EDH         LINE#         724
  C:2209H         LINE#         725
  C:2211H         LINE#         726
  C:2253H         LINE#         727
  C:228BH         LINE#         729
  C:22AEH         LINE#         730
  C:22F2H         LINE#         731
  C:22FFH         LINE#         732
  C:2348H         LINE#         733
  C:2355H         LINE#         734
  C:2362H         LINE#         735
  C:236FH         LINE#         736
  C:238BH         LINE#         737
  C:238BH         LINE#         738
  C:23B1H         LINE#         739
  C:23B1H         LINE#         740
  C:23B5H         LINE#         741
  C:23B5H         LINE#         742
  C:23E4H         LINE#         743
  C:23EEH         LINE#         744
  C:2402H         LINE#         745
  C:240EH         LINE#         746
  C:241AH         LINE#         747
  C:2428H         LINE#         748
  C:2428H         LINE#         749
  C:2444H         LINE#         750
  C:244CH         LINE#         751
  C:248EH         LINE#         752
  C:24C6H         LINE#         753
  C:24E9H         LINE#         754
  C:252DH         LINE#         755
  C:253AH         LINE#         756
  C:2583H         LINE#         757
  C:2590H         LINE#         758
  C:259CH         LINE#         759
  C:25A9H         LINE#         760
BL51 BANKED LINKER/LOCATER V6.22.4.0                                                  03/13/2024  15:17:28  PAGE 22


  C:25C5H         LINE#         761
  C:25C5H         LINE#         762
  C:25C5H         LINE#         763
  C:25CEH         LINE#         765
  C:25D5H         LINE#         766
  C:25DCH         LINE#         767
  C:25E2H         LINE#         770
  C:25E8H         LINE#         771
  C:25E8H         LINE#         772
  C:25FAH         LINE#         773
  C:25FAH         LINE#         774
  C:2624H         LINE#         775
  C:262DH         LINE#         776
  C:2637H         LINE#         777
  C:2641H         LINE#         778
  C:264BH         LINE#         779
  C:2650H         LINE#         780
  C:2654H         LINE#         781
  C:2658H         LINE#         782
  C:265CH         LINE#         783
  C:2660H         LINE#         784
  C:2664H         LINE#         785
  C:2671H         LINE#         789
  C:267AH         LINE#         790
  C:267AH         LINE#         791
  C:2687H         LINE#         792
  C:2697H         LINE#         793
  C:2697H         LINE#         794
  C:26FCH         LINE#         795
  C:2764H         LINE#         796
  C:2764H         LINE#         797
  C:2767H         LINE#         798
  C:277CH         LINE#         799
  C:277CH         LINE#         800
  C:27E1H         LINE#         801
  C:284CH         LINE#         802
  C:284CH         LINE#         803
  C:284FH         LINE#         804
  C:2864H         LINE#         805
  C:2864H         LINE#         806
  C:28C9H         LINE#         807
  C:2938H         LINE#         808
  C:2969H         LINE#         809
  C:296CH         LINE#         810
  C:2981H         LINE#         811
  C:2981H         LINE#         812
  C:29E6H         LINE#         813
  C:2A55H         LINE#         814
  C:2A86H         LINE#         815
  C:2A89H         LINE#         816
  C:2A9EH         LINE#         817
  C:2A9EH         LINE#         818
  C:2B03H         LINE#         819
  C:2B71H         LINE#         820
  C:2BA2H         LINE#         821
  C:2BA2H         LINE#         822
  C:2BA5H         LINE#         823
BL51 BANKED LINKER/LOCATER V6.22.4.0                                                  03/13/2024  15:17:28  PAGE 23


  C:2BB1H         LINE#         824
  C:2BB1H         LINE#         825
  C:2BBDH         LINE#         827
  C:2BCFH         LINE#         828
  C:2BCFH         LINE#         829
  C:2C34H         LINE#         830
  C:2CA3H         LINE#         831
  C:2CD4H         LINE#         832
  C:2CD7H         LINE#         833
  C:2CECH         LINE#         834
  C:2CECH         LINE#         835
  C:2D51H         LINE#         836
  C:2DC0H         LINE#         837
  C:2E0BH         LINE#         838
  C:2E0BH         LINE#         839
  C:2E0BH         LINE#         841
  C:2E33H         LINE#         842
  C:2E33H         LINE#         843
  C:2E3CH         LINE#         844
  C:2E3CH         LINE#         845
  C:2E3EH         LINE#         846
  C:2E69H         LINE#         847
  C:2E69H         LINE#         848
  C:2E93H         LINE#         849
  C:2E93H         LINE#         850
  C:2EB4H         LINE#         851
  C:2EBAH         LINE#         852
  C:2EBDH         LINE#         853
  C:2F12H         LINE#         854
  C:2F12H         LINE#         855
  C:2F3DH         LINE#         856
  C:2F43H         LINE#         857
  C:2F45H         LINE#         858
  C:2F70H         LINE#         859
  C:2F70H         LINE#         860
  C:2F9CH         LINE#         861
  C:2FA2H         LINE#         862
  C:2FA2H         LINE#         863
  C:2FA2H         LINE#         865
  C:2FCAH         LINE#         866
  C:2FCAH         LINE#         867
  C:2FDFH         LINE#         868
  C:2FF0H         LINE#         869
  C:3001H         LINE#         870
  C:3002H         LINE#         871
  C:3005H         LINE#         872
  C:3030H         LINE#         873
  C:3030H         LINE#         874
  C:305DH         LINE#         875
  C:305DH         LINE#         876
  C:3088H         LINE#         877
  C:30B2H         LINE#         878
  C:30E3H         LINE#         879
  C:3106H         LINE#         880
  C:3117H         LINE#         881
  C:311AH         LINE#         882
  C:3174H         LINE#         883
BL51 BANKED LINKER/LOCATER V6.22.4.0                                                  03/13/2024  15:17:28  PAGE 24


  C:3174H         LINE#         884
  C:319FH         LINE#         885
  C:31C9H         LINE#         886
  C:31FAH         LINE#         887
  C:321DH         LINE#         888
  C:322EH         LINE#         889
  C:3231H         LINE#         890
  C:328BH         LINE#         891
  C:328BH         LINE#         892
  C:32B6H         LINE#         893
  C:32E0H         LINE#         894
  C:3311H         LINE#         895
  C:3334H         LINE#         896
  C:3345H         LINE#         897
  C:3348H         LINE#         898
  C:33A2H         LINE#         899
  C:33A2H         LINE#         900
  C:33C3H         LINE#         901
  C:33EDH         LINE#         902
  C:341EH         LINE#         903
  C:3441H         LINE#         904
  C:3452H         LINE#         905
  C:3455H         LINE#         906
  C:34B0H         LINE#         907
  C:34B0H         LINE#         908
  C:34DBH         LINE#         909
  C:3505H         LINE#         910
  C:3536H         LINE#         911
  C:3559H         LINE#         912
  C:356AH         LINE#         913
  C:356DH         LINE#         914
  C:35C9H         LINE#         915
  C:35C9H         LINE#         916
  C:35F4H         LINE#         917
  C:361EH         LINE#         918
  C:364FH         LINE#         919
  C:3672H         LINE#         920
  C:3683H         LINE#         921
  C:3686H         LINE#         922
  C:36E2H         LINE#         923
  C:36E2H         LINE#         924
  C:370DH         LINE#         925
  C:3737H         LINE#         926
  C:3768H         LINE#         927
  C:378BH         LINE#         928
  C:379CH         LINE#         929
  C:379FH         LINE#         930
  C:37FBH         LINE#         931
  C:37FBH         LINE#         932
  C:3827H         LINE#         933
  C:3851H         LINE#         934
  C:3882H         LINE#         935
  C:38A5H         LINE#         936
  C:38B6H         LINE#         937
  C:38B9H         LINE#         938
  C:3915H         LINE#         939
  C:3915H         LINE#         940
BL51 BANKED LINKER/LOCATER V6.22.4.0                                                  03/13/2024  15:17:28  PAGE 25


  C:3941H         LINE#         941
  C:396BH         LINE#         942
  C:399CH         LINE#         943
  C:39BFH         LINE#         944
  C:39D0H         LINE#         945
  C:39D3H         LINE#         946
  C:3A2FH         LINE#         947
  C:3A2FH         LINE#         948
  C:3A5BH         LINE#         949
  C:3A85H         LINE#         950
  C:3AB6H         LINE#         951
  C:3AD9H         LINE#         952
  C:3AEAH         LINE#         953
  C:3AEAH         LINE#         954
  C:3AEAH         LINE#         956
  C:3B2DH         LINE#         957
  C:3B2DH         LINE#         958
  C:3B45H         LINE#         959
  C:3B64H         LINE#         960
  C:3B74H         LINE#         961
  C:3BAFH         LINE#         962
  C:3BCBH         LINE#         963
  C:3BF8H         LINE#         964
  C:3C25H         LINE#         965
  C:3C30H         LINE#         966
  C:3CCFH         LINE#         967
  C:3CDAH         LINE#         968
  C:3D83H         LINE#         969
  C:3D8EH         LINE#         970
  C:3E38H         LINE#         971
  C:3E38H         LINE#         973
  C:3EB3H         LINE#         974
  C:3EDDH         LINE#         975
  C:3F02H         LINE#         976
  C:3F1AH         LINE#         977
  C:3F1AH         LINE#         978
  C:3F22H         LINE#         979
  C:3F22H         LINE#         980
  C:3F24H         LINE#         981
  C:3F24H         LINE#         982
  C:3F35H         LINE#         983
  C:3F42H         LINE#         984
  C:3F4EH         LINE#         985
  C:3F50H         LINE#         986
  C:3F68H         LINE#         987
  C:3F68H         LINE#         988
  C:3F78H         LINE#         989
  C:3F84H         LINE#         990
  C:3F90H         LINE#         991
  C:3F90H         LINE#         1002
  C:3FA4H         LINE#         1003
  C:3FA4H         LINE#         1004
  C:3FB4H         LINE#         1005
  C:3FB4H         LINE#         1006
  C:3FC9H         LINE#         1007
  C:3FCBH         LINE#         1009
  C:3FCBH         LINE#         1010
BL51 BANKED LINKER/LOCATER V6.22.4.0                                                  03/13/2024  15:17:28  PAGE 26


  C:3FE7H         LINE#         1011
  C:3FE7H         LINE#         1012
  C:4005H         LINE#         1013
  C:4021H         LINE#         1014
  C:4048H         LINE#         1015
  C:406FH         LINE#         1016
  C:4094H         LINE#         1017
  C:409EH         LINE#         1018
  C:409EH         LINE#         1019
  C:40B6H         LINE#         1020
  C:40D3H         LINE#         1021
  C:40F0H         LINE#         1022
  C:410CH         LINE#         1023
  C:4129H         LINE#         1024
  C:4146H         LINE#         1025
  C:4163H         LINE#         1026
  C:4173H         LINE#         1027
  C:4176H         LINE#         1028
  C:418EH         LINE#         1029
  C:4191H         LINE#         1030
  C:41A9H         LINE#         1031
  C:41ACH         LINE#         1032
  C:41C4H         LINE#         1033
  C:41C7H         LINE#         1034
  C:41DAH         LINE#         1035
  C:41DAH         LINE#         1036
  C:41DDH         LINE#         1038
  C:41DDH         LINE#         1039
  C:41E7H         LINE#         1040
  C:41E7H         LINE#         1041
  C:41FFH         LINE#         1042
  C:421CH         LINE#         1043
  C:4238H         LINE#         1044
  C:4255H         LINE#         1045
  C:4272H         LINE#         1046
  C:428FH         LINE#         1047
  C:429FH         LINE#         1048
  C:42A2H         LINE#         1049
  C:42BAH         LINE#         1050
  C:42BDH         LINE#         1051
  C:42D5H         LINE#         1052
  C:42D8H         LINE#         1053
  C:42F0H         LINE#         1054
  C:42F3H         LINE#         1055
  C:4306H         LINE#         1056
  C:4306H         LINE#         1057
  C:4309H         LINE#         1059
  C:4309H         LINE#         1060
  C:4326H         LINE#         1061
  C:4342H         LINE#         1062
  C:435FH         LINE#         1063
  C:437CH         LINE#         1064
  C:4399H         LINE#         1065
  C:43A9H         LINE#         1066
  C:43BDH         LINE#         1067
  C:43D5H         LINE#         1068
  C:43F0H         LINE#         1069
BL51 BANKED LINKER/LOCATER V6.22.4.0                                                  03/13/2024  15:17:28  PAGE 27


  C:4408H         LINE#         1070
  C:4423H         LINE#         1071
  C:443BH         LINE#         1072
  C:4458H         LINE#         1073
  C:4468H         LINE#         1074
  C:447EH         LINE#         1075
  C:447EH         LINE#         1076
  C:447EH         LINE#         1078
  C:4485H         LINE#         1079
  C:4485H         LINE#         1080
  C:449AH         LINE#         1081
  C:449CH         LINE#         1082
  C:44A3H         LINE#         1083
  C:44A3H         LINE#         1084
  C:44B8H         LINE#         1085
  C:44BAH         LINE#         1086
  C:44C1H         LINE#         1087
  C:44C1H         LINE#         1088
  C:44DDH         LINE#         1089
  C:44DDH         LINE#         1090
  C:44E0H         LINE#         1091
  C:44E0H         LINE#         1092
  C:44F6H         LINE#         1093
  C:44F6H         LINE#         1094
  C:4507H         LINE#         1095
  C:4507H         LINE#         1096
  C:4523H         LINE#         1097
  C:4538H         LINE#         1098
  C:453AH         LINE#         1100
  C:453AH         LINE#         1101
  C:4556H         LINE#         1102
  C:4572H         LINE#         1103
  C:4572H         LINE#         1104
  C:4590H         LINE#         1105
  C:45ACH         LINE#         1106
  C:45D3H         LINE#         1107
  C:45FAH         LINE#         1108
  C:461FH         LINE#         1109
  C:4629H         LINE#         1110
  C:4629H         LINE#         1111
  C:4641H         LINE#         1112
  C:465EH         LINE#         1113
  C:467BH         LINE#         1114
  C:4697H         LINE#         1115
  C:46B4H         LINE#         1116
  C:46D1H         LINE#         1117
  C:46EEH         LINE#         1118
  C:46FEH         LINE#         1119
  C:4701H         LINE#         1120
  C:4719H         LINE#         1121
  C:471CH         LINE#         1122
  C:4734H         LINE#         1123
  C:4737H         LINE#         1124
  C:474FH         LINE#         1125
  C:4752H         LINE#         1126
  C:4765H         LINE#         1127
  C:4765H         LINE#         1128
BL51 BANKED LINKER/LOCATER V6.22.4.0                                                  03/13/2024  15:17:28  PAGE 28


  C:4768H         LINE#         1130
  C:4768H         LINE#         1131
  C:4772H         LINE#         1132
  C:4772H         LINE#         1133
  C:478AH         LINE#         1134
  C:47A7H         LINE#         1135
  C:47C3H         LINE#         1136
  C:47E0H         LINE#         1137
  C:47FDH         LINE#         1138
  C:481AH         LINE#         1139
  C:482AH         LINE#         1140
  C:482DH         LINE#         1141
  C:4845H         LINE#         1142
  C:4848H         LINE#         1143
  C:4860H         LINE#         1144
  C:4863H         LINE#         1145
  C:487BH         LINE#         1146
  C:487EH         LINE#         1147
  C:4891H         LINE#         1148
  C:4891H         LINE#         1149
  C:4894H         LINE#         1151
  C:4894H         LINE#         1152
  C:48B1H         LINE#         1153
  C:48CDH         LINE#         1154
  C:48EAH         LINE#         1155
  C:4907H         LINE#         1156
  C:4924H         LINE#         1157
  C:4934H         LINE#         1158
  C:4948H         LINE#         1159
  C:4960H         LINE#         1160
  C:497BH         LINE#         1161
  C:4993H         LINE#         1162
  C:49AEH         LINE#         1163
  C:49C6H         LINE#         1164
  C:49E3H         LINE#         1165
  C:49F3H         LINE#         1166
  C:4A09H         LINE#         1167
  C:4A09H         LINE#         1168
  C:4A09H         LINE#         1170
  C:4A10H         LINE#         1171
  C:4A10H         LINE#         1172
  C:4A25H         LINE#         1173
  C:4A27H         LINE#         1174
  C:4A2EH         LINE#         1175
  C:4A2EH         LINE#         1176
  C:4A43H         LINE#         1177
  C:4A45H         LINE#         1178
  C:4A4CH         LINE#         1179
  C:4A4CH         LINE#         1180
  C:4A68H         LINE#         1181
  C:4A68H         LINE#         1182
  C:4A6BH         LINE#         1183
  C:4A6BH         LINE#         1184
  C:4A84H         LINE#         1185
  C:4A99H         LINE#         1186
  C:4AAEH         LINE#         1187
  C:4AC3H         LINE#         1188
BL51 BANKED LINKER/LOCATER V6.22.4.0                                                  03/13/2024  15:17:28  PAGE 29


  C:4AD8H         LINE#         1189
  C:4AEDH         LINE#         1190
  C:4B02H         LINE#         1191
  C:4B1EH         LINE#         1192
  C:4B27H         LINE#         1193
  C:4B36H         LINE#         1194
  C:4B36H         LINE#         1195
  C:4B46H         LINE#         1196
  C:4B46H         LINE#         1197
  C:4B53H         LINE#         1198
  C:4B55H         LINE#         1200
  C:4B55H         LINE#         1201
  C:4B66H         LINE#         1202
  C:4B66H         LINE#         1203
  C:4B6EH         LINE#         1204
  C:4B70H         LINE#         1205
  C:4B76H         LINE#         1206
  C:4B7AH         LINE#         1207
  C:4B7DH         LINE#         1208
  C:4B86H         LINE#         1209
  C:4B89H         LINE#         1211
  C:4B8BH         LINE#         1215
  C:4B8CH         LINE#         1217
  C:4B8CH         LINE#         1218
  C:4B92H         LINE#         1219
  C:4B97H         LINE#         1220
  C:4BA0H         LINE#         1221
  C:4BA9H         LINE#         1222
  C:4BB2H         LINE#         1223
  C:4BB7H         LINE#         1224
  C:4BBBH         LINE#         1225
  C:4BBFH         LINE#         1226
  C:4BC3H         LINE#         1227
  C:4BC7H         LINE#         1228
  C:4BCBH         LINE#         1229
  C:4BCFH         LINE#         1230
  C:4BD3H         LINE#         1231
  C:4BD7H         LINE#         1232
  C:4BDBH         LINE#         1233
  C:4BDFH         LINE#         1234
  C:4BE3H         LINE#         1235
  C:4BF2H         LINE#         1236
  C:4C1FH         LINE#         1237
  C:4C36H         LINE#         1238
  C:4C64H         LINE#         1239
  C:4CC9H         LINE#         1240
  C:4D39H         LINE#         1241
  C:4D58H         LINE#         1242
  C:4D70H         LINE#         1243
  C:4D7AH         LINE#         1244
  C:4D8DH         LINE#         1245
  C:4DD0H         LINE#         1246
  C:4DD0H         LINE#         1247
  C:4DE8H         LINE#         1248
  C:4E07H         LINE#         1249
  C:4E17H         LINE#         1250
  C:4E52H         LINE#         1251
BL51 BANKED LINKER/LOCATER V6.22.4.0                                                  03/13/2024  15:17:28  PAGE 30


  C:4E6EH         LINE#         1252
  C:4E9BH         LINE#         1253
  C:4EC8H         LINE#         1254
  C:4EC8H         LINE#         1255
  C:4F2DH         LINE#         1256
  C:4F9CH         LINE#         1257
  C:4FBDH         LINE#         1258
  C:4FD5H         LINE#         1259
  C:4FDFH         LINE#         1260
  C:4FFCH         LINE#         1261
  C:503FH         LINE#         1262
  C:503FH         LINE#         1263
  C:5057H         LINE#         1264
  C:5076H         LINE#         1265
  C:5086H         LINE#         1266
  C:50C1H         LINE#         1267
  C:50DDH         LINE#         1268
  C:510AH         LINE#         1269
  C:5137H         LINE#         1270
  C:5137H         LINE#         1271
  C:5148H         LINE#         1272
  C:515AH         LINE#         1273
  C:516BH         LINE#         1274
  C:517CH         LINE#         1275
  C:518DH         LINE#         1276
  C:519EH         LINE#         1277
  C:51AFH         LINE#         1278
  C:51C0H         LINE#         1279
  C:51D1H         LINE#         1280
  C:51E2H         LINE#         1281
  C:51EBH         LINE#         1282
  C:51EBH         LINE#         1283
  C:51F9H         LINE#         1284
  C:520BH         LINE#         1285
  C:521DH         LINE#         1286
  C:522EH         LINE#         1287
  C:5240H         LINE#         1288
  C:5252H         LINE#         1289
  C:5264H         LINE#         1290
  C:5273H         LINE#         1291
  C:5276H         LINE#         1292
  C:528DH         LINE#         1293
  C:5290H         LINE#         1294
  C:52A7H         LINE#         1295
  C:52AAH         LINE#         1296
  C:52C1H         LINE#         1297
  C:52C4H         LINE#         1298
  C:52D6H         LINE#         1299
  C:52D6H         LINE#         1300
  C:52D9H         LINE#         1302
  C:52D9H         LINE#         1303
  C:52E2H         LINE#         1304
  C:52E2H         LINE#         1305
  C:52F0H         LINE#         1306
  C:5302H         LINE#         1307
  C:5313H         LINE#         1308
  C:5325H         LINE#         1309
BL51 BANKED LINKER/LOCATER V6.22.4.0                                                  03/13/2024  15:17:28  PAGE 31


  C:5337H         LINE#         1310
  C:5349H         LINE#         1311
  C:5358H         LINE#         1312
  C:535BH         LINE#         1313
  C:5372H         LINE#         1314
  C:5375H         LINE#         1315
  C:538CH         LINE#         1316
  C:538FH         LINE#         1317
  C:53A6H         LINE#         1318
  C:53A9H         LINE#         1319
  C:53BBH         LINE#         1320
  C:53BBH         LINE#         1321
  C:53BEH         LINE#         1323
  C:53BEH         LINE#         1324
  C:53D0H         LINE#         1325
  C:53E1H         LINE#         1326
  C:53F3H         LINE#         1327
  C:5405H         LINE#         1328
  C:5417H         LINE#         1329
  C:5426H         LINE#         1330
  C:542FH         LINE#         1331
  C:5446H         LINE#         1332
  C:5454H         LINE#         1333
  C:546BH         LINE#         1334
  C:5479H         LINE#         1335
  C:5490H         LINE#         1336
  C:549EH         LINE#         1337
  C:54ADH         LINE#         1338
  C:54B8H         LINE#         1339
  C:54B8H         LINE#         1340
  C:54B8H         LINE#         1341
  C:54C1H         LINE#         1342
  C:54C1H         LINE#         1343
  C:54CFH         LINE#         1344
  C:54E1H         LINE#         1345
  C:54F3H         LINE#         1346
  C:5504H         LINE#         1347
  C:5516H         LINE#         1348
  C:5528H         LINE#         1349
  C:553AH         LINE#         1350
  C:5549H         LINE#         1351
  C:554CH         LINE#         1352
  C:5563H         LINE#         1353
  C:5566H         LINE#         1354
  C:557DH         LINE#         1355
  C:5580H         LINE#         1356
  C:5597H         LINE#         1357
  C:559AH         LINE#         1358
  C:55ACH         LINE#         1359
  C:55ACH         LINE#         1360
  C:55AFH         LINE#         1362
  C:55AFH         LINE#         1363
  C:55B8H         LINE#         1364
  C:55B8H         LINE#         1365
  C:55C6H         LINE#         1366
  C:55D8H         LINE#         1367
  C:55E9H         LINE#         1368
BL51 BANKED LINKER/LOCATER V6.22.4.0                                                  03/13/2024  15:17:28  PAGE 32


  C:55FBH         LINE#         1369
  C:560DH         LINE#         1370
  C:561FH         LINE#         1371
  C:562EH         LINE#         1372
  C:5631H         LINE#         1373
  C:5648H         LINE#         1374
  C:564BH         LINE#         1375
  C:5662H         LINE#         1376
  C:5665H         LINE#         1377
  C:567CH         LINE#         1378
  C:567FH         LINE#         1379
  C:5691H         LINE#         1380
  C:5691H         LINE#         1381
  C:5694H         LINE#         1383
  C:5694H         LINE#         1384
  C:56A6H         LINE#         1385
  C:56B7H         LINE#         1386
  C:56C9H         LINE#         1387
  C:56DBH         LINE#         1388
  C:56EDH         LINE#         1389
  C:56FCH         LINE#         1390
  C:5705H         LINE#         1391
  C:571CH         LINE#         1392
  C:572AH         LINE#         1393
  C:5741H         LINE#         1394
  C:574FH         LINE#         1395
  C:5766H         LINE#         1396
  C:5774H         LINE#         1397
  C:5783H         LINE#         1398
  C:578EH         LINE#         1399
  C:578EH         LINE#         1400
  C:578EH         LINE#         1401
  C:578EH         LINE#         1402
  -------         ENDPROC       SHOWDATA
  -------         PROC          _SHORTDELAY
  D:0006H         SYMBOL        i
  -------         DO            
  D:0004H         SYMBOL        k
  D:0002H         SYMBOL        n
  -------         ENDDO         
  C:A0D8H         LINE#         1407
  C:A0D8H         LINE#         1408
  C:A0D8H         LINE#         1411
  C:A0E2H         LINE#         1412
  C:A0F6H         LINE#         1413
  -------         ENDPROC       _SHORTDELAY
  -------         PROC          ALARM
  -------         DO            
  D:0007H         SYMBOL        n
  -------         ENDDO         
  C:A1E2H         LINE#         1418
  C:A1E2H         LINE#         1419
  C:A1E2H         LINE#         1421
  C:A1E4H         LINE#         1422
  C:A1E4H         LINE#         1423
  C:A1EBH         LINE#         1424
  C:A1EEH         LINE#         1425
BL51 BANKED LINKER/LOCATER V6.22.4.0                                                  03/13/2024  15:17:28  PAGE 33


  C:A1EEH         LINE#         1426
  C:A1F0H         LINE#         1427
  C:A1F0H         LINE#         1428
  C:A1F5H         LINE#         1429
  -------         ENDPROC       ALARM
  -------         PROC          _UPDATA_FLASH
  D:0007H         SYMBOL        j
  C:9E6DH         LINE#         1434
  C:9E6DH         LINE#         1435
  C:9E6DH         LINE#         1436
  C:9E7AH         LINE#         1437
  C:9E7AH         LINE#         1438
  C:9E88H         LINE#         1439
  C:9E88H         LINE#         1440
  C:9E88H         LINE#         1441
  C:9E8AH         LINE#         1443
  C:9E8AH         LINE#         1444
  C:9E97H         LINE#         1445
  C:9E97H         LINE#         1446
  C:9E98H         LINE#         1448
  C:9EA4H         LINE#         1449
  -------         ENDPROC       _UPDATA_FLASH
  -------         PROC          LED_FLASH
  -------         DO            
  X:049CH         SYMBOL        i
  -------         ENDDO         
  C:9DB9H         LINE#         1454
  C:9DB9H         LINE#         1455
  C:9DB9H         LINE#         1457
  C:9DC8H         LINE#         1458
  C:9DC8H         LINE#         1459
  C:9DCBH         LINE#         1460
  C:9DEDH         LINE#         1461
  C:9DF5H         LINE#         1462
  -------         ENDPROC       LED_FLASH
  -------         PROC          _LED_DISP
  D:0001H         SYMBOL        Num
  D:0005H         SYMBOL        Flag
  D:0003H         SYMBOL        State
  C:9F14H         LINE#         1467
  C:9F16H         LINE#         1468
  C:9F16H         LINE#         1469
  C:9F19H         LINE#         1470
  C:9F19H         LINE#         1471
  C:9F1CH         LINE#         1472
  C:9F1CH         LINE#         1473
  C:9F25H         LINE#         1474
  C:9F29H         LINE#         1475
  C:9F2CH         LINE#         1476
  C:9F2CH         LINE#         1477
  C:9F2EH         LINE#         1478
  C:9F2EH         LINE#         1479
  C:9F30H         LINE#         1481
  C:9F30H         LINE#         1482
  C:9F30H         LINE#         1483
  C:9F39H         LINE#         1484
  C:9F3DH         LINE#         1485
BL51 BANKED LINKER/LOCATER V6.22.4.0                                                  03/13/2024  15:17:28  PAGE 34


  C:9F40H         LINE#         1486
  C:9F40H         LINE#         1487
  C:9F42H         LINE#         1488
  C:9F49H         LINE#         1489
  C:9F49H         LINE#         1490
  -------         ENDPROC       _LED_DISP
  -------         ENDMOD        8253COUNT

  -------         MODULE        AT24C16
  C:0000H         SYMBOL        _ICE_DUMMY_
  D:0080H         PUBLIC        P0
  D:0090H         PUBLIC        P1
  D:00A0H         PUBLIC        P2
  D:00B0H         PUBLIC        P3
  D:00C0H         PUBLIC        P4
  D:00C8H         PUBLIC        P5
  C:98D5H         PUBLIC        _DS_SaveData
  D:00E8H         PUBLIC        P6
  D:00F8H         PUBLIC        P7
  C:9B8CH         PUBLIC        _read_1_byte_24
  D:00A8H         PUBLIC        IE
  C:A25DH         PUBLIC        stop_24
  D:00B8H         PUBLIC        IP
  C:9DF6H         PUBLIC        _write_1_byte_24
  C:97FCH         PUBLIC        read_8_bit_24
  D:00D8H         PUBLIC        CCON
  C:9781H         PUBLIC        _write_8_bit_24
  D:0098H         PUBLIC        SCON
  D:0088H         PUBLIC        TCON
  B:0090H.5       PUBLIC        sda
  C:A068H         PUBLIC        _delay_n5ms_24
  C:A22FH         SYMBOL        _?ix1000
  B:0090H.4       PUBLIC        scl
  C:A237H         SYMBOL        _?ix1001
  C:9934H         PUBLIC        _DS_ReadData
  C:A20AH         PUBLIC        start_24
  D:00D0H         PUBLIC        PSW
  -------         PROC          START_24
  C:A20AH         LINE#         17
  C:A20AH         LINE#         18
  C:A20AH         LINE#         19
  C:A20BH         LINE#         20
  C:A20DH         LINE#         21
  C:A20FH         LINE#         22
  C:A211H         LINE#         23
  C:A212H         LINE#         24
  C:A214H         LINE#         25
  C:A215H         LINE#         26
  C:A216H         LINE#         27
  C:A218H         LINE#         28
  C:A219H         LINE#         29
  C:A21AH         LINE#         30
  C:A21CH         LINE#         31
  -------         ENDPROC       START_24
  -------         PROC          STOP_24
  C:A25DH         LINE#         34
  C:A25DH         LINE#         35
BL51 BANKED LINKER/LOCATER V6.22.4.0                                                  03/13/2024  15:17:28  PAGE 35


  C:A25DH         LINE#         36
  C:A25FH         LINE#         37
  C:A261H         LINE#         38
  C:A264H         LINE#         39
  C:A267H         LINE#         40
  C:A269H         LINE#         41
  -------         ENDPROC       STOP_24
  -------         PROC          READ_8_BIT_24
  -------         DO            
  I:0059H         SYMBOL        r_8_bit
  I:005AH         SYMBOL        n
  I:005BH         SYMBOL        m
  I:005CH         SYMBOL        temp
  -------         ENDDO         
  C:97FCH         LINE#         45
  C:97FCH         LINE#         46
  C:97FCH         LINE#         50
  C:980FH         LINE#         52
  C:9813H         LINE#         53
  C:9817H         LINE#         54
  C:9822H         LINE#         55
  C:9822H         LINE#         56
  C:9824H         LINE#         57
  C:9825H         LINE#         58
  C:9830H         LINE#         59
  C:9832H         LINE#         60
  C:9837H         LINE#         61
  C:9839H         LINE#         62
  C:983DH         LINE#         63
  C:983FH         LINE#         64
  C:9841H         LINE#         66
  C:984EH         LINE#         67
  C:984EH         LINE#         68
[...]
  C:8138H         LINE#         414
  C:813FH         LINE#         415
  C:813FH         LINE#         416
  C:813FH         LINE#         417
  C:8142H         LINE#         418
  C:814BH         LINE#         419
  C:814BH         LINE#         420
  C:816DH         LINE#         421
  C:8171H         LINE#         422
  C:8173H         LINE#         423
  C:817CH         LINE#         424
  C:817CH         LINE#         425
  C:819EH         LINE#         426
  C:81A8H         LINE#         427
  C:81AAH         LINE#         428
  C:81B2H         LINE#         429
  C:81B2H         LINE#         430
  C:81BCH         LINE#         431
  C:81E1H         LINE#         432
  C:8206H         LINE#         433
  C:8206H         LINE#         434
  C:8206H         LINE#         435
  C:8206H         LINE#         436
  C:820BH         LINE#         437
  C:820BH         LINE#         438
  C:820EH         LINE#         439
  C:8211H         LINE#         440
  C:8211H         LINE#         441
  C:8218H         LINE#         442
  C:8218H         LINE#         443
  C:8219H         LINE#         444
  C:8220H         LINE#         445
  C:8220H         LINE#         446
  C:8226H         LINE#         447
  C:8228H         LINE#         448
BL51 BANKED LINKER/LOCATER V6.22.4.0                                                  03/13/2024  15:17:28  PAGE 74


  C:822FH         LINE#         449
  C:822FH         LINE#         450
  C:823AH         LINE#         451
  C:8242H         LINE#         452
  C:8244H         LINE#         453
  C:824BH         LINE#         454
  C:824BH         LINE#         455
  C:8256H         LINE#         456
  C:825EH         LINE#         457
  C:8260H         LINE#         458
  C:8267H         LINE#         459
  C:8267H         LINE#         460
  C:8272H         LINE#         461
  C:827DH         LINE#         462
  C:827DH         LINE#         463
  C:827DH         LINE#         464
  C:827DH         LINE#         465
  -------         ENDPROC       DISPALY_PARAMOVE
  -------         PROC          DISPALY_PARA
  C:6509H         LINE#         471
  C:6509H         LINE#         472
  C:6509H         LINE#         473
  C:650FH         LINE#         474
  C:650FH         LINE#         475
  C:6511H         LINE#         476
  C:6514H         LINE#         477
  C:6517H         LINE#         478
  C:6528H         LINE#         479
  C:6539H         LINE#         480
  C:654AH         LINE#         481
  C:655BH         LINE#         482
  C:6576H         LINE#         483
  C:6587H         LINE#         484
  C:65A2H         LINE#         485
  C:65BDH         LINE#         486
  C:65D8H         LINE#         487
  C:65E9H         LINE#         488
  C:6608H         LINE#         489
  C:6627H         LINE#         490
  C:6646H         LINE#         491
  C:6665H         LINE#         493
  C:6676H         LINE#         494
  C:6695H         LINE#         495
  C:66B4H         LINE#         496
  C:66D3H         LINE#         497
  C:66F2H         LINE#         499
  C:6703H         LINE#         500
  C:6722H         LINE#         501
  C:6741H         LINE#         502
  C:6760H         LINE#         503
  C:677FH         LINE#         506
  C:6790H         LINE#         507
  C:67AFH         LINE#         508
  C:67CEH         LINE#         509
  C:67EDH         LINE#         510
  C:680CH         LINE#         511
  C:6817H         LINE#         512
BL51 BANKED LINKER/LOCATER V6.22.4.0                                                  03/13/2024  15:17:28  PAGE 75


  C:6817H         LINE#         513
  C:6828H         LINE#         514
  C:6847H         LINE#         515
  C:6866H         LINE#         516
  C:6885H         LINE#         517
  C:68A4H         LINE#         519
  C:68B5H         LINE#         520
  C:68D4H         LINE#         521
  C:68F3H         LINE#         522
  C:6912H         LINE#         523
  C:6931H         LINE#         525
  C:6942H         LINE#         526
  C:6961H         LINE#         527
  C:6980H         LINE#         528
  C:699FH         LINE#         529
  C:69BEH         LINE#         531
  C:69CFH         LINE#         532
  C:69EEH         LINE#         533
  C:6A0DH         LINE#         534
  C:6A2CH         LINE#         535
  C:6A4BH         LINE#         537
  C:6A5CH         LINE#         538
  C:6A7BH         LINE#         539
  C:6A9AH         LINE#         540
  C:6AB9H         LINE#         541
  C:6AD8H         LINE#         543
  C:6AE9H         LINE#         544
  C:6B08H         LINE#         545
  C:6B27H         LINE#         546
  C:6B46H         LINE#         547
  C:6B65H         LINE#         548
  C:6B65H         LINE#         549
  C:6B65H         LINE#         550
  C:6B6BH         LINE#         551
  C:6B6BH         LINE#         552
  C:6B6EH         LINE#         554
  C:6B7FH         LINE#         555
  C:6B90H         LINE#         556
  C:6BA1H         LINE#         557
  C:6BB2H         LINE#         558
  C:6BC3H         LINE#         559
  C:6BD4H         LINE#         560
  C:6BE5H         LINE#         561
  C:6BF6H         LINE#         562
  C:6C07H         LINE#         563
  C:6C22H         LINE#         564
  C:6C3DH         LINE#         565
  C:6C58H         LINE#         566
  C:6C73H         LINE#         567
  C:6C92H         LINE#         568
  C:6CB1H         LINE#         569
  C:6CD0H         LINE#         570
  C:6CEFH         LINE#         572
  C:6D0EH         LINE#         573
  C:6D2DH         LINE#         574
  C:6D4CH         LINE#         575
  C:6D6BH         LINE#         577
BL51 BANKED LINKER/LOCATER V6.22.4.0                                                  03/13/2024  15:17:28  PAGE 76


  C:6D8AH         LINE#         578
  C:6DA9H         LINE#         579
  C:6DC8H         LINE#         580
  C:6DE7H         LINE#         582
  C:6E06H         LINE#         583
  C:6E25H         LINE#         584
  C:6E44H         LINE#         585
  C:6E63H         LINE#         586
  C:6E6EH         LINE#         587
  C:6E6EH         LINE#         588
  C:6E7FH         LINE#         589
  C:6E90H         LINE#         590
  C:6EA1H         LINE#         591
  C:6EB2H         LINE#         592
  C:6EC3H         LINE#         593
  C:6ED4H         LINE#         594
  C:6EF3H         LINE#         595
  C:6F12H         LINE#         596
  C:6F31H         LINE#         597
  C:6F50H         LINE#         599
  C:6F6FH         LINE#         600
  C:6F8EH         LINE#         601
  C:6FADH         LINE#         602
  C:6FCCH         LINE#         604
  C:6FEBH         LINE#         605
  C:700AH         LINE#         606
  C:7029H         LINE#         607
  C:7048H         LINE#         609
  C:7067H         LINE#         610
  C:7086H         LINE#         611
  C:70A5H         LINE#         612
  C:70C4H         LINE#         614
  C:70E3H         LINE#         615
  C:7102H         LINE#         616
  C:7121H         LINE#         617
  C:7140H         LINE#         619
  C:715FH         LINE#         620
  C:717EH         LINE#         621
  C:719DH         LINE#         622
  C:71BCH         LINE#         623
  C:71BCH         LINE#         624
  C:71C2H         LINE#         625
  C:71C8H         LINE#         626
  C:71C8H         LINE#         627
  C:71CAH         LINE#         628
  C:71CAH         LINE#         629
  C:71CAH         LINE#         630
  -------         ENDPROC       DISPALY_PARA
  -------         ENDMOD        SETPARA

  -------         MODULE        SETTIME
  C:0000H         SYMBOL        _ICE_DUMMY_
  C:868BH         PUBLIC        settime
  D:0080H         PUBLIC        P0
  D:0090H         PUBLIC        P1
  D:00A0H         PUBLIC        P2
  D:00B0H         PUBLIC        P3
BL51 BANKED LINKER/LOCATER V6.22.4.0                                                  03/13/2024  15:17:28  PAGE 77


  D:00C0H         PUBLIC        P4
  D:00C8H         PUBLIC        P5
  D:00E8H         PUBLIC        P6
  D:00F8H         PUBLIC        P7
  X:04D2H         PUBLIC        Init_Time
  D:00A8H         PUBLIC        IE
  D:00B8H         PUBLIC        IP
  D:00D8H         PUBLIC        CCON
  X:04D3H         PUBLIC        Real_Count_Display
  D:0098H         PUBLIC        SCON
  D:0088H         PUBLIC        TCON
  X:04F3H         PUBLIC        Inctime
  X:04F4H         PUBLIC        Setted_Time
  D:00D0H         PUBLIC        PSW
  -------         PROC          SETTIME
  C:868BH         LINE#         18
  C:868BH         LINE#         19
  C:868BH         LINE#         20
  C:868DH         LINE#         21
  C:868FH         LINE#         22
  C:8691H         LINE#         23
  C:8697H         LINE#         25
  C:869AH         LINE#         26
  C:869AH         LINE#         27
  C:869CH         LINE#         28
  C:869FH         LINE#         29
  C:86A2H         LINE#         30
  C:86B3H         LINE#         31
  C:86C0H         LINE#         32
  C:86CDH         LINE#         33
  C:86DCH         LINE#         34
  C:86EDH         LINE#         35
  C:86F3H         LINE#         36
  C:86F4H         LINE#         38
  C:86F4H         LINE#         39
  C:8703H         LINE#         40
  C:8703H         LINE#         41
  C:8709H         LINE#         42
  C:870FH         LINE#         43
  C:871CH         LINE#         44
  C:8729H         LINE#         45
  C:8731H         LINE#         46
  C:8734H         LINE#         47
  C:873CH         LINE#         48
  C:873CH         LINE#         49
  C:8742H         LINE#         50
  C:874FH         LINE#         51
  C:875EH         LINE#         52
  C:8764H         LINE#         53
  C:8767H         LINE#         54
  C:876FH         LINE#         55
  C:876FH         LINE#         56
  C:8775H         LINE#         57
  C:8782H         LINE#         58
  C:8791H         LINE#         59
  C:8797H         LINE#         60
  C:879AH         LINE#         61
BL51 BANKED LINKER/LOCATER V6.22.4.0                                                  03/13/2024  15:17:28  PAGE 78


  C:87A2H         LINE#         62
  C:87A2H         LINE#         63
  C:87A8H         LINE#         64
  C:87B5H         LINE#         65
  C:87C4H         LINE#         66
  C:87CAH         LINE#         67
  C:87CDH         LINE#         68
  C:87D5H         LINE#         69
  C:87D5H         LINE#         70
  C:87DBH         LINE#         71
  C:87E8H         LINE#         72
  C:87F7H         LINE#         73
  C:87FDH         LINE#         74
  C:87FFH         LINE#         75
  C:8807H         LINE#         76
  C:8807H         LINE#         77
  C:880DH         LINE#         78
  C:881AH         LINE#         79
  C:8829H         LINE#         80
  C:882FH         LINE#         81
  C:8831H         LINE#         82
  C:8838H         LINE#         83
  C:8838H         LINE#         84
  C:883EH         LINE#         85
  C:884BH         LINE#         86
  C:885AH         LINE#         87
  C:8867H         LINE#         88
  C:8867H         LINE#         89
  C:8867H         LINE#         90
  -------         ENDPROC       SETTIME
  -------         ENDMOD        SETTIME

  -------         MODULE        TIME0
  C:0000H         SYMBOL        _ICE_DUMMY_
  D:0080H         PUBLIC        P0
  D:0090H         PUBLIC        P1
  D:00A0H         PUBLIC        P2
  D:00B0H         PUBLIC        P3
  D:00C0H         PUBLIC        P4
  D:00C8H         PUBLIC        P5
  B:00A8H.7       PUBLIC        EA
  D:00E8H         PUBLIC        P6
  D:00F8H         PUBLIC        P7
  B:0023H.6       PUBLIC        FlagCollFall
  D:00A8H         PUBLIC        IE
  D:00B8H         PUBLIC        IP
  B:0090H.3       PUBLIC        GATE
  D:00D8H         PUBLIC        CCON
  D:0098H         PUBLIC        SCON
  D:0089H         PUBLIC        TMOD
  D:0088H         PUBLIC        TCON
  X:051EH         PUBLIC        NumT0
  C:9FE0H         PUBLIC        Init_Time0
  B:0023H.7       PUBLIC        Flag_Tim0
  X:0520H         PUBLIC        CntWarn
  X:0522H         PUBLIC        CntS1Warn
  B:00A8H.1       PUBLIC        ET0
BL51 BANKED LINKER/LOCATER V6.22.4.0                                                  03/13/2024  15:17:28  PAGE 79


  B:0088H.5       PUBLIC        TF0
  D:008CH         PUBLIC        TH0
  D:008AH         PUBLIC        TL0
  B:0088H.4       PUBLIC        TR0
  C:91CCH         PUBLIC        Tim0
  X:0524H         PUBLIC        CmOverTime
  X:0526H         PUBLIC        CntFlhWarnT0
  B:0024H.0       PUBLIC        Flag_Warn_Serial1
  D:00D0H         PUBLIC        PSW
  -------         PROC          TIM0
  C:91CCH         LINE#         23
  C:91DFH         LINE#         25
  C:91E1H         LINE#         26
  C:91E4H         LINE#         27
  C:91E7H         LINE#         28
  C:91EAH         LINE#         29
  C:91EAH         LINE#         30
  C:91EDH         LINE#         31
  C:91EDH         LINE#         32
  C:9202H         LINE#         33
  C:9202H         LINE#         34
  C:9209H         LINE#         35
  C:920BH         LINE#         36
  C:920BH         LINE#         37
  C:920BH         LINE#         38
  C:920BH         LINE#         39
  C:920EH         LINE#         40
  C:920EH         LINE#         41
  C:9223H         LINE#         42
  C:9223H         LINE#         43
  C:922AH         LINE#         44
  C:922CH         LINE#         45
  C:922CH         LINE#         46
  C:922CH         LINE#         47
  C:922FH         LINE#         48
  C:922FH         LINE#         49
  C:9239H         LINE#         50
  C:9239H         LINE#         51
  C:923BH         LINE#         52
  C:923BH         LINE#         53
  C:924EH         LINE#         54
  C:9265H         LINE#         55
  C:9265H         LINE#         56
  C:9267H         LINE#         57
  C:926BH         LINE#         58
  C:926DH         LINE#         59
  C:926FH         LINE#         60
  C:926FH         LINE#         61
  C:926FH         LINE#         62
  C:9272H         LINE#         63
  C:9272H         LINE#         64
  C:9287H         LINE#         65
  C:9287H         LINE#         66
  C:9289H         LINE#         67
  C:9290H         LINE#         68
  C:9290H         LINE#         69
  C:9290H         LINE#         70
BL51 BANKED LINKER/LOCATER V6.22.4.0                                                  03/13/2024  15:17:28  PAGE 80


  C:9293H         LINE#         71
  C:9293H         LINE#         72
  C:92A8H         LINE#         73
  C:92A8H         LINE#         74
  C:92AAH         LINE#         75
  C:92B1H         LINE#         76
  C:92B1H         LINE#         77
  C:92B1H         LINE#         78
  -------         ENDPROC       TIM0
  -------         PROC          INIT_TIME0
  C:9FE0H         LINE#         83
  C:9FE0H         LINE#         84
  C:9FE0H         LINE#         85
  C:9FE3H         LINE#         86
  C:9FE6H         LINE#         87
  C:9FE9H         LINE#         88
  C:9FEFH         LINE#         89
  C:9FF5H         LINE#         90
  C:9FFBH         LINE#         91
  C:9FFFH         LINE#         92
  C:A003H         LINE#         93
  C:A009H         LINE#         94
  C:A00BH         LINE#         95
  C:A00DH         LINE#         96
  C:A00FH         LINE#         97
  -------         ENDPROC       INIT_TIME0
  -------         ENDMOD        TIME0

  -------         MODULE        ?C?FPADD
  C:71D2H         PUBLIC        ?C?FPADD
  C:71CEH         PUBLIC        ?C?FPSUB
  -------         ENDMOD        ?C?FPADD

  -------         MODULE        ?C?FPMUL
  C:72C3H         PUBLIC        ?C?FPMUL
  -------         ENDMOD        ?C?FPMUL

  -------         MODULE        ?C?FPDIV
  C:73CCH         PUBLIC        ?C?FPDIV
  -------         ENDMOD        ?C?FPDIV

  -------         MODULE        ?C?FPCMP
  C:746BH         PUBLIC        ?C?FPCMP
  C:7469H         PUBLIC        ?C?FPCMP3
  -------         ENDMOD        ?C?FPCMP

  -------         MODULE        ?C?FCAST
  C:74ECH         PUBLIC        ?C?FCASTC
  C:74E7H         PUBLIC        ?C?FCASTI
  C:74E2H         PUBLIC        ?C?FCASTL
  -------         ENDMOD        ?C?FCAST

  -------         MODULE        ?C?CASTF
  C:7520H         PUBLIC        ?C?CASTF
  -------         ENDMOD        ?C?CASTF

  -------         MODULE        POW
BL51 BANKED LINKER/LOCATER V6.22.4.0                                                  03/13/2024  15:17:28  PAGE 81


  X:04C4H         PUBLIC        ?_pow?BYTE
  C:8868H         PUBLIC        _pow
  -------         ENDMOD        POW

  -------         MODULE        ?C?CHKFLOAT
  C:75A1H         PUBLIC        ?C?CHKFLOAT
  -------         ENDMOD        ?C?CHKFLOAT

  -------         MODULE        ?C?FPNEG
  C:75BBH         PUBLIC        ?C?FPNEG
  -------         ENDMOD        ?C?FPNEG

  -------         MODULE        EXP
  C:9571H         PUBLIC        _EXP
  -------         ENDMOD        EXP

  -------         MODULE        LOG
  C:8DCCH         PUBLIC        _LOG
  C:8DC8H         PUBLIC        _LOG10
  -------         ENDMOD        LOG

  -------         MODULE        ?C?COPY
  C:76E9H         PUBLIC        ?C?COPY
  -------         ENDMOD        ?C?COPY

  -------         MODULE        ?C?CLDPTR
  C:770FH         PUBLIC        ?C?CLDPTR
  -------         ENDMOD        ?C?CLDPTR

  -------         MODULE        ?C?CLDOPTR
  C:7728H         PUBLIC        ?C?CLDOPTR
  -------         ENDMOD        ?C?CLDOPTR

  -------         MODULE        ?C?CSTOPTR
  C:7755H         PUBLIC        ?C?CSTOPTR
  -------         ENDMOD        ?C?CSTOPTR

  -------         MODULE        ?C?IMUL
  C:7777H         PUBLIC        ?C?IMUL
  -------         ENDMOD        ?C?IMUL

  -------         MODULE        ?C?UIDIV
  C:7789H         PUBLIC        ?C?UIDIV
  -------         ENDMOD        ?C?UIDIV

  -------         MODULE        ?C?SIDIV
  C:77DEH         PUBLIC        ?C?SIDIV
  -------         ENDMOD        ?C?SIDIV

  -------         MODULE        ?C?IILDX
  C:7814H         PUBLIC        ?C?IILDX
  -------         ENDMOD        ?C?IILDX

  -------         MODULE        ?C?ULDIV
  C:7866H         PUBLIC        ?C?ULDIV
  -------         ENDMOD        ?C?ULDIV

BL51 BANKED LINKER/LOCATER V6.22.4.0                                                  03/13/2024  15:17:28  PAGE 82


  -------         MODULE        ?C?LNEG
  C:78F8H         PUBLIC        ?C?LNEG
  -------         ENDMOD        ?C?LNEG

  -------         MODULE        ?C?ULCMP
  C:7906H         PUBLIC        ?C?ULCMP
  -------         ENDMOD        ?C?ULCMP

  -------         MODULE        ?C?LLDIDATA
  C:7917H         PUBLIC        ?C?LLDIDATA
  -------         ENDMOD        ?C?LLDIDATA

  -------         MODULE        ?C?LLDCODE
  C:7923H         PUBLIC        ?C?LLDCODE
  -------         ENDMOD        ?C?LLDCODE

  -------         MODULE        ?C?LLDIDATA0
  C:7933H         PUBLIC        ?C?LLDIDATA0
  -------         ENDMOD        ?C?LLDIDATA0

  -------         MODULE        ?C?LLDXDATA0
  C:7940H         PUBLIC        ?C?LLDXDATA0
  -------         ENDMOD        ?C?LLDXDATA0

  -------         MODULE        ?C?LLDCODE0
  C:794CH         PUBLIC        ?C?LLDCODE0
  -------         ENDMOD        ?C?LLDCODE0

  -------         MODULE        ?C?LSTIDATA
  C:795CH         PUBLIC        ?C?LSTIDATA
  -------         ENDMOD        ?C?LSTIDATA

  -------         MODULE        ?C?LSTXDATA
  C:7968H         PUBLIC        ?C?LSTXDATA
  -------         ENDMOD        ?C?LSTXDATA

  -------         MODULE        ?C?LSTKIDATA
  C:7974H         PUBLIC        ?C?LSTKIDATA
  -------         ENDMOD        ?C?LSTKIDATA

  -------         MODULE        ?C?LSTKXDATA
  C:798DH         PUBLIC        ?C?LSTKXDATA
  -------         ENDMOD        ?C?LSTKXDATA

  -------         MODULE        ?C?OFFXADD
  C:79BEH         PUBLIC        ?C?OFFXADD
  -------         ENDMOD        ?C?OFFXADD

Program Size: data=112.5 xdata=1322 code=41639
LINK/LOCATE RUN COMPLETE.  0 WARNING(S),  0 ERROR(S)
