BL51 BANKED LINKER/LOCATER V6.22.4.0                                                    03/19/2024  15:40:30  PAGE 1


BL51 BANKED LINKER/LOCATER V6.22.4.0, INVOKED BY:
C:\KEIL_V5\C51\BIN\BL51.EXE .\Objects\STARTUP.obj, .\Objects\8253count.obj, .\Objects\at24c16.obj, .\Objects\collateral.
>> obj, .\Objects\lcd.obj, .\Objects\main.obj, .\Objects\Masterdisplay.obj, .\Objects\measure.obj, .\Objects\reset.obj, 
>> .\Objects\serial.obj, .\Objects\Serial1Dip.obj, .\Objects\setinput.obj, .\Objects\setpara.obj, .\Objects\settime.obj,
>>  .\Objects\time0.obj TO .\Objects\Dose_Proj PRINT (.\Listings\Dose_Proj.m51) RAMSIZE (256)


MEMORY MODEL: LARGE WITH FLOATING POINT ARITHMETIC


INPUT MODULES INCLUDED:
  .\Objects\STARTUP.obj (?C_STARTUP)
  .\Objects\8253count.obj (8253COUNT)
  .\Objects\at24c16.obj (AT24C16)
  .\Objects\collateral.obj (COLLATERAL)
  .\Objects\lcd.obj (LCD)
  .\Objects\main.obj (MAIN)
  .\Objects\Masterdisplay.obj (MASTERDISPLAY)
  .\Objects\measure.obj (MEASURE)
  .\Objects\reset.obj (RESET)
  .\Objects\serial.obj (SERIAL)
  .\Objects\Serial1Dip.obj (SERIAL1DIP)
  .\Objects\setinput.obj (SETINPUT)
  .\Objects\setpara.obj (SETPARA)
  .\Objects\settime.obj (SETTIME)
  .\Objects\time0.obj (TIME0)
  C:\KEIL_V5\C51\LIB\C51FPL.LIB (?C?FPADD)
  C:\KEIL_V5\C51\LIB\C51FPL.LIB (?C?FPMUL)
  C:\KEIL_V5\C51\LIB\C51FPL.LIB (?C?FPDIV)
  C:\KEIL_V5\C51\LIB\C51FPL.LIB (?C?FPCMP)
  C:\KEIL_V5\C51\LIB\C51FPL.LIB (?C?FCAST)
  C:\KEIL_V5\C51\LIB\C51FPL.LIB (?C?CASTF)
  C:\KEIL_V5\C51\LIB\C51FPL.LIB (POW)
  C:\KEIL_V5\C51\LIB\C51FPL.LIB (?C?FPGETOPN)
  C:\KEIL_V5\C51\LIB\C51FPL.LIB (?C?CHKFLOAT)
  C:\KEIL_V5\C51\LIB\C51FPL.LIB (?C?FPNEG)
  C:\KEIL_V5\C51\LIB\C51FPL.LIB (EXP)
  C:\KEIL_V5\C51\LIB\C51FPL.LIB (LOG)
  C:\KEIL_V5\C51\LIB\C51FPL.LIB (?C?FPSERIES)
  C:\KEIL_V5\C51\LIB\C51L.LIB (?C_INIT)
  C:\KEIL_V5\C51\LIB\C51L.LIB (?C?COPY)
  C:\KEIL_V5\C51\LIB\C51L.LIB (?C?CLDPTR)
  C:\KEIL_V5\C51\LIB\C51L.LIB (?C?CLDOPTR)
  C:\KEIL_V5\C51\LIB\C51L.LIB (?C?CSTOPTR)
  C:\KEIL_V5\C51\LIB\C51L.LIB (?C?IMUL)
  C:\KEIL_V5\C51\LIB\C51L.LIB (?C?UIDIV)
  C:\KEIL_V5\C51\LIB\C51L.LIB (?C?SIDIV)
  C:\KEIL_V5\C51\LIB\C51L.LIB (?C?IILDX)
  C:\KEIL_V5\C51\LIB\C51L.LIB (?C?ULDIV)
  C:\KEIL_V5\C51\LIB\C51L.LIB (?C?LNEG)
  C:\KEIL_V5\C51\LIB\C51L.LIB (?C?ULCMP)
  C:\KEIL_V5\C51\LIB\C51L.LIB (?C?LLDIDATA)
  C:\KEIL_V5\C51\LIB\C51L.LIB (?C?LLDCODE)
  C:\KEIL_V5\C51\LIB\C51L.LIB (?C?LLDIDATA0)
  C:\KEIL_V5\C51\LIB\C51L.LIB (?C?LLDXDATA0)
  C:\KEIL_V5\C51\LIB\C51L.LIB (?C?LLDCODE0)
  C:\KEIL_V5\C51\LIB\C51L.LIB (?C?LSTIDATA)
  C:\KEIL_V5\C51\LIB\C51L.LIB (?C?LSTXDATA)
BL51 BANKED LINKER/LOCATER V6.22.4.0                                                  03/19/2024  15:40:30  PAGE 2


  C:\KEIL_V5\C51\LIB\C51L.LIB (?C?LSTKIDATA)
  C:\KEIL_V5\C51\LIB\C51L.LIB (?C?LSTKXDATA)
  C:\KEIL_V5\C51\LIB\C51L.LIB (?C?OFFXADD)


LINK MAP OF MODULE:  .\Objects\Dose_Proj (?C_STARTUP)


            TYPE    BASE      LENGTH    RELOCATION   SEGMENT NAME
            -----------------------------------------------------

            * * * * * * *   D A T A   M E M O R Y   * * * * * * *
            REG     0000H     0008H     ABSOLUTE     "REG BANK 0"
            DATA    0008H     0006H     UNIT         _DATA_GROUP_
            DATA    000EH     0003H     UNIT         ?DT?SETPARA
            DATA    0011H     0001H     UNIT         ?DT?MAIN
            IDATA   0012H     0005H     UNIT         ?ID?SETPARA
                    0017H     0009H                  *** GAP ***
            BIT     0020H.0   0003H.6   UNIT         ?BI?MAIN
            BIT     0023H.6   0000H.3   UNIT         ?BI?TIME0
            BIT     0024H.1   0000H.2   UNIT         ?BI?COLLATERAL
            BIT     0024H.3   0000H.1   UNIT         ?BI?8253COUNT
            BIT     0024H.4   0000H.1   UNIT         _BIT_GROUP_
                    0024H.5   0000H.3                *** GAP ***
            IDATA   0025H     0030H     UNIT         ?ID?8253COUNT
            IDATA   0055H     0024H     UNIT         _IDATA_GROUP_
            IDATA   0079H     0001H     UNIT         ?STACK

            * * * * * * *  X D A T A   M E M O R Y  * * * * * * *
            XDATA   0000H     0273H     UNIT         ?XD?8253COUNT
            XDATA   0273H     0240H     UNIT         ?XD?MAIN
            XDATA   04B3H     0049H     UNIT         ?XD?MASTERDISPLAY
            XDATA   04FCH     0036H     UNIT         _XDATA_GROUP_
            XDATA   0532H     002AH     UNIT         ?XD?SETTIME
            XDATA   055CH     0022H     UNIT         ?XD?SETPARA
            XDATA   057EH     000AH     UNIT         ?XD?TIME0
            XDATA   0588H     0002H     UNIT         ?XD?COLLATERAL

            * * * * * * *   C O D E   M E M O R Y   * * * * * * *
            CODE    0000H     0003H     ABSOLUTE     
            CODE    0003H     0003H     ABSOLUTE     
                    0006H     0005H                  *** GAP ***
            CODE    000BH     0003H     ABSOLUTE     
            CODE    000EH     0015H     UNIT         ?CO?COLLATERAL
            CODE    0023H     0003H     ABSOLUTE     
            CODE    0026H     001BH     UNIT         ?PR?_TWORD?LCD
                    0041H     0002H                  *** GAP ***
            CODE    0043H     0003H     ABSOLUTE     
            CODE    0046H     57DCH     UNIT         ?PR?SHOWDATA?8253COUNT
            CODE    5822H     0D7AH     UNIT         ?PR?_COLLECT_WORD?COLLATERAL
            CODE    659CH     0CC2H     UNIT         ?PR?DISPALY_PARA?SETPARA
            CODE    725EH     07FFH     UNIT         ?C?LIB_CODE
            CODE    7A5DH     0400H     UNIT         ?PR?INIT_PARA?MAIN
            CODE    7E5DH     02B0H     UNIT         ?PR?DISPLAY_B?MASTERDISPLAY
            CODE    810DH     0225H     UNIT         ?PR?DISPALY_PARAMOVE?SETPARA
            CODE    8332H     0207H     UNIT         ?PR?GETANDDISDATA?8253COUNT
            CODE    8539H     0206H     UNIT         ?PR?SETPARAMETER?SETPARA
BL51 BANKED LINKER/LOCATER V6.22.4.0                                                  03/19/2024  15:40:30  PAGE 3


            CODE    873FH     01DDH     UNIT         ?PR?SETTIME?SETTIME
            CODE    891CH     0166H     UNIT         ?PR?_POW?POW
            CODE    8A82H     014BH     UNIT         ?PR?_TRNUMBER?LCD
            CODE    8BCDH     014BH     UNIT         ?PR?_TNUMBER?LCD
            CODE    8D18H     0134H     UNIT         ?PR?SETINPUT?SETINPUT
            CODE    8E4CH     0129H     UNIT         ?PR?LOG?LOG
            CODE    8F75H     0110H     UNIT         ?PR?SHOWSETRESULT?MEASURE
            CODE    9085H     0102H     UNIT         ?PR?INIT_RAM?MAIN
            CODE    9187H     00F9H     UNIT         ?PR?SIDE_RCHANGE?SETPARA
            CODE    9280H     00F6H     UNIT         ?PR?TIM0?TIME0
            CODE    9376H     00EDH     UNIT         ?PR?INIT_8253?8253COUNT
            CODE    9463H     00E7H     UNIT         ?PR?SIDE_LCHANGE?SETPARA
            CODE    954AH     00A3H     UNIT         ?PR?INT0?MAIN
            CODE    95EDH     009AH     UNIT         ?PR?EXP?EXP
            CODE    9687H     0099H     UNIT         ?CO?8253COUNT
            CODE    9720H     008CH     UNIT         ?C_C51STARTUP
            CODE    97ACH     0089H     UNIT         ?PR?_SEND_WORD?COLLATERAL
            CODE    9835H     007BH     UNIT         ?PR?_WRITE_8_BIT_24?AT24C16
            CODE    98B0H     0074H     UNIT         ?PR?READ_8_BIT_24?AT24C16
            CODE    9924H     0065H     UNIT         ?CO?MEASURE
            CODE    9989H     005FH     UNIT         ?PR?_DS_SAVEDATA?AT24C16
            CODE    99E8H     005FH     UNIT         ?PR?_DS_READDATA?AT24C16
            CODE    9A47H     005AH     UNIT         ?PR?MAIN?MAIN
            CODE    9AA1H     0059H     UNIT         ?PR?_TXTEXT?LCD
            CODE    9AFAH     0059H     UNIT         ?PR?TRANSFER_DCS?MAIN
            CODE    9B53H     0051H     UNIT         ?PR?_TRXTEXT?LCD
            CODE    9BA4H     004EH     UNIT         ?PR?_CLOSE?LCD
            CODE    9BF2H     004EH     UNIT         ?PR?MEASURE?MEASURE
            CODE    9C40H     004DH     UNIT         ?PR?_READ_1_BYTE_24?AT24C16
            CODE    9C8DH     004DH     UNIT         ?PR?RESET?RESET
            CODE    9CDAH     004BH     UNIT         ?PR?KEY_FUNCTION?MAIN
            CODE    9D25H     0046H     UNIT         ?PR?_WARNLED_ON?LCD
            CODE    9D6BH     0046H     UNIT         ?PR?_WARNLED_OFF?LCD
            CODE    9DB1H     0040H     UNIT         ?PR?LINE_CHANGE?SETPARA
            CODE    9DF1H     003EH     UNIT         ?CO?LCD
            CODE    9E2FH     003EH     UNIT         ?CO?SETPARA
            CODE    9E6DH     003DH     UNIT         ?PR?LED_FLASH?8253COUNT
            CODE    9EAAH     003DH     UNIT         ?PR?_WRITE_1_BYTE_24?AT24C16
            CODE    9EE7H     003AH     UNIT         ?PR?CLEAR?LCD
            CODE    9F21H     0038H     UNIT         ?PR?_UPDATA_FLASH?8253COUNT
            CODE    9F59H     0038H     UNIT         ?PR?REDLED_FLASH?MASTERDISPLAY
            CODE    9F91H     0037H     UNIT         ?PR?_UPDATA_LED?MASTERDISPLAY
            CODE    9FC8H     0036H     UNIT         ?PR?_LED_DISP?8253COUNT
            CODE    9FFEH     0034H     UNIT         ?PR?_WARNING_DISP?MASTERDISPLAY
            CODE    A032H     0032H     UNIT         ?PR?TRANSFER?MAIN
            CODE    A064H     0030H     UNIT         ?PR?_OPEN?LCD
            CODE    A094H     0030H     UNIT         ?PR?INIT_TIME0?TIME0
            CODE    A0C4H     002DH     UNIT         ?PR?CKMASTERCMD?COLLATERAL
            CODE    A0F1H     002BH     UNIT         ?CO?SETINPUT
            CODE    A11CH     0027H     UNIT         ?PR?_DELAY_N5MS_24?AT24C16
            CODE    A143H     0026H     UNIT         ?PR?_TXBYTE?LCD
            CODE    A169H     0023H     UNIT         ?PR?INIT_MCU?MAIN
            CODE    A18CH     001FH     UNIT         ?PR?_SHORTDELAY?8253COUNT
            CODE    A1ABH     001EH     UNIT         ?PR?SPEAK_ALARM?MAIN
            CODE    A1C9H     001BH     UNIT         ?C_INITSEG
            CODE    A1E4H     001AH     UNIT         ?PR?LCD_INIT?LCD
            CODE    A1FEH     001AH     UNIT         ?PR?LCD_START?LCD
BL51 BANKED LINKER/LOCATER V6.22.4.0                                                  03/19/2024  15:40:30  PAGE 4


            CODE    A218H     001AH     UNIT         ?CO?MASTERDISPLAY
            CODE    A232H     001AH     UNIT         ?PR?PARAMETERRIGHT?SETPARA
            CODE    A24CH     001AH     UNIT         ?PR?PARAMETERLEFT?SETPARA
            CODE    A266H     0019H     UNIT         ?PR?INIT_IO?MAIN
            CODE    A27FH     0017H     UNIT         ?PR?SERIAL_PORT_ONE_INITIAL?SERIAL
            CODE    A296H     0014H     UNIT         ?PR?ALARM?8253COUNT
            CODE    A2AAH     0014H     UNIT         ?PR?TXEOF?LCD
            CODE    A2BEH     0013H     UNIT         ?PR?START_24?AT24C16
            CODE    A2D1H     0012H     UNIT         ?PR?_T1BYTE?LCD
            CODE    A2E3H     0010H     UNIT         ?CO?AT24C16
            CODE    A2F3H     0010H     UNIT         ?PR?SERIAL_PORT_TWO_INITIAL?SERIAL
            CODE    A303H     000EH     UNIT         ?CO?SETTIME
            CODE    A311H     000DH     UNIT         ?PR?STOP_24?AT24C16
            CODE    A31EH     000DH     UNIT         ?PR?LCD_CLEAR?LCD
            CODE    A32BH     000CH     UNIT         ?PR?SELECT_MAST?MAIN
            CODE    A337H     000CH     UNIT         ?CO?RESET
            CODE    A343H     000BH     UNIT         ?PR?INIT_BUF?MAIN
            CODE    A34EH     000AH     UNIT         ?PR?UART_ONE_INTERRUPT_RECEIVE?SERIAL
            CODE    A358H     000AH     UNIT         ?PR?UART_TWO_INTERRUPT_RECEIVE?SERIAL



OVERLAY MAP OF MODULE:   .\Objects\Dose_Proj (?C_STARTUP)


SEGMENT                                          BIT_GROUP          DATA_GROUP          IDATA_GROUP         XDATA_GROUP
  +--> CALLED SEGMENT                         START    LENGTH     START    LENGTH     START    LENGTH     START    LENGT
>> H
------------------------------------------------------------------------------------------------------------------------
>> -
?C_C51STARTUP                                 -----    -----      -----    -----      -----    -----      -----    -----
>> 
  +--> ?PR?MAIN?MAIN
  +--> ?C_INITSEG

?PR?MAIN?MAIN                                 -----    -----      -----    -----      -----    -----      -----    -----
>> 
  +--> ?PR?INIT_IO?MAIN
  +--> ?PR?INIT_MCU?MAIN
  +--> ?PR?INIT_RAM?MAIN
  +--> ?PR?INIT_PARA?MAIN
  +--> ?PR?INIT_BUF?MAIN
  +--> ?PR?INIT_TIME0?TIME0
  +--> ?PR?LCD_CLEAR?LCD
  +--> ?PR?LCD_START?LCD
  +--> ?PR?SELECT_MAST?MAIN
  +--> ?PR?KEY_FUNCTION?MAIN
  +--> ?PR?GETANDDISDATA?8253COUNT
  +--> ?PR?SHOWDATA?8253COUNT
  +--> ?PR?TRANSFER?MAIN
  +--> ?PR?TRANSFER_DCS?MAIN
  +--> ?PR?INIT_8253?8253COUNT
  +--> ?PR?LED_FLASH?8253COUNT
  +--> ?PR?REDLED_FLASH?MASTERDISPLAY

?PR?INIT_MCU?MAIN                             -----    -----      -----    -----      -----    -----      -----    -----
>> 
BL51 BANKED LINKER/LOCATER V6.22.4.0                                                  03/19/2024  15:40:30  PAGE 5


  +--> ?PR?SERIAL_PORT_TWO_INITIAL?SERIAL
  +--> ?PR?SERIAL_PORT_ONE_INITIAL?SERIAL
  +--> ?PR?LCD_CLEAR?LCD
  +--> ?PR?LCD_INIT?LCD
  +--> ?PR?CLEAR?LCD

?PR?LCD_CLEAR?LCD                             -----    -----      -----    -----      -----    -----      -----    -----
>> 
  +--> ?PR?_TXBYTE?LCD
  +--> ?PR?TXEOF?LCD

?PR?_TXBYTE?LCD                               -----    -----      -----    -----      0074H    0001H      -----    -----
>> 

?PR?TXEOF?LCD                                 -----    -----      -----    -----      -----    -----      -----    -----
>> 
  +--> ?PR?_TXBYTE?LCD

?PR?LCD_INIT?LCD                              -----    -----      -----    -----      -----    -----      -----    -----
>> 
  +--> ?CO?LCD
  +--> ?PR?_TXTEXT?LCD

?PR?_TXTEXT?LCD                               -----    -----      -----    -----      -----    -----      0524H    0004H
>> 
  +--> ?PR?_TXBYTE?LCD
  +--> ?PR?_TWORD?LCD
  +--> ?PR?TXEOF?LCD
  +--> ?PR?_SHORTDELAY?8253COUNT

?PR?_TWORD?LCD                                -----    -----      -----    -----      0072H    0002H      -----    -----
>> 
  +--> ?PR?_TXBYTE?LCD

?PR?CLEAR?LCD                                 -----    -----      -----    -----      -----    -----      -----    -----
>> 
  +--> ?PR?_CLOSE?LCD

?PR?_CLOSE?LCD                                -----    -----      -----    -----      -----    -----      -----    -----
>> 
  +--> ?PR?_TXBYTE?LCD
  +--> ?PR?_TWORD?LCD
  +--> ?PR?TXEOF?LCD

?PR?INIT_PARA?MAIN                            -----    -----      -----    -----      -----    -----      04FCH    0003H
>> 
  +--> ?PR?_DS_READDATA?AT24C16

?PR?_DS_READDATA?AT24C16                      -----    -----      0008H    0004H      -----    -----      04FFH    0003H
>> 
  +--> ?PR?_READ_1_BYTE_24?AT24C16
  +--> ?PR?_DELAY_N5MS_24?AT24C16

?PR?_READ_1_BYTE_24?AT24C16                   -----    -----      -----    -----      0055H    0004H      -----    -----
>> 
  +--> ?PR?_DELAY_N5MS_24?AT24C16
  +--> ?PR?START_24?AT24C16
BL51 BANKED LINKER/LOCATER V6.22.4.0                                                  03/19/2024  15:40:30  PAGE 6


  +--> ?PR?_WRITE_8_BIT_24?AT24C16
  +--> ?PR?READ_8_BIT_24?AT24C16
  +--> ?PR?STOP_24?AT24C16

?PR?_DELAY_N5MS_24?AT24C16                    -----    -----      -----    -----      0059H    0003H      -----    -----
>> 

?PR?_WRITE_8_BIT_24?AT24C16                   -----    -----      -----    -----      0059H    000CH      0502H    0001H
>> 
  +--> ?CO?AT24C16

?PR?READ_8_BIT_24?AT24C16                     -----    -----      -----    -----      0059H    000BH      -----    -----
>> 
  +--> ?CO?AT24C16

?PR?LCD_START?LCD                             -----    -----      -----    -----      -----    -----      -----    -----
>> 
  +--> ?CO?LCD
  +--> ?PR?_TXTEXT?LCD

?PR?KEY_FUNCTION?MAIN                         -----    -----      -----    -----      -----    -----      -----    -----
>> 
  +--> ?PR?SETINPUT?SETINPUT
  +--> ?PR?SETTIME?SETTIME
  +--> ?PR?SETPARAMETER?SETPARA
  +--> ?PR?PARAMETERRIGHT?SETPARA
  +--> ?PR?PARAMETERLEFT?SETPARA
  +--> ?PR?MEASURE?MEASURE
  +--> ?PR?RESET?RESET

?PR?SETINPUT?SETINPUT                         -----    -----      -----    -----      -----    -----      -----    -----
>> 
  +--> ?PR?CLEAR?LCD
  +--> ?PR?LCD_CLEAR?LCD
  +--> ?CO?SETINPUT
  +--> ?PR?_TXTEXT?LCD
  +--> ?PR?_TNUMBER?LCD

?PR?_TNUMBER?LCD                              -----    -----      -----    -----      006DH    0005H      0524H    0004H
>> 
  +--> ?PR?_TXBYTE?LCD
  +--> ?PR?_TWORD?LCD
  +--> ?PR?TXEOF?LCD
  +--> ?PR?_SHORTDELAY?8253COUNT

?PR?SETTIME?SETTIME                           -----    -----      -----    -----      -----    -----      -----    -----
>> 
  +--> ?PR?CLEAR?LCD
  +--> ?PR?LCD_CLEAR?LCD
  +--> ?CO?SETTIME
  +--> ?PR?_TXTEXT?LCD
  +--> ?PR?_TNUMBER?LCD

?PR?SETPARAMETER?SETPARA                      -----    -----      -----    -----      -----    -----      -----    -----
>> 
  +--> ?PR?DISPALY_PARA?SETPARA

BL51 BANKED LINKER/LOCATER V6.22.4.0                                                  03/19/2024  15:40:30  PAGE 7


?PR?DISPALY_PARA?SETPARA                      -----    -----      -----    -----      -----    -----      -----    -----
>> 
  +--> ?PR?CLEAR?LCD
  +--> ?PR?LCD_CLEAR?LCD
  +--> ?CO?SETPARA
  +--> ?PR?_TXTEXT?LCD
  +--> ?PR?_TNUMBER?LCD

?PR?PARAMETERRIGHT?SETPARA                    -----    -----      -----    -----      -----    -----      -----    -----
>> 
  +--> ?PR?SIDE_RCHANGE?SETPARA
  +--> ?PR?DISPALY_PARAMOVE?SETPARA

?PR?SIDE_RCHANGE?SETPARA                      -----    -----      -----    -----      -----    -----      -----    -----
>> 
  +--> ?PR?LCD_CLEAR?LCD
  +--> ?PR?LINE_CHANGE?SETPARA

?PR?DISPALY_PARAMOVE?SETPARA                  -----    -----      -----    -----      -----    -----      -----    -----
>> 
  +--> ?PR?_CLOSE?LCD
  +--> ?PR?_OPEN?LCD
  +--> ?PR?DISPALY_PARA?SETPARA

?PR?_OPEN?LCD                                 -----    -----      -----    -----      -----    -----      -----    -----
>> 
  +--> ?PR?_TXBYTE?LCD
  +--> ?PR?_TWORD?LCD
  +--> ?PR?TXEOF?LCD

?PR?PARAMETERLEFT?SETPARA                     -----    -----      -----    -----      -----    -----      -----    -----
>> 
  +--> ?PR?SIDE_LCHANGE?SETPARA
  +--> ?PR?DISPALY_PARAMOVE?SETPARA

?PR?SIDE_LCHANGE?SETPARA                      -----    -----      -----    -----      -----    -----      -----    -----
>> 
  +--> ?PR?LINE_CHANGE?SETPARA

?PR?MEASURE?MEASURE                           -----    -----      -----    -----      -----    -----      -----    -----
>> 
  +--> ?PR?SHOWSETRESULT?MEASURE
  +--> ?PR?_DS_SAVEDATA?AT24C16
  +--> ?PR?INIT_8253?8253COUNT

?PR?SHOWSETRESULT?MEASURE                     -----    -----      -----    -----      -----    -----      -----    -----
>> 
  +--> ?PR?CLEAR?LCD
  +--> ?PR?LCD_CLEAR?LCD
  +--> ?CO?MEASURE
  +--> ?PR?_TXTEXT?LCD
  +--> ?PR?_TNUMBER?LCD

?PR?_DS_SAVEDATA?AT24C16                      -----    -----      0008H    0004H      -----    -----      04FCH    0003H
>> 
  +--> ?PR?_WRITE_1_BYTE_24?AT24C16
  +--> ?PR?_DELAY_N5MS_24?AT24C16
BL51 BANKED LINKER/LOCATER V6.22.4.0                                                  03/19/2024  15:40:30  PAGE 8



?PR?_WRITE_1_BYTE_24?AT24C16                  -----    -----      -----    -----      0055H    0002H      04FFH    0001H
>> 
  +--> ?PR?_DELAY_N5MS_24?AT24C16
  +--> ?PR?START_24?AT24C16
  +--> ?PR?_WRITE_8_BIT_24?AT24C16
  +--> ?PR?STOP_24?AT24C16

?PR?RESET?RESET                               -----    -----      -----    -----      -----    -----      -----    -----
>> 
  +--> ?PR?CLEAR?LCD
  +--> ?PR?LCD_CLEAR?LCD
  +--> ?CO?RESET
  +--> ?PR?_TXTEXT?LCD

?PR?SHOWDATA?8253COUNT                        -----    -----      -----    -----      0055H    0018H      04FCH    0028H
>> 
  +--> ?PR?LCD_CLEAR?LCD
  +--> ?CO?8253COUNT
  +--> ?PR?_POW?POW
  +--> ?PR?SPEAK_ALARM?MAIN
  +--> ?PR?_TXTEXT?LCD
  +--> ?PR?_TNUMBER?LCD
  +--> ?PR?ALARM?8253COUNT
  +--> ?PR?_TRXTEXT?LCD
  +--> ?PR?_TRNUMBER?LCD

?PR?_POW?POW                                  -----    -----      -----    -----      -----    -----      0524H    000AH
>> 
  +--> ?PR?LOG?LOG
  +--> ?PR?EXP?EXP

?PR?LOG?LOG                                   0024H.4  0000H.1    -----    -----      -----    -----      052EH    0004H
>> 

?PR?SPEAK_ALARM?MAIN                          0024H.4  0000H.1    -----    -----      -----    -----      -----    -----
>> 

?PR?_TRXTEXT?LCD                              -----    -----      -----    -----      -----    -----      0524H    0004H
>> 
  +--> ?PR?_TXBYTE?LCD
  +--> ?PR?_TWORD?LCD
  +--> ?PR?TXEOF?LCD
  +--> ?PR?_SHORTDELAY?8253COUNT

?PR?_TRNUMBER?LCD                             -----    -----      -----    -----      006DH    0005H      0524H    0004H
>> 
  +--> ?PR?_TXBYTE?LCD
  +--> ?PR?_TWORD?LCD
  +--> ?PR?TXEOF?LCD
  +--> ?PR?_SHORTDELAY?8253COUNT

?PR?TRANSFER?MAIN                             -----    -----      -----    -----      -----    -----      -----    -----
>> 
  +--> ?PR?_SEND_WORD?COLLATERAL
  +--> ?PR?_COLLECT_WORD?COLLATERAL

BL51 BANKED LINKER/LOCATER V6.22.4.0                                                  03/19/2024  15:40:30  PAGE 9


?PR?_SEND_WORD?COLLATERAL                     0024H.4  0000H.1    -----    -----      -----    -----      04FCH    0005H
>> 
  +--> ?PR?CKMASTERCMD?COLLATERAL
  +--> ?PR?LCD_CLEAR?LCD
  +--> ?PR?_TNUMBER?LCD
  +--> ?CO?COLLATERAL
  +--> ?PR?_TXTEXT?LCD

?PR?CKMASTERCMD?COLLATERAL                    -----    -----      -----    -----      -----    -----      0501H    0001H
>> 

?PR?_COLLECT_WORD?COLLATERAL                  0024H.4  0000H.1    -----    -----      -----    -----      04FCH    000FH
>> 
  +--> ?PR?_SHORTDELAY?8253COUNT
  +--> ?PR?DISPLAY_B?MASTERDISPLAY
  +--> ?CO?8253COUNT

?PR?DISPLAY_B?MASTERDISPLAY                   -----    -----      -----    -----      0055H    0001H      -----    -----
>> 
  +--> ?PR?LCD_CLEAR?LCD
  +--> ?CO?MASTERDISPLAY
  +--> ?PR?_TXTEXT?LCD
  +--> ?PR?_TNUMBER?LCD
  +--> ?PR?_WARNLED_ON?LCD
  +--> ?PR?_WARNLED_OFF?LCD

?PR?_WARNLED_ON?LCD                           -----    -----      -----    -----      -----    -----      -----    -----
>> 
  +--> ?PR?_TXBYTE?LCD
  +--> ?PR?_TWORD?LCD
  +--> ?PR?TXEOF?LCD

?PR?_WARNLED_OFF?LCD                          -----    -----      -----    -----      -----    -----      -----    -----
>> 
  +--> ?PR?_TXBYTE?LCD
  +--> ?PR?_TWORD?LCD
  +--> ?PR?TXEOF?LCD

?PR?TRANSFER_DCS?MAIN                         -----    -----      -----    -----      -----    -----      04FCH    0001H
>> 
  +--> ?PR?_T1BYTE?LCD

?PR?_T1BYTE?LCD                               -----    -----      -----    -----      0055H    0001H      -----    -----
>> 

?PR?LED_FLASH?8253COUNT                       -----    -----      -----    -----      -----    -----      04FCH    0001H
>> 
  +--> ?PR?_UPDATA_FLASH?8253COUNT
  +--> ?PR?_LED_DISP?8253COUNT

?PR?_LED_DISP?8253COUNT                       -----    -----      -----    -----      -----    -----      -----    -----
>> 
  +--> ?CO?8253COUNT
  +--> ?PR?_SHORTDELAY?8253COUNT

?PR?REDLED_FLASH?MASTERDISPLAY                -----    -----      -----    -----      0055H    0001H      -----    -----
>> 
BL51 BANKED LINKER/LOCATER V6.22.4.0                                                  03/19/2024  15:40:30  PAGE 10


  +--> ?PR?_UPDATA_LED?MASTERDISPLAY
  +--> ?PR?_WARNING_DISP?MASTERDISPLAY

?PR?_WARNING_DISP?MASTERDISPLAY               -----    -----      -----    -----      -----    -----      04FCH    0001H
>> 
  +--> ?PR?_WARNLED_ON?LCD
  +--> ?PR?_WARNLED_OFF?LCD

*** NEW ROOT ***************************************************

?PR?INT0?MAIN                                 -----    -----      -----    -----      0075H    0004H      -----    -----
>> 

*** NEW ROOT ***************************************************

?PR?UART_ONE_INTERRUPT_RECEIVE?SERIAL         -----    -----      000CH    0001H      -----    -----      -----    -----
>> 

*** NEW ROOT ***************************************************

?PR?UART_TWO_INTERRUPT_RECEIVE?SERIAL         -----    -----      000DH    0001H      -----    -----      -----    -----
>> 



SYMBOL TABLE OF MODULE:  .\Objects\Dose_Proj (?C_STARTUP)

  VALUE           TYPE          NAME
  ----------------------------------

  -------         MODULE        ?C_STARTUP
  C:9720H         SEGMENT       ?C_C51STARTUP
  I:0079H         SEGMENT       ?STACK
  C:0000H         PUBLIC        ?C_STARTUP
  D:00E0H         SYMBOL        ACC
  D:00F0H         SYMBOL        B
  D:0083H         SYMBOL        DPH
  D:0082H         SYMBOL        DPL
  N:0000H         SYMBOL        IBPSTACK
  N:0100H         SYMBOL        IBPSTACKTOP
  N:0080H         SYMBOL        IDATALEN
  C:9723H         SYMBOL        IDATALOOP
  N:0000H         SYMBOL        PBPSTACK
  N:0100H         SYMBOL        PBPSTACKTOP
  N:0000H         SYMBOL        PDATALEN
  N:0000H         SYMBOL        PDATASTART
  N:0000H         SYMBOL        PPAGE
  N:0000H         SYMBOL        PPAGEENABLE
  D:00A0H         SYMBOL        PPAGE_SFR
  D:0081H         SYMBOL        SP
  C:9720H         SYMBOL        STARTUP1
  N:0000H         SYMBOL        XBPSTACK
  N:0000H         SYMBOL        XBPSTACKTOP
  N:0000H         SYMBOL        XDATALEN
  N:0000H         SYMBOL        XDATASTART
  C:0000H         LINE#         126
  C:9720H         LINE#         133
BL51 BANKED LINKER/LOCATER V6.22.4.0                                                  03/19/2024  15:40:30  PAGE 11


  C:9722H         LINE#         134
  C:9723H         LINE#         135
  C:9724H         LINE#         136
  C:9726H         LINE#         185
  C:9729H         LINE#         196
  -------         ENDMOD        ?C_STARTUP

  -------         MODULE        8253COUNT
  C:0000H         SYMBOL        _ICE_DUMMY_
  D:0080H         PUBLIC        P0
  D:0090H         PUBLIC        P1
  D:00A0H         PUBLIC        P2
  X:0000H         PUBLIC        DataTenth
  D:00B0H         PUBLIC        P3
  D:00C0H         PUBLIC        P4
  D:00C8H         PUBLIC        P5
  I:0025H         PUBLIC        Para
  D:00E8H         PUBLIC        P6
  D:00F8H         PUBLIC        P7
  C:9FC8H         PUBLIC        _Led_Disp
  X:004BH         PUBLIC        DataCent
  X:0096H         PUBLIC        Count
  D:00A8H         PUBLIC        IE
  C:96FCH         PUBLIC        a0
  C:9700H         PUBLIC        a1
  C:9704H         PUBLIC        a2
  C:9708H         PUBLIC        a3
  C:970CH         PUBLIC        a4
  X:00F6H         PUBLIC        DoseRata
  X:0116H         PUBLIC        Max_Time
  D:00B8H         PUBLIC        IP
  I:004DH         PUBLIC        Var_Signal1
  I:004EH         PUBLIC        Var_Signal2
  C:0046H         PUBLIC        ShowData
  I:004FH         PUBLIC        Var_Signal3
  I:0050H         PUBLIC        Var_Led
  D:00D8H         PUBLIC        CCON
  X:0117H         PUBLIC        DataGe
  C:9F21H         PUBLIC        _Updata_Flash
  X:0162H         PUBLIC        dianlishi_DoseRata
  D:0098H         PUBLIC        SCON
  D:0088H         PUBLIC        TCON
  I:0051H         PUBLIC        dianlishi_data
  X:0166H         PUBLIC        Flag_dw
  X:0167H         PUBLIC        buf
  C:A18CH         PUBLIC        _shortdelay
  B:00C8H.5       PUBLIC        Judge_Speak
  C:9376H         PUBLIC        Init_8253
  X:0187H         PUBLIC        send_buf
  X:01C8H         PUBLIC        Flag_need_Flash
  X:01D0H         PUBLIC        jishuguan_DoseRata
  B:00A8H.0       PUBLIC        EX0
  C:9718H         PUBLIC        Svar0
  C:9710H         PUBLIC        Svar1
  X:01D4H         PUBLIC        Incinput
  I:0053H         PUBLIC        jishuguan_data
  X:01D5H         PUBLIC        State_Flash
BL51 BANKED LINKER/LOCATER V6.22.4.0                                                  03/19/2024  15:40:30  PAGE 12


  X:01DDH         PUBLIC        biaoding_input
  X:01DEH         PUBLIC        Channel_Detector
  B:0024H.3       PUBLIC        Flag_Warn_Count
  C:9E6DH         PUBLIC        Led_Flash
  C:A296H         PUBLIC        Alarm
  X:01EEH         PUBLIC        Tdata
  X:01F0H         PUBLIC        Real_Count
  X:0210H         PUBLIC        count_change_flag
  C:8332H         PUBLIC        GetAndDisdata
  B:0090H.2       PUBLIC        Speak
  X:0218H         PUBLIC        Calculated
  X:0220H         PUBLIC        Channel_Display
  D:00D0H         PUBLIC        PSW
  X:0228H         PUBLIC        DataThouth
  -------         PROC          GETANDDISDATA
  -------         DO            
  D:0001H         SYMBOL        j
  D:0007H         SYMBOL        th
  D:0006H         SYMBOL        tl
  -------         ENDDO         
  C:8332H         LINE#         97
  C:8332H         LINE#         98
  C:8332H         LINE#         100
  C:8334H         LINE#         101
  C:8335H         LINE#         102
  C:8335H         LINE#         103
  C:833EH         LINE#         104
  C:833EH         LINE#         105
  C:833EH         LINE#         106
  C:8348H         LINE#         107
  C:8348H         LINE#         109
  C:834EH         LINE#         110
  C:8353H         LINE#         111
  C:835BH         LINE#         112
  C:8360H         LINE#         113
  C:8368H         LINE#         115
  C:836EH         LINE#         116
  C:8373H         LINE#         117
  C:837BH         LINE#         118
  C:8380H         LINE#         119
  C:8388H         LINE#         121
  C:838EH         LINE#         122
  C:8393H         LINE#         123
  C:839BH         LINE#         124
  C:83A0H         LINE#         125
  C:83A8H         LINE#         127
  C:83AEH         LINE#         128
  C:83B3H         LINE#         129
  C:83BBH         LINE#         130
  C:83C0H         LINE#         131
  C:83C8H         LINE#         133
  C:83CEH         LINE#         134
  C:83D3H         LINE#         135
  C:83DBH         LINE#         136
  C:83E0H         LINE#         137
  C:83E8H         LINE#         139
  C:83EEH         LINE#         140
BL51 BANKED LINKER/LOCATER V6.22.4.0                                                  03/19/2024  15:40:30  PAGE 13


  C:83F3H         LINE#         141
  C:83FBH         LINE#         142
  C:8400H         LINE#         143
  C:8408H         LINE#         145
  C:840EH         LINE#         146
  C:8413H         LINE#         147
  C:841BH         LINE#         148
  C:8420H         LINE#         149
  C:8428H         LINE#         151
  C:842EH         LINE#         152
  C:8433H         LINE#         153
  C:843BH         LINE#         154
  C:8440H         LINE#         155
  C:8448H         LINE#         157
  C:844EH         LINE#         158
  C:8453H         LINE#         159
  C:845BH         LINE#         160
  C:8460H         LINE#         161
  C:8468H         LINE#         163
  C:846EH         LINE#         164
  C:8473H         LINE#         165
  C:847BH         LINE#         166
  C:8480H         LINE#         167
  C:8488H         LINE#         169
  C:848EH         LINE#         170
  C:8493H         LINE#         171
  C:849BH         LINE#         172
  C:84A0H         LINE#         173
  C:84A8H         LINE#         175
  C:84AEH         LINE#         176
  C:84B3H         LINE#         177
  C:84BBH         LINE#         178
  C:84C0H         LINE#         179
  C:84C8H         LINE#         181
  C:84CEH         LINE#         182
  C:84D3H         LINE#         183
  C:84DBH         LINE#         184
  C:84E0H         LINE#         185
  C:84E8H         LINE#         187
  C:84EEH         LINE#         188
  C:84F3H         LINE#         189
  C:84FBH         LINE#         190
  C:8500H         LINE#         191
  C:8508H         LINE#         193
  C:850EH         LINE#         194
  C:8512H         LINE#         195
  C:851BH         LINE#         196
  C:8520H         LINE#         197
  C:8528H         LINE#         199
  C:8530H         LINE#         200
  C:8538H         LINE#         201
  -------         ENDPROC       GETANDDISDATA
  -------         PROC          INIT_8253
  -------         DO            
  D:0007H         SYMBOL        i
  -------         ENDDO         
  C:9376H         LINE#         205
BL51 BANKED LINKER/LOCATER V6.22.4.0                                                  03/19/2024  15:40:30  PAGE 14


  C:9376H         LINE#         206
  C:9376H         LINE#         209
  C:937CH         LINE#         210
  C:9382H         LINE#         211
  C:9383H         LINE#         213
  C:9389H         LINE#         214
  C:938FH         LINE#         215
  C:9390H         LINE#         217
  C:9396H         LINE#         218
  C:939CH         LINE#         219
  C:939DH         LINE#         221
  C:93A3H         LINE#         222
  C:93A9H         LINE#         223
  C:93AAH         LINE#         225
  C:93B0H         LINE#         226
  C:93B6H         LINE#         227
  C:93B7H         LINE#         229
  C:93BDH         LINE#         230
  C:93C3H         LINE#         231
  C:93C4H         LINE#         233
  C:93CAH         LINE#         234
  C:93D0H         LINE#         235
  C:93D1H         LINE#         237
  C:93D7H         LINE#         238
  C:93DDH         LINE#         239
  C:93DEH         LINE#         241
  C:93E4H         LINE#         242
  C:93EAH         LINE#         243
  C:93EBH         LINE#         245
  C:93F1H         LINE#         246
  C:93F7H         LINE#         247
  C:93F8H         LINE#         249
  C:93FEH         LINE#         250
  C:9404H         LINE#         251
  C:9405H         LINE#         253
  C:940BH         LINE#         254
  C:9411H         LINE#         255
  C:9412H         LINE#         257
  C:9418H         LINE#         258
  C:941EH         LINE#         259
  C:941FH         LINE#         261
  C:9425H         LINE#         262
  C:942BH         LINE#         263
  C:942CH         LINE#         265
  C:9432H         LINE#         266
  C:9438H         LINE#         267
  C:9439H         LINE#         268
  C:9439H         LINE#         269
  C:9443H         LINE#         270
  C:9443H         LINE#         271
  C:9443H         LINE#         272
  C:944DH         LINE#         273
  C:944DH         LINE#         274
  C:9451H         LINE#         275
  C:9457H         LINE#         276
  C:9459H         LINE#         278
  C:945BH         LINE#         279
BL51 BANKED LINKER/LOCATER V6.22.4.0                                                  03/19/2024  15:40:30  PAGE 15


  C:9462H         LINE#         280
  -------         ENDPROC       INIT_8253
  -------         PROC          SHOWDATA
  -------         DO            
  X:04FCH         SYMBOL        i
  X:04FDH         SYMBOL        m
  X:04FEH         SYMBOL        j
  X:04FFH         SYMBOL        k
  X:0500H         SYMBOL        count_temp
  X:0504H         SYMBOL        jishuguan_count_temp
  X:0508H         SYMBOL        dianlishi_count_temp
  I:0055H         SYMBOL        temp
  I:0059H         SYMBOL        jtemp
  I:005DH         SYMBOL        yudecide
  I:0061H         SYMBOL        jishuguan_rata
  I:0065H         SYMBOL        jishuguan_jtemp
  I:0069H         SYMBOL        dianlishi_jtemp
  X:050CH         SYMBOL        yu
  X:0510H         SYMBOL        yudata
  X:0514H         SYMBOL        mtemp
  X:0518H         SYMBOL        Tbcd
  -------         ENDDO         
  C:0046H         LINE#         284
  C:0046H         LINE#         285
  C:0046H         LINE#         291
  C:0049H         LINE#         297
  C:005AH         LINE#         298
  C:005AH         LINE#         306
  C:007CH         LINE#         307
  C:007CH         LINE#         308
  C:0097H         LINE#         309
  C:0097H         LINE#         310
  C:00B0H         LINE#         311
  C:00DEH         LINE#         312
  C:0108H         LINE#         313
  C:010EH         LINE#         314
  C:010EH         LINE#         315
  C:014CH         LINE#         316
  C:016BH         LINE#         317
  C:0176H         LINE#         318
  C:0176H         LINE#         319
  C:019CH         LINE#         320
  C:01BFH         LINE#         321
  C:01BFH         LINE#         322
  C:01D0H         LINE#         323
  C:023AH         LINE#         324
  C:023AH         LINE#         325
  C:0257H         LINE#         326
  C:026AH         LINE#         327
  C:0274H         LINE#         328
  C:0278H         LINE#         329
  C:0280H         LINE#         330
  C:0280H         LINE#         331
  C:02ECH         LINE#         332
  C:02ECH         LINE#         333
  C:0309H         LINE#         334
  C:031CH         LINE#         335
BL51 BANKED LINKER/LOCATER V6.22.4.0                                                  03/19/2024  15:40:30  PAGE 16


  C:0326H         LINE#         336
  C:032AH         LINE#         337
  C:0332H         LINE#         338
  C:0332H         LINE#         339
  C:036DH         LINE#         340
  C:037AH         LINE#         341
  C:0387H         LINE#         342
  C:0387H         LINE#         343
  C:03AFH         LINE#         344
  C:03AFH         LINE#         345
  C:03DDH         LINE#         346
  C:040BH         LINE#         347
  C:0415H         LINE#         348
  C:0415H         LINE#         349
  C:0450H         LINE#         350
  C:046FH         LINE#         351
  C:047AH         LINE#         352
  C:047AH         LINE#         353
  C:04A0H         LINE#         354
  C:04C3H         LINE#         355
  C:04C3H         LINE#         356
  C:04D4H         LINE#         357
  C:0543H         LINE#         358
  C:0543H         LINE#         359
  C:0560H         LINE#         360
  C:0573H         LINE#         361
  C:057DH         LINE#         362
  C:0585H         LINE#         363
  C:0589H         LINE#         364
  C:0589H         LINE#         365
  C:05FBH         LINE#         366
  C:05FBH         LINE#         367
  C:0618H         LINE#         368
  C:062BH         LINE#         369
  C:0635H         LINE#         370
  C:063DH         LINE#         371
  C:0641H         LINE#         372
  C:0641H         LINE#         373
  C:06ADH         LINE#         374
  C:06ADH         LINE#         375
  C:06CAH         LINE#         376
  C:06DDH         LINE#         377
  C:06E6H         LINE#         378
  C:06EFH         LINE#         379
  C:06F3H         LINE#         380
  C:06F3H         LINE#         381
  C:072EH         LINE#         382
  C:073BH         LINE#         383
  C:0748H         LINE#         384
  C:075DH         LINE#         385
  C:07CAH         LINE#         387
  C:07CAH         LINE#         388
  C:07D8H         LINE#         389
  C:07EBH         LINE#         390
  C:07F7H         LINE#         391
  C:0805H         LINE#         392
  C:080DH         LINE#         393
BL51 BANKED LINKER/LOCATER V6.22.4.0                                                  03/19/2024  15:40:30  PAGE 17


  C:0811H         LINE#         394
  C:0811H         LINE#         395
  C:0881H         LINE#         397
  C:0881H         LINE#         398
  C:088FH         LINE#         399
  C:08A2H         LINE#         400
  C:08AEH         LINE#         401
  C:08BCH         LINE#         402
  C:08C4H         LINE#         403
  C:08C8H         LINE#         404
  C:08C8H         LINE#         405
  C:0939H         LINE#         406
  C:0947H         LINE#         407
  C:095AH         LINE#         408
  C:0966H         LINE#         409
  C:096FH         LINE#         410
  C:0978H         LINE#         411
  C:097CH         LINE#         412
  C:097CH         LINE#         413
  C:097CH         LINE#         414
  C:09A4H         LINE#         415
  C:09A4H         LINE#         416
  C:09D2H         LINE#         417
  C:0A00H         LINE#         418
  C:0A42H         LINE#         419
  C:0A82H         LINE#         420
  C:0A8FH         LINE#         421
  C:0AF5H         LINE#         422
  C:0AF5H         LINE#         423
  C:0B15H         LINE#         424
  C:0B28H         LINE#         425
  C:0B32H         LINE#         426
  C:0B36H         LINE#         427
  C:0B41H         LINE#         428
  C:0B41H         LINE#         429
  C:0BA1H         LINE#         430
  C:0BC1H         LINE#         431
  C:0BD4H         LINE#         432
  C:0BDEH         LINE#         433
  C:0BE2H         LINE#         434
  C:0BE6H         LINE#         435
  C:0BE6H         LINE#         436
  C:0C21H         LINE#         437
  C:0C2EH         LINE#         438
  C:0C3BH         LINE#         439
  C:0C50H         LINE#         440
  C:0CB4H         LINE#         441
  C:0CB4H         LINE#         442
  C:0CC5H         LINE#         443
  C:0CD8H         LINE#         444
  C:0CE4H         LINE#         445
  C:0CF2H         LINE#         446
  C:0CF6H         LINE#         447
  C:0CFEH         LINE#         448
  C:0CFEH         LINE#         449
  C:0D67H         LINE#         450
  C:0D78H         LINE#         451
BL51 BANKED LINKER/LOCATER V6.22.4.0                                                  03/19/2024  15:40:30  PAGE 18


  C:0D8BH         LINE#         452
  C:0D97H         LINE#         453
  C:0DA4H         LINE#         454
  C:0DA8H         LINE#         455
  C:0DACH         LINE#         456
  C:0DACH         LINE#         457
  C:0DACH         LINE#         458
  C:0DD4H         LINE#         459
  C:0DD4H         LINE#         460
  C:0E02H         LINE#         461
  C:0E30H         LINE#         462
  C:0E72H         LINE#         463
  C:0EB2H         LINE#         464
  C:0EBFH         LINE#         465
  C:0F5BH         LINE#         466
  C:0F5BH         LINE#         467
  C:0F7BH         LINE#         468
  C:0F8EH         LINE#         469
  C:0F97H         LINE#         470
  C:0FA3H         LINE#         471
  C:0FA7H         LINE#         472
  C:0FA7H         LINE#         473
  C:10A0H         LINE#         474
  C:10C0H         LINE#         475
  C:10D2H         LINE#         476
  C:10DCH         LINE#         477
  C:10E0H         LINE#         478
  C:10E4H         LINE#         479
  C:10E4H         LINE#         480
  C:1115H         LINE#         481
  C:115FH         LINE#         482
  C:116CH         LINE#         483
  C:1183H         LINE#         484
  C:119BH         LINE#         485
  C:119BH         LINE#         486
  C:11B9H         LINE#         487
  C:11BCH         LINE#         488
  C:11BCH         LINE#         489
  C:1221H         LINE#         490
  C:1224H         LINE#         491
  C:1224H         LINE#         492
  C:12BDH         LINE#         493
  C:12C0H         LINE#         494
  C:12C0H         LINE#         495
  C:13A1H         LINE#         496
  C:13A1H         LINE#         497
  C:13A1H         LINE#         498
  C:13A1H         LINE#         499
  C:13B7H         LINE#         500
  C:14CDH         LINE#         502
  C:14D2H         LINE#         503
  C:1526H         LINE#         504
  C:1530H         LINE#         505
  C:1540H         LINE#         506
  C:1540H         LINE#         507
  C:1551H         LINE#         508
  C:155EH         LINE#         553
BL51 BANKED LINKER/LOCATER V6.22.4.0                                                  03/19/2024  15:40:30  PAGE 19


  C:155EH         LINE#         554
  C:1584H         LINE#         555
  C:1584H         LINE#         556
  C:15B2H         LINE#         557
  C:15E0H         LINE#         558
  C:1622H         LINE#         559
  C:1662H         LINE#         560
  C:166FH         LINE#         561
  C:176EH         LINE#         562
  C:176EH         LINE#         563
  C:178EH         LINE#         564
  C:17A1H         LINE#         565
  C:17ABH         LINE#         566
  C:17AFH         LINE#         567
  C:17B3H         LINE#         568
  C:17B3H         LINE#         569
  C:17E4H         LINE#         570
  C:182EH         LINE#         571
  C:183BH         LINE#         572
  C:1852H         LINE#         573
  C:186AH         LINE#         574
  C:186AH         LINE#         575
  C:1888H         LINE#         576
  C:188BH         LINE#         577
  C:188BH         LINE#         578
  C:18F0H         LINE#         579
  C:18F3H         LINE#         580
  C:18F3H         LINE#         581
  C:198CH         LINE#         582
  C:198FH         LINE#         583
  C:198FH         LINE#         584
  C:1A70H         LINE#         585
  C:1A73H         LINE#         586
  C:1A73H         LINE#         587
  C:1A89H         LINE#         588
  C:1B9FH         LINE#         590
  C:1BA4H         LINE#         591
  C:1BF8H         LINE#         592
  C:1C02H         LINE#         593
  C:1C12H         LINE#         594
  C:1C12H         LINE#         595
  C:1C23H         LINE#         596
  C:1C2FH         LINE#         632
  C:1C2FH         LINE#         633
  C:1C57H         LINE#         634
  C:1C57H         LINE#         635
  C:1C72H         LINE#         636
  C:1C72H         LINE#         637
  C:1C76H         LINE#         638
  C:1C76H         LINE#         639
  C:1CADH         LINE#         640
  C:1CB7H         LINE#         641
  C:1CD0H         LINE#         642
  C:1CD6H         LINE#         643
  C:1CD6H         LINE#         644
  C:1D18H         LINE#         645
  C:1D37H         LINE#         646
BL51 BANKED LINKER/LOCATER V6.22.4.0                                                  03/19/2024  15:40:30  PAGE 20


  C:1D42H         LINE#         647
  C:1D42H         LINE#         648
  C:1D68H         LINE#         649
  C:1D8BH         LINE#         650
  C:1D8BH         LINE#         651
  C:1D9CH         LINE#         652
  C:1DD4H         LINE#         653
  C:1DE1H         LINE#         654
  C:1DEEH         LINE#         655
  C:1E0AH         LINE#         656
  C:1E0AH         LINE#         657
  C:1E32H         LINE#         658
  C:1E32H         LINE#         659
  C:1E36H         LINE#         660
  C:1E6DH         LINE#         661
  C:1E77H         LINE#         662
  C:1E90H         LINE#         663
  C:1E9CH         LINE#         664
  C:1EA6H         LINE#         665
  C:1EA6H         LINE#         666
  C:1EE1H         LINE#         667
  C:1F00H         LINE#         668
  C:1F0BH         LINE#         669
  C:1F0BH         LINE#         670
  C:1F31H         LINE#         671
  C:1F54H         LINE#         672
  C:1F54H         LINE#         673
  C:1F65H         LINE#         674
  C:1F9DH         LINE#         675
  C:1FAAH         LINE#         676
  C:1FC6H         LINE#         677
  C:1FC6H         LINE#         678
  C:1FEEH         LINE#         679
  C:1FEEH         LINE#         680
  C:1FF2H         LINE#         681
  C:2029H         LINE#         682
  C:2033H         LINE#         683
  C:204CH         LINE#         684
  C:2058H         LINE#         685
  C:2062H         LINE#         686
  C:2062H         LINE#         687
  C:209DH         LINE#         688
  C:20DCH         LINE#         689
  C:20E6H         LINE#         690
  C:20E6H         LINE#         691
  C:210FH         LINE#         692
  C:2133H         LINE#         693
  C:2142H         LINE#         694
  C:2151H         LINE#         695
  C:2151H         LINE#         696
  C:2162H         LINE#         697
  C:219AH         LINE#         698
  C:21A7H         LINE#         699
  C:21C3H         LINE#         700
  C:21C3H         LINE#         701
  C:21EBH         LINE#         702
  C:21EBH         LINE#         703
BL51 BANKED LINKER/LOCATER V6.22.4.0                                                  03/19/2024  15:40:30  PAGE 21


  C:21EFH         LINE#         704
  C:2226H         LINE#         705
  C:2230H         LINE#         706
  C:2249H         LINE#         707
  C:2255H         LINE#         708
  C:2264H         LINE#         709
  C:2272H         LINE#         710
  C:2291H         LINE#         711
  C:2299H         LINE#         712
  C:22DBH         LINE#         713
  C:231BH         LINE#         714
  C:2349H         LINE#         716
  C:2393H         LINE#         717
  C:23A0H         LINE#         718
  C:23EBH         LINE#         719
  C:23F8H         LINE#         720
  C:2405H         LINE#         721
  C:2412H         LINE#         722
  C:242EH         LINE#         723
  C:242EH         LINE#         724
  C:2454H         LINE#         725
  C:2454H         LINE#         726
  C:2458H         LINE#         727
  C:2487H         LINE#         728
  C:2491H         LINE#         729
  C:24AAH         LINE#         730
  C:24B6H         LINE#         731
  C:24C5H         LINE#         732
  C:24D3H         LINE#         733
  C:24F2H         LINE#         734
  C:24FAH         LINE#         735
  C:253CH         LINE#         736
  C:257CH         LINE#         737
  C:25AAH         LINE#         739
  C:25F4H         LINE#         740
  C:2601H         LINE#         741
  C:264CH         LINE#         742
  C:2659H         LINE#         743
  C:2665H         LINE#         744
  C:2672H         LINE#         745
  C:268EH         LINE#         746
  C:268EH         LINE#         747
  C:268EH         LINE#         748
  C:2697H         LINE#         750
  C:269EH         LINE#         751
  C:26A5H         LINE#         752
  C:26ABH         LINE#         755
  C:26B1H         LINE#         756
  C:26B1H         LINE#         757
  C:26C3H         LINE#         758
  C:26C3H         LINE#         759
  C:26EDH         LINE#         760
  C:26F6H         LINE#         761
  C:2700H         LINE#         762
  C:270AH         LINE#         763
  C:2714H         LINE#         764
  C:2719H         LINE#         765
BL51 BANKED LINKER/LOCATER V6.22.4.0                                                  03/19/2024  15:40:30  PAGE 22


  C:271DH         LINE#         766
  C:2721H         LINE#         767
  C:2725H         LINE#         768
  C:2729H         LINE#         769
  C:272DH         LINE#         770
  C:273AH         LINE#         774
  C:2743H         LINE#         775
  C:2743H         LINE#         776
  C:2750H         LINE#         777
  C:2760H         LINE#         778
  C:27C5H         LINE#         779
  C:282DH         LINE#         780
  C:282DH         LINE#         781
  C:2845H         LINE#         782
  C:28AAH         LINE#         783
  C:2915H         LINE#         784
  C:2915H         LINE#         785
  C:292DH         LINE#         786
  C:2992H         LINE#         787
  C:2A01H         LINE#         788
  C:2A27H         LINE#         789
  C:2A3FH         LINE#         790
  C:2AA4H         LINE#         791
  C:2B13H         LINE#         792
  C:2B39H         LINE#         793
  C:2B51H         LINE#         794
  C:2BB6H         LINE#         795
  C:2C25H         LINE#         796
  C:2C4BH         LINE#         797
  C:2C4BH         LINE#         798
  C:2C5AH         LINE#         799
  C:2C66H         LINE#         800
  C:2C78H         LINE#         801
  C:2CDDH         LINE#         802
  C:2D4CH         LINE#         803
  C:2D72H         LINE#         804
  C:2D8AH         LINE#         805
  C:2DEFH         LINE#         806
  C:2E5EH         LINE#         807
  C:2E9EH         LINE#         808
  C:2E9EH         LINE#         809
  C:2E9EH         LINE#         811
  C:2EC6H         LINE#         812
  C:2EC6H         LINE#         813
  C:2ECFH         LINE#         814
  C:2ECFH         LINE#         815
  C:2EFCH         LINE#         816
  C:2EFCH         LINE#         817
  C:2F26H         LINE#         818
  C:2F26H         LINE#         819
  C:2F47H         LINE#         820
  C:2F4DH         LINE#         821
  C:2FA5H         LINE#         822
  C:2FA5H         LINE#         823
  C:2FD0H         LINE#         824
  C:2FD6H         LINE#         825
  C:3003H         LINE#         826
BL51 BANKED LINKER/LOCATER V6.22.4.0                                                  03/19/2024  15:40:30  PAGE 23


  C:3003H         LINE#         827
  C:302FH         LINE#         828
  C:3035H         LINE#         829
  C:3035H         LINE#         830
  C:3035H         LINE#         832
  C:305DH         LINE#         833
  C:305DH         LINE#         834
  C:3072H         LINE#         835
  C:3083H         LINE#         836
  C:3094H         LINE#         837
  C:3095H         LINE#         838
  C:30C3H         LINE#         839
  C:30F0H         LINE#         840
  C:311BH         LINE#         841
  C:3145H         LINE#         842
  C:3176H         LINE#         843
  C:3199H         LINE#         844
  C:31AAH         LINE#         845
  C:3207H         LINE#         846
  C:3232H         LINE#         847
  C:325CH         LINE#         848
  C:328DH         LINE#         849
  C:32B0H         LINE#         850
  C:32C1H         LINE#         851
  C:331EH         LINE#         852
  C:3349H         LINE#         853
  C:3373H         LINE#         854
  C:33A4H         LINE#         855
  C:33C7H         LINE#         856
  C:33D8H         LINE#         857
  C:3435H         LINE#         858
  C:3456H         LINE#         859
  C:3480H         LINE#         860
  C:34B1H         LINE#         861
  C:34D4H         LINE#         862
  C:34E5H         LINE#         863
  C:3543H         LINE#         864
  C:356EH         LINE#         865
  C:3598H         LINE#         866
  C:35C9H         LINE#         867
  C:35ECH         LINE#         868
  C:35FDH         LINE#         869
  C:365CH         LINE#         870
  C:3687H         LINE#         871
  C:36B1H         LINE#         872
  C:36E2H         LINE#         873
  C:3705H         LINE#         874
  C:3716H         LINE#         875
  C:3775H         LINE#         876
  C:37A0H         LINE#         877
  C:37CAH         LINE#         878
  C:37FBH         LINE#         879
  C:381EH         LINE#         880
  C:382FH         LINE#         881
  C:388EH         LINE#         882
  C:38BAH         LINE#         883
  C:38E4H         LINE#         884
BL51 BANKED LINKER/LOCATER V6.22.4.0                                                  03/19/2024  15:40:30  PAGE 24


  C:3915H         LINE#         885
  C:3938H         LINE#         886
  C:3949H         LINE#         887
  C:39A8H         LINE#         888
  C:39D4H         LINE#         889
  C:39FEH         LINE#         890
  C:3A2FH         LINE#         891
  C:3A52H         LINE#         892
  C:3A63H         LINE#         893
  C:3AC2H         LINE#         894
  C:3AEEH         LINE#         895
  C:3B18H         LINE#         896
  C:3B49H         LINE#         897
  C:3B6CH         LINE#         898
  C:3B7DH         LINE#         899
  C:3B7DH         LINE#         900
  C:3B7DH         LINE#         902
  C:3BC0H         LINE#         903
  C:3BC0H         LINE#         904
  C:3BD8H         LINE#         905
  C:3BF7H         LINE#         906
  C:3C07H         LINE#         907
  C:3C42H         LINE#         908
  C:3C5EH         LINE#         909
  C:3C8BH         LINE#         910
  C:3CB8H         LINE#         911
  C:3CC3H         LINE#         912
  C:3D62H         LINE#         913
  C:3D6DH         LINE#         914
  C:3E16H         LINE#         915
  C:3E21H         LINE#         916
  C:3ECBH         LINE#         917
  C:3ECBH         LINE#         919
  C:3F46H         LINE#         920
  C:3F70H         LINE#         921
  C:3F95H         LINE#         922
  C:3FADH         LINE#         923
  C:3FADH         LINE#         924
  C:3FB5H         LINE#         925
  C:3FB5H         LINE#         926
  C:3FB7H         LINE#         927
  C:3FB7H         LINE#         928
  C:3FC8H         LINE#         929
  C:3FD5H         LINE#         930
  C:3FE1H         LINE#         931
  C:3FFBH         LINE#         932
  C:400BH         LINE#         933
  C:4017H         LINE#         934
  C:4023H         LINE#         935
  C:4023H         LINE#         946
  C:4037H         LINE#         947
  C:4047H         LINE#         948
  C:405CH         LINE#         949
  C:405EH         LINE#         950
  C:407AH         LINE#         951
  C:407AH         LINE#         952
  C:4098H         LINE#         953
BL51 BANKED LINKER/LOCATER V6.22.4.0                                                  03/19/2024  15:40:30  PAGE 25


  C:40B4H         LINE#         954
  C:40DBH         LINE#         955
  C:4102H         LINE#         956
  C:4127H         LINE#         957
  C:4131H         LINE#         958
  C:4131H         LINE#         959
  C:4149H         LINE#         960
  C:4166H         LINE#         961
  C:4183H         LINE#         962
  C:419FH         LINE#         963
  C:41BCH         LINE#         964
  C:41D9H         LINE#         965
  C:41F6H         LINE#         966
  C:4206H         LINE#         967
  C:4209H         LINE#         968
  C:4221H         LINE#         969
  C:4224H         LINE#         970
  C:423CH         LINE#         971
  C:423FH         LINE#         972
  C:4257H         LINE#         973
  C:425AH         LINE#         974
  C:426DH         LINE#         975
  C:426DH         LINE#         976
  C:4270H         LINE#         977
  C:427AH         LINE#         978
  C:427AH         LINE#         979
  C:4292H         LINE#         980
  C:42AFH         LINE#         981
  C:42CBH         LINE#         982
  C:42E8H         LINE#         983
  C:4305H         LINE#         984
  C:4322H         LINE#         985
  C:4332H         LINE#         986
  C:4335H         LINE#         987
  C:434DH         LINE#         988
  C:4350H         LINE#         989
  C:4368H         LINE#         990
  C:436BH         LINE#         991
  C:4383H         LINE#         992
  C:4386H         LINE#         993
  C:4399H         LINE#         994
  C:4399H         LINE#         995
  C:439CH         LINE#         996
  C:439CH         LINE#         997
  C:43B9H         LINE#         998
  C:43D5H         LINE#         999
  C:43F2H         LINE#         1000
  C:440FH         LINE#         1001
  C:442CH         LINE#         1002
  C:443CH         LINE#         1003
  C:4450H         LINE#         1004
  C:4468H         LINE#         1005
  C:4483H         LINE#         1006
  C:449BH         LINE#         1007
  C:44B6H         LINE#         1008
  C:44CEH         LINE#         1009
  C:44EBH         LINE#         1010
BL51 BANKED LINKER/LOCATER V6.22.4.0                                                  03/19/2024  15:40:30  PAGE 26


  C:44FBH         LINE#         1011
  C:4511H         LINE#         1012
  C:4511H         LINE#         1013
  C:4511H         LINE#         1015
  C:4518H         LINE#         1016
  C:4518H         LINE#         1017
  C:452DH         LINE#         1018
  C:4536H         LINE#         1019
  C:454BH         LINE#         1020
  C:4554H         LINE#         1021
  C:4570H         LINE#         1022
  C:4570H         LINE#         1023
  C:4573H         LINE#         1024
  C:4573H         LINE#         1025
  C:4589H         LINE#         1026
  C:459AH         LINE#         1027
  C:45B6H         LINE#         1028
  C:45CBH         LINE#         1029
  C:45CDH         LINE#         1030
  C:45E9H         LINE#         1031
  C:4605H         LINE#         1032
  C:4605H         LINE#         1033
  C:4623H         LINE#         1034
  C:463FH         LINE#         1035
  C:4666H         LINE#         1036
  C:468DH         LINE#         1037
  C:46B2H         LINE#         1038
  C:46BCH         LINE#         1039
  C:46BCH         LINE#         1040
  C:46D4H         LINE#         1041
  C:46F1H         LINE#         1042
  C:470EH         LINE#         1043
  C:472AH         LINE#         1044
  C:4747H         LINE#         1045
  C:4764H         LINE#         1046
  C:4781H         LINE#         1047
  C:4791H         LINE#         1048
  C:4794H         LINE#         1049
  C:47ACH         LINE#         1050
  C:47AFH         LINE#         1051
  C:47C7H         LINE#         1052
  C:47CAH         LINE#         1053
  C:47E2H         LINE#         1054
  C:47E5H         LINE#         1055
  C:47F8H         LINE#         1056
  C:47F8H         LINE#         1057
  C:47FBH         LINE#         1058
  C:4805H         LINE#         1059
  C:4805H         LINE#         1060
  C:481DH         LINE#         1061
  C:483AH         LINE#         1062
  C:4856H         LINE#         1063
  C:4873H         LINE#         1064
  C:4890H         LINE#         1065
  C:48ADH         LINE#         1066
  C:48BDH         LINE#         1067
  C:48C0H         LINE#         1068
BL51 BANKED LINKER/LOCATER V6.22.4.0                                                  03/19/2024  15:40:30  PAGE 27


  C:48D8H         LINE#         1069
  C:48DBH         LINE#         1070
  C:48F3H         LINE#         1071
  C:48F6H         LINE#         1072
  C:490EH         LINE#         1073
  C:4911H         LINE#         1074
  C:4924H         LINE#         1075
  C:4924H         LINE#         1076
  C:4927H         LINE#         1077
  C:4927H         LINE#         1078
  C:4944H         LINE#         1079
  C:4960H         LINE#         1080
  C:497DH         LINE#         1081
  C:499AH         LINE#         1082
  C:49B7H         LINE#         1083
  C:49C7H         LINE#         1084
  C:49DBH         LINE#         1085
  C:49F3H         LINE#         1086
  C:4A0EH         LINE#         1087
  C:4A26H         LINE#         1088
  C:4A41H         LINE#         1089
  C:4A59H         LINE#         1090
  C:4A76H         LINE#         1091
  C:4A86H         LINE#         1092
  C:4A9CH         LINE#         1093
  C:4A9CH         LINE#         1094
  C:4A9CH         LINE#         1096
  C:4AA3H         LINE#         1097
  C:4AA3H         LINE#         1098
  C:4AB8H         LINE#         1099
  C:4AC1H         LINE#         1100
  C:4AD6H         LINE#         1101
  C:4ADFH         LINE#         1102
  C:4AFBH         LINE#         1103
  C:4AFBH         LINE#         1104
  C:4AFEH         LINE#         1105
  C:4AFEH         LINE#         1106
  C:4B17H         LINE#         1107
  C:4B2CH         LINE#         1108
  C:4B41H         LINE#         1109
  C:4B56H         LINE#         1110
  C:4B6BH         LINE#         1111
  C:4B80H         LINE#         1112
  C:4B95H         LINE#         1113
  C:4BB1H         LINE#         1114
  C:4BBAH         LINE#         1115
  C:4BC9H         LINE#         1116
  C:4BC9H         LINE#         1117
  C:4BD9H         LINE#         1118
  C:4BE6H         LINE#         1119
  C:4BE8H         LINE#         1120
  C:4BF9H         LINE#         1121
  C:4BF9H         LINE#         1122
  C:4C01H         LINE#         1123
  C:4C03H         LINE#         1124
  C:4C09H         LINE#         1125
  C:4C0DH         LINE#         1126
BL51 BANKED LINKER/LOCATER V6.22.4.0                                                  03/19/2024  15:40:30  PAGE 28


  C:4C10H         LINE#         1127
  C:4C19H         LINE#         1128
  C:4C1CH         LINE#         1130
  C:4C1EH         LINE#         1134
  C:4C1FH         LINE#         1135
  C:4C1FH         LINE#         1136
  C:4C25H         LINE#         1137
  C:4C2AH         LINE#         1138
  C:4C33H         LINE#         1139
  C:4C3CH         LINE#         1140
  C:4C45H         LINE#         1141
  C:4C4AH         LINE#         1142
  C:4C4EH         LINE#         1143
  C:4C52H         LINE#         1144
  C:4C56H         LINE#         1145
  C:4C5AH         LINE#         1146
  C:4C5EH         LINE#         1147
  C:4C62H         LINE#         1148
  C:4C66H         LINE#         1149
  C:4C6AH         LINE#         1150
  C:4C6EH         LINE#         1151
  C:4C72H         LINE#         1152
  C:4C76H         LINE#         1153
  C:4C85H         LINE#         1154
  C:4CB2H         LINE#         1155
  C:4CC9H         LINE#         1156
  C:4CF7H         LINE#         1157
  C:4D5CH         LINE#         1158
  C:4DCCH         LINE#         1159
  C:4DEBH         LINE#         1160
  C:4E03H         LINE#         1161
  C:4E0DH         LINE#         1162
  C:4E20H         LINE#         1163
  C:4E63H         LINE#         1164
  C:4E63H         LINE#         1165
  C:4E7BH         LINE#         1166
  C:4E9AH         LINE#         1167
  C:4EAAH         LINE#         1168
  C:4EE5H         LINE#         1169
  C:4F01H         LINE#         1170
  C:4F2EH         LINE#         1171
  C:4F5BH         LINE#         1172
  C:4F5BH         LINE#         1173
  C:4FC0H         LINE#         1174
  C:502FH         LINE#         1175
  C:5050H         LINE#         1176
  C:5068H         LINE#         1177
  C:5072H         LINE#         1178
  C:508FH         LINE#         1179
  C:50D2H         LINE#         1180
  C:50D2H         LINE#         1181
  C:50EAH         LINE#         1182
  C:5109H         LINE#         1183
  C:5119H         LINE#         1184
  C:5154H         LINE#         1185
  C:5170H         LINE#         1186
  C:519DH         LINE#         1187
BL51 BANKED LINKER/LOCATER V6.22.4.0                                                  03/19/2024  15:40:30  PAGE 29


  C:51CAH         LINE#         1188
  C:51CAH         LINE#         1189
  C:51DBH         LINE#         1190
  C:51EDH         LINE#         1191
  C:51FEH         LINE#         1193
  C:520FH         LINE#         1194
  C:5220H         LINE#         1195
  C:5231H         LINE#         1196
  C:5242H         LINE#         1198
  C:5253H         LINE#         1199
  C:5264H         LINE#         1200
  C:5275H         LINE#         1201
  C:527EH         LINE#         1202
  C:528CH         LINE#         1203
  C:529EH         LINE#         1204
  C:52B0H         LINE#         1205
  C:52C1H         LINE#         1206
  C:52D3H         LINE#         1207
  C:52E5H         LINE#         1208
  C:52F7H         LINE#         1209
  C:5306H         LINE#         1210
  C:5309H         LINE#         1211
  C:5320H         LINE#         1212
  C:5323H         LINE#         1213
  C:533AH         LINE#         1214
  C:533DH         LINE#         1215
  C:5354H         LINE#         1216
  C:5357H         LINE#         1217
  C:5369H         LINE#         1218
  C:5369H         LINE#         1219
  C:536CH         LINE#         1220
  C:5375H         LINE#         1221
  C:5383H         LINE#         1222
  C:5395H         LINE#         1223
  C:53A6H         LINE#         1224
  C:53B8H         LINE#         1225
  C:53CAH         LINE#         1226
  C:53DCH         LINE#         1227
  C:53EBH         LINE#         1228
  C:53EEH         LINE#         1229
  C:5405H         LINE#         1230
  C:5408H         LINE#         1231
  C:541FH         LINE#         1232
  C:5422H         LINE#         1233
  C:5439H         LINE#         1234
  C:543CH         LINE#         1235
  C:544EH         LINE#         1236
  C:544EH         LINE#         1237
  C:5451H         LINE#         1238
  C:5463H         LINE#         1239
  C:5474H         LINE#         1240
  C:5486H         LINE#         1241
  C:5498H         LINE#         1242
  C:54AAH         LINE#         1243
  C:54B9H         LINE#         1244
  C:54C2H         LINE#         1245
  C:54D9H         LINE#         1246
BL51 BANKED LINKER/LOCATER V6.22.4.0                                                  03/19/2024  15:40:30  PAGE 30


  C:54E7H         LINE#         1247
  C:54FEH         LINE#         1248
  C:550CH         LINE#         1249
  C:5523H         LINE#         1250
  C:5531H         LINE#         1251
  C:5540H         LINE#         1252
  C:554BH         LINE#         1253
  C:554BH         LINE#         1254
  C:554BH         LINE#         1255
  C:5554H         LINE#         1256
  C:5562H         LINE#         1257
  C:5574H         LINE#         1258
  C:5586H         LINE#         1259
  C:5597H         LINE#         1260
  C:55A9H         LINE#         1261
  C:55BBH         LINE#         1262
  C:55CDH         LINE#         1263
  C:55DCH         LINE#         1264
  C:55DFH         LINE#         1265
  C:55F6H         LINE#         1266
  C:55F9H         LINE#         1267
  C:5610H         LINE#         1268
  C:5613H         LINE#         1269
  C:562AH         LINE#         1270
  C:562DH         LINE#         1271
  C:563FH         LINE#         1272
  C:563FH         LINE#         1273
  C:5642H         LINE#         1274
  C:564BH         LINE#         1275
  C:5659H         LINE#         1276
  C:566BH         LINE#         1277
  C:567CH         LINE#         1278
  C:568EH         LINE#         1279
  C:56A0H         LINE#         1280
  C:56B2H         LINE#         1281
  C:56C1H         LINE#         1282
  C:56C4H         LINE#         1283
  C:56DBH         LINE#         1284
  C:56DEH         LINE#         1285
  C:56F5H         LINE#         1286
  C:56F8H         LINE#         1287
  C:570FH         LINE#         1288
  C:5712H         LINE#         1289
  C:5724H         LINE#         1290
  C:5724H         LINE#         1291
  C:5727H         LINE#         1292
  C:5739H         LINE#         1293
  C:574AH         LINE#         1294
  C:575CH         LINE#         1295
  C:576EH         LINE#         1296
  C:5780H         LINE#         1297
  C:578FH         LINE#         1298
  C:5798H         LINE#         1299
  C:57AFH         LINE#         1300
  C:57BDH         LINE#         1301
  C:57D4H         LINE#         1302
  C:57E2H         LINE#         1303
BL51 BANKED LINKER/LOCATER V6.22.4.0                                                  03/19/2024  15:40:30  PAGE 31


  C:57F9H         LINE#         1304
  C:5807H         LINE#         1305
  C:5816H         LINE#         1306
  C:5821H         LINE#         1307
  C:5821H         LINE#         1308
  C:5821H         LINE#         1309
  C:5821H         LINE#         1310
  -------         ENDPROC       SHOWDATA
  -------         PROC          _SHORTDELAY
  D:0006H         SYMBOL        i
  -------         DO            
  D:0004H         SYMBOL        k
  D:0002H         SYMBOL        n
  -------         ENDDO         
  C:A18CH         LINE#         1315
  C:A18CH         LINE#         1316
  C:A18CH         LINE#         1319
  C:A196H         LINE#         1320
  C:A1AAH         LINE#         1322
  -------         ENDPROC       _SHORTDELAY
  -------         PROC          ALARM
  -------         DO            
  D:0007H         SYMBOL        n
  -------         ENDDO         
  C:A296H         LINE#         1327
  C:A296H         LINE#         1328
  C:A296H         LINE#         1330
  C:A298H         LINE#         1331
  C:A29FH         LINE#         1332
  C:A2A2H         LINE#         1333
  C:A2A2H         LINE#         1334
  C:A2A4H         LINE#         1335
  C:A2A4H         LINE#         1336
  C:A2A9H         LINE#         1337
  -------         ENDPROC       ALARM
  -------         PROC          _UPDATA_FLASH
  D:0007H         SYMBOL        j
  C:9F21H         LINE#         1342
  C:9F21H         LINE#         1343
  C:9F21H         LINE#         1344
  C:9F2EH         LINE#         1345
  C:9F3CH         LINE#         1346
  C:9F3CH         LINE#         1347
  C:9F3EH         LINE#         1348
  C:9F4BH         LINE#         1349
  C:9F4BH         LINE#         1350
  C:9F4CH         LINE#         1351
  C:9F58H         LINE#         1352
  -------         ENDPROC       _UPDATA_FLASH
  -------         PROC          LED_FLASH
  -------         DO            
  X:04FCH         SYMBOL        i
  -------         ENDDO         
  C:9E6DH         LINE#         1357
  C:9E6DH         LINE#         1358
  C:9E6DH         LINE#         1360
  C:9E7CH         LINE#         1361
BL51 BANKED LINKER/LOCATER V6.22.4.0                                                  03/19/2024  15:40:30  PAGE 32


  C:9E7FH         LINE#         1362
  C:9EA1H         LINE#         1363
  C:9EA9H         LINE#         1364
  -------         ENDPROC       LED_FLASH
  -------         PROC          _LED_DISP
  D:0001H         SYMBOL        Num
  D:0005H         SYMBOL        Flag
  D:0003H         SYMBOL        State
  C:9FC8H         LINE#         1369
  C:9FCAH         LINE#         1370
  C:9FCAH         LINE#         1371
  C:9FCDH         LINE#         1372
  C:9FD0H         LINE#         1373
  C:9FD9H         LINE#         1374
  C:9FDDH         LINE#         1375
  C:9FE0H         LINE#         1376
  C:9FE0H         LINE#         1377
  C:9FE2H         LINE#         1378
  C:9FE2H         LINE#         1379
  C:9FE4H         LINE#         1381
  C:9FE4H         LINE#         1382
  C:9FE4H         LINE#         1383
  C:9FEDH         LINE#         1384
  C:9FF1H         LINE#         1385
  C:9FF4H         LINE#         1386
  C:9FF4H         LINE#         1387
  C:9FF6H         LINE#         1388
  C:9FFDH         LINE#         1389
  C:9FFDH         LINE#         1390
  -------         ENDPROC       _LED_DISP
  -------         ENDMOD        8253COUNT

  -------         MODULE        AT24C16
  C:0000H         SYMBOL        _ICE_DUMMY_
  D:0080H         PUBLIC        P0
  D:0090H         PUBLIC        P1
  D:00A0H         PUBLIC        P2
  D:00B0H         PUBLIC        P3
  D:00C0H         PUBLIC        P4
  D:00C8H         PUBLIC        P5
  C:9989H         PUBLIC        _DS_SaveData
  D:00E8H         PUBLIC        P6
  D:00F8H         PUBLIC        P7
  C:9C40H         PUBLIC        _read_1_byte_24
  D:00A8H         PUBLIC        IE
  C:A311H         PUBLIC        stop_24
  D:00B8H         PUBLIC        IP
  C:9EAAH         PUBLIC        _write_1_byte_24
  C:98B0H         PUBLIC        read_8_bit_24
  D:00D8H         PUBLIC        CCON
  C:9835H         PUBLIC        _write_8_bit_24
  D:0098H         PUBLIC        SCON
  D:0088H         PUBLIC        TCON
  B:0090H.5       PUBLIC        sda
  C:A11CH         PUBLIC        _delay_n5ms_24
  C:A2E3H         SYMBOL        _?ix1000
  B:0090H.4       PUBLIC        scl
BL51 BANKED LINKER/LOCATER V6.22.4.0                                                  03/19/2024  15:40:30  PAGE 33


  C:A2EBH         SYMBOL        _?ix1001
  C:99E8H         PUBLIC        _DS_ReadData
  C:A2BEH         PUBLIC        start_24
  D:00D0H         PUBLIC        PSW
  -------         PROC          START_24
  C:A2BEH         LINE#         17
  C:A2BEH         LINE#         18
  C:A2BEH         LINE#         19
  C:A2BFH         LINE#         20
  C:A2C1H         LINE#         21
  C:A2C3H         LINE#         22
  C:A2C5H         LINE#         23
  C:A2C6H         LINE#         24
  C:A2C8H         LINE#         25
  C:A2C9H         LINE#         26
  C:A2CAH         LINE#         27
  C:A2CCH         LINE#         28
  C:A2CDH         LINE#         29
  C:A2CEH         LINE#         30
  C:A2D0H         LINE#         31
  -------         ENDPROC       START_24
  -------         PROC          STOP_24
  C:A311H         LINE#         34
  C:A311H         LINE#         35
  C:A311H         LINE#         36
  C:A313H         LINE#         37
  C:A315H         LINE#         38
  C:A318H         LINE#         39
  C:A31BH         LINE#         40
  C:A31DH         LINE#         41
  -------         ENDPROC       STOP_24
  -------         PROC          READ_8_BIT_24
  -------         DO            
  I:0059H         SYMBOL        r_8_bit
  I:005AH         SYMBOL        n
  I:005BH         SYMBOL        m
  I:005CH         SYMBOL        temp
  -------         ENDDO         
  C:98B0H         LINE#         45
  C:98B0H         LINE#         46
  C:98B0H         LINE#         50
  C:98C3H         LINE#         52
  C:98C7H         LINE#         53
  C:98CBH         LINE#         54
  C:98D6H         LINE#         55
  C:98D6H         LINE#         56
  C:98D8H         LINE#         57
  C:98D9H         LINE#         58
  C:98E4H         LINE#         59
  C:98E6H         LINE#         60
  C:98EBH         LINE#         61
  C:98EDH         LINE#         62
  C:98F1H         LINE#         63
  C:98F3H         LINE#         64
  C:98F5H         LINE#         66
  C:9902H         LINE#         67
  C:9902H         LINE#         68
BL51 BANKED LINKER/LOCATER V6.22.4.0                                                  03/19/2024  15:40:30  PAGE 34


  C:9908H         LINE#         69
  C:9918H         LINE#         70
  C:991AH         LINE#         71
  C:991FH         LINE#         72
  C:9923H         LINE#         73
  -------         ENDPROC       READ_8_BIT_24
  -------         PROC          _WRITE_8_BIT_24
  X:0502H         SYMBOL        x
  -------         DO            
  I:0059H         SYMBOL        w_8_bit
  I:005AH         SYMBOL        n
  I:005BH         SYMBOL        m
  I:005CH         SYMBOL        a
  I:005DH         SYMBOL        temp
  -------         ENDDO         
  C:9835H         LINE#         78
  C:983AH         LINE#         79
  C:983AH         LINE#         82
  C:984DH         LINE#         83
  C:9854H         LINE#         85
  C:9860H         LINE#         86
  C:9860H         LINE#         87
  C:9869H         LINE#         88
  C:9874H         LINE#         89
  C:987CH         LINE#         90
  C:9882H         LINE#         91
  C:9886H         LINE#         93
  C:988AH         LINE#         94
  C:9897H         LINE#         95
  C:9897H         LINE#         96
  C:98A0H         LINE#         97
  C:98A2H         LINE#         98
  C:98A3H         LINE#         99
  C:98A5H         LINE#         100
  C:98AAH         LINE#         102
  C:98ADH         LINE#         103
  C:98AFH         LINE#         105
  -------         ENDPROC       _WRITE_8_BIT_24
  -------         PROC          _READ_1_BYTE_24
  D:0004H         SYMBOL        r_add
  -------         DO            
  I:0055H         SYMBOL        r_1_byte
  I:0056H         SYMBOL        H
  I:0057H         SYMBOL        L
  I:0058H         SYMBOL        h
  -------         ENDDO         
  C:9C40H         LINE#         112
  C:9C44H         LINE#         113
  C:9C44H         LINE#         117
  C:9C48H         LINE#         118
  C:9C4DH         LINE#         119
  C:9C50H         LINE#         121
  C:9C55H         LINE#         123
  C:9C58H         LINE#         124
  C:9C5FH         LINE#         125
  C:9C61H         LINE#         126
  C:9C63H         LINE#         127
BL51 BANKED LINKER/LOCATER V6.22.4.0                                                  03/19/2024  15:40:30  PAGE 35


  C:9C6AH         LINE#         128
  C:9C6CH         LINE#         129
  C:9C6EH         LINE#         131
  C:9C71H         LINE#         132
  C:9C78H         LINE#         133
  C:9C7AH         LINE#         134
  C:9C7CH         LINE#         136
  C:9C83H         LINE#         137
  C:9C85H         LINE#         138
  C:9C87H         LINE#         139
  C:9C8AH         LINE#         141
  C:9C8CH         LINE#         142
  -------         ENDPROC       _READ_1_BYTE_24
  -------         PROC          _WRITE_1_BYTE_24
  D:0002H         SYMBOL        w_add
  X:04FFH         SYMBOL        w_1_byte
  -------         DO            
  I:0055H         SYMBOL        H
  I:0056H         SYMBOL        L
  -------         ENDDO         
  C:9EAAH         LINE#         149
  C:9EB3H         LINE#         150
  C:9EB3H         LINE#         152
  C:9EB7H         LINE#         153
  C:9EBAH         LINE#         155
  C:9EBFH         LINE#         157
  C:9EC2H         LINE#         158
  C:9EC9H         LINE#         159
  C:9ECBH         LINE#         160
  C:9ECDH         LINE#         162
  C:9ED4H         LINE#         163
  C:9ED6H         LINE#         164
  C:9ED8H         LINE#         166
  C:9EE0H         LINE#         167
  C:9EE2H         LINE#         168
[...]
  C:810DH         LINE#         330
  C:8113H         LINE#         331
  C:811DH         LINE#         332
  C:811EH         LINE#         333
  C:8127H         LINE#         334
  C:8129H         LINE#         335
  C:8130H         LINE#         336
  C:8130H         LINE#         337
  C:813CH         LINE#         338
  C:815DH         LINE#         339
  C:8161H         LINE#         340
  C:816CH         LINE#         341
  C:818DH         LINE#         342
  C:8191H         LINE#         343
  C:819CH         LINE#         344
  C:81BDH         LINE#         345
  C:81E1H         LINE#         346
  C:81E1H         LINE#         347
  C:81E1H         LINE#         348
  C:81EAH         LINE#         349
  C:81ECH         LINE#         350
  C:81F3H         LINE#         351
  C:81F3H         LINE#         352
  C:81FFH         LINE#         353
  C:8221H         LINE#         354
  C:8225H         LINE#         355
  C:8230H         LINE#         356
  C:8252H         LINE#         357
  C:825CH         LINE#         358
  C:8266H         LINE#         359
  C:8270H         LINE#         360
  C:8295H         LINE#         361
  C:82BAH         LINE#         362
  C:82BAH         LINE#         363
  C:82BAH         LINE#         364
BL51 BANKED LINKER/LOCATER V6.22.4.0                                                  03/19/2024  15:40:30  PAGE 71


  C:82BAH         LINE#         365
  C:82BFH         LINE#         366
  C:82C2H         LINE#         367
  C:82C5H         LINE#         368
  C:82C5H         LINE#         369
  C:82CCH         LINE#         370
  C:82CDH         LINE#         371
  C:82D4H         LINE#         372
  C:82DAH         LINE#         373
  C:82E3H         LINE#         374
  C:82EEH         LINE#         375
  C:82F6H         LINE#         376
  C:82FFH         LINE#         377
  C:830AH         LINE#         378
  C:8312H         LINE#         379
  C:831BH         LINE#         380
  C:8326H         LINE#         381
  C:8331H         LINE#         382
  C:8331H         LINE#         383
  C:8331H         LINE#         384
  C:8331H         LINE#         385
  -------         ENDPROC       DISPALY_PARAMOVE
  -------         PROC          DISPALY_PARA
  C:659CH         LINE#         390
  C:659CH         LINE#         391
  C:659CH         LINE#         392
  C:65A2H         LINE#         393
  C:65A4H         LINE#         394
  C:65A7H         LINE#         395
  C:65AAH         LINE#         396
  C:65BBH         LINE#         397
  C:65CCH         LINE#         398
  C:65DDH         LINE#         399
  C:65EEH         LINE#         400
  C:6609H         LINE#         401
  C:661AH         LINE#         402
  C:6635H         LINE#         403
  C:6650H         LINE#         404
  C:666BH         LINE#         405
  C:667CH         LINE#         406
  C:669BH         LINE#         407
  C:66BAH         LINE#         408
  C:66D9H         LINE#         409
  C:66F8H         LINE#         411
  C:6709H         LINE#         412
  C:6728H         LINE#         413
  C:6747H         LINE#         414
  C:6766H         LINE#         415
  C:6785H         LINE#         417
  C:6796H         LINE#         418
  C:67B5H         LINE#         419
  C:67D4H         LINE#         420
  C:67F3H         LINE#         421
  C:6812H         LINE#         423
  C:6823H         LINE#         424
  C:6842H         LINE#         425
  C:6861H         LINE#         426
BL51 BANKED LINKER/LOCATER V6.22.4.0                                                  03/19/2024  15:40:30  PAGE 72


  C:6880H         LINE#         427
  C:689FH         LINE#         428
  C:68AAH         LINE#         429
  C:68AAH         LINE#         430
  C:68BBH         LINE#         431
  C:68DAH         LINE#         432
  C:68F9H         LINE#         433
  C:6918H         LINE#         434
  C:6937H         LINE#         436
  C:6948H         LINE#         437
  C:6967H         LINE#         438
  C:6986H         LINE#         439
  C:69A5H         LINE#         440
  C:69C4H         LINE#         442
  C:69D5H         LINE#         443
  C:69F4H         LINE#         444
  C:6A13H         LINE#         445
  C:6A32H         LINE#         446
  C:6A51H         LINE#         448
  C:6A62H         LINE#         449
  C:6A81H         LINE#         450
  C:6AA0H         LINE#         451
  C:6ABFH         LINE#         452
  C:6ADEH         LINE#         454
  C:6AEFH         LINE#         455
  C:6B0EH         LINE#         456
  C:6B2DH         LINE#         457
  C:6B4CH         LINE#         458
  C:6B6BH         LINE#         460
  C:6B7CH         LINE#         461
  C:6B9BH         LINE#         462
  C:6BBAH         LINE#         463
  C:6BD9H         LINE#         464
  C:6BF8H         LINE#         465
  C:6BF8H         LINE#         466
  C:6BFEH         LINE#         467
  C:6C01H         LINE#         469
  C:6C12H         LINE#         470
  C:6C23H         LINE#         471
  C:6C34H         LINE#         472
  C:6C45H         LINE#         473
  C:6C56H         LINE#         474
  C:6C67H         LINE#         475
  C:6C78H         LINE#         476
  C:6C89H         LINE#         477
  C:6C9AH         LINE#         478
  C:6CB5H         LINE#         479
  C:6CD0H         LINE#         480
  C:6CEBH         LINE#         481
  C:6D06H         LINE#         482
  C:6D25H         LINE#         483
  C:6D44H         LINE#         484
  C:6D63H         LINE#         485
  C:6D82H         LINE#         487
  C:6DA1H         LINE#         488
  C:6DC0H         LINE#         489
  C:6DDFH         LINE#         490
BL51 BANKED LINKER/LOCATER V6.22.4.0                                                  03/19/2024  15:40:30  PAGE 73


  C:6DFEH         LINE#         492
  C:6E1DH         LINE#         493
  C:6E3CH         LINE#         494
  C:6E5BH         LINE#         495
  C:6E7AH         LINE#         497
  C:6E99H         LINE#         498
  C:6EB8H         LINE#         499
  C:6ED7H         LINE#         500
  C:6EF6H         LINE#         501
  C:6F01H         LINE#         502
  C:6F01H         LINE#         503
  C:6F12H         LINE#         504
  C:6F23H         LINE#         505
  C:6F34H         LINE#         506
  C:6F45H         LINE#         507
  C:6F56H         LINE#         508
  C:6F67H         LINE#         509
  C:6F86H         LINE#         510
  C:6FA5H         LINE#         511
  C:6FC4H         LINE#         512
  C:6FE3H         LINE#         514
  C:7002H         LINE#         515
  C:7021H         LINE#         516
  C:7040H         LINE#         517
  C:705FH         LINE#         519
  C:707EH         LINE#         520
  C:709DH         LINE#         521
  C:70BCH         LINE#         522
  C:70DBH         LINE#         524
  C:70FAH         LINE#         525
  C:7119H         LINE#         526
  C:7138H         LINE#         527
  C:7157H         LINE#         529
  C:7176H         LINE#         530
  C:7195H         LINE#         531
  C:71B4H         LINE#         532
  C:71D3H         LINE#         534
  C:71F2H         LINE#         535
  C:7211H         LINE#         536
  C:7230H         LINE#         537
  C:724FH         LINE#         538
  C:724FH         LINE#         539
  C:7255H         LINE#         540
  C:725BH         LINE#         541
  C:725DH         LINE#         542
  C:725DH         LINE#         543
  C:725DH         LINE#         544
  -------         ENDPROC       DISPALY_PARA
  -------         ENDMOD        SETPARA

  -------         MODULE        SETTIME
  C:0000H         SYMBOL        _ICE_DUMMY_
  C:873FH         PUBLIC        settime
  D:0080H         PUBLIC        P0
  D:0090H         PUBLIC        P1
  D:00A0H         PUBLIC        P2
  D:00B0H         PUBLIC        P3
BL51 BANKED LINKER/LOCATER V6.22.4.0                                                  03/19/2024  15:40:30  PAGE 74


  D:00C0H         PUBLIC        P4
  D:00C8H         PUBLIC        P5
  D:00E8H         PUBLIC        P6
  D:00F8H         PUBLIC        P7
  X:0532H         PUBLIC        Init_Time
  D:00A8H         PUBLIC        IE
  D:00B8H         PUBLIC        IP
  D:00D8H         PUBLIC        CCON
  X:0533H         PUBLIC        Real_Count_Display
  D:0098H         PUBLIC        SCON
  D:0088H         PUBLIC        TCON
  X:0553H         PUBLIC        Inctime
  X:0554H         PUBLIC        Setted_Time
  D:00D0H         PUBLIC        PSW
  -------         PROC          SETTIME
  C:873FH         LINE#         18
  C:873FH         LINE#         19
  C:873FH         LINE#         20
  C:8741H         LINE#         21
  C:8743H         LINE#         22
  C:8745H         LINE#         23
  C:874BH         LINE#         25
  C:874EH         LINE#         26
  C:874EH         LINE#         27
  C:8750H         LINE#         28
  C:8753H         LINE#         29
  C:8756H         LINE#         30
  C:8767H         LINE#         31
  C:8774H         LINE#         32
  C:8781H         LINE#         33
  C:8790H         LINE#         34
  C:87A1H         LINE#         35
  C:87A7H         LINE#         36
  C:87A8H         LINE#         38
  C:87A8H         LINE#         39
  C:87B7H         LINE#         40
  C:87B7H         LINE#         41
  C:87BDH         LINE#         42
  C:87C3H         LINE#         43
  C:87D0H         LINE#         44
  C:87DDH         LINE#         45
  C:87E5H         LINE#         46
  C:87E8H         LINE#         47
  C:87F0H         LINE#         48
  C:87F0H         LINE#         49
  C:87F6H         LINE#         50
  C:8803H         LINE#         51
  C:8812H         LINE#         52
  C:8818H         LINE#         53
  C:881BH         LINE#         54
  C:8823H         LINE#         55
  C:8823H         LINE#         56
  C:8829H         LINE#         57
  C:8836H         LINE#         58
  C:8845H         LINE#         59
  C:884BH         LINE#         60
  C:884EH         LINE#         61
BL51 BANKED LINKER/LOCATER V6.22.4.0                                                  03/19/2024  15:40:30  PAGE 75


  C:8856H         LINE#         62
  C:8856H         LINE#         63
  C:885CH         LINE#         64
  C:8869H         LINE#         65
  C:8878H         LINE#         66
  C:887EH         LINE#         67
  C:8881H         LINE#         68
  C:8889H         LINE#         69
  C:8889H         LINE#         70
  C:888FH         LINE#         71
  C:889CH         LINE#         72
  C:88ABH         LINE#         73
  C:88B1H         LINE#         74
  C:88B3H         LINE#         75
  C:88BBH         LINE#         76
  C:88BBH         LINE#         77
  C:88C1H         LINE#         78
  C:88CEH         LINE#         79
  C:88DDH         LINE#         80
  C:88E3H         LINE#         81
  C:88E5H         LINE#         82
  C:88ECH         LINE#         83
  C:88ECH         LINE#         84
  C:88F2H         LINE#         85
  C:88FFH         LINE#         86
  C:890EH         LINE#         87
  C:891BH         LINE#         88
  C:891BH         LINE#         89
  C:891BH         LINE#         90
  -------         ENDPROC       SETTIME
  -------         ENDMOD        SETTIME

  -------         MODULE        TIME0
  C:0000H         SYMBOL        _ICE_DUMMY_
  D:0080H         PUBLIC        P0
  D:0090H         PUBLIC        P1
  D:00A0H         PUBLIC        P2
  D:00B0H         PUBLIC        P3
  D:00C0H         PUBLIC        P4
  D:00C8H         PUBLIC        P5
  B:00A8H.7       PUBLIC        EA
  D:00E8H         PUBLIC        P6
  D:00F8H         PUBLIC        P7
  B:0023H.6       PUBLIC        FlagCollFall
  D:00A8H         PUBLIC        IE
  D:00B8H         PUBLIC        IP
  B:0090H.3       PUBLIC        GATE
  D:00D8H         PUBLIC        CCON
  D:0098H         PUBLIC        SCON
  D:0089H         PUBLIC        TMOD
  D:0088H         PUBLIC        TCON
  X:057EH         PUBLIC        NumT0
  C:A094H         PUBLIC        Init_Time0
  B:0023H.7       PUBLIC        Flag_Tim0
  X:0580H         PUBLIC        CntWarn
  X:0582H         PUBLIC        CntS1Warn
  B:00A8H.1       PUBLIC        ET0
BL51 BANKED LINKER/LOCATER V6.22.4.0                                                  03/19/2024  15:40:30  PAGE 76


  B:0088H.5       PUBLIC        TF0
  D:008CH         PUBLIC        TH0
  D:008AH         PUBLIC        TL0
  B:0088H.4       PUBLIC        TR0
  C:9280H         PUBLIC        Tim0
  X:0584H         PUBLIC        CmOverTime
  X:0586H         PUBLIC        CntFlhWarnT0
  B:0024H.0       PUBLIC        Flag_Warn_Serial1
  D:00D0H         PUBLIC        PSW
  -------         PROC          TIM0
  C:9280H         LINE#         23
  C:9293H         LINE#         25
  C:9295H         LINE#         26
  C:9298H         LINE#         27
  C:929BH         LINE#         28
  C:929EH         LINE#         29
  C:929EH         LINE#         30
  C:92A1H         LINE#         31
  C:92A1H         LINE#         32
  C:92B6H         LINE#         33
  C:92B6H         LINE#         34
  C:92BDH         LINE#         35
  C:92BFH         LINE#         36
  C:92BFH         LINE#         37
  C:92BFH         LINE#         38
  C:92BFH         LINE#         39
  C:92C2H         LINE#         40
  C:92C2H         LINE#         41
  C:92D7H         LINE#         42
  C:92D7H         LINE#         43
  C:92DEH         LINE#         44
  C:92E0H         LINE#         45
  C:92E0H         LINE#         46
  C:92E0H         LINE#         47
  C:92E3H         LINE#         48
  C:92E3H         LINE#         49
  C:92EDH         LINE#         50
  C:92EDH         LINE#         51
  C:92EFH         LINE#         52
  C:92EFH         LINE#         53
  C:9302H         LINE#         54
  C:9319H         LINE#         55
  C:9319H         LINE#         56
  C:931BH         LINE#         57
  C:931FH         LINE#         58
  C:9321H         LINE#         59
  C:9323H         LINE#         60
  C:9323H         LINE#         61
  C:9323H         LINE#         62
  C:9326H         LINE#         63
  C:9326H         LINE#         64
  C:933BH         LINE#         65
  C:933BH         LINE#         66
  C:933DH         LINE#         67
  C:9344H         LINE#         68
  C:9344H         LINE#         69
  C:9344H         LINE#         70
BL51 BANKED LINKER/LOCATER V6.22.4.0                                                  03/19/2024  15:40:30  PAGE 77


  C:9347H         LINE#         71
  C:9347H         LINE#         72
  C:935CH         LINE#         73
  C:935CH         LINE#         74
  C:935EH         LINE#         75
  C:9365H         LINE#         76
  C:9365H         LINE#         77
  C:9365H         LINE#         78
  -------         ENDPROC       TIM0
  -------         PROC          INIT_TIME0
  C:A094H         LINE#         83
  C:A094H         LINE#         84
  C:A094H         LINE#         85
  C:A097H         LINE#         86
  C:A09AH         LINE#         87
  C:A09DH         LINE#         88
  C:A0A3H         LINE#         89
  C:A0A9H         LINE#         90
  C:A0AFH         LINE#         91
  C:A0B3H         LINE#         92
  C:A0B7H         LINE#         93
  C:A0BDH         LINE#         94
  C:A0BFH         LINE#         95
  C:A0C1H         LINE#         96
  C:A0C3H         LINE#         97
  -------         ENDPROC       INIT_TIME0
  -------         ENDMOD        TIME0

  -------         MODULE        ?C?FPADD
  C:7265H         PUBLIC        ?C?FPADD
  C:7261H         PUBLIC        ?C?FPSUB
  -------         ENDMOD        ?C?FPADD

  -------         MODULE        ?C?FPMUL
  C:7356H         PUBLIC        ?C?FPMUL
  -------         ENDMOD        ?C?FPMUL

  -------         MODULE        ?C?FPDIV
  C:745FH         PUBLIC        ?C?FPDIV
  -------         ENDMOD        ?C?FPDIV

  -------         MODULE        ?C?FPCMP
  C:74FEH         PUBLIC        ?C?FPCMP
  C:74FCH         PUBLIC        ?C?FPCMP3
  -------         ENDMOD        ?C?FPCMP

  -------         MODULE        ?C?FCAST
  C:757FH         PUBLIC        ?C?FCASTC
  C:757AH         PUBLIC        ?C?FCASTI
  C:7575H         PUBLIC        ?C?FCASTL
  -------         ENDMOD        ?C?FCAST

  -------         MODULE        ?C?CASTF
  C:75B3H         PUBLIC        ?C?CASTF
  -------         ENDMOD        ?C?CASTF

  -------         MODULE        POW
BL51 BANKED LINKER/LOCATER V6.22.4.0                                                  03/19/2024  15:40:30  PAGE 78


  X:0524H         PUBLIC        ?_pow?BYTE
  C:891CH         PUBLIC        _pow
  -------         ENDMOD        POW

  -------         MODULE        ?C?CHKFLOAT
  C:7634H         PUBLIC        ?C?CHKFLOAT
  -------         ENDMOD        ?C?CHKFLOAT

  -------         MODULE        ?C?FPNEG
  C:764EH         PUBLIC        ?C?FPNEG
  -------         ENDMOD        ?C?FPNEG

  -------         MODULE        EXP
  C:9625H         PUBLIC        _EXP
  -------         ENDMOD        EXP

  -------         MODULE        LOG
  C:8E80H         PUBLIC        _LOG
  C:8E7CH         PUBLIC        _LOG10
  -------         ENDMOD        LOG

  -------         MODULE        ?C?COPY
  C:777CH         PUBLIC        ?C?COPY
  -------         ENDMOD        ?C?COPY

  -------         MODULE        ?C?CLDPTR
  C:77A2H         PUBLIC        ?C?CLDPTR
  -------         ENDMOD        ?C?CLDPTR

  -------         MODULE        ?C?CLDOPTR
  C:77BBH         PUBLIC        ?C?CLDOPTR
  -------         ENDMOD        ?C?CLDOPTR

  -------         MODULE        ?C?CSTOPTR
  C:77E8H         PUBLIC        ?C?CSTOPTR
  -------         ENDMOD        ?C?CSTOPTR

  -------         MODULE        ?C?IMUL
  C:780AH         PUBLIC        ?C?IMUL
  -------         ENDMOD        ?C?IMUL

  -------         MODULE        ?C?UIDIV
  C:781CH         PUBLIC        ?C?UIDIV
  -------         ENDMOD        ?C?UIDIV

  -------         MODULE        ?C?SIDIV
  C:7871H         PUBLIC        ?C?SIDIV
  -------         ENDMOD        ?C?SIDIV

  -------         MODULE        ?C?IILDX
  C:78A7H         PUBLIC        ?C?IILDX
  -------         ENDMOD        ?C?IILDX

  -------         MODULE        ?C?ULDIV
  C:78F9H         PUBLIC        ?C?ULDIV
  -------         ENDMOD        ?C?ULDIV

BL51 BANKED LINKER/LOCATER V6.22.4.0                                                  03/19/2024  15:40:30  PAGE 79


  -------         MODULE        ?C?LNEG
  C:798BH         PUBLIC        ?C?LNEG
  -------         ENDMOD        ?C?LNEG

  -------         MODULE        ?C?ULCMP
  C:7999H         PUBLIC        ?C?ULCMP
  -------         ENDMOD        ?C?ULCMP

  -------         MODULE        ?C?LLDIDATA
  C:79AAH         PUBLIC        ?C?LLDIDATA
  -------         ENDMOD        ?C?LLDIDATA

  -------         MODULE        ?C?LLDCODE
  C:79B6H         PUBLIC        ?C?LLDCODE
  -------         ENDMOD        ?C?LLDCODE

  -------         MODULE        ?C?LLDIDATA0
  C:79C6H         PUBLIC        ?C?LLDIDATA0
  -------         ENDMOD        ?C?LLDIDATA0

  -------         MODULE        ?C?LLDXDATA0
  C:79D3H         PUBLIC        ?C?LLDXDATA0
  -------         ENDMOD        ?C?LLDXDATA0

  -------         MODULE        ?C?LLDCODE0
  C:79DFH         PUBLIC        ?C?LLDCODE0
  -------         ENDMOD        ?C?LLDCODE0

  -------         MODULE        ?C?LSTIDATA
  C:79EFH         PUBLIC        ?C?LSTIDATA
  -------         ENDMOD        ?C?LSTIDATA

  -------         MODULE        ?C?LSTXDATA
  C:79FBH         PUBLIC        ?C?LSTXDATA
  -------         ENDMOD        ?C?LSTXDATA

  -------         MODULE        ?C?LSTKIDATA
  C:7A07H         PUBLIC        ?C?LSTKIDATA
  -------         ENDMOD        ?C?LSTKIDATA

  -------         MODULE        ?C?LSTKXDATA
  C:7A20H         PUBLIC        ?C?LSTKXDATA
  -------         ENDMOD        ?C?LSTKXDATA

  -------         MODULE        ?C?OFFXADD
  C:7A51H         PUBLIC        ?C?OFFXADD
  -------         ENDMOD        ?C?OFFXADD

Program Size: data=112.5 xdata=1418 code=41819
LINK/LOCATE RUN COMPLETE.  0 WARNING(S),  0 ERROR(S)
