BL51 BANKED LINKER/LOCATER V6.22.4.0                                                    03/28/2024  11:05:25  PAGE 1


BL51 BANKED LINKER/LOCATER V6.22.4.0, INVOKED BY:
C:\KEIL_V5\C51\BIN\BL51.EXE .\Objects\STARTUP.obj, .\Objects\8253count.obj, .\Objects\at24c16.obj, .\Objects\collateral.
>> obj, .\Objects\lcd.obj, .\Objects\main.obj, .\Objects\Masterdisplay.obj, .\Objects\measure.obj, .\Objects\reset.obj, 
>> .\Objects\serial.obj, .\Objects\Serial1Dip.obj, .\Objects\setinput.obj, .\Objects\setpara.obj, .\Objects\settime.obj,
>>  .\Objects\time0.obj TO .\Objects\Dose_Proj PRINT (.\Listings\Dose_Proj.m51) RAMSIZE (256)


MEMORY MODEL: LARGE WITH FLOATING POINT ARITHMETIC


INPUT MODULES INCLUDED:
  .\Objects\STARTUP.obj (?C_STARTUP)
  .\Objects\8253count.obj (8253COUNT)
  .\Objects\at24c16.obj (AT24C16)
  .\Objects\collateral.obj (COLLATERAL)
  .\Objects\lcd.obj (LCD)
  .\Objects\main.obj (MAIN)
  .\Objects\Masterdisplay.obj (MASTERDISPLAY)
  .\Objects\measure.obj (MEASURE)
  .\Objects\reset.obj (RESET)
  .\Objects\serial.obj (SERIAL)
  .\Objects\Serial1Dip.obj (SERIAL1DIP)
  .\Objects\setinput.obj (SETINPUT)
  .\Objects\setpara.obj (SETPARA)
  .\Objects\settime.obj (SETTIME)
  .\Objects\time0.obj (TIME0)
  C:\KEIL_V5\C51\LIB\C51FPL.LIB (?C?FPADD)
  C:\KEIL_V5\C51\LIB\C51FPL.LIB (?C?FPMUL)
  C:\KEIL_V5\C51\LIB\C51FPL.LIB (?C?FPDIV)
  C:\KEIL_V5\C51\LIB\C51FPL.LIB (?C?FPCMP)
  C:\KEIL_V5\C51\LIB\C51FPL.LIB (?C?FCAST)
  C:\KEIL_V5\C51\LIB\C51FPL.LIB (?C?CASTF)
  C:\KEIL_V5\C51\LIB\C51FPL.LIB (POW)
  C:\KEIL_V5\C51\LIB\C51FPL.LIB (?C?FPGETOPN)
  C:\KEIL_V5\C51\LIB\C51FPL.LIB (?C?CHKFLOAT)
  C:\KEIL_V5\C51\LIB\C51FPL.LIB (?C?FPNEG)
  C:\KEIL_V5\C51\LIB\C51FPL.LIB (EXP)
  C:\KEIL_V5\C51\LIB\C51FPL.LIB (LOG)
  C:\KEIL_V5\C51\LIB\C51FPL.LIB (?C?FPSERIES)
  C:\KEIL_V5\C51\LIB\C51L.LIB (?C_INIT)
  C:\KEIL_V5\C51\LIB\C51L.LIB (?C?COPY)
  C:\KEIL_V5\C51\LIB\C51L.LIB (?C?CLDPTR)
  C:\KEIL_V5\C51\LIB\C51L.LIB (?C?CLDOPTR)
  C:\KEIL_V5\C51\LIB\C51L.LIB (?C?CSTOPTR)
  C:\KEIL_V5\C51\LIB\C51L.LIB (?C?IMUL)
  C:\KEIL_V5\C51\LIB\C51L.LIB (?C?UIDIV)
  C:\KEIL_V5\C51\LIB\C51L.LIB (?C?SIDIV)
  C:\KEIL_V5\C51\LIB\C51L.LIB (?C?IILDX)
  C:\KEIL_V5\C51\LIB\C51L.LIB (?C?ULDIV)
  C:\KEIL_V5\C51\LIB\C51L.LIB (?C?LNEG)
  C:\KEIL_V5\C51\LIB\C51L.LIB (?C?ULCMP)
  C:\KEIL_V5\C51\LIB\C51L.LIB (?C?LLDOPTR)
  C:\KEIL_V5\C51\LIB\C51L.LIB (?C?LSTPTR)
  C:\KEIL_V5\C51\LIB\C51L.LIB (?C?LSTOPTR)
  C:\KEIL_V5\C51\LIB\C51L.LIB (?C?LLDIDATA)
  C:\KEIL_V5\C51\LIB\C51L.LIB (?C?LLDCODE)
  C:\KEIL_V5\C51\LIB\C51L.LIB (?C?LLDIDATA0)
  C:\KEIL_V5\C51\LIB\C51L.LIB (?C?LLDXDATA0)
BL51 BANKED LINKER/LOCATER V6.22.4.0                                                  03/28/2024  11:05:25  PAGE 2


  C:\KEIL_V5\C51\LIB\C51L.LIB (?C?LLDCODE0)
  C:\KEIL_V5\C51\LIB\C51L.LIB (?C?LLDOPTR0)
  C:\KEIL_V5\C51\LIB\C51L.LIB (?C?LSTIDATA)
  C:\KEIL_V5\C51\LIB\C51L.LIB (?C?LSTXDATA)
  C:\KEIL_V5\C51\LIB\C51L.LIB (?C?LSTKIDATA)
  C:\KEIL_V5\C51\LIB\C51L.LIB (?C?LSTKXDATA)
  C:\KEIL_V5\C51\LIB\C51L.LIB (?C?OFFXADD)
  C:\KEIL_V5\C51\LIB\C51L.LIB (?C?LLDXDATA)
  C:\KEIL_V5\C51\LIB\C51L.LIB (?C?LLDPDATA)
  C:\KEIL_V5\C51\LIB\C51L.LIB (?C?LLDPDATA0)
  C:\KEIL_V5\C51\LIB\C51L.LIB (?C?LSTPDATA)


LINK MAP OF MODULE:  .\Objects\Dose_Proj (?C_STARTUP)


            TYPE    BASE      LENGTH    RELOCATION   SEGMENT NAME
            -----------------------------------------------------

            * * * * * * *   D A T A   M E M O R Y   * * * * * * *
            REG     0000H     0008H     ABSOLUTE     "REG BANK 0"
            DATA    0008H     0006H     UNIT         _DATA_GROUP_
            DATA    000EH     0003H     UNIT         ?DT?SETPARA
            DATA    0011H     0001H     UNIT         ?DT?MAIN
            IDATA   0012H     0005H     UNIT         ?ID?SETPARA
                    0017H     0009H                  *** GAP ***
            BIT     0020H.0   0003H.6   UNIT         ?BI?MAIN
            BIT     0023H.6   0000H.3   UNIT         ?BI?TIME0
            BIT     0024H.1   0000H.2   UNIT         ?BI?COLLATERAL
            BIT     0024H.3   0000H.1   UNIT         ?BI?8253COUNT
            BIT     0024H.4   0000H.1   UNIT         _BIT_GROUP_
                    0024H.5   0000H.3                *** GAP ***
            IDATA   0025H     0080H     UNIT         ?ID?8253COUNT
            IDATA   00A5H     0024H     UNIT         _IDATA_GROUP_
            IDATA   00C9H     0001H     UNIT         ?STACK

            * * * * * * *  X D A T A   M E M O R Y  * * * * * * *
            XDATA   0000H     03A3H     UNIT         ?XD?8253COUNT
            XDATA   03A3H     0240H     UNIT         ?XD?MAIN
            XDATA   05E3H     0049H     UNIT         ?XD?MASTERDISPLAY
            XDATA   062CH     003AH     UNIT         _XDATA_GROUP_
            XDATA   0666H     002AH     UNIT         ?XD?SETTIME
            XDATA   0690H     0022H     UNIT         ?XD?SETPARA
            XDATA   06B2H     000AH     UNIT         ?XD?TIME0
            XDATA   06BCH     0002H     UNIT         ?XD?COLLATERAL

            * * * * * * *   C O D E   M E M O R Y   * * * * * * *
            CODE    0000H     0003H     ABSOLUTE     
            CODE    0003H     0003H     ABSOLUTE     
                    0006H     0005H                  *** GAP ***
            CODE    000BH     0003H     ABSOLUTE     
            CODE    000EH     0015H     UNIT         ?CO?COLLATERAL
            CODE    0023H     0003H     ABSOLUTE     
            CODE    0026H     001BH     UNIT         ?PR?_TWORD?LCD
                    0041H     0002H                  *** GAP ***
            CODE    0043H     0003H     ABSOLUTE     
            CODE    0046H     4D67H     UNIT         ?PR?SHOWDATA?8253COUNT
BL51 BANKED LINKER/LOCATER V6.22.4.0                                                  03/28/2024  11:05:25  PAGE 3


            CODE    4DADH     0D7AH     UNIT         ?PR?_COLLECT_WORD?COLLATERAL
            CODE    5B27H     0CC2H     UNIT         ?PR?DISPALY_PARA?SETPARA
            CODE    67E9H     08CEH     UNIT         ?C?LIB_CODE
            CODE    70B7H     03FAH     UNIT         ?PR?INIT_PARA?MAIN
            CODE    74B1H     0352H     UNIT         ?PR?_GENERATE_WEIGHTS_OUTPUT?8253COUNT
            CODE    7803H     02B0H     UNIT         ?PR?DISPLAY_B?MASTERDISPLAY
            CODE    7AB3H     0225H     UNIT         ?PR?DISPALY_PARAMOVE?SETPARA
            CODE    7CD8H     0207H     UNIT         ?PR?GETANDDISDATA?8253COUNT
            CODE    7EDFH     0206H     UNIT         ?PR?SETPARAMETER?SETPARA
            CODE    80E5H     01DDH     UNIT         ?PR?SETTIME?SETTIME
            CODE    82C2H     0166H     UNIT         ?PR?_POW?POW
            CODE    8428H     014BH     UNIT         ?PR?_TRNUMBER?LCD
            CODE    8573H     014BH     UNIT         ?PR?_TNUMBER?LCD
            CODE    86BEH     0134H     UNIT         ?PR?SETINPUT?SETINPUT
            CODE    87F2H     0129H     UNIT         ?PR?LOG?LOG
            CODE    891BH     0110H     UNIT         ?PR?SHOWSETRESULT?MEASURE
            CODE    8A2BH     0102H     UNIT         ?PR?INIT_RAM?MAIN
            CODE    8B2DH     00F9H     UNIT         ?PR?SIDE_RCHANGE?SETPARA
            CODE    8C26H     00F6H     UNIT         ?PR?TIM0?TIME0
            CODE    8D1CH     00ECH     UNIT         ?PR?INIT_8253?8253COUNT
            CODE    8E08H     00E7H     UNIT         ?PR?SIDE_LCHANGE?SETPARA
            CODE    8EEFH     00B4H     UNIT         ?CO?8253COUNT
            CODE    8FA3H     00A3H     UNIT         ?PR?INT0?MAIN
            CODE    9046H     009AH     UNIT         ?PR?EXP?EXP
            CODE    90E0H     008CH     UNIT         ?C_C51STARTUP
            CODE    916CH     0089H     UNIT         ?PR?_SEND_WORD?COLLATERAL
            CODE    91F5H     007BH     UNIT         ?PR?_WRITE_8_BIT_24?AT24C16
            CODE    9270H     0074H     UNIT         ?PR?READ_8_BIT_24?AT24C16
            CODE    92E4H     0065H     UNIT         ?CO?MEASURE
            CODE    9349H     005FH     UNIT         ?PR?_DS_SAVEDATA?AT24C16
            CODE    93A8H     005FH     UNIT         ?PR?_DS_READDATA?AT24C16
            CODE    9407H     005AH     UNIT         ?PR?MAIN?MAIN
            CODE    9461H     0059H     UNIT         ?PR?_TXTEXT?LCD
            CODE    94BAH     0059H     UNIT         ?PR?TRANSFER_DCS?MAIN
            CODE    9513H     0051H     UNIT         ?PR?_TRXTEXT?LCD
            CODE    9564H     004EH     UNIT         ?C_INITSEG
            CODE    95B2H     004EH     UNIT         ?PR?_CLOSE?LCD
            CODE    9600H     004EH     UNIT         ?PR?MEASURE?MEASURE
            CODE    964EH     004DH     UNIT         ?PR?_READ_1_BYTE_24?AT24C16
            CODE    969BH     004DH     UNIT         ?PR?RESET?RESET
            CODE    96E8H     004BH     UNIT         ?PR?KEY_FUNCTION?MAIN
            CODE    9733H     0046H     UNIT         ?PR?_WARNLED_ON?LCD
            CODE    9779H     0046H     UNIT         ?PR?_WARNLED_OFF?LCD
            CODE    97BFH     0040H     UNIT         ?PR?LINE_CHANGE?SETPARA
            CODE    97FFH     003EH     UNIT         ?CO?LCD
            CODE    983DH     003EH     UNIT         ?CO?SETPARA
            CODE    987BH     003DH     UNIT         ?PR?LED_FLASH?8253COUNT
            CODE    98B8H     003DH     UNIT         ?PR?_WRITE_1_BYTE_24?AT24C16
            CODE    98F5H     003AH     UNIT         ?PR?CLEAR?LCD
            CODE    992FH     0038H     UNIT         ?PR?_UPDATA_FLASH?8253COUNT
            CODE    9967H     0038H     UNIT         ?PR?REDLED_FLASH?MASTERDISPLAY
            CODE    999FH     0037H     UNIT         ?PR?_UPDATA_LED?MASTERDISPLAY
            CODE    99D6H     0036H     UNIT         ?PR?_LED_DISP?8253COUNT
            CODE    9A0CH     0034H     UNIT         ?PR?_WARNING_DISP?MASTERDISPLAY
            CODE    9A40H     0032H     UNIT         ?PR?TRANSFER?MAIN
            CODE    9A72H     0030H     UNIT         ?PR?_OPEN?LCD
            CODE    9AA2H     0030H     UNIT         ?PR?INIT_TIME0?TIME0
BL51 BANKED LINKER/LOCATER V6.22.4.0                                                  03/28/2024  11:05:25  PAGE 4


            CODE    9AD2H     002DH     UNIT         ?PR?CKMASTERCMD?COLLATERAL
            CODE    9AFFH     002BH     UNIT         ?CO?SETINPUT
            CODE    9B2AH     0027H     UNIT         ?PR?_DELAY_N5MS_24?AT24C16
            CODE    9B51H     0026H     UNIT         ?PR?_TXBYTE?LCD
            CODE    9B77H     0023H     UNIT         ?PR?INIT_MCU?MAIN
            CODE    9B9AH     001FH     UNIT         ?PR?_SHORTDELAY?8253COUNT
            CODE    9BB9H     001EH     UNIT         ?PR?SPEAK_ALARM?MAIN
            CODE    9BD7H     001AH     UNIT         ?PR?LCD_INIT?LCD
            CODE    9BF1H     001AH     UNIT         ?PR?LCD_START?LCD
            CODE    9C0BH     001AH     UNIT         ?CO?MASTERDISPLAY
            CODE    9C25H     001AH     UNIT         ?PR?PARAMETERRIGHT?SETPARA
            CODE    9C3FH     001AH     UNIT         ?PR?PARAMETERLEFT?SETPARA
            CODE    9C59H     0019H     UNIT         ?PR?INIT_IO?MAIN
            CODE    9C72H     0017H     UNIT         ?PR?SERIAL_PORT_ONE_INITIAL?SERIAL
            CODE    9C89H     0014H     UNIT         ?PR?ALARM?8253COUNT
            CODE    9C9DH     0014H     UNIT         ?PR?TXEOF?LCD
            CODE    9CB1H     0013H     UNIT         ?PR?START_24?AT24C16
            CODE    9CC4H     0012H     UNIT         ?PR?_T1BYTE?LCD
            CODE    9CD6H     0010H     UNIT         ?CO?AT24C16
            CODE    9CE6H     0010H     UNIT         ?PR?SERIAL_PORT_TWO_INITIAL?SERIAL
            CODE    9CF6H     000EH     UNIT         ?CO?SETTIME
            CODE    9D04H     000DH     UNIT         ?PR?STOP_24?AT24C16
            CODE    9D11H     000DH     UNIT         ?PR?LCD_CLEAR?LCD
            CODE    9D1EH     000CH     UNIT         ?PR?SELECT_MAST?MAIN
            CODE    9D2AH     000CH     UNIT         ?CO?RESET
            CODE    9D36H     000BH     UNIT         ?PR?INIT_BUF?MAIN
            CODE    9D41H     000AH     UNIT         ?PR?UART_ONE_INTERRUPT_RECEIVE?SERIAL
            CODE    9D4BH     000AH     UNIT         ?PR?UART_TWO_INTERRUPT_RECEIVE?SERIAL



OVERLAY MAP OF MODULE:   .\Objects\Dose_Proj (?C_STARTUP)


SEGMENT                                           BIT_GROUP          DATA_GROUP          IDATA_GROUP         XDATA_GROUP
>> 
  +--> CALLED SEGMENT                          START    LENGTH     START    LENGTH     START    LENGTH     START    LENG
>> TH
------------------------------------------------------------------------------------------------------------------------
>> --
?C_C51STARTUP                                  -----    -----      -----    -----      -----    -----      -----    ----
>> -
  +--> ?PR?MAIN?MAIN
  +--> ?C_INITSEG

?PR?MAIN?MAIN                                  -----    -----      -----    -----      -----    -----      -----    ----
>> -
  +--> ?PR?INIT_IO?MAIN
  +--> ?PR?INIT_MCU?MAIN
  +--> ?PR?INIT_RAM?MAIN
  +--> ?PR?INIT_PARA?MAIN
  +--> ?PR?INIT_BUF?MAIN
  +--> ?PR?INIT_TIME0?TIME0
  +--> ?PR?LCD_CLEAR?LCD
  +--> ?PR?LCD_START?LCD
  +--> ?PR?SELECT_MAST?MAIN
  +--> ?PR?KEY_FUNCTION?MAIN
BL51 BANKED LINKER/LOCATER V6.22.4.0                                                  03/28/2024  11:05:25  PAGE 5


  +--> ?PR?GETANDDISDATA?8253COUNT
  +--> ?PR?SHOWDATA?8253COUNT
  +--> ?PR?TRANSFER?MAIN
  +--> ?PR?TRANSFER_DCS?MAIN
  +--> ?PR?INIT_8253?8253COUNT
  +--> ?PR?LED_FLASH?8253COUNT
  +--> ?PR?REDLED_FLASH?MASTERDISPLAY

?PR?INIT_MCU?MAIN                              -----    -----      -----    -----      -----    -----      -----    ----
>> -
  +--> ?PR?SERIAL_PORT_TWO_INITIAL?SERIAL
  +--> ?PR?SERIAL_PORT_ONE_INITIAL?SERIAL
  +--> ?PR?LCD_CLEAR?LCD
  +--> ?PR?LCD_INIT?LCD
  +--> ?PR?CLEAR?LCD

?PR?LCD_CLEAR?LCD                              -----    -----      -----    -----      -----    -----      -----    ----
>> -
  +--> ?PR?_TXBYTE?LCD
  +--> ?PR?TXEOF?LCD

?PR?_TXBYTE?LCD                                -----    -----      -----    -----      00C4H    0001H      -----    ----
>> -

?PR?TXEOF?LCD                                  -----    -----      -----    -----      -----    -----      -----    ----
>> -
  +--> ?PR?_TXBYTE?LCD

?PR?LCD_INIT?LCD                               -----    -----      -----    -----      -----    -----      -----    ----
>> -
  +--> ?CO?LCD
  +--> ?PR?_TXTEXT?LCD

?PR?_TXTEXT?LCD                                -----    -----      -----    -----      -----    -----      0655H    0004
>> H
  +--> ?PR?_TXBYTE?LCD
  +--> ?PR?_TWORD?LCD
  +--> ?PR?TXEOF?LCD
  +--> ?PR?_SHORTDELAY?8253COUNT

?PR?_TWORD?LCD                                 -----    -----      -----    -----      00C2H    0002H      -----    ----
>> -
  +--> ?PR?_TXBYTE?LCD

?PR?CLEAR?LCD                                  -----    -----      -----    -----      -----    -----      -----    ----
>> -
  +--> ?PR?_CLOSE?LCD

?PR?_CLOSE?LCD                                 -----    -----      -----    -----      -----    -----      -----    ----
>> -
  +--> ?PR?_TXBYTE?LCD
  +--> ?PR?_TWORD?LCD
  +--> ?PR?TXEOF?LCD

?PR?INIT_PARA?MAIN                             -----    -----      -----    -----      -----    -----      062CH    0003
>> H
  +--> ?PR?_DS_READDATA?AT24C16
BL51 BANKED LINKER/LOCATER V6.22.4.0                                                  03/28/2024  11:05:25  PAGE 6



?PR?_DS_READDATA?AT24C16                       -----    -----      0008H    0004H      -----    -----      062FH    0003
>> H
  +--> ?PR?_READ_1_BYTE_24?AT24C16
  +--> ?PR?_DELAY_N5MS_24?AT24C16

?PR?_READ_1_BYTE_24?AT24C16                    -----    -----      -----    -----      00A5H    0004H      -----    ----
>> -
  +--> ?PR?_DELAY_N5MS_24?AT24C16
  +--> ?PR?START_24?AT24C16
  +--> ?PR?_WRITE_8_BIT_24?AT24C16
  +--> ?PR?READ_8_BIT_24?AT24C16
  +--> ?PR?STOP_24?AT24C16

?PR?_DELAY_N5MS_24?AT24C16                     -----    -----      -----    -----      00A9H    0003H      -----    ----
>> -

?PR?_WRITE_8_BIT_24?AT24C16                    -----    -----      -----    -----      00A9H    000CH      0632H    0001
>> H
  +--> ?CO?AT24C16

?PR?READ_8_BIT_24?AT24C16                      -----    -----      -----    -----      00A9H    000BH      -----    ----
>> -
  +--> ?CO?AT24C16

?PR?LCD_START?LCD                              -----    -----      -----    -----      -----    -----      -----    ----
>> -
  +--> ?CO?LCD
  +--> ?PR?_TXTEXT?LCD

?PR?KEY_FUNCTION?MAIN                          -----    -----      -----    -----      -----    -----      -----    ----
>> -
  +--> ?PR?SETINPUT?SETINPUT
  +--> ?PR?SETTIME?SETTIME
  +--> ?PR?SETPARAMETER?SETPARA
  +--> ?PR?PARAMETERRIGHT?SETPARA
  +--> ?PR?PARAMETERLEFT?SETPARA
  +--> ?PR?MEASURE?MEASURE
  +--> ?PR?RESET?RESET

?PR?SETINPUT?SETINPUT                          -----    -----      -----    -----      -----    -----      -----    ----
>> -
  +--> ?PR?CLEAR?LCD
  +--> ?PR?LCD_CLEAR?LCD
  +--> ?CO?SETINPUT
  +--> ?PR?_TXTEXT?LCD
  +--> ?PR?_TNUMBER?LCD

?PR?_TNUMBER?LCD                               -----    -----      -----    -----      00BDH    0005H      0655H    0004
>> H
  +--> ?PR?_TXBYTE?LCD
  +--> ?PR?_TWORD?LCD
  +--> ?PR?TXEOF?LCD
  +--> ?PR?_SHORTDELAY?8253COUNT

?PR?SETTIME?SETTIME                            -----    -----      -----    -----      -----    -----      -----    ----
>> -
BL51 BANKED LINKER/LOCATER V6.22.4.0                                                  03/28/2024  11:05:25  PAGE 7


  +--> ?PR?CLEAR?LCD
  +--> ?PR?LCD_CLEAR?LCD
  +--> ?CO?SETTIME
  +--> ?PR?_TXTEXT?LCD
  +--> ?PR?_TNUMBER?LCD

?PR?SETPARAMETER?SETPARA                       -----    -----      -----    -----      -----    -----      -----    ----
>> -
  +--> ?PR?DISPALY_PARA?SETPARA

?PR?DISPALY_PARA?SETPARA                       -----    -----      -----    -----      -----    -----      -----    ----
>> -
  +--> ?PR?CLEAR?LCD
  +--> ?PR?LCD_CLEAR?LCD
  +--> ?CO?SETPARA
  +--> ?PR?_TXTEXT?LCD
  +--> ?PR?_TNUMBER?LCD

?PR?PARAMETERRIGHT?SETPARA                     -----    -----      -----    -----      -----    -----      -----    ----
>> -
  +--> ?PR?SIDE_RCHANGE?SETPARA
  +--> ?PR?DISPALY_PARAMOVE?SETPARA

?PR?SIDE_RCHANGE?SETPARA                       -----    -----      -----    -----      -----    -----      -----    ----
>> -
  +--> ?PR?LCD_CLEAR?LCD
  +--> ?PR?LINE_CHANGE?SETPARA

?PR?DISPALY_PARAMOVE?SETPARA                   -----    -----      -----    -----      -----    -----      -----    ----
>> -
  +--> ?PR?_CLOSE?LCD
  +--> ?PR?_OPEN?LCD
  +--> ?PR?DISPALY_PARA?SETPARA

?PR?_OPEN?LCD                                  -----    -----      -----    -----      -----    -----      -----    ----
>> -
  +--> ?PR?_TXBYTE?LCD
  +--> ?PR?_TWORD?LCD
  +--> ?PR?TXEOF?LCD

?PR?PARAMETERLEFT?SETPARA                      -----    -----      -----    -----      -----    -----      -----    ----
>> -
  +--> ?PR?SIDE_LCHANGE?SETPARA
  +--> ?PR?DISPALY_PARAMOVE?SETPARA

?PR?SIDE_LCHANGE?SETPARA                       -----    -----      -----    -----      -----    -----      -----    ----
>> -
  +--> ?PR?LINE_CHANGE?SETPARA

?PR?MEASURE?MEASURE                            -----    -----      -----    -----      -----    -----      -----    ----
>> -
  +--> ?PR?SHOWSETRESULT?MEASURE
  +--> ?PR?_DS_SAVEDATA?AT24C16
  +--> ?PR?INIT_8253?8253COUNT

?PR?SHOWSETRESULT?MEASURE                      -----    -----      -----    -----      -----    -----      -----    ----
>> -
BL51 BANKED LINKER/LOCATER V6.22.4.0                                                  03/28/2024  11:05:25  PAGE 8


  +--> ?PR?CLEAR?LCD
  +--> ?PR?LCD_CLEAR?LCD
  +--> ?CO?MEASURE
  +--> ?PR?_TXTEXT?LCD
  +--> ?PR?_TNUMBER?LCD

?PR?_DS_SAVEDATA?AT24C16                       -----    -----      0008H    0004H      -----    -----      062CH    0003
>> H
  +--> ?PR?_WRITE_1_BYTE_24?AT24C16
  +--> ?PR?_DELAY_N5MS_24?AT24C16

?PR?_WRITE_1_BYTE_24?AT24C16                   -----    -----      -----    -----      00A5H    0002H      062FH    0001
>> H
  +--> ?PR?_DELAY_N5MS_24?AT24C16
  +--> ?PR?START_24?AT24C16
  +--> ?PR?_WRITE_8_BIT_24?AT24C16
  +--> ?PR?STOP_24?AT24C16

?PR?RESET?RESET                                -----    -----      -----    -----      -----    -----      -----    ----
>> -
  +--> ?PR?CLEAR?LCD
  +--> ?PR?LCD_CLEAR?LCD
  +--> ?CO?RESET
  +--> ?PR?_TXTEXT?LCD

?PR?SHOWDATA?8253COUNT                         -----    -----      -----    -----      00A5H    0018H      062CH    0029
>> H
  +--> ?PR?LCD_CLEAR?LCD
  +--> ?CO?8253COUNT
  +--> ?PR?_GENERATE_WEIGHTS_OUTPUT?8253COUNT
  +--> ?PR?_POW?POW
  +--> ?PR?SPEAK_ALARM?MAIN
  +--> ?PR?_TXTEXT?LCD
  +--> ?PR?_TNUMBER?LCD
  +--> ?PR?ALARM?8253COUNT
  +--> ?PR?_TRXTEXT?LCD
  +--> ?PR?_TRNUMBER?LCD

?PR?_GENERATE_WEIGHTS_OUTPUT?8253COUNT         -----    -----      -----    -----      -----    -----      0655H    0011
>> H
  +--> ?CO?8253COUNT

?PR?_POW?POW                                   -----    -----      -----    -----      -----    -----      0655H    000A
>> H
  +--> ?PR?LOG?LOG
  +--> ?PR?EXP?EXP

?PR?LOG?LOG                                    0024H.4  0000H.1    -----    -----      -----    -----      065FH    0004
>> H

?PR?SPEAK_ALARM?MAIN                           0024H.4  0000H.1    -----    -----      -----    -----      -----    ----
>> -

?PR?_TRXTEXT?LCD                               -----    -----      -----    -----      -----    -----      0655H    0004
>> H
  +--> ?PR?_TXBYTE?LCD
  +--> ?PR?_TWORD?LCD
BL51 BANKED LINKER/LOCATER V6.22.4.0                                                  03/28/2024  11:05:25  PAGE 9


  +--> ?PR?TXEOF?LCD
  +--> ?PR?_SHORTDELAY?8253COUNT

?PR?_TRNUMBER?LCD                              -----    -----      -----    -----      00BDH    0005H      0655H    0004
>> H
  +--> ?PR?_TXBYTE?LCD
  +--> ?PR?_TWORD?LCD
  +--> ?PR?TXEOF?LCD
  +--> ?PR?_SHORTDELAY?8253COUNT

?PR?TRANSFER?MAIN                              -----    -----      -----    -----      -----    -----      -----    ----
>> -
  +--> ?PR?_SEND_WORD?COLLATERAL
  +--> ?PR?_COLLECT_WORD?COLLATERAL

?PR?_SEND_WORD?COLLATERAL                      0024H.4  0000H.1    -----    -----      -----    -----      062CH    0005
>> H
  +--> ?PR?CKMASTERCMD?COLLATERAL
  +--> ?PR?LCD_CLEAR?LCD
  +--> ?PR?_TNUMBER?LCD
  +--> ?CO?COLLATERAL
  +--> ?PR?_TXTEXT?LCD

?PR?CKMASTERCMD?COLLATERAL                     -----    -----      -----    -----      -----    -----      0631H    0001
>> H

?PR?_COLLECT_WORD?COLLATERAL                   0024H.4  0000H.1    -----    -----      -----    -----      062CH    000F
>> H
  +--> ?PR?_SHORTDELAY?8253COUNT
  +--> ?PR?DISPLAY_B?MASTERDISPLAY
  +--> ?CO?8253COUNT

?PR?DISPLAY_B?MASTERDISPLAY                    -----    -----      -----    -----      00A5H    0001H      -----    ----
>> -
  +--> ?PR?LCD_CLEAR?LCD
  +--> ?CO?MASTERDISPLAY
  +--> ?PR?_TXTEXT?LCD
  +--> ?PR?_TNUMBER?LCD
  +--> ?PR?_WARNLED_ON?LCD
  +--> ?PR?_WARNLED_OFF?LCD

?PR?_WARNLED_ON?LCD                            -----    -----      -----    -----      -----    -----      -----    ----
>> -
  +--> ?PR?_TXBYTE?LCD
  +--> ?PR?_TWORD?LCD
  +--> ?PR?TXEOF?LCD

?PR?_WARNLED_OFF?LCD                           -----    -----      -----    -----      -----    -----      -----    ----
>> -
  +--> ?PR?_TXBYTE?LCD
  +--> ?PR?_TWORD?LCD
  +--> ?PR?TXEOF?LCD

?PR?TRANSFER_DCS?MAIN                          -----    -----      -----    -----      -----    -----      062CH    0001
>> H
  +--> ?PR?_T1BYTE?LCD

BL51 BANKED LINKER/LOCATER V6.22.4.0                                                  03/28/2024  11:05:25  PAGE 10


?PR?_T1BYTE?LCD                                -----    -----      -----    -----      00A5H    0001H      -----    ----
>> -

?PR?LED_FLASH?8253COUNT                        -----    -----      -----    -----      -----    -----      062CH    0001
>> H
  +--> ?PR?_UPDATA_FLASH?8253COUNT
  +--> ?PR?_LED_DISP?8253COUNT

?PR?_LED_DISP?8253COUNT                        -----    -----      -----    -----      -----    -----      -----    ----
>> -
  +--> ?CO?8253COUNT
  +--> ?PR?_SHORTDELAY?8253COUNT

?PR?REDLED_FLASH?MASTERDISPLAY                 -----    -----      -----    -----      00A5H    0001H      -----    ----
>> -
  +--> ?PR?_UPDATA_LED?MASTERDISPLAY
  +--> ?PR?_WARNING_DISP?MASTERDISPLAY

?PR?_WARNING_DISP?MASTERDISPLAY                -----    -----      -----    -----      -----    -----      062CH    0001
>> H
  +--> ?PR?_WARNLED_ON?LCD
  +--> ?PR?_WARNLED_OFF?LCD

*** NEW ROOT ***************************************************

?PR?INT0?MAIN                                  -----    -----      -----    -----      00C5H    0004H      -----    ----
>> -

*** NEW ROOT ***************************************************

?PR?UART_ONE_INTERRUPT_RECEIVE?SERIAL          -----    -----      000CH    0001H      -----    -----      -----    ----
>> -

*** NEW ROOT ***************************************************

?PR?UART_TWO_INTERRUPT_RECEIVE?SERIAL          -----    -----      000DH    0001H      -----    -----      -----    ----
>> -



SYMBOL TABLE OF MODULE:  .\Objects\Dose_Proj (?C_STARTUP)

  VALUE           TYPE          NAME
  ----------------------------------

  -------         MODULE        ?C_STARTUP
  C:90E0H         SEGMENT       ?C_C51STARTUP
  I:00C9H         SEGMENT       ?STACK
  C:0000H         PUBLIC        ?C_STARTUP
  D:00E0H         SYMBOL        ACC
  D:00F0H         SYMBOL        B
  D:0083H         SYMBOL        DPH
  D:0082H         SYMBOL        DPL
  N:0000H         SYMBOL        IBPSTACK
  N:0100H         SYMBOL        IBPSTACKTOP
  N:0080H         SYMBOL        IDATALEN
  C:90E3H         SYMBOL        IDATALOOP
BL51 BANKED LINKER/LOCATER V6.22.4.0                                                  03/28/2024  11:05:25  PAGE 11


  N:0000H         SYMBOL        PBPSTACK
  N:0100H         SYMBOL        PBPSTACKTOP
  N:0000H         SYMBOL        PDATALEN
  N:0000H         SYMBOL        PDATASTART
  N:0000H         SYMBOL        PPAGE
  N:0000H         SYMBOL        PPAGEENABLE
  D:00A0H         SYMBOL        PPAGE_SFR
  D:0081H         SYMBOL        SP
  C:90E0H         SYMBOL        STARTUP1
  N:0000H         SYMBOL        XBPSTACK
  N:0000H         SYMBOL        XBPSTACKTOP
  N:0000H         SYMBOL        XDATALEN
  N:0000H         SYMBOL        XDATASTART
  C:0000H         LINE#         126
  C:90E0H         LINE#         133
  C:90E2H         LINE#         134
  C:90E3H         LINE#         135
  C:90E4H         LINE#         136
  C:90E6H         LINE#         185
  C:90E9H         LINE#         196
  -------         ENDMOD        ?C_STARTUP

  -------         MODULE        8253COUNT
  C:0000H         SYMBOL        _ICE_DUMMY_
  D:0080H         PUBLIC        P0
  D:0090H         PUBLIC        P1
  D:00A0H         PUBLIC        P2
  X:0000H         PUBLIC        DataTenth
  D:00B0H         PUBLIC        P3
  D:00C0H         PUBLIC        P4
  D:00C8H         PUBLIC        P5
  I:0025H         PUBLIC        Para
  D:00E8H         PUBLIC        P6
  D:00F8H         PUBLIC        P7
  C:99D6H         PUBLIC        _Led_Disp
  X:004BH         PUBLIC        DataCent
  X:0096H         PUBLIC        Count
  D:00A8H         PUBLIC        IE
  I:004DH         PUBLIC        DoseRata
  X:00F6H         PUBLIC        Max_Time
  D:00B8H         PUBLIC        IP
  I:006DH         PUBLIC        Var_Signal1
  I:006EH         PUBLIC        Var_Signal2
  C:0046H         PUBLIC        ShowData
  I:006FH         PUBLIC        Var_Signal3
  I:0070H         PUBLIC        Var_Led
  D:00D8H         PUBLIC        CCON
  X:00F7H         PUBLIC        DataGe
  C:992FH         PUBLIC        _Updata_Flash
  X:0142H         PUBLIC        dianlishi_DoseRata
  D:0098H         PUBLIC        SCON
  D:0088H         PUBLIC        TCON
  I:0071H         PUBLIC        dianlishi_data
  X:0146H         PUBLIC        Flag_dw
  X:0147H         PUBLIC        buf
  C:8F63H         PUBLIC        Weights_
  C:9B9AH         PUBLIC        _shortdelay
BL51 BANKED LINKER/LOCATER V6.22.4.0                                                  03/28/2024  11:05:25  PAGE 12


  C:74B1H         PUBLIC        _generate_weights_output
  B:00C8H.5       PUBLIC        Judge_Speak
  C:8D1CH         PUBLIC        Init_8253
  X:0167H         PUBLIC        send_buf
  X:01A8H         PUBLIC        Flag_need_Flash
  X:01B0H         PUBLIC        jishuguan_DoseRata
  B:00A8H.0       PUBLIC        EX0
  C:8F9BH         PUBLIC        Svar0
  C:8F93H         PUBLIC        Svar1
  X:01B4H         PUBLIC        Incinput
  I:0073H         PUBLIC        jishuguan_data
  X:01B5H         PUBLIC        State_Flash
  X:01BDH         PUBLIC        biaoding_input
  X:01BEH         PUBLIC        Channel_Detector
  I:0075H         PUBLIC        Weights
  B:0024H.3       PUBLIC        Flag_Warn_Count
  C:987BH         PUBLIC        Led_Flash
  C:9C89H         PUBLIC        Alarm
  X:01CEH         PUBLIC        Tdata
  X:01D0H         PUBLIC        Real_Count
  X:01F0H         PUBLIC        count_change_flag
  C:7CD8H         PUBLIC        GetAndDisdata
  B:0090H.2       PUBLIC        Speak
  X:01F8H         PUBLIC        Detector_Counts_History
  X:0348H         PUBLIC        Calculated
  X:0350H         PUBLIC        Channel_Display
  D:00D0H         PUBLIC        PSW
  X:0358H         PUBLIC        DataThouth
  -------         PROC          _GENERATE_WEIGHTS_OUTPUT
  X:0655H         SYMBOL        n
  X:0657H         SYMBOL        weights_output
  -------         DO            
  X:065AH         SYMBOL        sum
  X:065EH         SYMBOL        i
  X:0660H         SYMBOL        j
  -------         DO            
  X:0662H         SYMBOL        temp
  -------         ENDDO         
  -------         ENDDO         
  C:74B1H         LINE#         103
  C:74C2H         LINE#         104
  C:74C2H         LINE#         105
  C:74CAH         LINE#         108
  C:74DEH         LINE#         109
  C:750AH         LINE#         110
  C:7555H         LINE#         111
  C:7596H         LINE#         112
  C:75AAH         LINE#         113
  C:75D0H         LINE#         114
  C:75FBH         LINE#         115
  C:7634H         LINE#         116
  C:7693H         LINE#         117
  C:76BCH         LINE#         118
  C:770EH         LINE#         119
  C:7757H         LINE#         120
  C:7757H         LINE#         121
  C:7768H         LINE#         122
BL51 BANKED LINKER/LOCATER V6.22.4.0                                                  03/28/2024  11:05:25  PAGE 13


  C:7779H         LINE#         123
  C:7785H         LINE#         124
  C:77A7H         LINE#         125
  C:77F2H         LINE#         126
  C:7802H         LINE#         127
  C:7802H         LINE#         128
  -------         ENDPROC       _GENERATE_WEIGHTS_OUTPUT
  -------         PROC          GETANDDISDATA
  -------         DO            
  D:0001H         SYMBOL        j
  D:0007H         SYMBOL        th
  D:0006H         SYMBOL        tl
  -------         ENDDO         
  C:7CD8H         LINE#         134
  C:7CD8H         LINE#         135
  C:7CD8H         LINE#         137
  C:7CDAH         LINE#         138
  C:7CDBH         LINE#         139
  C:7CDBH         LINE#         140
  C:7CE4H         LINE#         141
  C:7CE4H         LINE#         142
  C:7CE4H         LINE#         143
  C:7CEEH         LINE#         144
  C:7CEEH         LINE#         146
  C:7CF4H         LINE#         147
  C:7CF9H         LINE#         148
  C:7D01H         LINE#         149
  C:7D06H         LINE#         150
  C:7D0EH         LINE#         152
  C:7D14H         LINE#         153
  C:7D19H         LINE#         154
  C:7D21H         LINE#         155
  C:7D26H         LINE#         156
  C:7D2EH         LINE#         158
  C:7D34H         LINE#         159
  C:7D39H         LINE#         160
  C:7D41H         LINE#         161
  C:7D46H         LINE#         162
  C:7D4EH         LINE#         164
  C:7D54H         LINE#         165
  C:7D59H         LINE#         166
  C:7D61H         LINE#         167
  C:7D66H         LINE#         168
  C:7D6EH         LINE#         170
  C:7D74H         LINE#         171
  C:7D79H         LINE#         172
  C:7D81H         LINE#         173
  C:7D86H         LINE#         174
  C:7D8EH         LINE#         176
  C:7D94H         LINE#         177
  C:7D99H         LINE#         178
  C:7DA1H         LINE#         179
  C:7DA6H         LINE#         180
  C:7DAEH         LINE#         182
  C:7DB4H         LINE#         183
  C:7DB9H         LINE#         184
  C:7DC1H         LINE#         185
BL51 BANKED LINKER/LOCATER V6.22.4.0                                                  03/28/2024  11:05:25  PAGE 14


  C:7DC6H         LINE#         186
  C:7DCEH         LINE#         188
  C:7DD4H         LINE#         189
  C:7DD9H         LINE#         190
  C:7DE1H         LINE#         191
  C:7DE6H         LINE#         192
  C:7DEEH         LINE#         194
  C:7DF4H         LINE#         195
  C:7DF9H         LINE#         196
  C:7E01H         LINE#         197
  C:7E06H         LINE#         198
  C:7E0EH         LINE#         200
  C:7E14H         LINE#         201
  C:7E19H         LINE#         202
  C:7E21H         LINE#         203
  C:7E26H         LINE#         204
  C:7E2EH         LINE#         206
  C:7E34H         LINE#         207
  C:7E39H         LINE#         208
  C:7E41H         LINE#         209
  C:7E46H         LINE#         210
  C:7E4EH         LINE#         212
  C:7E54H         LINE#         213
  C:7E59H         LINE#         214
  C:7E61H         LINE#         215
  C:7E66H         LINE#         216
  C:7E6EH         LINE#         218
  C:7E74H         LINE#         219
  C:7E79H         LINE#         220
  C:7E81H         LINE#         221
  C:7E86H         LINE#         222
  C:7E8EH         LINE#         224
  C:7E94H         LINE#         225
  C:7E99H         LINE#         226
  C:7EA1H         LINE#         227
  C:7EA6H         LINE#         228
  C:7EAEH         LINE#         230
  C:7EB4H         LINE#         231
  C:7EB8H         LINE#         232
  C:7EC1H         LINE#         233
  C:7EC6H         LINE#         234
  C:7ECEH         LINE#         236
  C:7ED6H         LINE#         237
  C:7EDEH         LINE#         238
  -------         ENDPROC       GETANDDISDATA
  -------         PROC          INIT_8253
  -------         DO            
  D:0007H         SYMBOL        i
  -------         ENDDO         
  C:8D1CH         LINE#         242
  C:8D1CH         LINE#         243
  C:8D1CH         LINE#         246
  C:8D22H         LINE#         247
  C:8D28H         LINE#         248
  C:8D29H         LINE#         250
  C:8D2FH         LINE#         251
  C:8D35H         LINE#         252
BL51 BANKED LINKER/LOCATER V6.22.4.0                                                  03/28/2024  11:05:25  PAGE 15


  C:8D36H         LINE#         254
  C:8D3CH         LINE#         255
  C:8D42H         LINE#         256
  C:8D43H         LINE#         258
  C:8D49H         LINE#         259
  C:8D4FH         LINE#         260
  C:8D50H         LINE#         262
  C:8D56H         LINE#         263
  C:8D5CH         LINE#         264
  C:8D5DH         LINE#         266
  C:8D63H         LINE#         267
  C:8D69H         LINE#         268
  C:8D6AH         LINE#         270
  C:8D70H         LINE#         271
  C:8D76H         LINE#         272
  C:8D77H         LINE#         274
  C:8D7DH         LINE#         275
  C:8D83H         LINE#         276
  C:8D84H         LINE#         278
  C:8D8AH         LINE#         279
  C:8D90H         LINE#         280
  C:8D91H         LINE#         282
  C:8D97H         LINE#         283
  C:8D9DH         LINE#         284
  C:8D9EH         LINE#         286
  C:8DA4H         LINE#         287
  C:8DAAH         LINE#         288
  C:8DABH         LINE#         290
  C:8DB1H         LINE#         291
  C:8DB7H         LINE#         292
  C:8DB8H         LINE#         294
  C:8DBEH         LINE#         295
  C:8DC4H         LINE#         296
  C:8DC5H         LINE#         298
  C:8DCBH         LINE#         299
  C:8DD1H         LINE#         300
  C:8DD2H         LINE#         302
  C:8DD8H         LINE#         303
  C:8DDEH         LINE#         304
  C:8DDFH         LINE#         305
  C:8DDFH         LINE#         306
  C:8DE9H         LINE#         307
  C:8DE9H         LINE#         308
  C:8DE9H         LINE#         309
  C:8DF2H         LINE#         310
  C:8DF2H         LINE#         311
  C:8DF6H         LINE#         312
  C:8DFCH         LINE#         313
  C:8DFEH         LINE#         315
  C:8E00H         LINE#         316
  C:8E07H         LINE#         317
  -------         ENDPROC       INIT_8253
  -------         PROC          SHOWDATA
  -------         DO            
  X:062CH         SYMBOL        i
  X:062DH         SYMBOL        m
  X:062EH         SYMBOL        j
BL51 BANKED LINKER/LOCATER V6.22.4.0                                                  03/28/2024  11:05:25  PAGE 16


  X:062FH         SYMBOL        k
  X:0630H         SYMBOL        l
  X:0631H         SYMBOL        count_temp
  X:0635H         SYMBOL        jishuguan_count_temp
  X:0639H         SYMBOL        dianlishi_count_temp
  I:00A5H         SYMBOL        temp
  I:00A9H         SYMBOL        jtemp
  I:00ADH         SYMBOL        yudecide
  I:00B1H         SYMBOL        jishuguan_rata
  I:00B5H         SYMBOL        jishuguan_jtemp
  I:00B9H         SYMBOL        dianlishi_jtemp
  X:063DH         SYMBOL        yu
  X:0641H         SYMBOL        yudata
  X:0645H         SYMBOL        mtemp
  X:0649H         SYMBOL        Tbcd
  -------         ENDDO         
  C:0046H         LINE#         321
  C:0046H         LINE#         322
  C:0046H         LINE#         328
  C:0049H         LINE#         334
  C:005AH         LINE#         335
  C:005AH         LINE#         343
  C:007CH         LINE#         344
  C:007CH         LINE#         345
  C:0097H         LINE#         346
  C:0097H         LINE#         347
  C:00B0H         LINE#         348
  C:00DEH         LINE#         349
  C:0108H         LINE#         350
  C:010EH         LINE#         351
  C:010EH         LINE#         352
  C:014CH         LINE#         353
  C:016BH         LINE#         354
  C:0176H         LINE#         355
  C:0176H         LINE#         356
  C:019CH         LINE#         357
  C:01BFH         LINE#         358
  C:01BFH         LINE#         359
  C:01D0H         LINE#         360
  C:023AH         LINE#         361
  C:023AH         LINE#         362
  C:0257H         LINE#         363
  C:026AH         LINE#         364
  C:0280H         LINE#         365
  C:0280H         LINE#         366
  C:02ECH         LINE#         367
  C:02ECH         LINE#         368
  C:0309H         LINE#         369
  C:031CH         LINE#         370
  C:0332H         LINE#         371
  C:0332H         LINE#         372
  C:036DH         LINE#         373
  C:037AH         LINE#         374
  C:0387H         LINE#         375
  C:0387H         LINE#         376
  C:03AFH         LINE#         377
  C:03AFH         LINE#         378
BL51 BANKED LINKER/LOCATER V6.22.4.0                                                  03/28/2024  11:05:25  PAGE 17


  C:03DDH         LINE#         379
  C:040BH         LINE#         380
  C:0415H         LINE#         381
  C:0415H         LINE#         382
  C:0450H         LINE#         383
  C:046FH         LINE#         384
  C:047AH         LINE#         385
  C:047AH         LINE#         386
  C:04A0H         LINE#         387
  C:04C3H         LINE#         388
  C:04C3H         LINE#         389
  C:04D4H         LINE#         390
  C:0543H         LINE#         391
  C:0543H         LINE#         392
  C:0560H         LINE#         393
  C:0573H         LINE#         394
  C:0589H         LINE#         395
  C:0589H         LINE#         396
  C:05FBH         LINE#         397
  C:05FBH         LINE#         398
  C:0618H         LINE#         399
  C:062BH         LINE#         400
  C:0641H         LINE#         401
  C:0641H         LINE#         402
  C:06ADH         LINE#         403
  C:06ADH         LINE#         404
  C:06CAH         LINE#         405
  C:06DDH         LINE#         406
  C:06F3H         LINE#         407
  C:06F3H         LINE#         408
  C:072EH         LINE#         409
  C:073BH         LINE#         410
  C:0748H         LINE#         411
  C:075DH         LINE#         412
  C:07CAH         LINE#         414
  C:07CAH         LINE#         415
  C:07D8H         LINE#         416
  C:07EBH         LINE#         417
  C:07F7H         LINE#         418
  C:0811H         LINE#         419
  C:0811H         LINE#         420
  C:0881H         LINE#         422
  C:0881H         LINE#         423
  C:088FH         LINE#         424
  C:08A2H         LINE#         425
  C:08AEH         LINE#         426
  C:08C8H         LINE#         427
  C:08C8H         LINE#         428
  C:0939H         LINE#         429
  C:0947H         LINE#         430
  C:095AH         LINE#         431
  C:0966H         LINE#         432
  C:097CH         LINE#         433
  C:097CH         LINE#         434
  C:097CH         LINE#         435
  C:09A4H         LINE#         436
  C:09A4H         LINE#         437
BL51 BANKED LINKER/LOCATER V6.22.4.0                                                  03/28/2024  11:05:25  PAGE 18


  C:09D2H         LINE#         438
  C:0A00H         LINE#         439
  C:0A42H         LINE#         440
  C:0A82H         LINE#         441
  C:0A8FH         LINE#         442
  C:0AF5H         LINE#         443
  C:0AF5H         LINE#         444
  C:0B15H         LINE#         445
  C:0B28H         LINE#         446
  C:0B41H         LINE#         447
  C:0B41H         LINE#         448
  C:0BA1H         LINE#         449
  C:0BC1H         LINE#         450
  C:0BD4H         LINE#         451
  C:0BE6H         LINE#         452
  C:0BE6H         LINE#         453
  C:0C21H         LINE#         454
  C:0C2EH         LINE#         455
  C:0C3BH         LINE#         456
  C:0C50H         LINE#         457
  C:0CB4H         LINE#         458
  C:0CB4H         LINE#         459
  C:0CC5H         LINE#         460
  C:0CD8H         LINE#         461
  C:0CE4H         LINE#         462
  C:0CFEH         LINE#         463
  C:0CFEH         LINE#         464
  C:0D67H         LINE#         465
  C:0D78H         LINE#         466
  C:0D8BH         LINE#         467
  C:0D97H         LINE#         468
  C:0DACH         LINE#         469
  C:0DACH         LINE#         470
  C:0DACH         LINE#         471
  C:0DD4H         LINE#         472
  C:0DD4H         LINE#         473
  C:0E02H         LINE#         474
  C:0E30H         LINE#         475
  C:0E72H         LINE#         476
  C:0EB2H         LINE#         477
  C:0EBFH         LINE#         478
  C:0F5BH         LINE#         479
  C:0F5BH         LINE#         480
  C:0F7BH         LINE#         481
  C:0F8EH         LINE#         482
  C:0FA7H         LINE#         483
  C:0FA7H         LINE#         484
  C:103AH         LINE#         485
  C:105AH         LINE#         486
  C:106CH         LINE#         487
  C:107EH         LINE#         488
  C:107EH         LINE#         489
  C:10AFH         LINE#         518
  C:10DDH         LINE#         520
  C:10EEH         LINE#         521
  C:10FBH         LINE#         566
  C:10FBH         LINE#         567
BL51 BANKED LINKER/LOCATER V6.22.4.0                                                  03/28/2024  11:05:25  PAGE 19


  C:1121H         LINE#         568
  C:1121H         LINE#         569
  C:114FH         LINE#         570
  C:117DH         LINE#         571
  C:11BFH         LINE#         572
  C:11FFH         LINE#         573
  C:120CH         LINE#         574
  C:129CH         LINE#         575
  C:129CH         LINE#         576
  C:12BCH         LINE#         577
  C:12CFH         LINE#         578
  C:12E1H         LINE#         579
  C:12E1H         LINE#         580
  C:1312H         LINE#         608
  C:1340H         LINE#         610
  C:1351H         LINE#         611
  C:135DH         LINE#         647
  C:135DH         LINE#         648
  C:1385H         LINE#         649
  C:1385H         LINE#         650
  C:13A0H         LINE#         651
  C:13A0H         LINE#         652
  C:13A4H         LINE#         653
  C:13A4H         LINE#         654
  C:13DBH         LINE#         655
  C:13E5H         LINE#         656
  C:13FEH         LINE#         657
  C:1404H         LINE#         658
  C:1404H         LINE#         659
  C:1446H         LINE#         660
  C:1465H         LINE#         661
  C:1470H         LINE#         662
  C:1470H         LINE#         663
  C:1496H         LINE#         664
  C:14B9H         LINE#         665
  C:14B9H         LINE#         666
  C:14CAH         LINE#         667
  C:1502H         LINE#         668
  C:150FH         LINE#         669
  C:151CH         LINE#         670
  C:1538H         LINE#         671
  C:1538H         LINE#         672
  C:1560H         LINE#         673
  C:1560H         LINE#         674
  C:1564H         LINE#         675
  C:159BH         LINE#         676
  C:15A5H         LINE#         677
  C:15BEH         LINE#         678
  C:15CAH         LINE#         679
  C:15D4H         LINE#         680
  C:15D4H         LINE#         681
  C:160FH         LINE#         682
  C:162EH         LINE#         683
  C:1639H         LINE#         684
  C:1639H         LINE#         685
  C:165FH         LINE#         686
  C:1682H         LINE#         687
BL51 BANKED LINKER/LOCATER V6.22.4.0                                                  03/28/2024  11:05:25  PAGE 20


  C:1682H         LINE#         688
  C:1693H         LINE#         689
  C:16CBH         LINE#         690
  C:16D8H         LINE#         691
  C:16F4H         LINE#         692
  C:16F4H         LINE#         693
  C:171CH         LINE#         694
  C:171CH         LINE#         695
  C:1720H         LINE#         696
  C:1757H         LINE#         697
  C:1761H         LINE#         698
  C:177AH         LINE#         699
  C:1786H         LINE#         700
  C:1790H         LINE#         701
  C:1790H         LINE#         702
  C:17CBH         LINE#         703
  C:180AH         LINE#         704
  C:1814H         LINE#         705
  C:1814H         LINE#         706
  C:183DH         LINE#         707
  C:1861H         LINE#         708
  C:1870H         LINE#         709
  C:187FH         LINE#         710
  C:187FH         LINE#         711
  C:1890H         LINE#         712
  C:18C8H         LINE#         713
  C:18D5H         LINE#         714
  C:18F1H         LINE#         715
  C:18F1H         LINE#         716
  C:1919H         LINE#         717
  C:1919H         LINE#         718
  C:191DH         LINE#         719
  C:1954H         LINE#         720
  C:195EH         LINE#         721
  C:1977H         LINE#         722
  C:1983H         LINE#         723
  C:1992H         LINE#         724
  C:19A0H         LINE#         725
  C:19BFH         LINE#         726
  C:19C7H         LINE#         727
  C:1A09H         LINE#         728
  C:1A49H         LINE#         729
  C:1A77H         LINE#         735
  C:1AA5H         LINE#         737
  C:1AB6H         LINE#         738
  C:1AC3H         LINE#         739
  C:1AD0H         LINE#         740
  C:1AEFH         LINE#         741
  C:1AEFH         LINE#         742
  C:1B15H         LINE#         743
  C:1B15H         LINE#         744
  C:1B19H         LINE#         745
  C:1B48H         LINE#         746
  C:1B52H         LINE#         747
  C:1B6BH         LINE#         748
  C:1B77H         LINE#         749
  C:1B86H         LINE#         750
BL51 BANKED LINKER/LOCATER V6.22.4.0                                                  03/28/2024  11:05:25  PAGE 21


  C:1B94H         LINE#         751
  C:1BB3H         LINE#         752
  C:1BBBH         LINE#         753
  C:1BFDH         LINE#         754
  C:1C3DH         LINE#         755
  C:1C6BH         LINE#         761
  C:1C99H         LINE#         763
  C:1CAAH         LINE#         764
  C:1CB6H         LINE#         765
  C:1CC3H         LINE#         766
  C:1CE2H         LINE#         767
  C:1CE2H         LINE#         768
  C:1CE2H         LINE#         769
  C:1CEBH         LINE#         771
  C:1CF2H         LINE#         772
  C:1CF9H         LINE#         773
  C:1CFFH         LINE#         776
  C:1D05H         LINE#         777
  C:1D05H         LINE#         778
  C:1D17H         LINE#         779
  C:1D17H         LINE#         783
  C:1D33H         LINE#         785
  C:1D3CH         LINE#         786
  C:1D46H         LINE#         787
  C:1D50H         LINE#         788
  C:1D5AH         LINE#         789
  C:1D5FH         LINE#         790
  C:1D63H         LINE#         791
  C:1D67H         LINE#         792
  C:1D6BH         LINE#         793
  C:1D6FH         LINE#         794
  C:1D73H         LINE#         795
  C:1D7CH         LINE#         799
  C:1D87H         LINE#         800
  C:1D87H         LINE#         801
  C:1D93H         LINE#         802
  C:1DA3H         LINE#         803
  C:1E08H         LINE#         804
  C:1E70H         LINE#         805
  C:1E70H         LINE#         806
  C:1E88H         LINE#         807
  C:1EEDH         LINE#         808
  C:1F58H         LINE#         809
  C:1F58H         LINE#         810
  C:1F70H         LINE#         811
  C:1FD5H         LINE#         812
  C:2044H         LINE#         813
  C:206AH         LINE#         814
  C:2082H         LINE#         815
  C:20E7H         LINE#         816
  C:2156H         LINE#         817
  C:217CH         LINE#         818
  C:2194H         LINE#         819
  C:21F9H         LINE#         820
  C:2268H         LINE#         821
  C:228EH         LINE#         822
  C:228EH         LINE#         823
BL51 BANKED LINKER/LOCATER V6.22.4.0                                                  03/28/2024  11:05:25  PAGE 22


  C:229DH         LINE#         824
  C:22A9H         LINE#         825
  C:22BBH         LINE#         826
  C:2320H         LINE#         827
  C:238FH         LINE#         828
  C:23B5H         LINE#         829
  C:23CDH         LINE#         830
  C:2432H         LINE#         831
  C:24A1H         LINE#         832
  C:24DBH         LINE#         833
  C:24DBH         LINE#         834
  C:24DBH         LINE#         835
  C:2507H         LINE#         837
  C:251BH         LINE#         838
  C:2529H         LINE#         839
  C:254AH         LINE#         840
  C:2553H         LINE#         841
  C:2559H         LINE#         842
  C:25AFH         LINE#         843
  C:25B8H         LINE#         844
  C:25D9H         LINE#         845
  C:25ECH         LINE#         846
  C:2606H         LINE#         847
  C:262FH         LINE#         848
  C:269EH         LINE#         849
  C:26A7H         LINE#         850
  C:26A7H         LINE#         851
  C:26B8H         LINE#         852
  C:26C7H         LINE#         853
  C:26D7H         LINE#         854
  C:26D7H         LINE#         855
  C:26EAH         LINE#         856
  C:26F6H         LINE#         857
  C:26FAH         LINE#         858
  C:2726H         LINE#         859
  C:2735H         LINE#         860
  C:273FH         LINE#         861
  C:273FH         LINE#         864
  C:2759H         LINE#         865
  C:2759H         LINE#         866
  C:2762H         LINE#         867
  C:2762H         LINE#         868
  C:2781H         LINE#         869
  C:2781H         LINE#         870
  C:279DH         LINE#         871
  C:279DH         LINE#         872
  C:27B0H         LINE#         873
  C:27B6H         LINE#         874
  C:27F2H         LINE#         875
  C:27F2H         LINE#         876
  C:280FH         LINE#         877
  C:2815H         LINE#         878
  C:2834H         LINE#         879
  C:2834H         LINE#         880
  C:2852H         LINE#         881
  C:2858H         LINE#         882
  C:2858H         LINE#         883
BL51 BANKED LINKER/LOCATER V6.22.4.0                                                  03/28/2024  11:05:25  PAGE 23


  C:2858H         LINE#         885
  C:2872H         LINE#         886
  C:2872H         LINE#         887
  C:2887H         LINE#         888
  C:2898H         LINE#         889
  C:28A9H         LINE#         890
  C:28AAH         LINE#         891
  C:28CAH         LINE#         892
  C:28E9H         LINE#         893
  C:2906H         LINE#         894
  C:2930H         LINE#         895
  C:2961H         LINE#         896
  C:2984H         LINE#         897
  C:2995H         LINE#         898
  C:29D6H         LINE#         899
  C:29F3H         LINE#         900
  C:2A1DH         LINE#         901
  C:2A4EH         LINE#         902
  C:2A71H         LINE#         903
  C:2A82H         LINE#         904
  C:2AC3H         LINE#         905
  C:2AE0H         LINE#         906
  C:2B0AH         LINE#         907
  C:2B3BH         LINE#         908
  C:2B5EH         LINE#         909
  C:2B6FH         LINE#         910
  C:2BB0H         LINE#         911
  C:2BC3H         LINE#         912
  C:2BEDH         LINE#         913
  C:2C1EH         LINE#         914
  C:2C41H         LINE#         915
  C:2C52H         LINE#         916
  C:2C94H         LINE#         917
  C:2CB1H         LINE#         918
  C:2CDBH         LINE#         919
  C:2D0CH         LINE#         920
  C:2D2FH         LINE#         921
  C:2D40H         LINE#         922
  C:2D83H         LINE#         923
  C:2DA0H         LINE#         924
  C:2DCAH         LINE#         925
  C:2DFBH         LINE#         926
  C:2E1EH         LINE#         927
  C:2E2FH         LINE#         928
  C:2E72H         LINE#         929
  C:2E8FH         LINE#         930
  C:2EB9H         LINE#         931
  C:2EEAH         LINE#         932
  C:2F0DH         LINE#         933
  C:2F1EH         LINE#         934
  C:2F61H         LINE#         935
  C:2F7FH         LINE#         936
  C:2FA9H         LINE#         937
  C:2FDAH         LINE#         938
  C:2FFDH         LINE#         939
  C:300EH         LINE#         940
  C:3051H         LINE#         941
BL51 BANKED LINKER/LOCATER V6.22.4.0                                                  03/28/2024  11:05:25  PAGE 24


  C:306FH         LINE#         942
  C:3099H         LINE#         943
  C:30CAH         LINE#         944
  C:30EDH         LINE#         945
  C:30FEH         LINE#         946
  C:3141H         LINE#         947
  C:315FH         LINE#         948
  C:3189H         LINE#         949
  C:31BAH         LINE#         950
  C:31DDH         LINE#         951
  C:31EEH         LINE#         952
  C:31EEH         LINE#         953
  C:31EEH         LINE#         955
  C:3231H         LINE#         956
  C:3231H         LINE#         957
  C:3249H         LINE#         958
  C:3268H         LINE#         959
  C:3278H         LINE#         960
  C:32B3H         LINE#         961
  C:32CFH         LINE#         962
  C:32FCH         LINE#         963
  C:3329H         LINE#         964
  C:3334H         LINE#         965
  C:33D3H         LINE#         966
  C:33DEH         LINE#         967
  C:3487H         LINE#         968
  C:3492H         LINE#         969
  C:353CH         LINE#         970
  C:353CH         LINE#         972
  C:35B7H         LINE#         973
  C:35E1H         LINE#         974
  C:3606H         LINE#         975
  C:361EH         LINE#         976
  C:361EH         LINE#         977
  C:3626H         LINE#         978
  C:3626H         LINE#         979
  C:3628H         LINE#         980
  C:3628H         LINE#         981
  C:3639H         LINE#         982
  C:3646H         LINE#         983
  C:3652H         LINE#         984
  C:366CH         LINE#         985
  C:367CH         LINE#         986
  C:3688H         LINE#         987
  C:3694H         LINE#         988
  C:3694H         LINE#         999
  C:36A8H         LINE#         1000
  C:36B8H         LINE#         1001
  C:36CDH         LINE#         1002
  C:36CFH         LINE#         1003
  C:36EBH         LINE#         1004
  C:36EBH         LINE#         1005
  C:3709H         LINE#         1006
  C:3725H         LINE#         1012
  C:372FH         LINE#         1013
  C:372FH         LINE#         1014
  C:3747H         LINE#         1015
BL51 BANKED LINKER/LOCATER V6.22.4.0                                                  03/28/2024  11:05:25  PAGE 25


  C:3764H         LINE#         1016
  C:3781H         LINE#         1017
  C:379DH         LINE#         1018
  C:37BAH         LINE#         1019
  C:37D7H         LINE#         1020
  C:37F4H         LINE#         1021
  C:3804H         LINE#         1022
  C:3807H         LINE#         1023
  C:381FH         LINE#         1024
  C:3822H         LINE#         1025
  C:383AH         LINE#         1026
  C:383DH         LINE#         1027
  C:3855H         LINE#         1028
  C:3858H         LINE#         1029
  C:386BH         LINE#         1030
  C:386BH         LINE#         1031
  C:386EH         LINE#         1032
  C:3878H         LINE#         1033
  C:3878H         LINE#         1034
  C:3890H         LINE#         1035
  C:38ADH         LINE#         1036
  C:38C9H         LINE#         1037
  C:38E6H         LINE#         1038
  C:3903H         LINE#         1039
  C:3920H         LINE#         1040
  C:3930H         LINE#         1041
  C:3933H         LINE#         1042
  C:394BH         LINE#         1043
  C:394EH         LINE#         1044
  C:3966H         LINE#         1045
  C:3969H         LINE#         1046
  C:3981H         LINE#         1047
  C:3984H         LINE#         1048
  C:3997H         LINE#         1049
  C:3997H         LINE#         1050
  C:399AH         LINE#         1051
  C:399AH         LINE#         1052
  C:39B7H         LINE#         1053
  C:39D3H         LINE#         1054
  C:39F0H         LINE#         1055
  C:3A0DH         LINE#         1056
  C:3A2AH         LINE#         1057
  C:3A3AH         LINE#         1058
  C:3A4EH         LINE#         1059
  C:3A66H         LINE#         1060
  C:3A81H         LINE#         1061
  C:3A99H         LINE#         1062
  C:3AB4H         LINE#         1063
  C:3ACCH         LINE#         1064
  C:3AE9H         LINE#         1065
  C:3AF9H         LINE#         1066
  C:3B0FH         LINE#         1067
  C:3B0FH         LINE#         1068
  C:3B0FH         LINE#         1080
  C:3B16H         LINE#         1081
  C:3B16H         LINE#         1082
  C:3B2BH         LINE#         1083
BL51 BANKED LINKER/LOCATER V6.22.4.0                                                  03/28/2024  11:05:25  PAGE 26


  C:3B34H         LINE#         1084
  C:3B49H         LINE#         1085
  C:3B52H         LINE#         1086
  C:3B6EH         LINE#         1087
  C:3B6EH         LINE#         1089
  C:3B71H         LINE#         1090
  C:3B71H         LINE#         1091
  C:3B87H         LINE#         1092
  C:3B98H         LINE#         1093
  C:3BB4H         LINE#         1094
  C:3BC9H         LINE#         1095
  C:3BCBH         LINE#         1096
  C:3BE7H         LINE#         1097
  C:3C03H         LINE#         1098
  C:3C03H         LINE#         1099
  C:3C21H         LINE#         1100
  C:3C3DH         LINE#         1106
  C:3C47H         LINE#         1107
  C:3C47H         LINE#         1108
  C:3C5FH         LINE#         1109
  C:3C7CH         LINE#         1110
  C:3C99H         LINE#         1111
  C:3CB5H         LINE#         1112
  C:3CD2H         LINE#         1113
  C:3CEFH         LINE#         1114
  C:3D0CH         LINE#         1115
  C:3D1CH         LINE#         1116
  C:3D1FH         LINE#         1117
  C:3D37H         LINE#         1118
  C:3D3AH         LINE#         1119
  C:3D52H         LINE#         1120
  C:3D55H         LINE#         1121
  C:3D6DH         LINE#         1122
  C:3D70H         LINE#         1123
  C:3D83H         LINE#         1124
  C:3D83H         LINE#         1125
  C:3D86H         LINE#         1126
  C:3D90H         LINE#         1127
  C:3D90H         LINE#         1128
  C:3DA8H         LINE#         1129
  C:3DC5H         LINE#         1130
  C:3DE1H         LINE#         1131
  C:3DFEH         LINE#         1132
  C:3E1BH         LINE#         1133
  C:3E38H         LINE#         1134
  C:3E48H         LINE#         1135
  C:3E4BH         LINE#         1136
  C:3E63H         LINE#         1137
  C:3E66H         LINE#         1138
  C:3E7EH         LINE#         1139
  C:3E81H         LINE#         1140
  C:3E99H         LINE#         1141
  C:3E9CH         LINE#         1142
  C:3EAFH         LINE#         1143
  C:3EAFH         LINE#         1144
  C:3EB2H         LINE#         1145
  C:3EB2H         LINE#         1146
BL51 BANKED LINKER/LOCATER V6.22.4.0                                                  03/28/2024  11:05:25  PAGE 27


  C:3ECFH         LINE#         1147
  C:3EEBH         LINE#         1148
  C:3F08H         LINE#         1149
  C:3F25H         LINE#         1150
  C:3F42H         LINE#         1151
  C:3F52H         LINE#         1152
  C:3F66H         LINE#         1153
  C:3F7EH         LINE#         1154
  C:3F99H         LINE#         1155
  C:3FB1H         LINE#         1156
  C:3FCCH         LINE#         1157
  C:3FE4H         LINE#         1158
  C:4001H         LINE#         1159
  C:4011H         LINE#         1160
  C:4027H         LINE#         1161
  C:4027H         LINE#         1162
  C:4027H         LINE#         1174
  C:402EH         LINE#         1175
  C:402EH         LINE#         1176
  C:4043H         LINE#         1177
  C:404CH         LINE#         1178
  C:4061H         LINE#         1179
  C:406AH         LINE#         1180
  C:4086H         LINE#         1181
  C:4086H         LINE#         1183
  C:4089H         LINE#         1184
  C:4089H         LINE#         1185
  C:40A2H         LINE#         1186
  C:40B7H         LINE#         1187
  C:40CCH         LINE#         1188
  C:40E1H         LINE#         1189
  C:40F6H         LINE#         1190
  C:410BH         LINE#         1191
  C:4120H         LINE#         1192
  C:413CH         LINE#         1193
  C:4145H         LINE#         1194
  C:4154H         LINE#         1195
  C:4154H         LINE#         1196
  C:4164H         LINE#         1197
  C:4171H         LINE#         1198
  C:4173H         LINE#         1199
  C:4184H         LINE#         1200
  C:4184H         LINE#         1201
  C:418CH         LINE#         1202
  C:418EH         LINE#         1203
  C:4194H         LINE#         1204
  C:4198H         LINE#         1205
  C:419BH         LINE#         1206
  C:41A4H         LINE#         1207
  C:41A7H         LINE#         1209
  C:41A9H         LINE#         1213
  C:41AAH         LINE#         1214
  C:41AAH         LINE#         1215
  C:41B0H         LINE#         1216
  C:41B5H         LINE#         1217
  C:41BEH         LINE#         1218
  C:41C7H         LINE#         1219
BL51 BANKED LINKER/LOCATER V6.22.4.0                                                  03/28/2024  11:05:25  PAGE 28


  C:41D0H         LINE#         1220
  C:41D5H         LINE#         1221
  C:41D9H         LINE#         1222
  C:41DDH         LINE#         1223
  C:41E1H         LINE#         1224
  C:41E5H         LINE#         1225
  C:41E9H         LINE#         1226
  C:41EDH         LINE#         1227
  C:41F1H         LINE#         1228
  C:41F5H         LINE#         1229
  C:41F9H         LINE#         1230
  C:41FDH         LINE#         1231
  C:4201H         LINE#         1232
  C:4210H         LINE#         1233
  C:423DH         LINE#         1234
  C:4254H         LINE#         1235
  C:4282H         LINE#         1236
  C:42E7H         LINE#         1237
  C:4357H         LINE#         1238
  C:4376H         LINE#         1239
  C:438EH         LINE#         1240
  C:4398H         LINE#         1241
  C:43ABH         LINE#         1242
  C:43EEH         LINE#         1243
  C:43EEH         LINE#         1244
  C:4406H         LINE#         1245
  C:4425H         LINE#         1246
  C:4435H         LINE#         1247
  C:4470H         LINE#         1248
  C:448CH         LINE#         1249
  C:44B9H         LINE#         1250
  C:44E6H         LINE#         1251
  C:44E6H         LINE#         1252
  C:454BH         LINE#         1253
  C:45BAH         LINE#         1254
  C:45DBH         LINE#         1255
  C:45F3H         LINE#         1256
  C:45FDH         LINE#         1257
  C:461AH         LINE#         1258
  C:465DH         LINE#         1259
  C:465DH         LINE#         1260
  C:4675H         LINE#         1261
  C:4694H         LINE#         1262
  C:46A4H         LINE#         1263
  C:46DFH         LINE#         1264
  C:46FBH         LINE#         1265
  C:4728H         LINE#         1266
  C:4755H         LINE#         1267
  C:4755H         LINE#         1268
  C:4766H         LINE#         1269
  C:4778H         LINE#         1270
  C:4789H         LINE#         1272
  C:479AH         LINE#         1273
  C:47ABH         LINE#         1274
  C:47BCH         LINE#         1275
  C:47CDH         LINE#         1277
  C:47DEH         LINE#         1278
BL51 BANKED LINKER/LOCATER V6.22.4.0                                                  03/28/2024  11:05:25  PAGE 29


  C:47EFH         LINE#         1279
  C:4800H         LINE#         1280
  C:4809H         LINE#         1281
  C:4817H         LINE#         1282
  C:4829H         LINE#         1283
  C:483BH         LINE#         1284
  C:484CH         LINE#         1285
  C:485EH         LINE#         1286
  C:4870H         LINE#         1287
  C:4882H         LINE#         1288
  C:4891H         LINE#         1289
  C:4894H         LINE#         1290
  C:48ABH         LINE#         1291
  C:48AEH         LINE#         1292
  C:48C5H         LINE#         1293
  C:48C8H         LINE#         1294
  C:48DFH         LINE#         1295
  C:48E2H         LINE#         1296
  C:48F4H         LINE#         1297
  C:48F4H         LINE#         1298
  C:48F7H         LINE#         1299
  C:4900H         LINE#         1300
  C:490EH         LINE#         1301
  C:4920H         LINE#         1302
  C:4931H         LINE#         1303
  C:4943H         LINE#         1304
  C:4955H         LINE#         1305
  C:4967H         LINE#         1306
  C:4976H         LINE#         1307
  C:4979H         LINE#         1308
  C:4990H         LINE#         1309
  C:4993H         LINE#         1310
  C:49AAH         LINE#         1311
  C:49ADH         LINE#         1312
  C:49C4H         LINE#         1313
  C:49C7H         LINE#         1314
  C:49D9H         LINE#         1315
  C:49D9H         LINE#         1316
  C:49DCH         LINE#         1317
  C:49EEH         LINE#         1318
  C:49FFH         LINE#         1319
  C:4A11H         LINE#         1320
  C:4A23H         LINE#         1321
  C:4A35H         LINE#         1322
  C:4A44H         LINE#         1323
  C:4A4DH         LINE#         1324
  C:4A64H         LINE#         1325
  C:4A72H         LINE#         1326
  C:4A89H         LINE#         1327
  C:4A97H         LINE#         1328
  C:4AAEH         LINE#         1329
  C:4ABCH         LINE#         1330
  C:4ACBH         LINE#         1331
  C:4AD6H         LINE#         1332
  C:4AD6H         LINE#         1333
  C:4AD6H         LINE#         1334
  C:4ADFH         LINE#         1335
BL51 BANKED LINKER/LOCATER V6.22.4.0                                                  03/28/2024  11:05:25  PAGE 30


  C:4AEDH         LINE#         1336
  C:4AFFH         LINE#         1337
  C:4B11H         LINE#         1338
  C:4B22H         LINE#         1339
  C:4B34H         LINE#         1340
  C:4B46H         LINE#         1341
  C:4B58H         LINE#         1342
  C:4B67H         LINE#         1343
  C:4B6AH         LINE#         1344
  C:4B81H         LINE#         1345
  C:4B84H         LINE#         1346
  C:4B9BH         LINE#         1347
  C:4B9EH         LINE#         1348
  C:4BB5H         LINE#         1349
  C:4BB8H         LINE#         1350
  C:4BCAH         LINE#         1351
  C:4BCAH         LINE#         1352
  C:4BCDH         LINE#         1353
  C:4BD6H         LINE#         1354
  C:4BE4H         LINE#         1355
  C:4BF6H         LINE#         1356
  C:4C07H         LINE#         1357
  C:4C19H         LINE#         1358
  C:4C2BH         LINE#         1359
  C:4C3DH         LINE#         1360
  C:4C4CH         LINE#         1361
  C:4C4FH         LINE#         1362
  C:4C66H         LINE#         1363
  C:4C69H         LINE#         1364
  C:4C80H         LINE#         1365
  C:4C83H         LINE#         1366
  C:4C9AH         LINE#         1367
  C:4C9DH         LINE#         1368
  C:4CAFH         LINE#         1369
  C:4CAFH         LINE#         1370
  C:4CB2H         LINE#         1371
  C:4CC4H         LINE#         1372
  C:4CD5H         LINE#         1373
  C:4CE7H         LINE#         1374
  C:4CF9H         LINE#         1375
  C:4D0BH         LINE#         1376
  C:4D1AH         LINE#         1377
  C:4D23H         LINE#         1378
  C:4D3AH         LINE#         1379
  C:4D48H         LINE#         1380
  C:4D5FH         LINE#         1381
  C:4D6DH         LINE#         1382
  C:4D84H         LINE#         1383
  C:4D92H         LINE#         1384
  C:4DA1H         LINE#         1385
  C:4DACH         LINE#         1386
  C:4DACH         LINE#         1387
  C:4DACH         LINE#         1388
  C:4DACH         LINE#         1389
  -------         ENDPROC       SHOWDATA
  -------         PROC          _SHORTDELAY
  D:0006H         SYMBOL        i
BL51 BANKED LINKER/LOCATER V6.22.4.0                                                  03/28/2024  11:05:25  PAGE 31


  -------         DO            
  D:0004H         SYMBOL        k
  D:0002H         SYMBOL        n
  -------         ENDDO         
  C:9B9AH         LINE#         1394
  C:9B9AH         LINE#         1395
  C:9B9AH         LINE#         1398
  C:9BA4H         LINE#         1399
  C:9BB8H         LINE#         1401
  -------         ENDPROC       _SHORTDELAY
  -------         PROC          ALARM
  -------         DO            
  D:0007H         SYMBOL        n
  -------         ENDDO         
  C:9C89H         LINE#         1406
  C:9C89H         LINE#         1407
  C:9C89H         LINE#         1409
  C:9C8BH         LINE#         1410
  C:9C92H         LINE#         1411
  C:9C95H         LINE#         1412
  C:9C95H         LINE#         1413
  C:9C97H         LINE#         1414
  C:9C97H         LINE#         1415
  C:9C9CH         LINE#         1416
  -------         ENDPROC       ALARM
  -------         PROC          _UPDATA_FLASH
  D:0007H         SYMBOL        j
  C:992FH         LINE#         1421
  C:992FH         LINE#         1422
  C:992FH         LINE#         1423
  C:993CH         LINE#         1424
  C:994AH         LINE#         1425
  C:994AH         LINE#         1426
  C:994CH         LINE#         1427
  C:9959H         LINE#         1428
  C:9959H         LINE#         1429
  C:995AH         LINE#         1430
  C:9966H         LINE#         1431
  -------         ENDPROC       _UPDATA_FLASH
  -------         PROC          LED_FLASH
  -------         DO            
  X:062CH         SYMBOL        i
  -------         ENDDO         
  C:987BH         LINE#         1436
  C:987BH         LINE#         1437
  C:987BH         LINE#         1439
  C:988AH         LINE#         1440
  C:988DH         LINE#         1441
  C:98AFH         LINE#         1442
  C:98B7H         LINE#         1443
  -------         ENDPROC       LED_FLASH
  -------         PROC          _LED_DISP
  D:0001H         SYMBOL        Num
  D:0005H         SYMBOL        Flag
  D:0003H         SYMBOL        State
  C:99D6H         LINE#         1448
  C:99D8H         LINE#         1449
BL51 BANKED LINKER/LOCATER V6.22.4.0                                                  03/28/2024  11:05:25  PAGE 32


  C:99D8H         LINE#         1450
  C:99DBH         LINE#         1451
  C:99DEH         LINE#         1452
  C:99E7H         LINE#         1453
  C:99EBH         LINE#         1454
  C:99EEH         LINE#         1455
  C:99EEH         LINE#         1456
  C:99F0H         LINE#         1457
  C:99F0H         LINE#         1458
  C:99F2H         LINE#         1460
  C:99F2H         LINE#         1461
  C:99F2H         LINE#         1462
  C:99FBH         LINE#         1463
  C:99FFH         LINE#         1464
  C:9A02H         LINE#         1465
  C:9A02H         LINE#         1466
  C:9A04H         LINE#         1467
  C:9A0BH         LINE#         1468
  C:9A0BH         LINE#         1469
  -------         ENDPROC       _LED_DISP
  -------         ENDMOD        8253COUNT

  -------         MODULE        AT24C16
  C:0000H         SYMBOL        _ICE_DUMMY_
  D:0080H         PUBLIC        P0
  D:0090H         PUBLIC        P1
  D:00A0H         PUBLIC        P2
  D:00B0H         PUBLIC        P3
  D:00C0H         PUBLIC        P4
  D:00C8H         PUBLIC        P5
  C:9349H         PUBLIC        _DS_SaveData
  D:00E8H         PUBLIC        P6
  D:00F8H         PUBLIC        P7
  C:964EH         PUBLIC        _read_1_byte_24
  D:00A8H         PUBLIC        IE
  C:9D04H         PUBLIC        stop_24
  D:00B8H         PUBLIC        IP
  C:98B8H         PUBLIC        _write_1_byte_24
  C:9270H         PUBLIC        read_8_bit_24
  D:00D8H         PUBLIC        CCON
  C:91F5H         PUBLIC        _write_8_bit_24
  D:0098H         PUBLIC        SCON
  D:0088H         PUBLIC        TCON
  B:0090H.5       PUBLIC        sda
  C:9B2AH         PUBLIC        _delay_n5ms_24
  C:9CD6H         SYMBOL        _?ix1000
  B:0090H.4       PUBLIC        scl
  C:9CDEH         SYMBOL        _?ix1001
  C:93A8H         PUBLIC        _DS_ReadData
  C:9CB1H         PUBLIC        start_24
  D:00D0H         PUBLIC        PSW
  -------         PROC          START_24
  C:9CB1H         LINE#         16
  C:9CB1H         LINE#         17
  C:9CB1H         LINE#         18
  C:9CB2H         LINE#         19
  C:9CB4H         LINE#         20
BL51 BANKED LINKER/LOCATER V6.22.4.0                                                  03/28/2024  11:05:25  PAGE 33


  C:9CB6H         LINE#         21
  C:9CB8H         LINE#         22
  C:9CB9H         LINE#         23
  C:9CBBH         LINE#         24
  C:9CBCH         LINE#         25
  C:9CBDH         LINE#         26
  C:9CBFH         LINE#         27
  C:9CC0H         LINE#         28
  C:9CC1H         LINE#         29
  C:9CC3H         LINE#         30
  -------         ENDPROC       START_24
  -------         PROC          STOP_24
  C:9D04H         LINE#         33
  C:9D04H         LINE#         34
  C:9D04H         LINE#         35
  C:9D06H         LINE#         36
  C:9D08H         LINE#         37
  C:9D0AH         LINE#         38
  C:9D0BH         LINE#         39
  C:9D0DH         LINE#         40
  C:9D0EH         LINE#         41
  C:9D10H         LINE#         42
  -------         ENDPROC       STOP_24
  -------         PROC          READ_8_BIT_24
  -------         DO            
  I:00A9H         SYMBOL        r_8_bit
  I:00AAH         SYMBOL        n
  I:00ABH         SYMBOL        m
  I:00ACH         SYMBOL        temp
  -------         ENDDO         
  C:9270H         LINE#         46
  C:9270H         LINE#         47
  C:9270H         LINE#         51
  C:9283H         LINE#         53
  C:9287H         LINE#         54
  C:9289H         LINE#         55
  C:928BH         LINE#         56
  C:9296H         LINE#         57
  C:9296H         LINE#         58
  C:9298H         LINE#         59
  C:9299H         LINE#         60
  C:92A4H         LINE#         61
  C:92A6H         LINE#         62
  C:92ABH         LINE#         63
  C:92ADH         LINE#         64
  C:92AFH         LINE#         65
  C:92B1H         LINE#         66
  C:92B2H         LINE#         67
  C:92B3H         LINE#         68
  C:92B5H         LINE#         70
  C:92C2H         LINE#         71
  C:92C2H         LINE#         72
  C:92C8H         LINE#         73
  C:92D2H         LINE#         74
  C:92D8H         LINE#         76
  C:92DAH         LINE#         77
  C:92DFH         LINE#         78
BL51 BANKED LINKER/LOCATER V6.22.4.0                                                  03/28/2024  11:05:25  PAGE 34


  C:92E3H         LINE#         79
  -------         ENDPROC       READ_8_BIT_24
  -------         PROC          _WRITE_8_BIT_24
  X:0632H         SYMBOL        x
  -------         DO            
  I:00A9H         SYMBOL        w_8_bit
  I:00AAH         SYMBOL        n
  I:00ABH         SYMBOL        m
  I:00ACH         SYMBOL        a
  I:00ADH         SYMBOL        temp
  -------         ENDDO         
  C:91F5H         LINE#         84
  C:91FAH         LINE#         85
  C:91FAH         LINE#         88
  C:920DH         LINE#         89
  C:9214H         LINE#         91
  C:9220H         LINE#         92
  C:9229H         LINE#         93
  C:922CH         LINE#         94
  C:9234H         LINE#         96
  C:923CH         LINE#         97
  C:9242H         LINE#         98
  C:9246H         LINE#         100
  C:9248H         LINE#         101
  C:924AH         LINE#         102
  C:9257H         LINE#         103
  C:9257H         LINE#         104
  C:9260H         LINE#         105
  C:9262H         LINE#         106
  C:9263H         LINE#         107
  C:9265H         LINE#         108
  C:926AH         LINE#         110
  C:926CH         LINE#         111
  C:926DH         LINE#         112
  C:926FH         LINE#         113
  -------         ENDPROC       _WRITE_8_BIT_24
  -------         PROC          _READ_1_BYTE_24
  D:0004H         SYMBOL        r_add
  -------         DO            
  I:00A5H         SYMBOL        r_1_byte
  I:00A6H         SYMBOL        H
  I:00A7H         SYMBOL        L
  I:00A8H         SYMBOL        h
  -------         ENDDO         
  C:964EH         LINE#         120
  C:9652H         LINE#         121
  C:9652H         LINE#         125
  C:9656H         LINE#         126
  C:965BH         LINE#         127
  C:965EH         LINE#         129
  C:9663H         LINE#         131
  C:9666H         LINE#         132
  C:966DH         LINE#         133
  C:966EH         LINE#         134
  C:966FH         LINE#         135
  C:9670H         LINE#         136
  C:9671H         LINE#         137
BL51 BANKED LINKER/LOCATER V6.22.4.0                                                  03/28/2024  11:05:25  PAGE 35


  C:9678H         LINE#         138
  C:9679H         LINE#         139
  C:967AH         LINE#         140
  C:967BH         LINE#         141
  C:967CH         LINE#         143
  C:967FH         LINE#         144
  C:9686H         LINE#         145
  C:9687H         LINE#         146
  C:9688H         LINE#         147
  C:9689H         LINE#         148
  C:968AH         LINE#         150
  C:9691H         LINE#         151
  C:9692H         LINE#         152
  C:9693H         LINE#         153
  C:9694H         LINE#         154
  C:9695H         LINE#         155
  C:9698H         LINE#         157
  C:969AH         LINE#         158
  -------         ENDPROC       _READ_1_BYTE_24
  -------         PROC          _WRITE_1_BYTE_24
  D:0002H         SYMBOL        w_add
  X:062FH         SYMBOL        w_1_byte
  -------         DO            
  I:00A5H         SYMBOL        H
  I:00A6H         SYMBOL        L
  -------         ENDDO         
[...]
  C:7B87H         LINE#         347
  C:7B87H         LINE#         348
BL51 BANKED LINKER/LOCATER V6.22.4.0                                                  03/28/2024  11:05:25  PAGE 69


  C:7B90H         LINE#         349
  C:7B92H         LINE#         350
  C:7B99H         LINE#         351
  C:7B99H         LINE#         352
  C:7BA5H         LINE#         353
  C:7BC7H         LINE#         354
  C:7BCBH         LINE#         355
  C:7BD6H         LINE#         356
  C:7BF8H         LINE#         357
  C:7C02H         LINE#         358
  C:7C0CH         LINE#         359
  C:7C16H         LINE#         360
  C:7C3BH         LINE#         361
  C:7C60H         LINE#         362
  C:7C60H         LINE#         363
  C:7C60H         LINE#         364
  C:7C60H         LINE#         365
  C:7C65H         LINE#         366
  C:7C68H         LINE#         367
  C:7C6BH         LINE#         368
  C:7C6BH         LINE#         369
  C:7C72H         LINE#         370
  C:7C73H         LINE#         371
  C:7C7AH         LINE#         372
  C:7C80H         LINE#         373
  C:7C89H         LINE#         374
  C:7C94H         LINE#         375
  C:7C9CH         LINE#         376
  C:7CA5H         LINE#         377
  C:7CB0H         LINE#         378
  C:7CB8H         LINE#         379
  C:7CC1H         LINE#         380
  C:7CCCH         LINE#         381
  C:7CD7H         LINE#         382
  C:7CD7H         LINE#         383
  C:7CD7H         LINE#         384
  C:7CD7H         LINE#         385
  -------         ENDPROC       DISPALY_PARAMOVE
  -------         PROC          DISPALY_PARA
  C:5B27H         LINE#         390
  C:5B27H         LINE#         391
  C:5B27H         LINE#         392
  C:5B2DH         LINE#         393
  C:5B2FH         LINE#         394
  C:5B32H         LINE#         395
  C:5B35H         LINE#         396
  C:5B46H         LINE#         397
  C:5B57H         LINE#         398
  C:5B68H         LINE#         399
  C:5B79H         LINE#         400
  C:5B94H         LINE#         401
  C:5BA5H         LINE#         402
  C:5BC0H         LINE#         403
  C:5BDBH         LINE#         404
  C:5BF6H         LINE#         405
  C:5C07H         LINE#         406
  C:5C26H         LINE#         407
BL51 BANKED LINKER/LOCATER V6.22.4.0                                                  03/28/2024  11:05:25  PAGE 70


  C:5C45H         LINE#         408
  C:5C64H         LINE#         409
  C:5C83H         LINE#         411
  C:5C94H         LINE#         412
  C:5CB3H         LINE#         413
  C:5CD2H         LINE#         414
  C:5CF1H         LINE#         415
  C:5D10H         LINE#         417
  C:5D21H         LINE#         418
  C:5D40H         LINE#         419
  C:5D5FH         LINE#         420
  C:5D7EH         LINE#         421
  C:5D9DH         LINE#         423
  C:5DAEH         LINE#         424
  C:5DCDH         LINE#         425
  C:5DECH         LINE#         426
  C:5E0BH         LINE#         427
  C:5E2AH         LINE#         428
  C:5E35H         LINE#         429
  C:5E35H         LINE#         430
  C:5E46H         LINE#         431
  C:5E65H         LINE#         432
  C:5E84H         LINE#         433
  C:5EA3H         LINE#         434
  C:5EC2H         LINE#         436
  C:5ED3H         LINE#         437
  C:5EF2H         LINE#         438
  C:5F11H         LINE#         439
  C:5F30H         LINE#         440
  C:5F4FH         LINE#         442
  C:5F60H         LINE#         443
  C:5F7FH         LINE#         444
  C:5F9EH         LINE#         445
  C:5FBDH         LINE#         446
  C:5FDCH         LINE#         448
  C:5FEDH         LINE#         449
  C:600CH         LINE#         450
  C:602BH         LINE#         451
  C:604AH         LINE#         452
  C:6069H         LINE#         454
  C:607AH         LINE#         455
  C:6099H         LINE#         456
  C:60B8H         LINE#         457
  C:60D7H         LINE#         458
  C:60F6H         LINE#         460
  C:6107H         LINE#         461
  C:6126H         LINE#         462
  C:6145H         LINE#         463
  C:6164H         LINE#         464
  C:6183H         LINE#         465
  C:6183H         LINE#         466
  C:6189H         LINE#         467
  C:618CH         LINE#         469
  C:619DH         LINE#         470
  C:61AEH         LINE#         471
  C:61BFH         LINE#         472
  C:61D0H         LINE#         473
BL51 BANKED LINKER/LOCATER V6.22.4.0                                                  03/28/2024  11:05:25  PAGE 71


  C:61E1H         LINE#         474
  C:61F2H         LINE#         475
  C:6203H         LINE#         476
  C:6214H         LINE#         477
  C:6225H         LINE#         478
  C:6240H         LINE#         479
  C:625BH         LINE#         480
  C:6276H         LINE#         481
  C:6291H         LINE#         482
  C:62B0H         LINE#         483
  C:62CFH         LINE#         484
  C:62EEH         LINE#         485
  C:630DH         LINE#         487
  C:632CH         LINE#         488
  C:634BH         LINE#         489
  C:636AH         LINE#         490
  C:6389H         LINE#         492
  C:63A8H         LINE#         493
  C:63C7H         LINE#         494
  C:63E6H         LINE#         495
  C:6405H         LINE#         497
  C:6424H         LINE#         498
  C:6443H         LINE#         499
  C:6462H         LINE#         500
  C:6481H         LINE#         501
  C:648CH         LINE#         502
  C:648CH         LINE#         503
  C:649DH         LINE#         504
  C:64AEH         LINE#         505
  C:64BFH         LINE#         506
  C:64D0H         LINE#         507
  C:64E1H         LINE#         508
  C:64F2H         LINE#         509
  C:6511H         LINE#         510
  C:6530H         LINE#         511
  C:654FH         LINE#         512
  C:656EH         LINE#         514
  C:658DH         LINE#         515
  C:65ACH         LINE#         516
  C:65CBH         LINE#         517
  C:65EAH         LINE#         519
  C:6609H         LINE#         520
  C:6628H         LINE#         521
  C:6647H         LINE#         522
  C:6666H         LINE#         524
  C:6685H         LINE#         525
  C:66A4H         LINE#         526
  C:66C3H         LINE#         527
  C:66E2H         LINE#         529
  C:6701H         LINE#         530
  C:6720H         LINE#         531
  C:673FH         LINE#         532
  C:675EH         LINE#         534
  C:677DH         LINE#         535
  C:679CH         LINE#         536
  C:67BBH         LINE#         537
  C:67DAH         LINE#         538
BL51 BANKED LINKER/LOCATER V6.22.4.0                                                  03/28/2024  11:05:25  PAGE 72


  C:67DAH         LINE#         539
  C:67E0H         LINE#         540
  C:67E6H         LINE#         541
  C:67E8H         LINE#         542
  C:67E8H         LINE#         543
  C:67E8H         LINE#         544
  -------         ENDPROC       DISPALY_PARA
  -------         ENDMOD        SETPARA

  -------         MODULE        SETTIME
  C:0000H         SYMBOL        _ICE_DUMMY_
  C:80E5H         PUBLIC        settime
  D:0080H         PUBLIC        P0
  D:0090H         PUBLIC        P1
  D:00A0H         PUBLIC        P2
  D:00B0H         PUBLIC        P3
  D:00C0H         PUBLIC        P4
  D:00C8H         PUBLIC        P5
  D:00E8H         PUBLIC        P6
  D:00F8H         PUBLIC        P7
  X:0666H         PUBLIC        Init_Time
  D:00A8H         PUBLIC        IE
  D:00B8H         PUBLIC        IP
  D:00D8H         PUBLIC        CCON
  X:0667H         PUBLIC        Real_Count_Display
  D:0098H         PUBLIC        SCON
  D:0088H         PUBLIC        TCON
  X:0687H         PUBLIC        Inctime
  X:0688H         PUBLIC        Setted_Time
  D:00D0H         PUBLIC        PSW
  -------         PROC          SETTIME
  C:80E5H         LINE#         18
  C:80E5H         LINE#         19
  C:80E5H         LINE#         20
  C:80E7H         LINE#         21
  C:80E9H         LINE#         22
  C:80EBH         LINE#         23
  C:80F1H         LINE#         25
  C:80F4H         LINE#         26
  C:80F6H         LINE#         27
  C:80F9H         LINE#         28
  C:80FCH         LINE#         29
  C:810DH         LINE#         30
  C:811AH         LINE#         31
  C:8127H         LINE#         32
  C:8136H         LINE#         33
  C:8147H         LINE#         34
  C:814DH         LINE#         35
  C:814EH         LINE#         36
  C:815DH         LINE#         37
  C:815DH         LINE#         38
  C:8163H         LINE#         39
  C:8169H         LINE#         40
  C:8176H         LINE#         41
  C:8183H         LINE#         42
  C:818BH         LINE#         43
  C:8196H         LINE#         44
BL51 BANKED LINKER/LOCATER V6.22.4.0                                                  03/28/2024  11:05:25  PAGE 73


  C:819CH         LINE#         45
  C:81A9H         LINE#         46
  C:81B8H         LINE#         47
  C:81BEH         LINE#         48
  C:81C9H         LINE#         49
  C:81CFH         LINE#         50
  C:81DCH         LINE#         51
  C:81EBH         LINE#         52
  C:81F1H         LINE#         53
  C:81FCH         LINE#         54
  C:8202H         LINE#         55
  C:820FH         LINE#         56
  C:821EH         LINE#         57
  C:8224H         LINE#         58
  C:822FH         LINE#         59
  C:8235H         LINE#         60
  C:8242H         LINE#         61
  C:8251H         LINE#         62
  C:8257H         LINE#         63
  C:8261H         LINE#         64
  C:8267H         LINE#         65
  C:8274H         LINE#         66
  C:8283H         LINE#         67
  C:8289H         LINE#         68
  C:8292H         LINE#         69
  C:8298H         LINE#         70
  C:82A5H         LINE#         71
  C:82B4H         LINE#         72
  C:82C1H         LINE#         73
  C:82C1H         LINE#         74
  C:82C1H         LINE#         75
  -------         ENDPROC       SETTIME
  -------         ENDMOD        SETTIME

  -------         MODULE        TIME0
  C:0000H         SYMBOL        _ICE_DUMMY_
  D:0080H         PUBLIC        P0
  D:0090H         PUBLIC        P1
  D:00A0H         PUBLIC        P2
  D:00B0H         PUBLIC        P3
  D:00C0H         PUBLIC        P4
  D:00C8H         PUBLIC        P5
  B:00A8H.7       PUBLIC        EA
  D:00E8H         PUBLIC        P6
  D:00F8H         PUBLIC        P7
  B:0023H.6       PUBLIC        FlagCollFall
  D:00A8H         PUBLIC        IE
  D:00B8H         PUBLIC        IP
  B:0090H.3       PUBLIC        GATE
  D:00D8H         PUBLIC        CCON
  D:0098H         PUBLIC        SCON
  D:0089H         PUBLIC        TMOD
  D:0088H         PUBLIC        TCON
  X:06B2H         PUBLIC        NumT0
  C:9AA2H         PUBLIC        Init_Time0
  B:0023H.7       PUBLIC        Flag_Tim0
  X:06B4H         PUBLIC        CntWarn
BL51 BANKED LINKER/LOCATER V6.22.4.0                                                  03/28/2024  11:05:25  PAGE 74


  X:06B6H         PUBLIC        CntS1Warn
  B:00A8H.1       PUBLIC        ET0
  B:0088H.5       PUBLIC        TF0
  D:008CH         PUBLIC        TH0
  D:008AH         PUBLIC        TL0
  B:0088H.4       PUBLIC        TR0
  C:8C26H         PUBLIC        Tim0
  X:06B8H         PUBLIC        CmOverTime
  X:06BAH         PUBLIC        CntFlhWarnT0
  B:0024H.0       PUBLIC        Flag_Warn_Serial1
  D:00D0H         PUBLIC        PSW
  -------         PROC          TIM0
  C:8C26H         LINE#         23
  C:8C39H         LINE#         25
  C:8C3BH         LINE#         26
  C:8C3EH         LINE#         27
  C:8C41H         LINE#         28
  C:8C44H         LINE#         29
  C:8C44H         LINE#         30
  C:8C47H         LINE#         31
  C:8C47H         LINE#         32
  C:8C5CH         LINE#         33
  C:8C5CH         LINE#         34
  C:8C63H         LINE#         35
  C:8C65H         LINE#         36
  C:8C65H         LINE#         37
  C:8C65H         LINE#         38
  C:8C65H         LINE#         39
  C:8C68H         LINE#         40
  C:8C68H         LINE#         41
  C:8C7DH         LINE#         42
  C:8C7DH         LINE#         43
  C:8C84H         LINE#         44
  C:8C86H         LINE#         45
  C:8C86H         LINE#         46
  C:8C86H         LINE#         47
  C:8C89H         LINE#         48
  C:8C89H         LINE#         49
  C:8C93H         LINE#         50
  C:8C95H         LINE#         51
  C:8C95H         LINE#         52
  C:8CA8H         LINE#         53
  C:8CBFH         LINE#         54
  C:8CBFH         LINE#         55
  C:8CC1H         LINE#         56
  C:8CC5H         LINE#         57
  C:8CC7H         LINE#         58
  C:8CC9H         LINE#         59
  C:8CC9H         LINE#         60
  C:8CC9H         LINE#         61
  C:8CCCH         LINE#         62
  C:8CCCH         LINE#         63
  C:8CE1H         LINE#         64
  C:8CE1H         LINE#         65
  C:8CE3H         LINE#         66
  C:8CEAH         LINE#         67
  C:8CEAH         LINE#         68
BL51 BANKED LINKER/LOCATER V6.22.4.0                                                  03/28/2024  11:05:25  PAGE 75


  C:8CEAH         LINE#         69
  C:8CEDH         LINE#         70
  C:8CEDH         LINE#         71
  C:8D02H         LINE#         72
  C:8D04H         LINE#         73
  C:8D0BH         LINE#         74
  C:8D0BH         LINE#         75
  C:8D0BH         LINE#         76
  -------         ENDPROC       TIM0
  -------         PROC          INIT_TIME0
  C:9AA2H         LINE#         81
  C:9AA2H         LINE#         82
  C:9AA2H         LINE#         83
  C:9AA5H         LINE#         84
  C:9AA8H         LINE#         85
  C:9AABH         LINE#         86
  C:9AB1H         LINE#         87
  C:9AB7H         LINE#         88
  C:9ABDH         LINE#         89
  C:9AC1H         LINE#         90
  C:9AC5H         LINE#         91
  C:9ACBH         LINE#         92
  C:9ACDH         LINE#         93
  C:9ACFH         LINE#         94
  C:9AD1H         LINE#         95
  -------         ENDPROC       INIT_TIME0
  -------         ENDMOD        TIME0

  -------         MODULE        ?C?FPADD
  C:67F0H         PUBLIC        ?C?FPADD
  C:67ECH         PUBLIC        ?C?FPSUB
  -------         ENDMOD        ?C?FPADD

  -------         MODULE        ?C?FPMUL
  C:68E1H         PUBLIC        ?C?FPMUL
  -------         ENDMOD        ?C?FPMUL

  -------         MODULE        ?C?FPDIV
  C:69EAH         PUBLIC        ?C?FPDIV
  -------         ENDMOD        ?C?FPDIV

  -------         MODULE        ?C?FPCMP
  C:6A89H         PUBLIC        ?C?FPCMP
  C:6A87H         PUBLIC        ?C?FPCMP3
  -------         ENDMOD        ?C?FPCMP

  -------         MODULE        ?C?FCAST
  C:6B0AH         PUBLIC        ?C?FCASTC
  C:6B05H         PUBLIC        ?C?FCASTI
  C:6B00H         PUBLIC        ?C?FCASTL
  -------         ENDMOD        ?C?FCAST

  -------         MODULE        ?C?CASTF
  C:6B3EH         PUBLIC        ?C?CASTF
  -------         ENDMOD        ?C?CASTF

  -------         MODULE        POW
BL51 BANKED LINKER/LOCATER V6.22.4.0                                                  03/28/2024  11:05:25  PAGE 76


  X:0655H         PUBLIC        ?_pow?BYTE
  C:82C2H         PUBLIC        _pow
  -------         ENDMOD        POW

  -------         MODULE        ?C?CHKFLOAT
  C:6BBFH         PUBLIC        ?C?CHKFLOAT
  -------         ENDMOD        ?C?CHKFLOAT

  -------         MODULE        ?C?FPNEG
  C:6BD9H         PUBLIC        ?C?FPNEG
  -------         ENDMOD        ?C?FPNEG

  -------         MODULE        EXP
  C:907EH         PUBLIC        _EXP
  -------         ENDMOD        EXP

  -------         MODULE        LOG
  C:8826H         PUBLIC        _LOG
  C:8822H         PUBLIC        _LOG10
  -------         ENDMOD        LOG

  -------         MODULE        ?C?COPY
  C:6D07H         PUBLIC        ?C?COPY
  -------         ENDMOD        ?C?COPY

  -------         MODULE        ?C?CLDPTR
  C:6D2DH         PUBLIC        ?C?CLDPTR
  -------         ENDMOD        ?C?CLDPTR

  -------         MODULE        ?C?CLDOPTR
  C:6D46H         PUBLIC        ?C?CLDOPTR
  -------         ENDMOD        ?C?CLDOPTR

  -------         MODULE        ?C?CSTOPTR
  C:6D73H         PUBLIC        ?C?CSTOPTR
  -------         ENDMOD        ?C?CSTOPTR

  -------         MODULE        ?C?IMUL
  C:6D95H         PUBLIC        ?C?IMUL
  -------         ENDMOD        ?C?IMUL

  -------         MODULE        ?C?UIDIV
  C:6DA7H         PUBLIC        ?C?UIDIV
  -------         ENDMOD        ?C?UIDIV

  -------         MODULE        ?C?SIDIV
  C:6DFCH         PUBLIC        ?C?SIDIV
  -------         ENDMOD        ?C?SIDIV

  -------         MODULE        ?C?IILDX
  C:6E32H         PUBLIC        ?C?IILDX
  -------         ENDMOD        ?C?IILDX

  -------         MODULE        ?C?ULDIV
  C:6E84H         PUBLIC        ?C?ULDIV
  -------         ENDMOD        ?C?ULDIV

BL51 BANKED LINKER/LOCATER V6.22.4.0                                                  03/28/2024  11:05:25  PAGE 77


  -------         MODULE        ?C?LNEG
  C:6F16H         PUBLIC        ?C?LNEG
  -------         ENDMOD        ?C?LNEG

  -------         MODULE        ?C?ULCMP
  C:6F24H         PUBLIC        ?C?ULCMP
  -------         ENDMOD        ?C?ULCMP

  -------         MODULE        ?C?LLDOPTR
  C:6F35H         PUBLIC        ?C?LLDOPTR
  -------         ENDMOD        ?C?LLDOPTR

  -------         MODULE        ?C?LSTPTR
  C:6F65H         PUBLIC        ?C?LSTPTR
  -------         ENDMOD        ?C?LSTPTR

  -------         MODULE        ?C?LSTOPTR
  C:6F7FH         PUBLIC        ?C?LSTOPTR
  -------         ENDMOD        ?C?LSTOPTR

  -------         MODULE        ?C?LLDIDATA
  C:6FA3H         PUBLIC        ?C?LLDIDATA
  -------         ENDMOD        ?C?LLDIDATA

  -------         MODULE        ?C?LLDCODE
  C:6FAFH         PUBLIC        ?C?LLDCODE
  -------         ENDMOD        ?C?LLDCODE

  -------         MODULE        ?C?LLDIDATA0
  C:6FBFH         PUBLIC        ?C?LLDIDATA0
  -------         ENDMOD        ?C?LLDIDATA0

  -------         MODULE        ?C?LLDXDATA0
  C:6FCCH         PUBLIC        ?C?LLDXDATA0
  -------         ENDMOD        ?C?LLDXDATA0

  -------         MODULE        ?C?LLDCODE0
  C:6FD8H         PUBLIC        ?C?LLDCODE0
  -------         ENDMOD        ?C?LLDCODE0

  -------         MODULE        ?C?LLDOPTR0
  C:6FE8H         PUBLIC        ?C?LLDOPTR0
  -------         ENDMOD        ?C?LLDOPTR0

  -------         MODULE        ?C?LSTIDATA
  C:7018H         PUBLIC        ?C?LSTIDATA
  -------         ENDMOD        ?C?LSTIDATA

  -------         MODULE        ?C?LSTXDATA
  C:7024H         PUBLIC        ?C?LSTXDATA
  -------         ENDMOD        ?C?LSTXDATA

  -------         MODULE        ?C?LSTKIDATA
  C:7030H         PUBLIC        ?C?LSTKIDATA
  -------         ENDMOD        ?C?LSTKIDATA

  -------         MODULE        ?C?LSTKXDATA
BL51 BANKED LINKER/LOCATER V6.22.4.0                                                  03/28/2024  11:05:25  PAGE 78


  C:7049H         PUBLIC        ?C?LSTKXDATA
  -------         ENDMOD        ?C?LSTKXDATA

  -------         MODULE        ?C?OFFXADD
  C:707AH         PUBLIC        ?C?OFFXADD
  -------         ENDMOD        ?C?OFFXADD

  -------         MODULE        ?C?LLDXDATA
  C:7086H         PUBLIC        ?C?LLDXDATA
  -------         ENDMOD        ?C?LLDXDATA

  -------         MODULE        ?C?LLDPDATA
  C:7092H         PUBLIC        ?C?LLDPDATA
  -------         ENDMOD        ?C?LLDPDATA

  -------         MODULE        ?C?LLDPDATA0
  C:709EH         PUBLIC        ?C?LLDPDATA0
  -------         ENDMOD        ?C?LLDPDATA0

  -------         MODULE        ?C?LSTPDATA
  C:70ABH         PUBLIC        ?C?LSTPDATA
  -------         ENDMOD        ?C?LSTPDATA

Program Size: data=192.5 xdata=1726 code=40270
LINK/LOCATE RUN COMPLETE.  0 WARNING(S),  0 ERROR(S)
