BL51 BANKED LINKER/LOCATER V6.22.4.0                                                    01/26/2024  15:20:25  PAGE 1


BL51 BANKED LINKER/LOCATER V6.22.4.0, INVOKED BY:
C:\KEIL_V5\C51\BIN\BL51.EXE .\Objects\STARTUP.obj, .\Objects\8253count.obj, .\Objects\at24c16.obj, .\Objects\collateral.
>> obj, .\Objects\lcd.obj, .\Objects\main.obj, .\Objects\Masterdisplay.obj, .\Objects\measure.obj, .\Objects\reset.obj, 
>> .\Objects\serial.obj, .\Objects\Serial1Dip.obj, .\Objects\setinput.obj, .\Objects\setpara.obj, .\Objects\settime.obj,
>>  .\Objects\time0.obj TO .\Objects\Dose_Proj PRINT (.\Listings\Dose_Proj.m51) RAMSIZE (256)


MEMORY MODEL: LARGE WITH FLOATING POINT ARITHMETIC


INPUT MODULES INCLUDED:
  .\Objects\STARTUP.obj (?C_STARTUP)
  .\Objects\8253count.obj (8253COUNT)
  .\Objects\at24c16.obj (AT24C16)
  .\Objects\collateral.obj (COLLATERAL)
  .\Objects\lcd.obj (LCD)
  .\Objects\main.obj (MAIN)
  .\Objects\Masterdisplay.obj (MASTERDISPLAY)
  .\Objects\measure.obj (MEASURE)
  .\Objects\reset.obj (RESET)
  .\Objects\serial.obj (SERIAL)
  .\Objects\Serial1Dip.obj (SERIAL1DIP)
  .\Objects\setinput.obj (SETINPUT)
  .\Objects\setpara.obj (SETPARA)
  .\Objects\settime.obj (SETTIME)
  .\Objects\time0.obj (TIME0)
  C:\KEIL_V5\C51\LIB\C51FPL.LIB (?C?FPADD)
  C:\KEIL_V5\C51\LIB\C51FPL.LIB (?C?FPMUL)
  C:\KEIL_V5\C51\LIB\C51FPL.LIB (?C?FPDIV)
  C:\KEIL_V5\C51\LIB\C51FPL.LIB (?C?FPCMP)
  C:\KEIL_V5\C51\LIB\C51FPL.LIB (?C?FCAST)
  C:\KEIL_V5\C51\LIB\C51FPL.LIB (?C?CASTF)
  C:\KEIL_V5\C51\LIB\C51FPL.LIB (POW)
  C:\KEIL_V5\C51\LIB\C51FPL.LIB (?C?FPGETOPN)
  C:\KEIL_V5\C51\LIB\C51FPL.LIB (?C?CHKFLOAT)
  C:\KEIL_V5\C51\LIB\C51FPL.LIB (?C?FPNEG)
  C:\KEIL_V5\C51\LIB\C51FPL.LIB (EXP)
  C:\KEIL_V5\C51\LIB\C51FPL.LIB (LOG)
  C:\KEIL_V5\C51\LIB\C51FPL.LIB (?C?FPSERIES)
  C:\KEIL_V5\C51\LIB\C51L.LIB (?C_INIT)
  C:\KEIL_V5\C51\LIB\C51L.LIB (?C?COPY)
  C:\KEIL_V5\C51\LIB\C51L.LIB (?C?CLDPTR)
  C:\KEIL_V5\C51\LIB\C51L.LIB (?C?CLDOPTR)
  C:\KEIL_V5\C51\LIB\C51L.LIB (?C?CSTOPTR)
  C:\KEIL_V5\C51\LIB\C51L.LIB (?C?IMUL)
  C:\KEIL_V5\C51\LIB\C51L.LIB (?C?UIDIV)
  C:\KEIL_V5\C51\LIB\C51L.LIB (?C?SIDIV)
  C:\KEIL_V5\C51\LIB\C51L.LIB (?C?IILDX)
  C:\KEIL_V5\C51\LIB\C51L.LIB (?C?ULDIV)
  C:\KEIL_V5\C51\LIB\C51L.LIB (?C?LNEG)
  C:\KEIL_V5\C51\LIB\C51L.LIB (?C?ULCMP)
  C:\KEIL_V5\C51\LIB\C51L.LIB (?C?LLDIDATA)
  C:\KEIL_V5\C51\LIB\C51L.LIB (?C?LLDCODE)
  C:\KEIL_V5\C51\LIB\C51L.LIB (?C?LLDIDATA0)
  C:\KEIL_V5\C51\LIB\C51L.LIB (?C?LLDXDATA0)
  C:\KEIL_V5\C51\LIB\C51L.LIB (?C?LLDCODE0)
  C:\KEIL_V5\C51\LIB\C51L.LIB (?C?LSTIDATA)
  C:\KEIL_V5\C51\LIB\C51L.LIB (?C?LSTXDATA)
BL51 BANKED LINKER/LOCATER V6.22.4.0                                                  01/26/2024  15:20:25  PAGE 2


  C:\KEIL_V5\C51\LIB\C51L.LIB (?C?LSTKIDATA)
  C:\KEIL_V5\C51\LIB\C51L.LIB (?C?LSTKXDATA)
  C:\KEIL_V5\C51\LIB\C51L.LIB (?C?OFFXADD)


LINK MAP OF MODULE:  .\Objects\Dose_Proj (?C_STARTUP)


            TYPE    BASE      LENGTH    RELOCATION   SEGMENT NAME
            -----------------------------------------------------

            * * * * * * *   D A T A   M E M O R Y   * * * * * * *
            REG     0000H     0008H     ABSOLUTE     "REG BANK 0"
            DATA    0008H     0006H     UNIT         _DATA_GROUP_
            DATA    000EH     0003H     UNIT         ?DT?SETPARA
            DATA    0011H     0001H     UNIT         ?DT?MAIN
            IDATA   0012H     0005H     UNIT         ?ID?SETPARA
                    0017H     0009H                  *** GAP ***
            BIT     0020H.0   0003H.6   UNIT         ?BI?MAIN
            BIT     0023H.6   0000H.3   UNIT         ?BI?TIME0
            BIT     0024H.1   0000H.2   UNIT         ?BI?COLLATERAL
            BIT     0024H.3   0000H.1   UNIT         ?BI?8253COUNT
            BIT     0024H.4   0000H.1   UNIT         _BIT_GROUP_
                    0024H.5   0000H.3                *** GAP ***
            IDATA   0025H     0030H     UNIT         ?ID?8253COUNT
            IDATA   0055H     0024H     UNIT         _IDATA_GROUP_
            IDATA   0079H     0001H     UNIT         ?STACK

            * * * * * * *  X D A T A   M E M O R Y  * * * * * * *
            XDATA   0000H     0263H     UNIT         ?XD?8253COUNT
            XDATA   0263H     01F0H     UNIT         ?XD?MAIN
            XDATA   0453H     0049H     UNIT         ?XD?MASTERDISPLAY
            XDATA   049CH     0036H     UNIT         _XDATA_GROUP_
            XDATA   04D2H     002AH     UNIT         ?XD?SETTIME
            XDATA   04FCH     0022H     UNIT         ?XD?SETPARA
            XDATA   051EH     000AH     UNIT         ?XD?TIME0
            XDATA   0528H     0002H     UNIT         ?XD?COLLATERAL

            * * * * * * *   C O D E   M E M O R Y   * * * * * * *
            CODE    0000H     0003H     ABSOLUTE     
            CODE    0003H     0003H     ABSOLUTE     
                    0006H     0005H                  *** GAP ***
            CODE    000BH     0003H     ABSOLUTE     
            CODE    000EH     0015H     UNIT         ?CO?COLLATERAL
            CODE    0023H     0003H     ABSOLUTE     
            CODE    0026H     001BH     UNIT         ?PR?_TWORD?LCD
                    0041H     0002H                  *** GAP ***
            CODE    0043H     0003H     ABSOLUTE     
            CODE    0046H     5810H     UNIT         ?PR?SHOWDATA?8253COUNT
            CODE    5856H     0D7AH     UNIT         ?PR?_COLLECT_WORD?COLLATERAL
            CODE    65D0H     0BD0H     UNIT         ?PR?DISPALY_PARA?SETPARA
            CODE    71A0H     07FFH     UNIT         ?C?LIB_CODE
            CODE    799FH     03DFH     UNIT         ?PR?INIT_PARA?MAIN
            CODE    7D7EH     02B0H     UNIT         ?PR?DISPLAY_B?MASTERDISPLAY
            CODE    802EH     0225H     UNIT         ?PR?DISPALY_PARAMOVE?SETPARA
            CODE    8253H     0207H     UNIT         ?PR?GETANDDISDATA?8253COUNT
            CODE    845AH     0206H     UNIT         ?PR?SETPARAMETER?SETPARA
BL51 BANKED LINKER/LOCATER V6.22.4.0                                                  01/26/2024  15:20:25  PAGE 3


            CODE    8660H     01DDH     UNIT         ?PR?SETTIME?SETTIME
            CODE    883DH     0166H     UNIT         ?PR?_POW?POW
            CODE    89A3H     014BH     UNIT         ?PR?_TRNUMBER?LCD
            CODE    8AEEH     014BH     UNIT         ?PR?_TNUMBER?LCD
            CODE    8C39H     0134H     UNIT         ?PR?SETINPUT?SETINPUT
            CODE    8D6DH     0129H     UNIT         ?PR?LOG?LOG
            CODE    8E96H     0110H     UNIT         ?PR?SHOWSETRESULT?MEASURE
            CODE    8FA6H     0102H     UNIT         ?PR?INIT_RAM?MAIN
            CODE    90A8H     00F6H     UNIT         ?PR?SIDE_RCHANGE?SETPARA
            CODE    919EH     00F6H     UNIT         ?PR?TIM0?TIME0
            CODE    9294H     00EDH     UNIT         ?PR?INIT_8253?8253COUNT
            CODE    9381H     00E7H     UNIT         ?PR?SIDE_LCHANGE?SETPARA
            CODE    9468H     00A3H     UNIT         ?PR?INT0?MAIN
            CODE    950BH     009AH     UNIT         ?PR?EXP?EXP
            CODE    95A5H     0099H     UNIT         ?CO?8253COUNT
            CODE    963EH     008CH     UNIT         ?C_C51STARTUP
            CODE    96CAH     0089H     UNIT         ?PR?_SEND_WORD?COLLATERAL
            CODE    9753H     007BH     UNIT         ?PR?_WRITE_8_BIT_24?AT24C16
            CODE    97CEH     0074H     UNIT         ?PR?READ_8_BIT_24?AT24C16
            CODE    9842H     0065H     UNIT         ?CO?MEASURE
            CODE    98A7H     005FH     UNIT         ?PR?_DS_SAVEDATA?AT24C16
            CODE    9906H     005FH     UNIT         ?PR?_DS_READDATA?AT24C16
            CODE    9965H     005AH     UNIT         ?PR?MAIN?MAIN
            CODE    99BFH     0059H     UNIT         ?PR?_TXTEXT?LCD
            CODE    9A18H     0059H     UNIT         ?PR?TRANSFER_DCS?MAIN
            CODE    9A71H     0051H     UNIT         ?PR?_TRXTEXT?LCD
            CODE    9AC2H     004EH     UNIT         ?PR?_CLOSE?LCD
            CODE    9B10H     004EH     UNIT         ?PR?MEASURE?MEASURE
            CODE    9B5EH     004DH     UNIT         ?PR?_READ_1_BYTE_24?AT24C16
            CODE    9BABH     004DH     UNIT         ?PR?RESET?RESET
            CODE    9BF8H     004BH     UNIT         ?PR?KEY_FUNCTION?MAIN
            CODE    9C43H     0046H     UNIT         ?PR?_WARNLED_ON?LCD
            CODE    9C89H     0046H     UNIT         ?PR?_WARNLED_OFF?LCD
            CODE    9CCFH     0040H     UNIT         ?PR?LINE_CHANGE?SETPARA
            CODE    9D0FH     003EH     UNIT         ?CO?LCD
            CODE    9D4DH     003EH     UNIT         ?CO?SETPARA
            CODE    9D8BH     003DH     UNIT         ?PR?LED_FLASH?8253COUNT
            CODE    9DC8H     003DH     UNIT         ?PR?_WRITE_1_BYTE_24?AT24C16
            CODE    9E05H     003AH     UNIT         ?PR?CLEAR?LCD
            CODE    9E3FH     0038H     UNIT         ?PR?_UPDATA_FLASH?8253COUNT
            CODE    9E77H     0038H     UNIT         ?PR?REDLED_FLASH?MASTERDISPLAY
            CODE    9EAFH     0037H     UNIT         ?PR?_UPDATA_LED?MASTERDISPLAY
            CODE    9EE6H     0036H     UNIT         ?PR?_LED_DISP?8253COUNT
            CODE    9F1CH     0034H     UNIT         ?PR?_WARNING_DISP?MASTERDISPLAY
            CODE    9F50H     0032H     UNIT         ?PR?TRANSFER?MAIN
            CODE    9F82H     0030H     UNIT         ?PR?_OPEN?LCD
            CODE    9FB2H     0030H     UNIT         ?PR?INIT_TIME0?TIME0
            CODE    9FE2H     002DH     UNIT         ?PR?CKMASTERCMD?COLLATERAL
            CODE    A00FH     002BH     UNIT         ?CO?SETINPUT
            CODE    A03AH     0027H     UNIT         ?PR?_DELAY_N5MS_24?AT24C16
            CODE    A061H     0026H     UNIT         ?PR?_TXBYTE?LCD
            CODE    A087H     0023H     UNIT         ?PR?INIT_MCU?MAIN
            CODE    A0AAH     001FH     UNIT         ?PR?_SHORTDELAY?8253COUNT
            CODE    A0C9H     001EH     UNIT         ?PR?SPEAK_ALARM?MAIN
            CODE    A0E7H     001BH     UNIT         ?C_INITSEG
            CODE    A102H     001AH     UNIT         ?PR?LCD_INIT?LCD
            CODE    A11CH     001AH     UNIT         ?PR?LCD_START?LCD
BL51 BANKED LINKER/LOCATER V6.22.4.0                                                  01/26/2024  15:20:25  PAGE 4


            CODE    A136H     001AH     UNIT         ?CO?MASTERDISPLAY
            CODE    A150H     001AH     UNIT         ?PR?PARAMETERRIGHT?SETPARA
            CODE    A16AH     001AH     UNIT         ?PR?PARAMETERLEFT?SETPARA
            CODE    A184H     0019H     UNIT         ?PR?INIT_IO?MAIN
            CODE    A19DH     0017H     UNIT         ?PR?SERIAL_PORT_ONE_INITIAL?SERIAL
            CODE    A1B4H     0014H     UNIT         ?PR?ALARM?8253COUNT
            CODE    A1C8H     0014H     UNIT         ?PR?TXEOF?LCD
            CODE    A1DCH     0013H     UNIT         ?PR?START_24?AT24C16
            CODE    A1EFH     0012H     UNIT         ?PR?_T1BYTE?LCD
            CODE    A201H     0010H     UNIT         ?CO?AT24C16
            CODE    A211H     0010H     UNIT         ?PR?SERIAL_PORT_TWO_INITIAL?SERIAL
            CODE    A221H     000EH     UNIT         ?CO?SETTIME
            CODE    A22FH     000DH     UNIT         ?PR?STOP_24?AT24C16
            CODE    A23CH     000DH     UNIT         ?PR?LCD_CLEAR?LCD
            CODE    A249H     000CH     UNIT         ?PR?SELECT_MAST?MAIN
            CODE    A255H     000CH     UNIT         ?CO?RESET
            CODE    A261H     000BH     UNIT         ?PR?INIT_BUF?MAIN
            CODE    A26CH     000AH     UNIT         ?PR?UART_ONE_INTERRUPT_RECEIVE?SERIAL
            CODE    A276H     000AH     UNIT         ?PR?UART_TWO_INTERRUPT_RECEIVE?SERIAL



OVERLAY MAP OF MODULE:   .\Objects\Dose_Proj (?C_STARTUP)


SEGMENT                                          BIT_GROUP          DATA_GROUP          IDATA_GROUP         XDATA_GROUP
  +--> CALLED SEGMENT                         START    LENGTH     START    LENGTH     START    LENGTH     START    LENGT
>> H
------------------------------------------------------------------------------------------------------------------------
>> -
?C_C51STARTUP                                 -----    -----      -----    -----      -----    -----      -----    -----
>> 
  +--> ?PR?MAIN?MAIN
  +--> ?C_INITSEG

?PR?MAIN?MAIN                                 -----    -----      -----    -----      -----    -----      -----    -----
>> 
  +--> ?PR?INIT_IO?MAIN
  +--> ?PR?INIT_MCU?MAIN
  +--> ?PR?INIT_RAM?MAIN
  +--> ?PR?INIT_PARA?MAIN
  +--> ?PR?INIT_BUF?MAIN
  +--> ?PR?INIT_TIME0?TIME0
  +--> ?PR?LCD_CLEAR?LCD
  +--> ?PR?LCD_START?LCD
  +--> ?PR?SELECT_MAST?MAIN
  +--> ?PR?KEY_FUNCTION?MAIN
  +--> ?PR?GETANDDISDATA?8253COUNT
  +--> ?PR?SHOWDATA?8253COUNT
  +--> ?PR?TRANSFER?MAIN
  +--> ?PR?TRANSFER_DCS?MAIN
  +--> ?PR?INIT_8253?8253COUNT
  +--> ?PR?LED_FLASH?8253COUNT
  +--> ?PR?REDLED_FLASH?MASTERDISPLAY

?PR?INIT_MCU?MAIN                             -----    -----      -----    -----      -----    -----      -----    -----
>> 
BL51 BANKED LINKER/LOCATER V6.22.4.0                                                  01/26/2024  15:20:25  PAGE 5


  +--> ?PR?SERIAL_PORT_TWO_INITIAL?SERIAL
  +--> ?PR?SERIAL_PORT_ONE_INITIAL?SERIAL
  +--> ?PR?LCD_CLEAR?LCD
  +--> ?PR?LCD_INIT?LCD
  +--> ?PR?CLEAR?LCD

?PR?LCD_CLEAR?LCD                             -----    -----      -----    -----      -----    -----      -----    -----
>> 
  +--> ?PR?_TXBYTE?LCD
  +--> ?PR?TXEOF?LCD

?PR?_TXBYTE?LCD                               -----    -----      -----    -----      0074H    0001H      -----    -----
>> 

?PR?TXEOF?LCD                                 -----    -----      -----    -----      -----    -----      -----    -----
>> 
  +--> ?PR?_TXBYTE?LCD

?PR?LCD_INIT?LCD                              -----    -----      -----    -----      -----    -----      -----    -----
>> 
  +--> ?CO?LCD
  +--> ?PR?_TXTEXT?LCD

?PR?_TXTEXT?LCD                               -----    -----      -----    -----      -----    -----      04C4H    0004H
>> 
  +--> ?PR?_TXBYTE?LCD
  +--> ?PR?_TWORD?LCD
  +--> ?PR?TXEOF?LCD
  +--> ?PR?_SHORTDELAY?8253COUNT

?PR?_TWORD?LCD                                -----    -----      -----    -----      0072H    0002H      -----    -----
>> 
  +--> ?PR?_TXBYTE?LCD

?PR?CLEAR?LCD                                 -----    -----      -----    -----      -----    -----      -----    -----
>> 
  +--> ?PR?_CLOSE?LCD

?PR?_CLOSE?LCD                                -----    -----      -----    -----      -----    -----      -----    -----
>> 
  +--> ?PR?_TXBYTE?LCD
  +--> ?PR?_TWORD?LCD
  +--> ?PR?TXEOF?LCD

?PR?INIT_PARA?MAIN                            -----    -----      -----    -----      -----    -----      049CH    0002H
>> 
  +--> ?PR?_DS_READDATA?AT24C16

?PR?_DS_READDATA?AT24C16                      -----    -----      0008H    0004H      -----    -----      049EH    0003H
>> 
  +--> ?PR?_READ_1_BYTE_24?AT24C16
  +--> ?PR?_DELAY_N5MS_24?AT24C16

?PR?_READ_1_BYTE_24?AT24C16                   -----    -----      -----    -----      0055H    0004H      -----    -----
>> 
  +--> ?PR?_DELAY_N5MS_24?AT24C16
  +--> ?PR?START_24?AT24C16
BL51 BANKED LINKER/LOCATER V6.22.4.0                                                  01/26/2024  15:20:25  PAGE 6


  +--> ?PR?_WRITE_8_BIT_24?AT24C16
  +--> ?PR?READ_8_BIT_24?AT24C16
  +--> ?PR?STOP_24?AT24C16

?PR?_DELAY_N5MS_24?AT24C16                    -----    -----      -----    -----      0059H    0003H      -----    -----
>> 

?PR?_WRITE_8_BIT_24?AT24C16                   -----    -----      -----    -----      0059H    000CH      04A1H    0001H
>> 
  +--> ?CO?AT24C16

?PR?READ_8_BIT_24?AT24C16                     -----    -----      -----    -----      0059H    000BH      -----    -----
>> 
  +--> ?CO?AT24C16

?PR?LCD_START?LCD                             -----    -----      -----    -----      -----    -----      -----    -----
>> 
  +--> ?CO?LCD
  +--> ?PR?_TXTEXT?LCD

?PR?KEY_FUNCTION?MAIN                         -----    -----      -----    -----      -----    -----      -----    -----
>> 
  +--> ?PR?SETINPUT?SETINPUT
  +--> ?PR?SETTIME?SETTIME
  +--> ?PR?SETPARAMETER?SETPARA
  +--> ?PR?PARAMETERRIGHT?SETPARA
  +--> ?PR?PARAMETERLEFT?SETPARA
  +--> ?PR?MEASURE?MEASURE
  +--> ?PR?RESET?RESET

?PR?SETINPUT?SETINPUT                         -----    -----      -----    -----      -----    -----      -----    -----
>> 
  +--> ?PR?CLEAR?LCD
  +--> ?PR?LCD_CLEAR?LCD
  +--> ?CO?SETINPUT
  +--> ?PR?_TXTEXT?LCD
  +--> ?PR?_TNUMBER?LCD

?PR?_TNUMBER?LCD                              -----    -----      -----    -----      006DH    0005H      04C4H    0004H
>> 
  +--> ?PR?_TXBYTE?LCD
  +--> ?PR?_TWORD?LCD
  +--> ?PR?TXEOF?LCD
  +--> ?PR?_SHORTDELAY?8253COUNT

?PR?SETTIME?SETTIME                           -----    -----      -----    -----      -----    -----      -----    -----
>> 
  +--> ?PR?CLEAR?LCD
  +--> ?PR?LCD_CLEAR?LCD
  +--> ?CO?SETTIME
  +--> ?PR?_TXTEXT?LCD
  +--> ?PR?_TNUMBER?LCD

?PR?SETPARAMETER?SETPARA                      -----    -----      -----    -----      -----    -----      -----    -----
>> 
  +--> ?PR?DISPALY_PARA?SETPARA

BL51 BANKED LINKER/LOCATER V6.22.4.0                                                  01/26/2024  15:20:25  PAGE 7


?PR?DISPALY_PARA?SETPARA                      -----    -----      -----    -----      -----    -----      -----    -----
>> 
  +--> ?PR?CLEAR?LCD
  +--> ?PR?LCD_CLEAR?LCD
  +--> ?CO?SETPARA
  +--> ?PR?_TXTEXT?LCD
  +--> ?PR?_TNUMBER?LCD

?PR?PARAMETERRIGHT?SETPARA                    -----    -----      -----    -----      -----    -----      -----    -----
>> 
  +--> ?PR?SIDE_RCHANGE?SETPARA
  +--> ?PR?DISPALY_PARAMOVE?SETPARA

?PR?SIDE_RCHANGE?SETPARA                      -----    -----      -----    -----      -----    -----      -----    -----
>> 
  +--> ?PR?LINE_CHANGE?SETPARA

?PR?DISPALY_PARAMOVE?SETPARA                  -----    -----      -----    -----      -----    -----      -----    -----
>> 
  +--> ?PR?_CLOSE?LCD
  +--> ?PR?_OPEN?LCD
  +--> ?PR?DISPALY_PARA?SETPARA

?PR?_OPEN?LCD                                 -----    -----      -----    -----      -----    -----      -----    -----
>> 
  +--> ?PR?_TXBYTE?LCD
  +--> ?PR?_TWORD?LCD
  +--> ?PR?TXEOF?LCD

?PR?PARAMETERLEFT?SETPARA                     -----    -----      -----    -----      -----    -----      -----    -----
>> 
  +--> ?PR?SIDE_LCHANGE?SETPARA
  +--> ?PR?DISPALY_PARAMOVE?SETPARA

?PR?SIDE_LCHANGE?SETPARA                      -----    -----      -----    -----      -----    -----      -----    -----
>> 
  +--> ?PR?LINE_CHANGE?SETPARA

?PR?MEASURE?MEASURE                           -----    -----      -----    -----      -----    -----      -----    -----
>> 
  +--> ?PR?SHOWSETRESULT?MEASURE
  +--> ?PR?_DS_SAVEDATA?AT24C16
  +--> ?PR?INIT_8253?8253COUNT

?PR?SHOWSETRESULT?MEASURE                     -----    -----      -----    -----      -----    -----      -----    -----
>> 
  +--> ?PR?CLEAR?LCD
  +--> ?PR?LCD_CLEAR?LCD
  +--> ?CO?MEASURE
  +--> ?PR?_TXTEXT?LCD
  +--> ?PR?_TNUMBER?LCD

?PR?_DS_SAVEDATA?AT24C16                      -----    -----      0008H    0004H      -----    -----      049CH    0003H
>> 
  +--> ?PR?_WRITE_1_BYTE_24?AT24C16
  +--> ?PR?_DELAY_N5MS_24?AT24C16

BL51 BANKED LINKER/LOCATER V6.22.4.0                                                  01/26/2024  15:20:25  PAGE 8


?PR?_WRITE_1_BYTE_24?AT24C16                  -----    -----      -----    -----      0055H    0002H      049FH    0001H
>> 
  +--> ?PR?_DELAY_N5MS_24?AT24C16
  +--> ?PR?START_24?AT24C16
  +--> ?PR?_WRITE_8_BIT_24?AT24C16
  +--> ?PR?STOP_24?AT24C16

?PR?RESET?RESET                               -----    -----      -----    -----      -----    -----      -----    -----
>> 
  +--> ?PR?CLEAR?LCD
  +--> ?PR?LCD_CLEAR?LCD
  +--> ?CO?RESET
  +--> ?PR?_TXTEXT?LCD

?PR?SHOWDATA?8253COUNT                        -----    -----      -----    -----      0055H    0018H      049CH    0028H
>> 
  +--> ?PR?LCD_CLEAR?LCD
  +--> ?CO?8253COUNT
  +--> ?PR?_POW?POW
  +--> ?PR?SPEAK_ALARM?MAIN
  +--> ?PR?_TXTEXT?LCD
  +--> ?PR?_TNUMBER?LCD
  +--> ?PR?ALARM?8253COUNT
  +--> ?PR?_TRXTEXT?LCD
  +--> ?PR?_TRNUMBER?LCD

?PR?_POW?POW                                  -----    -----      -----    -----      -----    -----      04C4H    000AH
>> 
  +--> ?PR?LOG?LOG
  +--> ?PR?EXP?EXP

?PR?LOG?LOG                                   0024H.4  0000H.1    -----    -----      -----    -----      04CEH    0004H
>> 

?PR?SPEAK_ALARM?MAIN                          0024H.4  0000H.1    -----    -----      -----    -----      -----    -----
>> 

?PR?_TRXTEXT?LCD                              -----    -----      -----    -----      -----    -----      04C4H    0004H
>> 
  +--> ?PR?_TXBYTE?LCD
  +--> ?PR?_TWORD?LCD
  +--> ?PR?TXEOF?LCD
  +--> ?PR?_SHORTDELAY?8253COUNT

?PR?_TRNUMBER?LCD                             -----    -----      -----    -----      006DH    0005H      04C4H    0004H
>> 
  +--> ?PR?_TXBYTE?LCD
  +--> ?PR?_TWORD?LCD
  +--> ?PR?TXEOF?LCD
  +--> ?PR?_SHORTDELAY?8253COUNT

?PR?TRANSFER?MAIN                             -----    -----      -----    -----      -----    -----      -----    -----
>> 
  +--> ?PR?_SEND_WORD?COLLATERAL
  +--> ?PR?_COLLECT_WORD?COLLATERAL

?PR?_SEND_WORD?COLLATERAL                     0024H.4  0000H.1    -----    -----      -----    -----      049CH    0005H
BL51 BANKED LINKER/LOCATER V6.22.4.0                                                  01/26/2024  15:20:25  PAGE 9


>> 
  +--> ?PR?CKMASTERCMD?COLLATERAL
  +--> ?PR?LCD_CLEAR?LCD
  +--> ?PR?_TNUMBER?LCD
  +--> ?CO?COLLATERAL
  +--> ?PR?_TXTEXT?LCD

?PR?CKMASTERCMD?COLLATERAL                    -----    -----      -----    -----      -----    -----      04A1H    0001H
>> 

?PR?_COLLECT_WORD?COLLATERAL                  0024H.4  0000H.1    -----    -----      -----    -----      049CH    000FH
>> 
  +--> ?PR?_SHORTDELAY?8253COUNT
  +--> ?PR?DISPLAY_B?MASTERDISPLAY
  +--> ?CO?8253COUNT

?PR?DISPLAY_B?MASTERDISPLAY                   -----    -----      -----    -----      0055H    0001H      -----    -----
>> 
  +--> ?PR?LCD_CLEAR?LCD
  +--> ?CO?MASTERDISPLAY
  +--> ?PR?_TXTEXT?LCD
  +--> ?PR?_TNUMBER?LCD
  +--> ?PR?_WARNLED_ON?LCD
  +--> ?PR?_WARNLED_OFF?LCD

?PR?_WARNLED_ON?LCD                           -----    -----      -----    -----      -----    -----      -----    -----
>> 
  +--> ?PR?_TXBYTE?LCD
  +--> ?PR?_TWORD?LCD
  +--> ?PR?TXEOF?LCD

?PR?_WARNLED_OFF?LCD                          -----    -----      -----    -----      -----    -----      -----    -----
>> 
  +--> ?PR?_TXBYTE?LCD
  +--> ?PR?_TWORD?LCD
  +--> ?PR?TXEOF?LCD

?PR?TRANSFER_DCS?MAIN                         -----    -----      -----    -----      -----    -----      049CH    0001H
>> 
  +--> ?PR?_T1BYTE?LCD

?PR?_T1BYTE?LCD                               -----    -----      -----    -----      0055H    0001H      -----    -----
>> 

?PR?LED_FLASH?8253COUNT                       -----    -----      -----    -----      -----    -----      049CH    0001H
>> 
  +--> ?PR?_UPDATA_FLASH?8253COUNT
  +--> ?PR?_LED_DISP?8253COUNT

?PR?_LED_DISP?8253COUNT                       -----    -----      -----    -----      -----    -----      -----    -----
>> 
  +--> ?CO?8253COUNT
  +--> ?PR?_SHORTDELAY?8253COUNT

?PR?REDLED_FLASH?MASTERDISPLAY                -----    -----      -----    -----      0055H    0001H      -----    -----
>> 
  +--> ?PR?_UPDATA_LED?MASTERDISPLAY
BL51 BANKED LINKER/LOCATER V6.22.4.0                                                  01/26/2024  15:20:25  PAGE 10


  +--> ?PR?_WARNING_DISP?MASTERDISPLAY

?PR?_WARNING_DISP?MASTERDISPLAY               -----    -----      -----    -----      -----    -----      049CH    0001H
>> 
  +--> ?PR?_WARNLED_ON?LCD
  +--> ?PR?_WARNLED_OFF?LCD

*** NEW ROOT ***************************************************

?PR?INT0?MAIN                                 -----    -----      -----    -----      0075H    0004H      -----    -----
>> 

*** NEW ROOT ***************************************************

?PR?UART_ONE_INTERRUPT_RECEIVE?SERIAL         -----    -----      000CH    0001H      -----    -----      -----    -----
>> 

*** NEW ROOT ***************************************************

?PR?UART_TWO_INTERRUPT_RECEIVE?SERIAL         -----    -----      000DH    0001H      -----    -----      -----    -----
>> 



SYMBOL TABLE OF MODULE:  .\Objects\Dose_Proj (?C_STARTUP)

  VALUE           TYPE          NAME
  ----------------------------------

  -------         MODULE        ?C_STARTUP
  C:963EH         SEGMENT       ?C_C51STARTUP
  I:0079H         SEGMENT       ?STACK
  C:0000H         PUBLIC        ?C_STARTUP
  D:00E0H         SYMBOL        ACC
  D:00F0H         SYMBOL        B
  D:0083H         SYMBOL        DPH
  D:0082H         SYMBOL        DPL
  N:0000H         SYMBOL        IBPSTACK
  N:0100H         SYMBOL        IBPSTACKTOP
  N:0080H         SYMBOL        IDATALEN
  C:9641H         SYMBOL        IDATALOOP
  N:0000H         SYMBOL        PBPSTACK
  N:0100H         SYMBOL        PBPSTACKTOP
  N:0000H         SYMBOL        PDATALEN
  N:0000H         SYMBOL        PDATASTART
  N:0000H         SYMBOL        PPAGE
  N:0000H         SYMBOL        PPAGEENABLE
  D:00A0H         SYMBOL        PPAGE_SFR
  D:0081H         SYMBOL        SP
  C:963EH         SYMBOL        STARTUP1
  N:0000H         SYMBOL        XBPSTACK
  N:0000H         SYMBOL        XBPSTACKTOP
  N:0000H         SYMBOL        XDATALEN
  N:0000H         SYMBOL        XDATASTART
  C:0000H         LINE#         126
  C:963EH         LINE#         133
  C:9640H         LINE#         134
BL51 BANKED LINKER/LOCATER V6.22.4.0                                                  01/26/2024  15:20:25  PAGE 11


  C:9641H         LINE#         135
  C:9642H         LINE#         136
  C:9644H         LINE#         185
  C:9647H         LINE#         196
  -------         ENDMOD        ?C_STARTUP

  -------         MODULE        8253COUNT
  C:0000H         SYMBOL        _ICE_DUMMY_
  D:0080H         PUBLIC        P0
  D:0090H         PUBLIC        P1
  D:00A0H         PUBLIC        P2
  X:0000H         PUBLIC        DataTenth
  D:00B0H         PUBLIC        P3
  D:00C0H         PUBLIC        P4
  D:00C8H         PUBLIC        P5
  I:0025H         PUBLIC        Para
  D:00E8H         PUBLIC        P6
  D:00F8H         PUBLIC        P7
  C:9EE6H         PUBLIC        _Led_Disp
  X:004BH         PUBLIC        DataCent
  X:0096H         PUBLIC        Count
  D:00A8H         PUBLIC        IE
  C:961AH         PUBLIC        a0
  C:961EH         PUBLIC        a1
  C:9622H         PUBLIC        a2
  C:9626H         PUBLIC        a3
  C:962AH         PUBLIC        a4
  X:00F6H         PUBLIC        DoseRata
  X:0116H         PUBLIC        Max_Time
  D:00B8H         PUBLIC        IP
  I:004DH         PUBLIC        Var_Signal1
  I:004EH         PUBLIC        Var_Signal2
  C:0046H         PUBLIC        ShowData
  I:004FH         PUBLIC        Var_Signal3
  I:0050H         PUBLIC        Var_Led
  D:00D8H         PUBLIC        CCON
  X:0117H         PUBLIC        DataGe
  C:9E3FH         PUBLIC        _Updata_Flash
  X:0162H         PUBLIC        dianlishi_DoseRata
  D:0098H         PUBLIC        SCON
  D:0088H         PUBLIC        TCON
  I:0051H         PUBLIC        dianlishi_data
  X:0166H         PUBLIC        Flag_dw
  X:0167H         PUBLIC        buf
  C:A0AAH         PUBLIC        _shortdelay
  B:00C8H.5       PUBLIC        Judge_Speak
  C:9294H         PUBLIC        Init_8253
  X:0187H         PUBLIC        send_buf
  X:01C8H         PUBLIC        Flag_need_Flash
  X:01D0H         PUBLIC        jishuguan_DoseRata
  B:00A8H.0       PUBLIC        EX0
  C:9636H         PUBLIC        Svar0
  C:962EH         PUBLIC        Svar1
  X:01D4H         PUBLIC        Incinput
  I:0053H         PUBLIC        jishuguan_data
  X:01D5H         PUBLIC        State_Flash
  X:01DDH         PUBLIC        biaoding_input
BL51 BANKED LINKER/LOCATER V6.22.4.0                                                  01/26/2024  15:20:25  PAGE 12


  X:01DEH         PUBLIC        Channel_Detector
  B:0024H.3       PUBLIC        Flag_Warn_Count
  C:9D8BH         PUBLIC        Led_Flash
  C:A1B4H         PUBLIC        Alarm
  X:01EEH         PUBLIC        Tdata
  X:01F0H         PUBLIC        Real_Count
  X:0200H         PUBLIC        count_change_flag
  C:8253H         PUBLIC        GetAndDisdata
  B:0090H.2       PUBLIC        Speak
  X:0208H         PUBLIC        Calculated
  X:0210H         PUBLIC        Channel_Display
  D:00D0H         PUBLIC        PSW
  X:0218H         PUBLIC        DataThouth
  -------         PROC          GETANDDISDATA
  -------         DO            
  D:0001H         SYMBOL        j
  D:0007H         SYMBOL        th
  D:0006H         SYMBOL        tl
  -------         ENDDO         
  C:8253H         LINE#         99
  C:8253H         LINE#         100
  C:8253H         LINE#         102
  C:8255H         LINE#         103
  C:8256H         LINE#         104
  C:8256H         LINE#         105
  C:8256H         LINE#         106
  C:825FH         LINE#         107
  C:825FH         LINE#         108
  C:825FH         LINE#         109
  C:825FH         LINE#         110
  C:8269H         LINE#         111
  C:8269H         LINE#         113
  C:826FH         LINE#         114
  C:8274H         LINE#         115
  C:827CH         LINE#         116
  C:8281H         LINE#         117
  C:8289H         LINE#         119
  C:828FH         LINE#         120
  C:8294H         LINE#         121
  C:829CH         LINE#         122
  C:82A1H         LINE#         123
  C:82A9H         LINE#         125
  C:82AFH         LINE#         126
  C:82B4H         LINE#         127
  C:82BCH         LINE#         128
  C:82C1H         LINE#         129
  C:82C9H         LINE#         131
  C:82CFH         LINE#         132
  C:82D4H         LINE#         133
  C:82DCH         LINE#         134
  C:82E1H         LINE#         135
  C:82E9H         LINE#         137
  C:82EFH         LINE#         138
  C:82F4H         LINE#         139
  C:82FCH         LINE#         140
  C:8301H         LINE#         141
  C:8309H         LINE#         143
BL51 BANKED LINKER/LOCATER V6.22.4.0                                                  01/26/2024  15:20:25  PAGE 13


  C:830FH         LINE#         144
  C:8314H         LINE#         145
  C:831CH         LINE#         146
  C:8321H         LINE#         147
  C:8329H         LINE#         149
  C:832FH         LINE#         150
  C:8334H         LINE#         151
  C:833CH         LINE#         152
  C:8341H         LINE#         153
  C:8349H         LINE#         155
  C:834FH         LINE#         156
  C:8354H         LINE#         157
  C:835CH         LINE#         158
  C:8361H         LINE#         159
  C:8369H         LINE#         161
  C:836FH         LINE#         162
  C:8374H         LINE#         163
  C:837CH         LINE#         164
  C:8381H         LINE#         165
  C:8389H         LINE#         167
  C:838FH         LINE#         168
  C:8394H         LINE#         169
  C:839CH         LINE#         170
  C:83A1H         LINE#         171
  C:83A9H         LINE#         173
  C:83AFH         LINE#         174
  C:83B4H         LINE#         175
  C:83BCH         LINE#         176
  C:83C1H         LINE#         177
  C:83C9H         LINE#         179
  C:83CFH         LINE#         180
  C:83D4H         LINE#         181
  C:83DCH         LINE#         182
  C:83E1H         LINE#         183
  C:83E9H         LINE#         185
  C:83EFH         LINE#         186
  C:83F4H         LINE#         187
  C:83FCH         LINE#         188
  C:8401H         LINE#         189
  C:8409H         LINE#         191
  C:840FH         LINE#         192
  C:8414H         LINE#         193
  C:841CH         LINE#         194
  C:8421H         LINE#         195
  C:8429H         LINE#         197
  C:842FH         LINE#         198
  C:8433H         LINE#         199
  C:843CH         LINE#         200
  C:8441H         LINE#         201
  C:8449H         LINE#         203
  C:8451H         LINE#         204
  C:8459H         LINE#         205
  -------         ENDPROC       GETANDDISDATA
  -------         PROC          INIT_8253
  -------         DO            
  D:0007H         SYMBOL        i
  -------         ENDDO         
BL51 BANKED LINKER/LOCATER V6.22.4.0                                                  01/26/2024  15:20:25  PAGE 14


  C:9294H         LINE#         209
  C:9294H         LINE#         210
  C:9294H         LINE#         213
  C:929AH         LINE#         214
  C:92A0H         LINE#         215
  C:92A1H         LINE#         217
  C:92A7H         LINE#         218
  C:92ADH         LINE#         219
  C:92AEH         LINE#         221
  C:92B4H         LINE#         222
  C:92BAH         LINE#         223
  C:92BBH         LINE#         225
  C:92C1H         LINE#         226
  C:92C7H         LINE#         227
  C:92C8H         LINE#         229
  C:92CEH         LINE#         230
  C:92D4H         LINE#         231
  C:92D5H         LINE#         233
  C:92DBH         LINE#         234
  C:92E1H         LINE#         235
  C:92E2H         LINE#         237
  C:92E8H         LINE#         238
  C:92EEH         LINE#         239
  C:92EFH         LINE#         241
  C:92F5H         LINE#         242
  C:92FBH         LINE#         243
  C:92FCH         LINE#         245
  C:9302H         LINE#         246
  C:9308H         LINE#         247
  C:9309H         LINE#         249
  C:930FH         LINE#         250
  C:9315H         LINE#         251
  C:9316H         LINE#         253
  C:931CH         LINE#         254
  C:9322H         LINE#         255
  C:9323H         LINE#         257
  C:9329H         LINE#         258
  C:932FH         LINE#         259
  C:9330H         LINE#         261
  C:9336H         LINE#         262
  C:933CH         LINE#         263
  C:933DH         LINE#         265
  C:9343H         LINE#         266
  C:9349H         LINE#         267
  C:934AH         LINE#         269
  C:9350H         LINE#         270
  C:9356H         LINE#         271
  C:9357H         LINE#         272
  C:9357H         LINE#         273
  C:9357H         LINE#         274
  C:9361H         LINE#         275
  C:9361H         LINE#         276
  C:9361H         LINE#         277
  C:9361H         LINE#         278
  C:936BH         LINE#         279
  C:936BH         LINE#         280
  C:936FH         LINE#         281
BL51 BANKED LINKER/LOCATER V6.22.4.0                                                  01/26/2024  15:20:25  PAGE 15


  C:9375H         LINE#         282
  C:9377H         LINE#         284
  C:9379H         LINE#         285
  C:9380H         LINE#         286
  -------         ENDPROC       INIT_8253
  -------         PROC          SHOWDATA
  -------         DO            
  X:049CH         SYMBOL        i
  X:049DH         SYMBOL        m
  X:049EH         SYMBOL        j
  X:049FH         SYMBOL        k
  X:04A0H         SYMBOL        count_temp
  X:04A4H         SYMBOL        jishuguan_count_temp
  X:04A8H         SYMBOL        dianlishi_count_temp
  I:0055H         SYMBOL        temp
  I:0059H         SYMBOL        jtemp
  I:005DH         SYMBOL        yudecide
  I:0061H         SYMBOL        jishuguan_rata
  I:0065H         SYMBOL        jishuguan_jtemp
  I:0069H         SYMBOL        dianlishi_jtemp
  X:04ACH         SYMBOL        yu
  X:04B0H         SYMBOL        yudata
  X:04B4H         SYMBOL        mtemp
  X:04B8H         SYMBOL        Tbcd
  -------         ENDDO         
  C:0046H         LINE#         290
  C:0046H         LINE#         291
  C:0046H         LINE#         297
  C:0049H         LINE#         325
  C:005AH         LINE#         326
  C:005AH         LINE#         327
  C:007CH         LINE#         328
  C:007CH         LINE#         329
  C:0098H         LINE#         330
  C:0098H         LINE#         331
  C:00ABH         LINE#         332
  C:00D5H         LINE#         333
  C:00FFH         LINE#         334
  C:0105H         LINE#         335
  C:0105H         LINE#         336
  C:014DH         LINE#         337
  C:016CH         LINE#         338
  C:016EH         LINE#         339
  C:0177H         LINE#         340
  C:0177H         LINE#         341
  C:01A3H         LINE#         342
  C:01C5H         LINE#         343
  C:01C5H         LINE#         344
  C:01D6H         LINE#         345
  C:0240H         LINE#         346
  C:0240H         LINE#         347
  C:025DH         LINE#         348
  C:0270H         LINE#         349
  C:027AH         LINE#         350
  C:0282H         LINE#         351
  C:0286H         LINE#         352
  C:0286H         LINE#         353
BL51 BANKED LINKER/LOCATER V6.22.4.0                                                  01/26/2024  15:20:25  PAGE 16


  C:02F2H         LINE#         354
  C:02F2H         LINE#         355
  C:030FH         LINE#         356
  C:0322H         LINE#         357
  C:032CH         LINE#         358
  C:0334H         LINE#         359
  C:0338H         LINE#         360
  C:0338H         LINE#         361
  C:0378H         LINE#         362
  C:0385H         LINE#         363
  C:0392H         LINE#         364
  C:0392H         LINE#         365
  C:03BAH         LINE#         366
  C:03BAH         LINE#         367
  C:03E8H         LINE#         368
  C:0416H         LINE#         369
  C:0420H         LINE#         370
  C:0420H         LINE#         371
  C:0461H         LINE#         372
  C:0480H         LINE#         373
  C:0482H         LINE#         374
  C:048BH         LINE#         375
  C:048BH         LINE#         376
  C:04B7H         LINE#         377
  C:04D9H         LINE#         378
  C:04D9H         LINE#         379
  C:04EAH         LINE#         380
  C:0559H         LINE#         381
  C:0559H         LINE#         382
  C:0576H         LINE#         383
  C:0589H         LINE#         384
  C:0593H         LINE#         385
  C:0597H         LINE#         386
  C:059FH         LINE#         387
  C:059FH         LINE#         388
  C:0611H         LINE#         389
  C:0611H         LINE#         390
  C:062EH         LINE#         391
  C:0641H         LINE#         392
  C:064BH         LINE#         393
  C:064FH         LINE#         394
  C:0657H         LINE#         395
  C:0657H         LINE#         396
  C:06BFH         LINE#         397
  C:06BFH         LINE#         398
  C:06DCH         LINE#         399
  C:06EFH         LINE#         400
  C:06F9H         LINE#         401
  C:06FDH         LINE#         402
  C:0701H         LINE#         403
  C:0701H         LINE#         404
  C:072EH         LINE#         405
  C:075CH         LINE#         406
  C:078DH         LINE#         407
  C:079EH         LINE#         408
  C:07ABH         LINE#         409
  C:07BBH         LINE#         410
BL51 BANKED LINKER/LOCATER V6.22.4.0                                                  01/26/2024  15:20:25  PAGE 17


  C:082BH         LINE#         411
  C:082BH         LINE#         412
  C:0839H         LINE#         413
  C:084CH         LINE#         414
  C:0858H         LINE#         415
  C:0862H         LINE#         416
  C:0866H         LINE#         417
  C:086EH         LINE#         418
  C:086EH         LINE#         419
  C:08DEH         LINE#         420
  C:08DEH         LINE#         421
  C:08ECH         LINE#         422
  C:08FFH         LINE#         423
  C:090BH         LINE#         424
  C:0915H         LINE#         425
  C:0919H         LINE#         426
  C:0921H         LINE#         427
  C:0921H         LINE#         428
  C:0992H         LINE#         429
  C:0992H         LINE#         430
  C:09A0H         LINE#         431
  C:09B3H         LINE#         432
  C:09BFH         LINE#         433
  C:09C9H         LINE#         434
  C:09CDH         LINE#         435
  C:09D1H         LINE#         436
  C:09D1H         LINE#         437
  C:09D1H         LINE#         438
  C:09F9H         LINE#         439
  C:09F9H         LINE#         440
  C:0A27H         LINE#         441
  C:0A55H         LINE#         442
  C:0A9DH         LINE#         443
  C:0ADBH         LINE#         444
  C:0AE8H         LINE#         445
  C:0B4EH         LINE#         446
  C:0B4EH         LINE#         447
  C:0B6EH         LINE#         448
  C:0B81H         LINE#         449
  C:0B8BH         LINE#         450
  C:0B96H         LINE#         451
  C:0B9AH         LINE#         452
  C:0B9AH         LINE#         453
  C:0BFAH         LINE#         454
  C:0BFAH         LINE#         455
  C:0C1AH         LINE#         456
  C:0C2DH         LINE#         457
  C:0C36H         LINE#         458
  C:0C42H         LINE#         459
  C:0C46H         LINE#         460
  C:0C46H         LINE#         461
  C:0C73H         LINE#         462
  C:0CA1H         LINE#         463
  C:0CECH         LINE#         464
  C:0CFDH         LINE#         465
  C:0D0AH         LINE#         466
  C:0D1AH         LINE#         467
BL51 BANKED LINKER/LOCATER V6.22.4.0                                                  01/26/2024  15:20:25  PAGE 18


  C:0D81H         LINE#         468
  C:0D81H         LINE#         469
  C:0D92H         LINE#         470
  C:0DA5H         LINE#         471
  C:0DB1H         LINE#         472
  C:0DBFH         LINE#         473
  C:0DC7H         LINE#         474
  C:0DCBH         LINE#         475
  C:0DCBH         LINE#         476
  C:0E34H         LINE#         477
  C:0E34H         LINE#         478
  C:0E45H         LINE#         479
  C:0E58H         LINE#         480
  C:0E64H         LINE#         481
  C:0E71H         LINE#         482
  C:0E7AH         LINE#         483
  C:0E7EH         LINE#         484
  C:0E7EH         LINE#         485
  C:0E7EH         LINE#         486
  C:0EA6H         LINE#         487
  C:0EA6H         LINE#         488
  C:0ED4H         LINE#         489
  C:0F02H         LINE#         490
  C:0F4AH         LINE#         491
  C:0F88H         LINE#         492
  C:0F95H         LINE#         493
  C:102EH         LINE#         494
  C:102EH         LINE#         495
  C:104EH         LINE#         496
  C:1061H         LINE#         497
  C:106BH         LINE#         498
  C:106FH         LINE#         499
  C:1073H         LINE#         500
  C:1073H         LINE#         501
  C:116CH         LINE#         502
  C:116CH         LINE#         503
  C:118CH         LINE#         504
  C:119EH         LINE#         505
  C:11A7H         LINE#         506
  C:11B3H         LINE#         507
  C:11B7H         LINE#         508
  C:11B7H         LINE#         509
  C:11DFH         LINE#         510
  C:1223H         LINE#         511
  C:1230H         LINE#         512
  C:1247H         LINE#         513
  C:1247H         LINE#         514
  C:125FH         LINE#         515
  C:125FH         LINE#         516
  C:127CH         LINE#         517
  C:12DCH         LINE#         518
  C:136EH         LINE#         519
  C:1447H         LINE#         520
  C:1447H         LINE#         521
  C:1458H         LINE#         522
  C:1464H         LINE#         523
  C:1464H         LINE#         524
BL51 BANKED LINKER/LOCATER V6.22.4.0                                                  01/26/2024  15:20:25  PAGE 19


  C:147AH         LINE#         525
  C:147AH         LINE#         526
  C:1586H         LINE#         527
  C:158BH         LINE#         528
  C:158BH         LINE#         529
  C:15CFH         LINE#         530
  C:15D9H         LINE#         531
  C:15EAH         LINE#         532
  C:15F7H         LINE#         533
  C:1604H         LINE#         534
  C:1604H         LINE#         579
  C:1604H         LINE#         580
  C:162AH         LINE#         581
  C:162AH         LINE#         582
  C:1658H         LINE#         583
  C:1686H         LINE#         584
  C:16CEH         LINE#         585
  C:170CH         LINE#         586
  C:1719H         LINE#         587
  C:1818H         LINE#         588
  C:1818H         LINE#         589
  C:1838H         LINE#         590
  C:184BH         LINE#         591
  C:1854H         LINE#         592
  C:1860H         LINE#         593
  C:1864H         LINE#         594
  C:1864H         LINE#         595
  C:188CH         LINE#         596
  C:18D0H         LINE#         597
  C:18DDH         LINE#         598
  C:18F4H         LINE#         599
  C:18F4H         LINE#         600
  C:190CH         LINE#         601
  C:190CH         LINE#         602
  C:1929H         LINE#         603
  C:1989H         LINE#         604
  C:1A1BH         LINE#         605
  C:1AF4H         LINE#         606
  C:1AF4H         LINE#         607
  C:1AFBH         LINE#         608
  C:1AFBH         LINE#         609
  C:1AFEH         LINE#         610
  C:1B14H         LINE#         611
  C:1B14H         LINE#         612
  C:1C20H         LINE#         613
  C:1C25H         LINE#         614
  C:1C25H         LINE#         615
  C:1C69H         LINE#         616
  C:1C73H         LINE#         617
  C:1C84H         LINE#         618
  C:1C91H         LINE#         619
  C:1C9DH         LINE#         620
  C:1C9DH         LINE#         656
  C:1C9DH         LINE#         657
  C:1CA0H         LINE#         658
  C:1CC5H         LINE#         659
  C:1CC5H         LINE#         660
BL51 BANKED LINKER/LOCATER V6.22.4.0                                                  01/26/2024  15:20:25  PAGE 20


  C:1CE0H         LINE#         661
  C:1CE0H         LINE#         662
  C:1CE4H         LINE#         663
  C:1CE4H         LINE#         664
  C:1D1BH         LINE#         665
  C:1D25H         LINE#         666
  C:1D39H         LINE#         667
  C:1D3FH         LINE#         668
  C:1D3FH         LINE#         669
  C:1D87H         LINE#         670
  C:1DA6H         LINE#         671
  C:1DA8H         LINE#         672
  C:1DB1H         LINE#         673
  C:1DB1H         LINE#         674
  C:1DDDH         LINE#         675
  C:1DFFH         LINE#         676
  C:1DFFH         LINE#         677
  C:1E10H         LINE#         678
  C:1E4DH         LINE#         679
  C:1E5AH         LINE#         680
  C:1E67H         LINE#         681
  C:1E83H         LINE#         682
  C:1E83H         LINE#         683
  C:1EABH         LINE#         684
  C:1EABH         LINE#         685
  C:1EAFH         LINE#         686
  C:1EAFH         LINE#         687
  C:1EE6H         LINE#         688
  C:1EF0H         LINE#         689
  C:1F04H         LINE#         690
  C:1F10H         LINE#         691
  C:1F16H         LINE#         692
  C:1F16H         LINE#         693
  C:1F5EH         LINE#         694
  C:1F7DH         LINE#         695
  C:1F7FH         LINE#         696
  C:1F88H         LINE#         697
  C:1F88H         LINE#         698
  C:1FB4H         LINE#         699
  C:1FD6H         LINE#         700
  C:1FD6H         LINE#         701
  C:1FE7H         LINE#         702
  C:2006H         LINE#         703
  C:2006H         LINE#         704
  C:202EH         LINE#         705
  C:202EH         LINE#         706
  C:2032H         LINE#         707
  C:2032H         LINE#         708
  C:2069H         LINE#         709
  C:2073H         LINE#         710
  C:2087H         LINE#         711
  C:2093H         LINE#         712
  C:209CH         LINE#         713
  C:209CH         LINE#         714
  C:20E4H         LINE#         715
  C:2122H         LINE#         716
  C:2124H         LINE#         717
BL51 BANKED LINKER/LOCATER V6.22.4.0                                                  01/26/2024  15:20:25  PAGE 21


  C:212DH         LINE#         718
  C:212DH         LINE#         719
  C:2159H         LINE#         720
  C:217BH         LINE#         721
  C:218AH         LINE#         722
  C:2199H         LINE#         723
  C:2199H         LINE#         725
  C:21AAH         LINE#         726
  C:21C9H         LINE#         727
  C:21C9H         LINE#         728
  C:21F1H         LINE#         729
  C:21F1H         LINE#         730
  C:21F5H         LINE#         731
  C:21F5H         LINE#         732
  C:222CH         LINE#         733
  C:2236H         LINE#         734
  C:224AH         LINE#         735
  C:2256H         LINE#         736
  C:2262H         LINE#         737
  C:2270H         LINE#         738
  C:2270H         LINE#         739
  C:228CH         LINE#         740
  C:2294H         LINE#         741
  C:22DCH         LINE#         742
  C:231AH         LINE#         744
  C:233DH         LINE#         745
  C:2381H         LINE#         746
  C:238EH         LINE#         747
  C:23D7H         LINE#         748
  C:23E4H         LINE#         749
  C:23F1H         LINE#         750
  C:23FEH         LINE#         751
  C:241AH         LINE#         752
  C:241AH         LINE#         753
  C:2440H         LINE#         754
  C:2440H         LINE#         755
  C:2444H         LINE#         756
  C:2444H         LINE#         757
  C:2473H         LINE#         758
  C:247DH         LINE#         759
  C:2491H         LINE#         760
  C:249DH         LINE#         761
  C:24A9H         LINE#         762
  C:24B7H         LINE#         763
  C:24B7H         LINE#         764
  C:24D3H         LINE#         765
  C:24DBH         LINE#         766
  C:2523H         LINE#         767
  C:2561H         LINE#         768
  C:2584H         LINE#         769
  C:25C8H         LINE#         770
  C:25D5H         LINE#         771
  C:261EH         LINE#         772
  C:262BH         LINE#         773
  C:2637H         LINE#         774
  C:2644H         LINE#         775
  C:2660H         LINE#         776
BL51 BANKED LINKER/LOCATER V6.22.4.0                                                  01/26/2024  15:20:25  PAGE 22


  C:2660H         LINE#         777
  C:2660H         LINE#         778
  C:2669H         LINE#         780
  C:2670H         LINE#         781
  C:2677H         LINE#         782
  C:267DH         LINE#         785
  C:2683H         LINE#         786
  C:2683H         LINE#         787
  C:2695H         LINE#         788
  C:2695H         LINE#         789
  C:26BFH         LINE#         790
  C:26C8H         LINE#         791
  C:26D2H         LINE#         792
  C:26DCH         LINE#         793
  C:26E6H         LINE#         794
  C:26EBH         LINE#         795
  C:26EFH         LINE#         796
  C:26F3H         LINE#         797
  C:26F7H         LINE#         798
  C:26FBH         LINE#         799
  C:26FFH         LINE#         800
  C:270CH         LINE#         803
  C:2715H         LINE#         804
  C:2715H         LINE#         805
  C:2722H         LINE#         806
  C:2732H         LINE#         807
  C:2732H         LINE#         808
  C:2797H         LINE#         809
  C:27FFH         LINE#         810
  C:27FFH         LINE#         811
  C:2802H         LINE#         812
  C:2817H         LINE#         813
  C:2817H         LINE#         814
  C:287CH         LINE#         815
  C:28E7H         LINE#         816
  C:28E7H         LINE#         817
  C:28EAH         LINE#         818
  C:28FFH         LINE#         819
  C:28FFH         LINE#         820
  C:2964H         LINE#         821
  C:29D3H         LINE#         822
  C:2A04H         LINE#         823
  C:2A07H         LINE#         824
  C:2A1CH         LINE#         825
  C:2A1CH         LINE#         826
  C:2A81H         LINE#         827
  C:2AF0H         LINE#         828
  C:2B21H         LINE#         829
  C:2B24H         LINE#         830
  C:2B39H         LINE#         831
  C:2B39H         LINE#         832
  C:2B9EH         LINE#         833
  C:2C0CH         LINE#         834
  C:2C3DH         LINE#         835
  C:2C3DH         LINE#         836
  C:2C40H         LINE#         837
  C:2C4CH         LINE#         838
BL51 BANKED LINKER/LOCATER V6.22.4.0                                                  01/26/2024  15:20:25  PAGE 23


  C:2C4CH         LINE#         839
  C:2C58H         LINE#         841
  C:2C6AH         LINE#         842
  C:2C6AH         LINE#         843
  C:2CCFH         LINE#         844
  C:2D3EH         LINE#         845
  C:2D6FH         LINE#         846
  C:2D72H         LINE#         847
  C:2D87H         LINE#         848
  C:2D87H         LINE#         849
  C:2DECH         LINE#         850
  C:2E5BH         LINE#         851
  C:2EA6H         LINE#         852
  C:2EA6H         LINE#         853
  C:2EA6H         LINE#         855
  C:2ECCH         LINE#         856
  C:2ECCH         LINE#         857
  C:2ED1H         LINE#         858
  C:2ED1H         LINE#         859
  C:2EF9H         LINE#         860
  C:2EF9H         LINE#         861
  C:2F02H         LINE#         862
  C:2F05H         LINE#         863
  C:2F30H         LINE#         864
  C:2F30H         LINE#         865
  C:2F5AH         LINE#         866
  C:2F5AH         LINE#         867
  C:2F7BH         LINE#         868
  C:2F81H         LINE#         869
  C:2F84H         LINE#         870
  C:2FD9H         LINE#         871
  C:2FD9H         LINE#         872
  C:3004H         LINE#         873
  C:300AH         LINE#         874
  C:300CH         LINE#         875
  C:3037H         LINE#         876
  C:3037H         LINE#         877
  C:3063H         LINE#         878
  C:3069H         LINE#         879
  C:3069H         LINE#         880
  C:3069H         LINE#         882
  C:3091H         LINE#         883
  C:3091H         LINE#         884
  C:30A6H         LINE#         885
  C:30B7H         LINE#         886
  C:30C8H         LINE#         887
  C:30C9H         LINE#         888
  C:30CCH         LINE#         889
  C:30F7H         LINE#         890
  C:30F7H         LINE#         891
  C:3124H         LINE#         892
  C:3124H         LINE#         893
  C:314FH         LINE#         894
  C:3179H         LINE#         895
  C:31AAH         LINE#         896
  C:31CDH         LINE#         897
  C:31DEH         LINE#         898
BL51 BANKED LINKER/LOCATER V6.22.4.0                                                  01/26/2024  15:20:25  PAGE 24


  C:31E1H         LINE#         899
  C:323BH         LINE#         900
  C:323BH         LINE#         901
  C:3266H         LINE#         902
  C:3290H         LINE#         903
  C:32C1H         LINE#         904
  C:32E4H         LINE#         905
  C:32F5H         LINE#         906
  C:32F8H         LINE#         907
  C:3352H         LINE#         908
  C:3352H         LINE#         909
  C:337DH         LINE#         910
  C:33A7H         LINE#         911
  C:33D8H         LINE#         912
  C:33FBH         LINE#         913
  C:340CH         LINE#         914
  C:340FH         LINE#         915
  C:3469H         LINE#         916
  C:3469H         LINE#         917
  C:348AH         LINE#         918
  C:34B4H         LINE#         919
  C:34E5H         LINE#         920
  C:3508H         LINE#         921
  C:3519H         LINE#         922
  C:351CH         LINE#         923
  C:3577H         LINE#         924
  C:3577H         LINE#         925
  C:35A2H         LINE#         926
  C:35CCH         LINE#         927
  C:35FDH         LINE#         928
  C:3620H         LINE#         929
  C:3631H         LINE#         930
  C:3634H         LINE#         931
  C:3690H         LINE#         932
  C:3690H         LINE#         933
  C:36BBH         LINE#         934
  C:36E5H         LINE#         935
  C:3716H         LINE#         936
  C:3739H         LINE#         937
  C:374AH         LINE#         938
  C:374DH         LINE#         939
  C:37A9H         LINE#         940
  C:37A9H         LINE#         941
  C:37D4H         LINE#         942
  C:37FEH         LINE#         943
  C:382FH         LINE#         944
  C:3852H         LINE#         945
  C:3863H         LINE#         946
  C:3866H         LINE#         947
  C:38C2H         LINE#         948
  C:38C2H         LINE#         949
  C:38EEH         LINE#         950
  C:3918H         LINE#         951
  C:3949H         LINE#         952
  C:396CH         LINE#         953
  C:397DH         LINE#         954
  C:3980H         LINE#         955
BL51 BANKED LINKER/LOCATER V6.22.4.0                                                  01/26/2024  15:20:25  PAGE 25


  C:39DCH         LINE#         956
  C:39DCH         LINE#         957
  C:3A08H         LINE#         958
  C:3A32H         LINE#         959
  C:3A63H         LINE#         960
  C:3A86H         LINE#         961
  C:3A97H         LINE#         962
  C:3A9AH         LINE#         963
  C:3AF6H         LINE#         964
  C:3AF6H         LINE#         965
  C:3B22H         LINE#         966
  C:3B4CH         LINE#         967
  C:3B7DH         LINE#         968
  C:3BA0H         LINE#         969
  C:3BB1H         LINE#         970
  C:3BB1H         LINE#         971
  C:3BB1H         LINE#         973
  C:3BF4H         LINE#         974
  C:3BF4H         LINE#         975
  C:3C0CH         LINE#         976
  C:3C2BH         LINE#         977
  C:3C3BH         LINE#         978
  C:3C76H         LINE#         979
  C:3C92H         LINE#         980
  C:3CBFH         LINE#         981
  C:3CECH         LINE#         982
  C:3CF7H         LINE#         983
  C:3D96H         LINE#         984
  C:3DA1H         LINE#         985
  C:3E4AH         LINE#         986
  C:3E55H         LINE#         987
  C:3EFFH         LINE#         988
  C:3EFFH         LINE#         990
  C:3F7AH         LINE#         991
  C:3FA4H         LINE#         992
  C:3FC9H         LINE#         993
  C:3FE1H         LINE#         994
  C:3FE1H         LINE#         995
  C:3FE9H         LINE#         996
  C:3FE9H         LINE#         997
  C:3FEBH         LINE#         998
  C:3FEBH         LINE#         999
  C:3FFCH         LINE#         1000
  C:4009H         LINE#         1001
  C:4015H         LINE#         1002
  C:4017H         LINE#         1003
  C:402FH         LINE#         1004
  C:402FH         LINE#         1005
  C:403FH         LINE#         1006
  C:404BH         LINE#         1007
  C:4057H         LINE#         1008
  C:4057H         LINE#         1019
  C:406BH         LINE#         1020
  C:406BH         LINE#         1021
  C:407BH         LINE#         1022
  C:407BH         LINE#         1023
  C:4090H         LINE#         1024
BL51 BANKED LINKER/LOCATER V6.22.4.0                                                  01/26/2024  15:20:25  PAGE 26


  C:4092H         LINE#         1026
  C:4092H         LINE#         1027
  C:40AEH         LINE#         1028
  C:40AEH         LINE#         1029
  C:40CCH         LINE#         1030
  C:40E8H         LINE#         1031
  C:410FH         LINE#         1032
  C:4136H         LINE#         1033
  C:415BH         LINE#         1034
  C:4165H         LINE#         1035
  C:4165H         LINE#         1036
  C:417DH         LINE#         1037
  C:419AH         LINE#         1038
  C:41B7H         LINE#         1039
  C:41D3H         LINE#         1040
  C:41F0H         LINE#         1041
  C:420DH         LINE#         1042
  C:422AH         LINE#         1043
  C:423AH         LINE#         1044
  C:423DH         LINE#         1045
  C:4255H         LINE#         1046
  C:4258H         LINE#         1047
  C:4270H         LINE#         1048
  C:4273H         LINE#         1049
  C:428BH         LINE#         1050
  C:428EH         LINE#         1051
  C:42A1H         LINE#         1052
  C:42A1H         LINE#         1053
  C:42A4H         LINE#         1055
  C:42A4H         LINE#         1056
  C:42AEH         LINE#         1057
  C:42AEH         LINE#         1058
  C:42C6H         LINE#         1059
  C:42E3H         LINE#         1060
  C:42FFH         LINE#         1061
  C:431CH         LINE#         1062
  C:4339H         LINE#         1063
  C:4356H         LINE#         1064
  C:4366H         LINE#         1065
  C:4369H         LINE#         1066
  C:4381H         LINE#         1067
  C:4384H         LINE#         1068
  C:439CH         LINE#         1069
  C:439FH         LINE#         1070
  C:43B7H         LINE#         1071
  C:43BAH         LINE#         1072
  C:43CDH         LINE#         1073
  C:43CDH         LINE#         1074
  C:43D0H         LINE#         1076
  C:43D0H         LINE#         1077
  C:43EDH         LINE#         1078
  C:4409H         LINE#         1079
  C:4426H         LINE#         1080
  C:4443H         LINE#         1081
  C:4460H         LINE#         1082
  C:4470H         LINE#         1083
  C:4484H         LINE#         1084
BL51 BANKED LINKER/LOCATER V6.22.4.0                                                  01/26/2024  15:20:25  PAGE 27


  C:449CH         LINE#         1085
  C:44B7H         LINE#         1086
  C:44CFH         LINE#         1087
  C:44EAH         LINE#         1088
  C:4502H         LINE#         1089
  C:451FH         LINE#         1090
  C:452FH         LINE#         1091
  C:4545H         LINE#         1092
  C:4545H         LINE#         1093
  C:4545H         LINE#         1095
  C:454CH         LINE#         1096
  C:454CH         LINE#         1097
  C:4561H         LINE#         1098
  C:4563H         LINE#         1099
  C:456AH         LINE#         1100
  C:456AH         LINE#         1101
  C:457FH         LINE#         1102
  C:4581H         LINE#         1103
  C:4588H         LINE#         1104
  C:4588H         LINE#         1105
  C:45A4H         LINE#         1106
  C:45A4H         LINE#         1107
  C:45A7H         LINE#         1108
  C:45A7H         LINE#         1109
  C:45BDH         LINE#         1110
  C:45BDH         LINE#         1111
  C:45CEH         LINE#         1112
  C:45CEH         LINE#         1113
  C:45EAH         LINE#         1114
  C:45FFH         LINE#         1115
  C:4601H         LINE#         1117
  C:4601H         LINE#         1118
  C:461DH         LINE#         1119
  C:4639H         LINE#         1120
  C:4639H         LINE#         1121
  C:4657H         LINE#         1122
  C:4673H         LINE#         1123
  C:469AH         LINE#         1124
  C:46C1H         LINE#         1125
  C:46E6H         LINE#         1126
  C:46F0H         LINE#         1127
  C:46F0H         LINE#         1128
  C:4708H         LINE#         1129
  C:4725H         LINE#         1130
  C:4742H         LINE#         1131
  C:475EH         LINE#         1132
  C:477BH         LINE#         1133
  C:4798H         LINE#         1134
  C:47B5H         LINE#         1135
  C:47C5H         LINE#         1136
  C:47C8H         LINE#         1137
  C:47E0H         LINE#         1138
  C:47E3H         LINE#         1139
  C:47FBH         LINE#         1140
  C:47FEH         LINE#         1141
  C:4816H         LINE#         1142
  C:4819H         LINE#         1143
BL51 BANKED LINKER/LOCATER V6.22.4.0                                                  01/26/2024  15:20:25  PAGE 28


  C:482CH         LINE#         1144
  C:482CH         LINE#         1145
  C:482FH         LINE#         1147
  C:482FH         LINE#         1148
  C:4839H         LINE#         1149
  C:4839H         LINE#         1150
  C:4851H         LINE#         1151
  C:486EH         LINE#         1152
  C:488AH         LINE#         1153
  C:48A7H         LINE#         1154
  C:48C4H         LINE#         1155
  C:48E1H         LINE#         1156
  C:48F1H         LINE#         1157
  C:48F4H         LINE#         1158
  C:490CH         LINE#         1159
  C:490FH         LINE#         1160
  C:4927H         LINE#         1161
  C:492AH         LINE#         1162
  C:4942H         LINE#         1163
  C:4945H         LINE#         1164
  C:4958H         LINE#         1165
  C:4958H         LINE#         1166
  C:495BH         LINE#         1168
  C:495BH         LINE#         1169
  C:4978H         LINE#         1170
  C:4994H         LINE#         1171
  C:49B1H         LINE#         1172
  C:49CEH         LINE#         1173
  C:49EBH         LINE#         1174
  C:49FBH         LINE#         1175
  C:4A0FH         LINE#         1176
  C:4A27H         LINE#         1177
  C:4A42H         LINE#         1178
  C:4A5AH         LINE#         1179
  C:4A75H         LINE#         1180
  C:4A8DH         LINE#         1181
  C:4AAAH         LINE#         1182
  C:4ABAH         LINE#         1183
  C:4AD0H         LINE#         1184
  C:4AD0H         LINE#         1185
  C:4AD0H         LINE#         1187
  C:4AD7H         LINE#         1188
  C:4AD7H         LINE#         1189
  C:4AECH         LINE#         1190
  C:4AEEH         LINE#         1191
  C:4AF5H         LINE#         1192
  C:4AF5H         LINE#         1193
  C:4B0AH         LINE#         1194
  C:4B0CH         LINE#         1195
  C:4B13H         LINE#         1196
  C:4B13H         LINE#         1197
  C:4B2FH         LINE#         1198
  C:4B2FH         LINE#         1199
  C:4B32H         LINE#         1200
  C:4B32H         LINE#         1201
  C:4B4BH         LINE#         1202
  C:4B60H         LINE#         1203
BL51 BANKED LINKER/LOCATER V6.22.4.0                                                  01/26/2024  15:20:25  PAGE 29


  C:4B75H         LINE#         1204
  C:4B8AH         LINE#         1205
  C:4B9FH         LINE#         1206
  C:4BB4H         LINE#         1207
  C:4BC9H         LINE#         1208
  C:4BE5H         LINE#         1209
  C:4BEEH         LINE#         1210
  C:4BFDH         LINE#         1211
  C:4BFDH         LINE#         1212
  C:4C0DH         LINE#         1213
  C:4C0DH         LINE#         1214
  C:4C1AH         LINE#         1215
  C:4C1CH         LINE#         1217
  C:4C1CH         LINE#         1218
  C:4C2DH         LINE#         1219
  C:4C2DH         LINE#         1220
  C:4C35H         LINE#         1221
  C:4C37H         LINE#         1222
  C:4C3DH         LINE#         1223
  C:4C41H         LINE#         1224
  C:4C44H         LINE#         1225
  C:4C4DH         LINE#         1226
  C:4C50H         LINE#         1228
  C:4C52H         LINE#         1232
  C:4C53H         LINE#         1234
  C:4C53H         LINE#         1235
  C:4C59H         LINE#         1236
  C:4C5EH         LINE#         1237
  C:4C67H         LINE#         1238
  C:4C70H         LINE#         1239
  C:4C79H         LINE#         1240
  C:4C7EH         LINE#         1241
  C:4C82H         LINE#         1242
  C:4C86H         LINE#         1243
  C:4C8AH         LINE#         1244
  C:4C8EH         LINE#         1245
  C:4C92H         LINE#         1246
  C:4C96H         LINE#         1247
  C:4C9AH         LINE#         1248
  C:4C9EH         LINE#         1249
  C:4CA2H         LINE#         1250
  C:4CA6H         LINE#         1251
  C:4CAAH         LINE#         1252
  C:4CB9H         LINE#         1253
  C:4CE6H         LINE#         1254
  C:4CFDH         LINE#         1255
  C:4D2BH         LINE#         1256
  C:4D90H         LINE#         1257
  C:4E00H         LINE#         1258
  C:4E1FH         LINE#         1259
  C:4E37H         LINE#         1260
  C:4E41H         LINE#         1261
  C:4E54H         LINE#         1262
  C:4E97H         LINE#         1263
  C:4E97H         LINE#         1264
  C:4EAFH         LINE#         1265
  C:4ECEH         LINE#         1266
BL51 BANKED LINKER/LOCATER V6.22.4.0                                                  01/26/2024  15:20:25  PAGE 30


  C:4EDEH         LINE#         1267
  C:4F19H         LINE#         1268
  C:4F35H         LINE#         1269
  C:4F62H         LINE#         1270
  C:4F8FH         LINE#         1271
  C:4F8FH         LINE#         1272
  C:4FF4H         LINE#         1273
  C:5063H         LINE#         1274
  C:5084H         LINE#         1275
  C:509CH         LINE#         1276
  C:50A6H         LINE#         1277
  C:50C3H         LINE#         1278
  C:5106H         LINE#         1279
  C:5106H         LINE#         1280
  C:511EH         LINE#         1281
  C:513DH         LINE#         1282
  C:514DH         LINE#         1283
  C:5188H         LINE#         1284
  C:51A4H         LINE#         1285
  C:51D1H         LINE#         1286
  C:51FEH         LINE#         1287
  C:51FEH         LINE#         1288
  C:520FH         LINE#         1289
  C:5221H         LINE#         1290
  C:5232H         LINE#         1291
  C:5243H         LINE#         1292
  C:5254H         LINE#         1293
  C:5265H         LINE#         1294
  C:5276H         LINE#         1295
  C:5287H         LINE#         1296
  C:5298H         LINE#         1297
  C:52A9H         LINE#         1298
  C:52B2H         LINE#         1299
  C:52B2H         LINE#         1300
  C:52C0H         LINE#         1301
  C:52D2H         LINE#         1302
  C:52E4H         LINE#         1303
  C:52F5H         LINE#         1304
  C:5307H         LINE#         1305
  C:5319H         LINE#         1306
  C:532BH         LINE#         1307
  C:533AH         LINE#         1308
  C:533DH         LINE#         1309
  C:5354H         LINE#         1310
  C:5357H         LINE#         1311
  C:536EH         LINE#         1312
  C:5371H         LINE#         1313
  C:5388H         LINE#         1314
  C:538BH         LINE#         1315
  C:539DH         LINE#         1316
  C:539DH         LINE#         1317
  C:53A0H         LINE#         1319
  C:53A0H         LINE#         1320
  C:53A9H         LINE#         1321
  C:53A9H         LINE#         1322
  C:53B7H         LINE#         1323
  C:53C9H         LINE#         1324
BL51 BANKED LINKER/LOCATER V6.22.4.0                                                  01/26/2024  15:20:25  PAGE 31


  C:53DAH         LINE#         1325
  C:53ECH         LINE#         1326
  C:53FEH         LINE#         1327
  C:5410H         LINE#         1328
  C:541FH         LINE#         1329
  C:5422H         LINE#         1330
  C:5439H         LINE#         1331
  C:543CH         LINE#         1332
  C:5453H         LINE#         1333
  C:5456H         LINE#         1334
  C:546DH         LINE#         1335
  C:5470H         LINE#         1336
  C:5482H         LINE#         1337
  C:5482H         LINE#         1338
  C:5485H         LINE#         1340
  C:5485H         LINE#         1341
  C:5497H         LINE#         1342
  C:54A8H         LINE#         1343
  C:54BAH         LINE#         1344
  C:54CCH         LINE#         1345
  C:54DEH         LINE#         1346
  C:54EDH         LINE#         1347
  C:54F6H         LINE#         1348
  C:550DH         LINE#         1349
  C:551BH         LINE#         1350
  C:5532H         LINE#         1351
  C:5540H         LINE#         1352
  C:5557H         LINE#         1353
  C:5565H         LINE#         1354
  C:5574H         LINE#         1355
  C:557FH         LINE#         1356
  C:557FH         LINE#         1357
  C:557FH         LINE#         1358
  C:5588H         LINE#         1359
  C:5588H         LINE#         1360
  C:5596H         LINE#         1361
  C:55A8H         LINE#         1362
  C:55BAH         LINE#         1363
  C:55CBH         LINE#         1364
  C:55DDH         LINE#         1365
  C:55EFH         LINE#         1366
  C:5601H         LINE#         1367
  C:5610H         LINE#         1368
  C:5613H         LINE#         1369
  C:562AH         LINE#         1370
  C:562DH         LINE#         1371
  C:5644H         LINE#         1372
  C:5647H         LINE#         1373
  C:565EH         LINE#         1374
  C:5661H         LINE#         1375
  C:5673H         LINE#         1376
  C:5673H         LINE#         1377
  C:5676H         LINE#         1379
  C:5676H         LINE#         1380
  C:567FH         LINE#         1381
  C:567FH         LINE#         1382
  C:568DH         LINE#         1383
BL51 BANKED LINKER/LOCATER V6.22.4.0                                                  01/26/2024  15:20:25  PAGE 32


  C:569FH         LINE#         1384
  C:56B0H         LINE#         1385
  C:56C2H         LINE#         1386
  C:56D4H         LINE#         1387
  C:56E6H         LINE#         1388
  C:56F5H         LINE#         1389
  C:56F8H         LINE#         1390
  C:570FH         LINE#         1391
  C:5712H         LINE#         1392
  C:5729H         LINE#         1393
  C:572CH         LINE#         1394
  C:5743H         LINE#         1395
  C:5746H         LINE#         1396
  C:5758H         LINE#         1397
  C:5758H         LINE#         1398
  C:575BH         LINE#         1400
  C:575BH         LINE#         1401
  C:576DH         LINE#         1402
  C:577EH         LINE#         1403
  C:5790H         LINE#         1404
  C:57A2H         LINE#         1405
  C:57B4H         LINE#         1406
  C:57C3H         LINE#         1407
  C:57CCH         LINE#         1408
  C:57E3H         LINE#         1409
  C:57F1H         LINE#         1410
  C:5808H         LINE#         1411
  C:5816H         LINE#         1412
  C:582DH         LINE#         1413
  C:583BH         LINE#         1414
  C:584AH         LINE#         1415
  C:5855H         LINE#         1416
  C:5855H         LINE#         1417
  C:5855H         LINE#         1418
  C:5855H         LINE#         1419
  -------         ENDPROC       SHOWDATA
  -------         PROC          _SHORTDELAY
  D:0006H         SYMBOL        i
  -------         DO            
  D:0004H         SYMBOL        k
  D:0002H         SYMBOL        n
  -------         ENDDO         
  C:A0AAH         LINE#         1424
  C:A0AAH         LINE#         1425
  C:A0AAH         LINE#         1428
  C:A0B4H         LINE#         1429
  C:A0C8H         LINE#         1430
  -------         ENDPROC       _SHORTDELAY
  -------         PROC          ALARM
  -------         DO            
  D:0007H         SYMBOL        n
  -------         ENDDO         
  C:A1B4H         LINE#         1435
  C:A1B4H         LINE#         1436
  C:A1B4H         LINE#         1438
  C:A1B6H         LINE#         1439
  C:A1B6H         LINE#         1440
BL51 BANKED LINKER/LOCATER V6.22.4.0                                                  01/26/2024  15:20:25  PAGE 33


  C:A1BDH         LINE#         1441
  C:A1C0H         LINE#         1442
  C:A1C0H         LINE#         1443
  C:A1C2H         LINE#         1444
  C:A1C2H         LINE#         1445
  C:A1C7H         LINE#         1446
  -------         ENDPROC       ALARM
  -------         PROC          _UPDATA_FLASH
  D:0007H         SYMBOL        j
  C:9E3FH         LINE#         1451
  C:9E3FH         LINE#         1452
  C:9E3FH         LINE#         1453
  C:9E4CH         LINE#         1454
  C:9E4CH         LINE#         1455
  C:9E5AH         LINE#         1456
  C:9E5AH         LINE#         1457
  C:9E5AH         LINE#         1458
  C:9E5CH         LINE#         1460
  C:9E5CH         LINE#         1461
  C:9E69H         LINE#         1462
  C:9E69H         LINE#         1463
  C:9E6AH         LINE#         1465
  C:9E76H         LINE#         1466
  -------         ENDPROC       _UPDATA_FLASH
  -------         PROC          LED_FLASH
  -------         DO            
  X:049CH         SYMBOL        i
  -------         ENDDO         
  C:9D8BH         LINE#         1471
  C:9D8BH         LINE#         1472
  C:9D8BH         LINE#         1474
  C:9D9AH         LINE#         1475
  C:9D9AH         LINE#         1476
  C:9D9DH         LINE#         1477
  C:9DBFH         LINE#         1478
  C:9DC7H         LINE#         1479
  -------         ENDPROC       LED_FLASH
  -------         PROC          _LED_DISP
  D:0001H         SYMBOL        Num
  D:0005H         SYMBOL        Flag
  D:0003H         SYMBOL        State
  C:9EE6H         LINE#         1484
  C:9EE8H         LINE#         1485
  C:9EE8H         LINE#         1486
  C:9EEBH         LINE#         1487
  C:9EEBH         LINE#         1488
  C:9EEEH         LINE#         1489
  C:9EEEH         LINE#         1490
  C:9EF7H         LINE#         1491
  C:9EFBH         LINE#         1492
  C:9EFEH         LINE#         1493
  C:9EFEH         LINE#         1494
  C:9F00H         LINE#         1495
  C:9F00H         LINE#         1496
  C:9F02H         LINE#         1498
  C:9F02H         LINE#         1499
  C:9F02H         LINE#         1500
BL51 BANKED LINKER/LOCATER V6.22.4.0                                                  01/26/2024  15:20:25  PAGE 34


  C:9F0BH         LINE#         1501
  C:9F0FH         LINE#         1502
  C:9F12H         LINE#         1503
  C:9F12H         LINE#         1504
  C:9F14H         LINE#         1505
  C:9F1BH         LINE#         1506
  C:9F1BH         LINE#         1507
  -------         ENDPROC       _LED_DISP
  -------         ENDMOD        8253COUNT

  -------         MODULE        AT24C16
  C:0000H         SYMBOL        _ICE_DUMMY_
  D:0080H         PUBLIC        P0
  D:0090H         PUBLIC        P1
  D:00A0H         PUBLIC        P2
  D:00B0H         PUBLIC        P3
  D:00C0H         PUBLIC        P4
  D:00C8H         PUBLIC        P5
  C:98A7H         PUBLIC        _DS_SaveData
  D:00E8H         PUBLIC        P6
  D:00F8H         PUBLIC        P7
  C:9B5EH         PUBLIC        _read_1_byte_24
  D:00A8H         PUBLIC        IE
  C:A22FH         PUBLIC        stop_24
  D:00B8H         PUBLIC        IP
  C:9DC8H         PUBLIC        _write_1_byte_24
  C:97CEH         PUBLIC        read_8_bit_24
  D:00D8H         PUBLIC        CCON
  C:9753H         PUBLIC        _write_8_bit_24
  D:0098H         PUBLIC        SCON
  D:0088H         PUBLIC        TCON
  B:0090H.5       PUBLIC        sda
  C:A03AH         PUBLIC        _delay_n5ms_24
  C:A201H         SYMBOL        _?ix1000
  B:0090H.4       PUBLIC        scl
  C:A209H         SYMBOL        _?ix1001
  C:9906H         PUBLIC        _DS_ReadData
  C:A1DCH         PUBLIC        start_24
  D:00D0H         PUBLIC        PSW
  -------         PROC          START_24
  C:A1DCH         LINE#         17
  C:A1DCH         LINE#         18
  C:A1DCH         LINE#         19
  C:A1DDH         LINE#         20
  C:A1DFH         LINE#         21
  C:A1E1H         LINE#         22
  C:A1E3H         LINE#         23
  C:A1E4H         LINE#         24
  C:A1E6H         LINE#         25
  C:A1E7H         LINE#         26
  C:A1E8H         LINE#         27
  C:A1EAH         LINE#         28
  C:A1EBH         LINE#         29
  C:A1ECH         LINE#         30
  C:A1EEH         LINE#         31
  -------         ENDPROC       START_24
  -------         PROC          STOP_24
BL51 BANKED LINKER/LOCATER V6.22.4.0                                                  01/26/2024  15:20:25  PAGE 35


  C:A22FH         LINE#         34
  C:A22FH         LINE#         35
  C:A22FH         LINE#         36
  C:A231H         LINE#         37
  C:A233H         LINE#         38
  C:A236H         LINE#         39
  C:A239H         LINE#         40
  C:A23BH         LINE#         41
  -------         ENDPROC       STOP_24
  -------         PROC          READ_8_BIT_24
  -------         DO            
  I:0059H         SYMBOL        r_8_bit
  I:005AH         SYMBOL        n
  I:005BH         SYMBOL        m
  I:005CH         SYMBOL        temp
  -------         ENDDO         
  C:97CEH         LINE#         45
  C:97CEH         LINE#         46
  C:97CEH         LINE#         50
  C:97E1H         LINE#         52
  C:97E5H         LINE#         53
  C:97E9H         LINE#         54
  C:97F4H         LINE#         55
  C:97F4H         LINE#         56
  C:97F6H         LINE#         57
  C:97F7H         LINE#         58
  C:9802H         LINE#         59
  C:9804H         LINE#         60
  C:9809H         LINE#         61
  C:980BH         LINE#         62
  C:980FH         LINE#         63
  C:9811H         LINE#         64
[...]
  C:8082H         LINE#         398
  C:8084H         LINE#         399
  C:808DH         LINE#         400
  C:808DH         LINE#         401
  C:80AEH         LINE#         402
  C:80B2H         LINE#         403
  C:80B4H         LINE#         404
  C:80BDH         LINE#         405
  C:80BDH         LINE#         406
  C:80DEH         LINE#         407
  C:8102H         LINE#         408
  C:8102H         LINE#         409
  C:8102H         LINE#         410
  C:810BH         LINE#         411
  C:810BH         LINE#         412
  C:810DH         LINE#         413
  C:8114H         LINE#         414
  C:8114H         LINE#         415
  C:8114H         LINE#         416
  C:8117H         LINE#         417
  C:8120H         LINE#         418
  C:8120H         LINE#         419
  C:8142H         LINE#         420
  C:8146H         LINE#         421
  C:8148H         LINE#         422
  C:8151H         LINE#         423
  C:8151H         LINE#         424
  C:8173H         LINE#         425
  C:817DH         LINE#         426
  C:817FH         LINE#         427
  C:8187H         LINE#         428
  C:8187H         LINE#         429
  C:8191H         LINE#         430
  C:81B6H         LINE#         431
  C:81DBH         LINE#         432
  C:81DBH         LINE#         433
  C:81DBH         LINE#         434
  C:81DBH         LINE#         435
  C:81E0H         LINE#         436
  C:81E0H         LINE#         437
  C:81E3H         LINE#         438
  C:81E6H         LINE#         439
  C:81E6H         LINE#         440
  C:81EDH         LINE#         441
  C:81EDH         LINE#         442
  C:81EEH         LINE#         443
BL51 BANKED LINKER/LOCATER V6.22.4.0                                                  01/26/2024  15:20:25  PAGE 74


  C:81F5H         LINE#         444
  C:81F5H         LINE#         445
  C:81FBH         LINE#         446
  C:81FDH         LINE#         447
  C:8204H         LINE#         448
  C:8204H         LINE#         449
  C:820FH         LINE#         450
  C:8217H         LINE#         451
  C:8219H         LINE#         452
  C:8220H         LINE#         453
  C:8220H         LINE#         454
  C:822BH         LINE#         455
  C:8233H         LINE#         456
  C:8235H         LINE#         457
  C:823CH         LINE#         458
  C:823CH         LINE#         459
  C:8247H         LINE#         460
  C:8252H         LINE#         461
  C:8252H         LINE#         462
  C:8252H         LINE#         463
  C:8252H         LINE#         464
  -------         ENDPROC       DISPALY_PARAMOVE
  -------         PROC          DISPALY_PARA
  C:65D0H         LINE#         470
  C:65D0H         LINE#         471
  C:65D0H         LINE#         472
  C:65D6H         LINE#         473
  C:65D6H         LINE#         474
  C:65D8H         LINE#         475
  C:65DBH         LINE#         476
  C:65DEH         LINE#         477
  C:65EFH         LINE#         478
  C:6600H         LINE#         479
  C:6611H         LINE#         480
  C:6622H         LINE#         481
  C:663DH         LINE#         482
  C:664EH         LINE#         483
  C:6669H         LINE#         484
  C:6684H         LINE#         485
  C:669FH         LINE#         486
  C:66B0H         LINE#         487
  C:66CFH         LINE#         488
  C:66EEH         LINE#         489
  C:670DH         LINE#         490
  C:672CH         LINE#         492
  C:673DH         LINE#         493
  C:675CH         LINE#         494
  C:677BH         LINE#         495
  C:679AH         LINE#         496
  C:67B9H         LINE#         498
  C:67CAH         LINE#         499
  C:67E9H         LINE#         500
  C:6808H         LINE#         501
  C:6827H         LINE#         502
  C:6846H         LINE#         505
  C:6857H         LINE#         506
  C:6876H         LINE#         507
BL51 BANKED LINKER/LOCATER V6.22.4.0                                                  01/26/2024  15:20:25  PAGE 75


  C:6895H         LINE#         508
  C:68B4H         LINE#         509
  C:68D3H         LINE#         510
  C:68DEH         LINE#         511
  C:68DEH         LINE#         512
  C:68EFH         LINE#         513
  C:690EH         LINE#         514
  C:692DH         LINE#         515
  C:694CH         LINE#         516
  C:696BH         LINE#         518
  C:697CH         LINE#         519
  C:699BH         LINE#         520
  C:69BAH         LINE#         521
  C:69D9H         LINE#         522
  C:69F8H         LINE#         524
  C:6A09H         LINE#         525
  C:6A28H         LINE#         526
  C:6A47H         LINE#         527
  C:6A66H         LINE#         528
  C:6A85H         LINE#         530
  C:6A96H         LINE#         531
  C:6AB5H         LINE#         532
  C:6AD4H         LINE#         533
  C:6AF3H         LINE#         534
  C:6B12H         LINE#         536
  C:6B23H         LINE#         537
  C:6B42H         LINE#         538
  C:6B61H         LINE#         539
  C:6B80H         LINE#         540
  C:6B9FH         LINE#         542
  C:6BB0H         LINE#         543
  C:6BCFH         LINE#         544
  C:6BEEH         LINE#         545
  C:6C0DH         LINE#         546
  C:6C2CH         LINE#         547
  C:6C2CH         LINE#         548
  C:6C2CH         LINE#         549
  C:6C32H         LINE#         550
  C:6C32H         LINE#         551
  C:6C43H         LINE#         552
  C:6C5EH         LINE#         553
  C:6C79H         LINE#         554
  C:6C94H         LINE#         555
  C:6CAFH         LINE#         556
  C:6CCEH         LINE#         557
  C:6CEDH         LINE#         558
  C:6D0CH         LINE#         559
  C:6D2BH         LINE#         561
  C:6D4AH         LINE#         562
  C:6D69H         LINE#         563
  C:6D88H         LINE#         564
  C:6DA7H         LINE#         566
  C:6DC6H         LINE#         567
  C:6DE5H         LINE#         568
  C:6E04H         LINE#         569
  C:6E23H         LINE#         571
  C:6E42H         LINE#         572
BL51 BANKED LINKER/LOCATER V6.22.4.0                                                  01/26/2024  15:20:25  PAGE 76


  C:6E61H         LINE#         573
  C:6E80H         LINE#         574
  C:6E9FH         LINE#         575
  C:6EABH         LINE#         576
  C:6EABH         LINE#         577
  C:6EC8H         LINE#         578
  C:6EE7H         LINE#         579
  C:6F06H         LINE#         580
  C:6F25H         LINE#         582
  C:6F44H         LINE#         583
  C:6F63H         LINE#         584
  C:6F82H         LINE#         585
  C:6FA1H         LINE#         587
  C:6FC0H         LINE#         588
  C:6FDFH         LINE#         589
  C:6FFEH         LINE#         590
  C:701DH         LINE#         592
  C:703CH         LINE#         593
  C:705BH         LINE#         594
  C:707AH         LINE#         595
  C:7099H         LINE#         597
  C:70B8H         LINE#         598
  C:70D7H         LINE#         599
  C:70F6H         LINE#         600
  C:7115H         LINE#         602
  C:7134H         LINE#         603
  C:7153H         LINE#         604
  C:7172H         LINE#         605
  C:7191H         LINE#         606
  C:7191H         LINE#         607
  C:7197H         LINE#         608
  C:719DH         LINE#         609
  C:719DH         LINE#         610
  C:719FH         LINE#         611
  C:719FH         LINE#         612
  C:719FH         LINE#         613
  -------         ENDPROC       DISPALY_PARA
  -------         ENDMOD        SETPARA

  -------         MODULE        SETTIME
  C:0000H         SYMBOL        _ICE_DUMMY_
  C:8660H         PUBLIC        settime
  D:0080H         PUBLIC        P0
  D:0090H         PUBLIC        P1
  D:00A0H         PUBLIC        P2
  D:00B0H         PUBLIC        P3
  D:00C0H         PUBLIC        P4
  D:00C8H         PUBLIC        P5
  D:00E8H         PUBLIC        P6
  D:00F8H         PUBLIC        P7
  X:04D2H         PUBLIC        Init_Time
  D:00A8H         PUBLIC        IE
  D:00B8H         PUBLIC        IP
  D:00D8H         PUBLIC        CCON
  X:04D3H         PUBLIC        Real_Count_Display
  D:0098H         PUBLIC        SCON
  D:0088H         PUBLIC        TCON
BL51 BANKED LINKER/LOCATER V6.22.4.0                                                  01/26/2024  15:20:25  PAGE 77


  X:04F3H         PUBLIC        Inctime
  X:04F4H         PUBLIC        Setted_Time
  D:00D0H         PUBLIC        PSW
  -------         PROC          SETTIME
  C:8660H         LINE#         18
  C:8660H         LINE#         19
  C:8660H         LINE#         20
  C:8662H         LINE#         21
  C:8664H         LINE#         22
  C:8666H         LINE#         23
  C:866CH         LINE#         25
  C:866FH         LINE#         26
  C:866FH         LINE#         27
  C:8671H         LINE#         28
  C:8674H         LINE#         29
  C:8677H         LINE#         30
  C:8688H         LINE#         31
  C:8695H         LINE#         32
  C:86A2H         LINE#         33
  C:86B1H         LINE#         34
  C:86C2H         LINE#         35
  C:86C8H         LINE#         36
  C:86C9H         LINE#         38
  C:86C9H         LINE#         39
  C:86D8H         LINE#         40
  C:86D8H         LINE#         41
  C:86DEH         LINE#         42
  C:86E4H         LINE#         43
  C:86F1H         LINE#         44
  C:86FEH         LINE#         45
  C:8706H         LINE#         46
  C:8709H         LINE#         47
  C:8711H         LINE#         48
  C:8711H         LINE#         49
  C:8717H         LINE#         50
  C:8724H         LINE#         51
  C:8733H         LINE#         52
  C:8739H         LINE#         53
  C:873CH         LINE#         54
  C:8744H         LINE#         55
  C:8744H         LINE#         56
  C:874AH         LINE#         57
  C:8757H         LINE#         58
  C:8766H         LINE#         59
  C:876CH         LINE#         60
  C:876FH         LINE#         61
  C:8777H         LINE#         62
  C:8777H         LINE#         63
  C:877DH         LINE#         64
  C:878AH         LINE#         65
  C:8799H         LINE#         66
  C:879FH         LINE#         67
  C:87A2H         LINE#         68
  C:87AAH         LINE#         69
  C:87AAH         LINE#         70
  C:87B0H         LINE#         71
  C:87BDH         LINE#         72
BL51 BANKED LINKER/LOCATER V6.22.4.0                                                  01/26/2024  15:20:25  PAGE 78


  C:87CCH         LINE#         73
  C:87D2H         LINE#         74
  C:87D4H         LINE#         75
  C:87DCH         LINE#         76
  C:87DCH         LINE#         77
  C:87E2H         LINE#         78
  C:87EFH         LINE#         79
  C:87FEH         LINE#         80
  C:8804H         LINE#         81
  C:8806H         LINE#         82
  C:880DH         LINE#         83
  C:880DH         LINE#         84
  C:8813H         LINE#         85
  C:8820H         LINE#         86
  C:882FH         LINE#         87
  C:883CH         LINE#         88
  C:883CH         LINE#         89
  C:883CH         LINE#         90
  -------         ENDPROC       SETTIME
  -------         ENDMOD        SETTIME

  -------         MODULE        TIME0
  C:0000H         SYMBOL        _ICE_DUMMY_
  D:0080H         PUBLIC        P0
  D:0090H         PUBLIC        P1
  D:00A0H         PUBLIC        P2
  D:00B0H         PUBLIC        P3
  D:00C0H         PUBLIC        P4
  D:00C8H         PUBLIC        P5
  B:00A8H.7       PUBLIC        EA
  D:00E8H         PUBLIC        P6
  D:00F8H         PUBLIC        P7
  B:0023H.6       PUBLIC        FlagCollFall
  D:00A8H         PUBLIC        IE
  D:00B8H         PUBLIC        IP
  B:0090H.3       PUBLIC        GATE
  D:00D8H         PUBLIC        CCON
  D:0098H         PUBLIC        SCON
  D:0089H         PUBLIC        TMOD
  D:0088H         PUBLIC        TCON
  X:051EH         PUBLIC        NumT0
  C:9FB2H         PUBLIC        Init_Time0
  B:0023H.7       PUBLIC        Flag_Tim0
  X:0520H         PUBLIC        CntWarn
  X:0522H         PUBLIC        CntS1Warn
  B:00A8H.1       PUBLIC        ET0
  B:0088H.5       PUBLIC        TF0
  D:008CH         PUBLIC        TH0
  D:008AH         PUBLIC        TL0
  B:0088H.4       PUBLIC        TR0
  C:919EH         PUBLIC        Tim0
  X:0524H         PUBLIC        CmOverTime
  X:0526H         PUBLIC        CntFlhWarnT0
  B:0024H.0       PUBLIC        Flag_Warn_Serial1
  D:00D0H         PUBLIC        PSW
  -------         PROC          TIM0
  C:919EH         LINE#         23
BL51 BANKED LINKER/LOCATER V6.22.4.0                                                  01/26/2024  15:20:25  PAGE 79


  C:91B1H         LINE#         25
  C:91B3H         LINE#         26
  C:91B6H         LINE#         27
  C:91B9H         LINE#         28
  C:91BCH         LINE#         29
  C:91BCH         LINE#         30
  C:91BFH         LINE#         31
  C:91BFH         LINE#         32
  C:91D4H         LINE#         33
  C:91D4H         LINE#         34
  C:91DBH         LINE#         35
  C:91DDH         LINE#         36
  C:91DDH         LINE#         37
  C:91DDH         LINE#         38
  C:91DDH         LINE#         39
  C:91E0H         LINE#         40
  C:91E0H         LINE#         41
  C:91F5H         LINE#         42
  C:91F5H         LINE#         43
  C:91FCH         LINE#         44
  C:91FEH         LINE#         45
  C:91FEH         LINE#         46
  C:91FEH         LINE#         47
  C:9201H         LINE#         48
  C:9201H         LINE#         49
  C:920BH         LINE#         50
  C:920BH         LINE#         51
  C:920DH         LINE#         52
  C:920DH         LINE#         53
  C:9220H         LINE#         54
  C:9237H         LINE#         55
  C:9237H         LINE#         56
  C:9239H         LINE#         57
  C:923DH         LINE#         58
  C:923FH         LINE#         59
  C:9241H         LINE#         60
  C:9241H         LINE#         61
  C:9241H         LINE#         62
  C:9244H         LINE#         63
  C:9244H         LINE#         64
  C:9259H         LINE#         65
  C:9259H         LINE#         66
  C:925BH         LINE#         67
  C:9262H         LINE#         68
  C:9262H         LINE#         69
  C:9262H         LINE#         70
  C:9265H         LINE#         71
  C:9265H         LINE#         72
  C:927AH         LINE#         73
  C:927AH         LINE#         74
  C:927CH         LINE#         75
  C:9283H         LINE#         76
  C:9283H         LINE#         77
  C:9283H         LINE#         78
  -------         ENDPROC       TIM0
  -------         PROC          INIT_TIME0
  C:9FB2H         LINE#         83
BL51 BANKED LINKER/LOCATER V6.22.4.0                                                  01/26/2024  15:20:25  PAGE 80


  C:9FB2H         LINE#         84
  C:9FB2H         LINE#         85
  C:9FB5H         LINE#         86
  C:9FB8H         LINE#         87
  C:9FBBH         LINE#         88
  C:9FC1H         LINE#         89
  C:9FC7H         LINE#         90
  C:9FCDH         LINE#         91
  C:9FD1H         LINE#         92
  C:9FD5H         LINE#         93
  C:9FDBH         LINE#         94
  C:9FDDH         LINE#         95
  C:9FDFH         LINE#         96
  C:9FE1H         LINE#         97
  -------         ENDPROC       INIT_TIME0
  -------         ENDMOD        TIME0

  -------         MODULE        ?C?FPADD
  C:71A7H         PUBLIC        ?C?FPADD
  C:71A3H         PUBLIC        ?C?FPSUB
  -------         ENDMOD        ?C?FPADD

  -------         MODULE        ?C?FPMUL
  C:7298H         PUBLIC        ?C?FPMUL
  -------         ENDMOD        ?C?FPMUL

  -------         MODULE        ?C?FPDIV
  C:73A1H         PUBLIC        ?C?FPDIV
  -------         ENDMOD        ?C?FPDIV

  -------         MODULE        ?C?FPCMP
  C:7440H         PUBLIC        ?C?FPCMP
  C:743EH         PUBLIC        ?C?FPCMP3
  -------         ENDMOD        ?C?FPCMP

  -------         MODULE        ?C?FCAST
  C:74C1H         PUBLIC        ?C?FCASTC
  C:74BCH         PUBLIC        ?C?FCASTI
  C:74B7H         PUBLIC        ?C?FCASTL
  -------         ENDMOD        ?C?FCAST

  -------         MODULE        ?C?CASTF
  C:74F5H         PUBLIC        ?C?CASTF
  -------         ENDMOD        ?C?CASTF

  -------         MODULE        POW
  X:04C4H         PUBLIC        ?_pow?BYTE
  C:883DH         PUBLIC        _pow
  -------         ENDMOD        POW

  -------         MODULE        ?C?CHKFLOAT
  C:7576H         PUBLIC        ?C?CHKFLOAT
  -------         ENDMOD        ?C?CHKFLOAT

  -------         MODULE        ?C?FPNEG
  C:7590H         PUBLIC        ?C?FPNEG
  -------         ENDMOD        ?C?FPNEG
BL51 BANKED LINKER/LOCATER V6.22.4.0                                                  01/26/2024  15:20:25  PAGE 81



  -------         MODULE        EXP
  C:9543H         PUBLIC        _EXP
  -------         ENDMOD        EXP

  -------         MODULE        LOG
  C:8DA1H         PUBLIC        _LOG
  C:8D9DH         PUBLIC        _LOG10
  -------         ENDMOD        LOG

  -------         MODULE        ?C?COPY
  C:76BEH         PUBLIC        ?C?COPY
  -------         ENDMOD        ?C?COPY

  -------         MODULE        ?C?CLDPTR
  C:76E4H         PUBLIC        ?C?CLDPTR
  -------         ENDMOD        ?C?CLDPTR

  -------         MODULE        ?C?CLDOPTR
  C:76FDH         PUBLIC        ?C?CLDOPTR
  -------         ENDMOD        ?C?CLDOPTR

  -------         MODULE        ?C?CSTOPTR
  C:772AH         PUBLIC        ?C?CSTOPTR
  -------         ENDMOD        ?C?CSTOPTR

  -------         MODULE        ?C?IMUL
  C:774CH         PUBLIC        ?C?IMUL
  -------         ENDMOD        ?C?IMUL

  -------         MODULE        ?C?UIDIV
  C:775EH         PUBLIC        ?C?UIDIV
  -------         ENDMOD        ?C?UIDIV

  -------         MODULE        ?C?SIDIV
  C:77B3H         PUBLIC        ?C?SIDIV
  -------         ENDMOD        ?C?SIDIV

  -------         MODULE        ?C?IILDX
  C:77E9H         PUBLIC        ?C?IILDX
  -------         ENDMOD        ?C?IILDX

  -------         MODULE        ?C?ULDIV
  C:783BH         PUBLIC        ?C?ULDIV
  -------         ENDMOD        ?C?ULDIV

  -------         MODULE        ?C?LNEG
  C:78CDH         PUBLIC        ?C?LNEG
  -------         ENDMOD        ?C?LNEG

  -------         MODULE        ?C?ULCMP
  C:78DBH         PUBLIC        ?C?ULCMP
  -------         ENDMOD        ?C?ULCMP

  -------         MODULE        ?C?LLDIDATA
  C:78ECH         PUBLIC        ?C?LLDIDATA
  -------         ENDMOD        ?C?LLDIDATA
BL51 BANKED LINKER/LOCATER V6.22.4.0                                                  01/26/2024  15:20:25  PAGE 82



  -------         MODULE        ?C?LLDCODE
  C:78F8H         PUBLIC        ?C?LLDCODE
  -------         ENDMOD        ?C?LLDCODE

  -------         MODULE        ?C?LLDIDATA0
  C:7908H         PUBLIC        ?C?LLDIDATA0
  -------         ENDMOD        ?C?LLDIDATA0

  -------         MODULE        ?C?LLDXDATA0
  C:7915H         PUBLIC        ?C?LLDXDATA0
  -------         ENDMOD        ?C?LLDXDATA0

  -------         MODULE        ?C?LLDCODE0
  C:7921H         PUBLIC        ?C?LLDCODE0
  -------         ENDMOD        ?C?LLDCODE0

  -------         MODULE        ?C?LSTIDATA
  C:7931H         PUBLIC        ?C?LSTIDATA
  -------         ENDMOD        ?C?LSTIDATA

  -------         MODULE        ?C?LSTXDATA
  C:793DH         PUBLIC        ?C?LSTXDATA
  -------         ENDMOD        ?C?LSTXDATA

  -------         MODULE        ?C?LSTKIDATA
  C:7949H         PUBLIC        ?C?LSTKIDATA
  -------         ENDMOD        ?C?LSTKIDATA

  -------         MODULE        ?C?LSTKXDATA
  C:7962H         PUBLIC        ?C?LSTKXDATA
  -------         ENDMOD        ?C?LSTKXDATA

  -------         MODULE        ?C?OFFXADD
  C:7993H         PUBLIC        ?C?OFFXADD
  -------         ENDMOD        ?C?OFFXADD

Program Size: data=112.5 xdata=1322 code=41593
LINK/LOCATE RUN COMPLETE.  0 WARNING(S),  0 ERROR(S)
