C51 COMPILER V9.60.7.0   RESET                                                             03/27/2024 14:56:10 PAGE 1   


C51 COMPILER V9.60.7.0, COMPILATION OF MODULE RESET
OBJECT MODULE PLACED IN .\Objects\reset.obj
COMPILER INVOKED BY: C:\Keil_v5\C51\BIN\C51.EXE reset.c LARGE OPTIMIZE(8,SPEED) BROWSE DEBUG OBJECTEXTEND PRINT(.\Listin
                    -gs\reset.lst) TABS(2) OBJECT(.\Objects\reset.obj)

line level    source

   1          /***************************************************
   2          * 描述：
   3                 复位函数
   4          * 功能：
   5          *      将时间，探头个数，参数设置返回到初始化状态；
   6          
   7          ****************************************************/
   8          #include "STC15F2K60S2.h"
   9          #include "absacc.h"
  10          #include "config.h"
  11          #include "intrins.h"
  12          
  13          void ReSet()
  14          {
  15   1          Clear();
  16   1          Lcd_Clear();
  17   1          Txtext(188, 216, "重 新 设 置");
  18   1          IE0 = 0;     // 将外部中断0清0
  19   1          ES = 0;      // 禁止串口中断
  20   1          IE2 = 0x00;  // 禁止串口2中断
  21   1          Incdata = YuThouth[0];
  22   1          Incdataright = 1;  // 右移按键增加标志?
  23   1          Inctime = 1;       // 时间按键增加标志
  24   1          Incinput = 8;      // 默认显示探头个数为8个
  25   1          wb = 1;
  26   1          xh = 1;
  27   1          bz = 1;
  28   1          Flag_RefrInput = 0;
  29   1          Flag_RefrPara = 0;
  30   1          Flag_RefrRight = 0;
  31   1          Flag_RefrTime = 0;
  32   1          EX0 = 1;
  33   1      }


MODULE INFORMATION:   STATIC OVERLAYABLE
   CODE SIZE        =     77    ----
   CONSTANT SIZE    =     12    ----
   XDATA SIZE       =   ----    ----
   PDATA SIZE       =   ----    ----
   DATA SIZE        =   ----    ----
   IDATA SIZE       =   ----    ----
   BIT SIZE         =   ----    ----
END OF MODULE INFORMATION.


C51 COMPILATION COMPLETE.  0 WARNING(S),  0 ERROR(S)
